ARM GAS  C:\Users\PUBLIC~1.LAP\AppData\Local\Temp\ccxT1S7T.s 			page 1


   1              		.cpu cortex-m3
   2              		.arch armv7-m
   3              		.fpu softvfp
   4              		.eabi_attribute 20, 1
   5              		.eabi_attribute 21, 1
   6              		.eabi_attribute 23, 3
   7              		.eabi_attribute 24, 1
   8              		.eabi_attribute 25, 1
   9              		.eabi_attribute 26, 1
  10              		.eabi_attribute 30, 4
  11              		.eabi_attribute 34, 1
  12              		.eabi_attribute 18, 4
  13              		.file	"board.c"
  14              		.section	.gnu.lto_.profile.83ad594a,"e",%progbits
  15 0000 28B52FFD 		.ascii	"(\265/\375 \0061\000\000\002\000\000\000\000\000"
  15      20063100 
  15      00020000 
  15      000000
  16              		.text
  17              		.section	.gnu.lto_.icf.83ad594a,"e",%progbits
  18 0000 28B52FFD 		.ascii	"(\265/\375 \033\275\000\000\210\017\000\002\000\253"
  18      201BBD00 
  18      00880F00 
  18      0200AB
  19 000f E8E4D301 		.ascii	"\350\344\323\001\000\001\362\240\240\221\011\000\001"
  19      0001F2A0 
  19      A0910900 
  19      01
  20 001c 001BC002 		.ascii	"\000\033\300\002"
  21              		.text
  22              		.section	.gnu.lto_.ipa_sra.83ad594a,"e",%progbits
  23 0000 28B52FFD 		.ascii	"(\265/\375 \021m\000\0008\005\000\001\000\000\001\000"
  23      20116D00 
  23      00380500 
  23      01000001 
  23      00
  24 0011 01001BC0 		.ascii	"\001\000\033\300\002"
  24      02
  25              		.text
  26              		.section	.gnu.lto_.inline.83ad594a,"e",%progbits
  27 0000 28B52FFD 		.ascii	"(\265/\375 2]\001\000$\002&\000\001\000\000\003\200"
  27      20325D01 
  27      00240226 
  27      00010000 
  27      0380
  28 0012 80808002 		.ascii	"\200\200\200\002d\001\000\000\002\000\000\201\200\200"
  28      64010000 
  28      02000081 
  28      8080
  29 0020 807E0000 		.ascii	"\200~\000\000\006\002\000\002\000\000\000\000\000\002"
  29      06020002 
  29      00000000 
  29      0002
  30 002e 00DC1C63 		.ascii	"\000\334\034c\003m"
  30      036D
  31              		.text
  32              		.section	.gnu.lto_.jmpfuncs.83ad594a,"e",%progbits
ARM GAS  C:\Users\PUBLIC~1.LAP\AppData\Local\Temp\ccxT1S7T.s 			page 2


  33 0000 28B52FFD 		.ascii	"(\265/\375 \021m\000\0008\005\000\001\000\000\000\000"
  33      20116D00 
  33      00380500 
  33      01000000 
  33      00
  34 0011 01001BC0 		.ascii	"\001\000\033\300\002"
  34      02
  35              		.text
  36              		.section	.gnu.lto_.pureconst.83ad594a,"e",%progbits
  37 0000 28B52FFD 		.ascii	"(\265/\375 \010A\000\000\004\000\000\000\001\000\200"
  37      20084100 
  37      00040000 
  37      00010080 
  38 0010 04       		.ascii	"\004"
  39              		.text
  40              		.section	.gnu.lto_.ipa_modref.83ad594a,"e",%progbits
  41 0000 28B52FFD 		.ascii	"(\265/\375 \016E\000\000\020\002\000\001\000\034\300"
  41      200E4500 
  41      00100200 
  41      01001CC0 
  42 0010 02       		.ascii	"\002"
  43              		.text
  44              		.section	.gnu.lto_.lto.83ad594a,"e",%progbits
  45 0000 0C000000 		.ascii	"\014\000\000\000\001\000\001\000"
  45      01000100 
  46              		.text
  47              		.section	.gnu.lto_pal_default_config.312.83ad594a,"e",%progbits
  48 0000 28B52FFD 		.ascii	"(\265/\375`\035\000\355\003\000\304\005\020\001\000"
  48      601D00ED 
  48      0300C405 
  48      100100
  49 000f 00010005 		.ascii	"\000\001\000\005\001\006(\001\000\005\001?\202\210\200"
  49      01062801 
  49      0005013F 
  49      828880
  50 001e 107F33B7 		.ascii	"\020\1773\267\0014\267\001\006'\310\001}{\272\001y\272"
  50      0134B701 
  50      0627C801 
  50      7D7BBA01 
  50      79BA
  51 0030 0177BA01 		.ascii	"\001w\272\001u\272\001s\272\001q\272\001o\272\001m\272"
  51      75BA0173 
  51      BA0171BA 
  51      016FBA01 
  51      6DBA
  52 0042 016BB901 		.ascii	"\001k\271\001\005\001\006\025\001\003\275\002\300\302"
  52      05010615 
  52      0103BD02 
  52      C0C2
  53 0050 206933C3 		.ascii	" i3\303\0014\301\001\277\001\276\001\274\001\273\020"
  53      0134C101 
  53      BF01BE01 
  53      BC01BB10 
  54 0060 6765C401 		.ascii	"ge\304\001c\270\001\000\014\0007E\255\232I\0338\254"
  54      63B80100 
  54      0C003745 
  54      AD9A491B 
ARM GAS  C:\Users\PUBLIC~1.LAP\AppData\Local\Temp\ccxT1S7T.s 			page 3


  54      38AC
  55 0072 CC7C81C8 		.ascii	"\314|\201\310\300 [1\304\004\200\001F\257(\002\213\211"
  55      C0205B31 
  55      C4048001 
  55      46AF2802 
  55      8B89
  56 0084 D8008A   		.ascii	"\330\000\212"
  57              		.text
  58              		.section	.gnu.lto_boardInit.313.83ad594a,"e",%progbits
  59 0000 28B52FFD 		.ascii	"(\265/\375 \354\255\006\000\244\013h\000\000\000U\000"
  59      20ECAD06 
  59      00A40B68 
  59      00000055 
  59      00
  60 0011 00002300 		.ascii	"\000\000#\000\000\000\001\003\000\001\222\221\212\002"
  60      00000103 
  60      00019291 
  60      8A02
  61 001f 00808080 		.ascii	"\000\200\200\200@\007\002\001\201\221\212\011\001\267"
  61      40070201 
  61      81918A09 
  61      01B7
  62 002d 0101007F 		.ascii	"\001\001\000\177\002\001\177\001\246\003/\200\200\200"
  62      02017F01 
  62      A6032F80 
  62      8080
  63 003b F8A5E3F0 		.ascii	"\370\245\343\360\265\030\200\250\300\001\352\000\000"
  63      B51880A8 
  63      C001EA00 
  63      00
  64 0048 7F000B01 		.ascii	"\177\000\013\001\000\000\000\257\322\005\340\200\374"
  64      000000AF 
  64      D205E080 
  64      FC
  65 0055 FF8F8080 		.ascii	"\377\217\200\200\365\342\001\270#\002\000\000\243\003"
  65      F5E201B8 
  65      23020000 
  65      A303
  66 0063 00808080 		.ascii	"\000\200\200\200\200\004\001\000\000\244\003\002\201"
  66      80040100 
  66      00A40302 
  66      81
  67 0070 C0000082 		.ascii	"\300\000\000\202\003\202 \243\003\001\200\300BD:\\0"
  67      038220A3 
  67      030180C0 
  67      42443A5C 
  67      30
  68 0081 30615F6C 		.ascii	"0a_liuhy\\temp126\\ChibiOS-Contrib\\demos\\HT32F165"
  68      69756879 
  68      5C74656D 
  68      70313236 
  68      5C436869 
  69 00b0 785F5553 		.ascii	"x_USB_DFU\000\020./board.c\000\011\000R\246\001\312"
  69      425F4446 
  69      5500102E 
  69      2F626F61 
  69      72642E63 
ARM GAS  C:\Users\PUBLIC~1.LAP\AppData\Local\Temp\ccxT1S7T.s 			page 4


  70 00cb C19916E7 		.ascii	"\301\231\026\347\314\010\360\345t\031\3772.\270t\213"
  70      CC08F0E5 
  70      7419FF32 
  70      2EB8748B 
  71 00db 763E01   		.ascii	"v>\001"
  72              		.text
  73              		.section	.gnu.lto_.symbol_nodes.83ad594a,"e",%progbits
  74 0000 28B52FFD 		.ascii	"(\265/\375 )I\001\000%\000\000\000\000\002\271\002\177"
  74      20294901 
  74      00250000 
  74      000002B9 
  74      027F
  75 0012 00808080 		.ascii	"\000\200\200\200\200\004\001\220\316\000\000\177\000"
  75      80040190 
  75      CE00007F 
  75      00
  76 001f 00BA9082 		.ascii	"\000\272\220\202\002\000\000\000\005\270\002\001\301"
  76      02000000 
  76      05B80201 
  76      C1
  77 002c 84010000 		.ascii	"\204\001\000\000\000\000"
  77      0000
  78              		.text
  79              		.section	.gnu.lto_.refs.83ad594a,"e",%progbits
  80 0000 28B52FFD 		.ascii	"(\265/\375 \005)\000\000\001\000\000\000\000"
  80      20052900 
  80      00010000 
  80      0000
  81              		.text
  82              		.section	.gnu.lto_.decls.83ad594a,"e",%progbits
  83 0000 28B52FFD 		.ascii	"(\265/\375`\253\005\365%\000\252H\340\017Fp\236Nc\353"
  83      60AB05F5 
  83      2500AA48 
  83      E00F4670 
  83      9E4E63EB 
  84 0014 20F07128 		.ascii	" \360q(\\\004\334`Y\032\323{\035\354\036>\020Ca*\347"
  84      5C04DC60 
  84      591AD37B 
  84      1DEC1E3E 
  84      1043612A 
  85 0029 DB0F6FBC 		.ascii	"\333\017o\274pK\332z\311k\242\277\015l\015\017i@\323"
  85      704BDA7A 
  85      C96BA2BF 
  85      0D6C0D0F 
  85      6940D3
  86 003c A0FF48BC 		.ascii	"\240\377H\2740HV\340\343\330\225\213\212v\025\243\362"
  86      304856E0 
  86      E3D8958B 
  86      8A7615A3 
  86      F2
  87 004d CAB1FDE6 		.ascii	"\312\261\375\346M\266L\001\307\000\342\000\360\000_"
  87      4DB64C01 
  87      C700E200 
  87      F0005F
  88 005c 5B234BE2 		.ascii	"[#K\342\307\263\253j$\376\254\027\376W\323\233\016\321"
  88      C7B3AB6A 
  88      24FEAC17 
ARM GAS  C:\Users\PUBLIC~1.LAP\AppData\Local\Temp\ccxT1S7T.s 			page 5


  88      FE57D39B 
  88      0ED1
  89 006e 74FC2804 		.ascii	"t\374(\004+\211\353\305\376\313\270\255\372\260_-\""
  89      2B89EBC5 
  89      FECBB8AD 
  89      FAB05F2D 
  89      22
  90 007f 385A71F5 		.ascii	"8Zq\3652,\352N\244\005\231\327\377\023\210\330\217\332"
  90      322CEA4E 
  90      A40599D7 
  90      FF1388D8 
  90      8FDA
  91 0091 85644786 		.ascii	"\205dG\206\011\023\020\177\261\264\275\330\331\376\011"
  91      0913107F 
  91      B1B4BDD8 
  91      D9FE09
  92 00a0 8E24FB9F 		.ascii	"\216$\373\237\"o\213|\252\246\376W\355\017S\361\177"
  92      226F8B7C 
  92      AAA6FE57 
  92      ED0F53F1 
  92      7F
  93 00b1 F77FC0D5 		.ascii	"\367\177\300\325\027`C\034E\037\025\303\342\212\007"
  93      1760431C 
  93      451F15C3 
  93      E28A07
  94 00c0 B971FF9F 		.ascii	"\271q\377\237]\2178\212\274*L\216d\037\266\351]\301"
  94      5D8F388A 
  94      BC2A4C8E 
  94      641FB6E9 
  94      5DC1
  95 00d2 8A277B9B 		.ascii	"\212'{\233\221\210\036\323\366N\376_8\004\276\234\351"
  95      91881ED3 
  95      F64EFE5F 
  95      3804BE9C 
  95      E9
  96 00e3 802BCD6B 		.ascii	"\200+\315k_\024\266\335\330\206\263\015\3076\033\333"
  96      5F14B6DD 
  96      D886B30D 
  96      C7361BDB 
  97 00f3 6B6C9BB1 		.ascii	"kl\233\261]\306v\233m7\333dl\253\261\215\306\366\031"
  97      5DC6769B 
  97      6D37DB64 
  97      6CABB18D 
  97      C6F619
  98 0106 DB566CEB 		.ascii	"\333Vl\353\354\233\306v\234\3553\333\245\3555\333\271"
  98      EC9BC676 
  98      9CED33DB 
  98      A5ED35DB 
  98      B9
  99 0117 643299B4 		.ascii	"d2\231\264Me\337\015\266\371\026=u\242\\Y\343\003\365"
  99      4D65DF0D 
  99      B6F9163D 
  99      75A25C59 
  99      E303F5
 100 012a 1D3A7577 		.ascii	"\035:uw\3504\342\371N\341\271\361\343\353\2534}y\240"
 100      E834E2F9 
 100      4EE1B9F1 
ARM GAS  C:\Users\PUBLIC~1.LAP\AppData\Local\Temp\ccxT1S7T.s 			page 6


 100      E3EBAB34 
 100      7D79A0
 101 013d BB0B745E 		.ascii	"\273\013t^'<_(\366}r\323\200\002\250\355\345\374\327"
 101      273C5F28 
 101      F67D72D3 
 101      8002A8ED 
 101      E5FCD7
 102 0150 F97C0131 		.ascii	"\371|\0011\003\2434\031\334\240\323\274@g.\007z\036"
 102      03A33419 
 102      DCA0D3BC 
 102      40672E07 
 102      7A1E
 103 0162 455EA0F3 		.ascii	"E^\240\363lo\320\351\266\313\242\276C.\021\337\"\267"
 103      6C6FD0E9 
 103      B6CBA2BE 
 103      432E11DF 
 103      22B7
 104 0174 EC16B967 		.ascii	"\354\026\271gw\307\207gN00n\320\221\363\260\031C=,\346"
 104      77C78767 
 104      4E30306E 
 104      D091F3B0 
 104      19433D2C 
 105 0189 ACE928CD 		.ascii	"\254\351(\315{f\337#\327\314n\006\376\270\377\013|\222"
 105      7B66DF23 
 105      D7CC6E06 
 105      FEB8FF0B 
 105      7C92
 106 019b 6ACA7895 		.ascii	"j\312x\225\346\356\006\235\345\005:m\033\261\002\341"
 106      E6EE069D 
 106      E5053A6D 
 106      1BB102E1 
 107 01ab 27B801EA 		.ascii	"'\270\001\352\004\350\356\266\327\026\210A\276\326\261"
 107      04E8EEB6 
 107      D7168841 
 107      BED6B1
 108 01ba C50D1016 		.ascii	"\305\015\020\026\325\261\322\274\267p;1`\177V\325\310"
 108      D5B1D2BC 
 108      B7703B31 
 108      607F56D5 
 108      C8
 109 01cb AEEAD903 		.ascii	"\256\352\331\003?\032\331\365hdo\252\032\323\325\311"
 109      3F1AD9F5 
 109      68646FAA 
 109      1AD3D5C9 
 110 01db D97BF5C4 		.ascii	"\331{\365\304\365\306\367\236\376\306\257\255\360<H"
 110      F5C6F79E 
 110      FEC6AFAD 
 110      F03C48
 111 01ea F62FA6F7 		.ascii	"\366/\246\367j1]\377\227?\026\331\253B\366g=\012\331"
 111      6A315DFF 
 111      973F16D9 
 111      AB42F667 
 111      3D0AD9
 112 01fd 9F1F8DDF 		.ascii	"\237\037\215\337y\251\017)Q)\205\014\270\333\344\266"
 112      79A90F29 
 112      5129850C 
 112      B8DBE4B6 
ARM GAS  C:\Users\PUBLIC~1.LAP\AppData\Local\Temp\ccxT1S7T.s 			page 7


 113 020d C9A5440E 		.ascii	"\311\245D\016cap\377\337\\7\267\354\302\3317\311UBD"
 113      636170FF 
 113      DF5C37B7 
 113      ECC2D937 
 113      C9554244 
 114 0221 24D453C3 		.ascii	"$\324S\303H\227\264\323ti\004\265/\024\3376\366E\273"
 114      4897B4D3 
 114      746904B5 
 114      2F14DF36 
 114      F645BB
 115 0234 4CAE5B8F 		.ascii	"L\256[\217\21591z\224\346\215\342v\245\3345\037u\367"
 115      8D39317A 
 115      94E68DE2 
 115      76A5DC35 
 115      1F75F7
 116 0247 8F8191A5 		.ascii	"\217\201\221\245\201\271\343ees\317\\37\315Us\313\334"
 116      81B9E365 
 116      6573CF5C 
 116      3337CD55 
 116      73CBDC
 117 025a 35B7EDA2 		.ascii	"5\267\355\242\271e\327\355\212\361\035s\311\330l\177"
 117      B965D7ED 
 117      8AF11D73 
 117      C9D86C7F 
 118 026a F59A75F1 		.ascii	"\365\232u\3612\013c\347\310\346!q\324\271\202\205E\032"
 118      320B63E7 
 118      C8E62171 
 118      D4B98285 
 118      451A
 119 027c 97DD578C 		.ascii	"\227\335W\214}\221\375\255\357\025\233w\335\356\227"
 119      7D91FDAD 
 119      EF159B77 
 119      DDEE97
 120 028b BBC547D8 		.ascii	"\273\305G\330\236\006\200a\322\005\020\"\"\"!\"\037"
 120      9E068061 
 120      D2051022 
 120      22222122 
 120      1F
 121 029c 28AC8D1B 		.ascii	"(\254\215\0330\257\020\030\324\227\013\352\233\005\365"
 121      30AF1018 
 121      D4970BEA 
 121      9B05F5
 122 02ab 5D437DD5 		.ascii	"]C}\325P_)\250\357\023\324\367\210\336,W\313-sp\331"
 122      505F29A8 
 122      EF13D4F7 
 122      88DE2C57 
 122      CB2D7370 
 123 02c0 7884EDE3 		.ascii	"x\204\355\343\006\274\025\333\2672\324\327\301\231K"
 123      06BC15DB 
 123      B732D4D7 
 123      C1994B
 124 02cf 26AF83D3 		.ascii	"&\257\203\323w\010*\341\256\331\367x\227\\+e\361W\377"
 124      77082AE1 
 124      AED9F778 
 124      975C2B65 
 124      F157FF
 125 02e2 1F409163 		.ascii	"\037@\221c>\222\224\346\245r\325n\331\320\255\342V\027"
ARM GAS  C:\Users\PUBLIC~1.LAP\AppData\Local\Temp\ccxT1S7T.s 			page 8


 125      3E9294E6 
 125      A572D56E 
 125      D9D0ADE2 
 125      5617
 126 02f4 237E22B2 		.ascii	"#~\"\262\200IL\027\234\002<AAe0m\025\201\352\352\312"
 126      80494C17 
 126      9C023C41 
 126      4165306D 
 126      1581EAEA 
 127 0309 C72BD1B4 		.ascii	"\307+\321\264\344\244T\324cb**\342*\272\232\262*\342"
 127      E4A454D4 
 127      63622A2A 
 127      E22ABA9A 
 127      B22AE2
 128 031c 021639F9 		.ascii	"\002\0269\371\202[@-\001OK\275\\\206\016K\271(\247\262"
 128      825B402D 
 128      014F4BBD 
 128      5C860E4B 
 128      B928A7B2 
 129 0330 E754F69A 		.ascii	"\347T\366\232\312\017O\275\034\207\244&&3\350C\342y"
 129      CA0F4FBD 
 129      1C87A426 
 129      2633E843 
 129      E279
 130 0342 886ACA05 		.ascii	"\210j\312\005}FG\301\254_\027\252\244!)\247\325\025"
 130      7D4647C1 
 130      AC5F17AA 
 130      A42129A7 
 130      D515
 131 0354 ACE2E219 		.ascii	"\254\342\342\031\361\023\221\005\014\341\013^uM\211"
 131      F1139105 
 131      0CE10B5E 
 131      754D89
 132 0363 A8A2F25D 		.ascii	"\250\242\362]Mi\025\360\316Q\032z>\014PQ>\023\023\220"
 132      4D6915F0 
 132      CE511A7A 
 132      3E0C5051 
 132      3E131390 
 133 0377 781A8C8E 		.ascii	"x\032\214\216<l\220\342\002bUQI\201\370m\005\263\200"
 133      3C6C90E2 
 133      02625551 
 133      4981F86D 
 133      05B380
 134 038a 4910A09A 		.ascii	"I\020\240\232~ ~VIRHF<-\254\252\240\324\011\253\256"
 134      7E207E56 
 134      49524846 
 134      3C2DACAA 
 134      A0D409AB 
 135 039f DF956F4A 		.ascii	"\337\225oJ\202\004\251\012=\014\246\300Kb\020\325A\011"
 135      8204A90A 
 135      3D0CA6C0 
 135      4B6210D5 
 135      4109
 136 03b1 0D11A128 		.ascii	"\015\021\241(\202.\370\313Z\242\332\232\002\202\010"
 136      822EF8CB 
 136      5AA2DA9A 
 136      028208
ARM GAS  C:\Users\PUBLIC~1.LAP\AppData\Local\Temp\ccxT1S7T.s 			page 9


 137 03c0 E0232C08 		.ascii	"\340#,\010&\252\202[\300\020\002\214\005\201B\011\254"
 137      26AA825B 
 137      C010028C 
 137      05814209 
 137      AC
 138 03d1 AD29D448 		.ascii	"\255)\324H\274\234}\205\334\333\336\262\333\3368\263"
 138      BC9C7D85 
 138      DCDBDEB2 
 138      DBDE38B3 
 139 03e1 7DFA64F6 		.ascii	"}\372d\366E\224s\342\214\007=q\352\260\355(\315\013"
 139      459473E2 
 139      8C073D71 
 139      EAB0ED28 
 139      CD0B
 140 03f3 A715E219 		.ascii	"\247\025\342\031\262\005\251Q\232.\221\240hp\367\355"
 140      B205A951 
 140      9A2E91A0 
 140      6870F7ED 
 141 0403 AEE50256 		.ascii	"\256\345\002V\250q@%0H\200\014!\210L0\023L0S\364\240"
 141      A8714025 
 141      3048800C 
 141      21884C30 
 141      134C3053 
 142 0419 029922AB 		.ascii	"\002\231\"\253\007\022\000w9\012\241`\250\302\326\377"
 142      07120077 
 142      390AA160 
 142      A8C2D6FF 
 143 0429 0E21901E 		.ascii	"\016!\220\036\261U\327F\376\272\212B\220\001i\377q\362"
 143      B155D746 
 143      FEBA8A42 
 143      900169FF 
 143      71F2
 144 043b C2C0D816 		.ascii	"\302\300\330\026oN\031P,l\243\015\014\350%P\342;@\206"
 144      6F4E1950 
 144      2C6CA30D 
 144      0CE82550 
 144      E23B4086 
 145 044f 160912B2 		.ascii	"\026\011\022\262\216`v\234\230\251\017qL\227f\2002\011"
 145      8E60769C 
 145      98A90F71 
 145      4C976680 
 145      3209
 146 0461 090C4B48 		.ascii	"\011\014KHJ\314\272\220\342\233^w\\\255T\331\244\337"
 146      4ACCBA90 
 146      E29B5E77 
 146      5CAD54D9 
 146      A4DF
 147 0473 4BEF84A8 		.ascii	"K\357\204\250\012\204\200\2449\264\014\034\304\037k"
 147      0A8480A4 
 147      39B40C1C 
 147      C41F6B
 148 0482 14DACC55 		.ascii	"\024\332\314U0\362\347\2773\202\204\377\252\237\354"
 148      30F2E7BF 
 148      338284FF 
 148      AA9FEC
 149 0491 26C17903 		.ascii	"&\301y\003}\020 *\220-\344S\3626M\350\023wV\341j\263"
 149      7D10202A 
ARM GAS  C:\Users\PUBLIC~1.LAP\AppData\Local\Temp\ccxT1S7T.s 			page 10


 149      902DE453 
 149      F2364DE8 
 149      137756E1 
 150 04a7 014BE5A1 		.ascii	"\001K\345\241c\223\004!!\012\262`2/W\034UH\020\215J"
 150      63930421 
 150      210AB260 
 150      322F571C 
 150      5548108D 
 151 04bc 27F378FE 		.ascii	"'\363x\376(\020_\365\367\356>\005"
 151      28105FF5 
 151      F7EE3E05 
 152              		.text
 153              		.section	.gnu.lto_.symtab.83ad594a,"e",%progbits
 154 0000 626F6172 		.ascii	"boardInit\000"
 154      64496E69 
 154      7400
 155 000a 00       		.ascii	"\000"
 156 000b 00       		.ascii	"\000"
 157 000c 00       		.ascii	"\000"
 158 000d 00000000 		.ascii	"\000\000\000\000\000\000\000\000"
 158      00000000 
 159 0015 BE000000 		.ascii	"\276\000\000\000"
 160 0019 70616C5F 		.ascii	"pal_default_config\000"
 160      64656661 
 160      756C745F 
 160      636F6E66 
 160      696700
 161 002c 00       		.ascii	"\000"
 162 002d 00       		.ascii	"\000"
 163 002e 00       		.ascii	"\000"
 164 002f 00000000 		.ascii	"\000\000\000\000\000\000\000\000"
 164      00000000 
 165 0037 F4000000 		.ascii	"\364\000\000\000"
 166              		.text
 167              		.section	.gnu.lto_.ext_symtab.83ad594a,"e",%progbits
 168 0000 01       		.ascii	"\001"
 169 0001 01       		.ascii	"\001"
 170 0002 00       		.ascii	"\000"
 171 0003 02       		.ascii	"\002"
 172 0004 00       		.ascii	"\000"
 173              		.text
 174              		.section	.gnu.lto_.opts,"e",%progbits
 175 0000 272D666E 		.ascii	"'-fno-openmp' '-fno-openacc' '-fno-pie' '-fcf-prote"
 175      6F2D6F70 
 175      656E6D70 
 175      2720272D 
 175      666E6F2D 
 176 0033 6374696F 		.ascii	"ction=none' '-mcpu=cortex-m3' '-mthumb' '-mfloat-ab"
 176      6E3D6E6F 
 176      6E652720 
 176      272D6D63 
 176      70753D63 
 177 0066 693D736F 		.ascii	"i=soft' '-mlibarch=armv7-m' '-march=armv7-m' '-Os' "
 177      66742720 
 177      272D6D6C 
 177      69626172 
 177      63683D61 
ARM GAS  C:\Users\PUBLIC~1.LAP\AppData\Local\Temp\ccxT1S7T.s 			page 11


 178 0099 272D666F 		.ascii	"'-fomit-frame-pointer' '-falign-functions=16' '-ffu"
 178      6D69742D 
 178      6672616D 
 178      652D706F 
 178      696E7465 
 179 00cc 6E637469 		.ascii	"nction-sections' '-fdata-sections' '-fno-common' '-"
 179      6F6E2D73 
 179      65637469 
 179      6F6E7327 
 179      20272D66 
 180 00ff 666C746F 		.ascii	"flto' '-Xassembler' '-alms=./build/lst/board.lst'\000"
 180      2720272D 
 180      58617373 
 180      656D626C 
 180      65722720 
 181              		.text
 182              		.comm	__gnu_lto_slim,1,1
 183              		.ident	"GCC: (GNU) 12.2.0"
ARM GAS  C:\Users\PUBLIC~1.LAP\AppData\Local\Temp\ccxT1S7T.s 			page 12


DEFINED SYMBOLS
                            *ABS*:00000000 board.c
                            *COM*:00000001 __gnu_lto_slim

NO UNDEFINED SYMBOLS
