ARM GAS  C:\Users\PUBLIC~1.LAP\AppData\Local\Temp\ccRlGPh0.s 			page 1


   1              		.cpu cortex-m3
   2              		.arch armv7-m
   3              		.fpu softvfp
   4              		.eabi_attribute 20, 1
   5              		.eabi_attribute 21, 1
   6              		.eabi_attribute 23, 3
   7              		.eabi_attribute 24, 1
   8              		.eabi_attribute 25, 1
   9              		.eabi_attribute 26, 1
  10              		.eabi_attribute 30, 4
  11              		.eabi_attribute 34, 1
  12              		.eabi_attribute 18, 4
  13              		.file	"chdynamic.c"
  14              		.section	.gnu.lto_.profile.83ad0024,"e",%progbits
  15 0000 28B52FFD 		.ascii	"(\265/\375 \0061\000\000\002\000\000\000\000\000"
  15      20063100 
  15      00020000 
  15      000000
  16              		.text
  17              		.section	.gnu.lto_.icf.83ad0024,"e",%progbits
  18 0000 28B52FFD 		.ascii	"(\265/\375 d\025\002\000d\003X\000\002\000\240\365\254"
  18      20641502 
  18      00640358 
  18      000200A0 
  18      F5AC
  19 0012 B70B1002 		.ascii	"\267\013\020\002\000\002\001\002\002\003\002\001\002"
  19      00020102 
  19      02030201 
  19      02
  20 001f 04020102 		.ascii	"\004\002\001\002\005\002\001\002\006\002\007\002\001"
  20      05020102 
  20      06020702 
  20      01
  21 002c 020101DB 		.ascii	"\002\001\001\333\316\355\202\012\024\002\010\002\011"
  21      CEED820A 
  21      14020802 
  21      09
  22 0039 05020702 		.ascii	"\005\002\007\002\001\002\001\000\003\000:u\235\235S"
  22      01020100 
  22      03003A75 
  22      9D9D53
  23 0048 30C002   		.ascii	"0\300\002"
  24              		.text
  25              		.section	.gnu.lto_.ipa_sra.83ad0024,"e",%progbits
  26 0000 28B52FFD 		.ascii	"(\265/\375 eu\001\000\024\002Y\000\002\000\006\000\004"
  26      20657501 
  26      00140259 
  26      00020006 
  26      0004
  27 0012 00070003 		.ascii	"\000\007\000\003\002\000\001\001\000\003\001\200\014"
  27      02000101 
  27      00030180 
  27      0C
  28 001f 00080105 		.ascii	"\000\010\001\005\000\003\000\001\000\000\000\000\000"
  28      00030001 
  28      00000000 
  28      00
ARM GAS  C:\Users\PUBLIC~1.LAP\AppData\Local\Temp\ccRlGPh0.s 			page 2


  29 002c 06100089 		.ascii	"\006\020\000\211\224\016#\033\211oX"
  29      940E231B 
  29      896F58
  30              		.text
  31              		.section	.gnu.lto_.inline.83ad0024,"e",%progbits
  32 0000 28B52FFD 		.ascii	"(\265/\375 \223=\003\000\004\005\207\000\002\000\030"
  32      20933D03 
  32      00040587 
  32      00020018 
  33 0010 1ABFFBF5 		.ascii	"\032\277\373\365\365\002h\001\000\000\002\030\272\276"
  33      F5026801 
  33      00000218 
  33      BABE
  34 001e BFCE0266 		.ascii	"\277\316\002f\000\000\006\200\200\200\200\002d\002\000"
  34      00000680 
  34      80808002 
  34      640200
  35 002d 02000000 		.ascii	"\002\000\000\000\000\003\014\000\000\000\002\220N\000"
  35      00030C00 
  35      00000290 
  35      4E00
  36 003b 00010100 		.ascii	"\000\001\001\000\001\005\016\220N\000\000\001\030\032"
  36      01050E90 
  36      4E000001 
  36      181A
  37 0049 E891B9F3 		.ascii	"\350\221\271\363\033\267\201\211\367\007\245\331\214"
  37      1BB78189 
  37      F707A5D9 
  37      8C
  38 0056 B6904E00 		.ascii	"\266\220N\000\000\010\000P\030\000`\015A#ax\316\030"
  38      00080050 
  38      1800600D 
  38      41236178 
  38      CE18
  39 0068 3B4383CB 		.ascii	";C\203\313\205\033\300\002"
  39      851BC002 
  40              		.text
  41              		.section	.gnu.lto_.jmpfuncs.83ad0024,"e",%progbits
  42 0000 28B52FFD 		.ascii	"(\265/\375`\005\000\315\003\000\302\305\022\034\240"
  42      600500CD 
  42      0300C2C5 
  42      121CA0
  43 000f 27E916A9 		.ascii	"'\351\026\251Z\252q^\263\252\352\212\252\007\000\000"
  43      5AAA715E 
  43      B3AAEA8A 
  43      AA070000 
  44 001f 0A27E8ED 		.ascii	"\012'\350\355\377\177B\366\3162\311\354\211G|\030P+"
  44      FF7F42F6 
  44      CE32C9EC 
  44      89477C18 
  44      502B
  45 0031 F7318D99 		.ascii	"\3671\215\231\012#\3364*\244\036\251\316(y\251\362\334"
  45      0A23DE34 
  45      2AA41EA9 
  45      CE2879A9 
  45      F2DC
  46 0043 DD4D09A7 		.ascii	"\335M\011\247d\222N\255P#\324\0065A-\320\015\215\213"
ARM GAS  C:\Users\PUBLIC~1.LAP\AppData\Local\Temp\ccRlGPh0.s 			page 3


  46      64924EAD 
  46      5023D406 
  46      35412DD0 
  46      0D8D8B
  47 0056 E5221100 		.ascii	"\345\"\021\000\013K,b\024\214\001c\211\021\215[zj]\034"
  47      0B4B2C62 
  47      148C0163 
  47      89118D5B 
  47      7A6A5D1C 
  48 006a 41181240 		.ascii	"A\030\022@`\033\020.QEK5LT`0\267\313\315\325\240e\030"
  48      601B102E 
  48      51454B35 
  48      4C546030 
  48      B7CBCDD5 
  49 0081 6001     		.ascii	"`\001"
  50              		.text
  51              		.section	.gnu.lto_.pureconst.83ad0024,"e",%progbits
  52 0000 28B52FFD 		.ascii	"(\265/\375 \013Y\000\000\007\000\000\000\002\000\272"
  52      200B5900 
  52      00070000 
  52      000200BA 
  53 0010 0501BA05 		.ascii	"\005\001\272\005"
  54              		.text
  55              		.section	.gnu.lto_.ipa_modref.83ad0024,"e",%progbits
  56 0000 28B52FFD 		.ascii	"(\265/\375 \016E\000\000\020\002\000\001\000\034\300"
  56      200E4500 
  56      00100200 
  56      01001CC0 
  57 0010 02       		.ascii	"\002"
  58              		.text
  59              		.section	.gnu.lto_.lto.83ad0024,"e",%progbits
  60 0000 0C000000 		.ascii	"\014\000\000\000\001\000\001\000"
  60      01000100 
  61              		.text
  62              		.section	.gnu.lto_chThdCreateFromHeap.263.83ad0024,"e",%progbits
  63 0000 28B52FFD 		.ascii	"(\265/\375`\270\004]\037\000\226:\320Hp\334Q:\331\362"
  63      60B8045D 
  63      1F00963A 
  63      D04870DC 
  63      513AD9F2 
  64 0014 438555B3 		.ascii	"C\205U\263;k+\347UA\037\360qC%\226N\261\024 wd\375\252"
  64      3B6B2BE7 
  64      55411FF0 
  64      71432596 
  64      4EB11420 
  65 002c 7D19268B 		.ascii	"}\031&\213=\341\270~\345\3270\354\210 \266\304\346\014"
  65      3DE1B87E 
  65      E5D730EC 
  65      8820B6C4 
  65      E60C
  66 003e DECDB464 		.ascii	"\336\315\264d\023\317\237:\266<?Y\240\016\361\372\030"
  66      13CF9F3A 
  66      B63C3F59 
  66      A00EF1FA 
  66      18
  67 004f C0934608 		.ascii	"\300\223F\010\331;\311\301\000\260\000\267\000_\353"
  67      D93BC9C1 
ARM GAS  C:\Users\PUBLIC~1.LAP\AppData\Local\Temp\ccRlGPh0.s 			page 4


  67      00B000B7 
  67      005FEB
  68 005e 1D35A32A 		.ascii	"\0355\243*u\245\223\261\225\244\231\"\255\231>=\226"
  68      75A593B1 
  68      95A49922 
  68      AD993E3D 
  68      96
  69 006f 26D4B366 		.ascii	"&\324\263f\252RW:\344\226\222f\316I\021U^\026u\263\240"
  69      AA52573A 
  69      E4969266 
  69      CE491155 
  69      5E1675B3 
  70 0084 2A7555D4 		.ascii	"*uU\324&\326\314\371\352\301\321>R\217>Y\340\003R\334"
  70      26D6CCF9 
  70      EAC1D13E 
  70      528F3E59 
  70      E00352DC 
  71 0098 94663297 		.ascii	"\224f2\227\037\3221\342\257t9\332\2204\213\320\244\323"
  71      1FD231E2 
  71      AF7439DA 
  71      90348BD0 
  71      A4D3
  72 00aa DB72E814 		.ascii	"\333r\350\024{\372\225nG\333\221f\020\016\203\232\203"
  72      7BFA956E 
  72      47DB9166 
  72      100E839A 
  72      83
  73 00bb E1DE83C5 		.ascii	"\341\336\203\305\350\\\316ac\2269'#4O=\332\335\375'"
  73      E85CCE61 
  73      63963927 
  73      23344F3D 
  73      DADDFD27 
  74 00cf F78A6AA3 		.ascii	"\367\212j\243\207*\034\031\223-TrrN\256>'\220\036=?"
  74      872A1C19 
  74      932D5472 
  74      724EAE3E 
  74      27901E3D 
  75 00e4 203D8A87 		.ascii	" =\212\207\334\370\023_c_\352g\005\255.H,\035\307'\257"
  75      DCF8135F 
  75      635FEA67 
  75      05AD2E48 
  75      2C1DC727 
  76 00f9 C6172101 		.ascii	"\306\027!\001\260\246\316\334\233!`\276\366K\003\213"
  76      B0A6CEDC 
  76      9B2160BE 
  76      F64B038B 
  77 0109 EA5E1C50 		.ascii	"\352^\034P\316\271/\022\013\307\033}w\017u\037\250\373"
  77      CEB92F12 
  77      0BC71B7D 
  77      770F751F 
  77      A8FB
  78 011b 6C1078F7 		.ascii	"l\020x\367\303\315\252\311\324\245\203\227\23493\202"
  78      C3CDAAC9 
  78      D4A58397 
  78      9C393382 
  79 012b 3157AFC7 		.ascii	"1W\257\307\341\324\206\033\031\223\352\276\265\200\253"
  79      E1D4861B 
ARM GAS  C:\Users\PUBLIC~1.LAP\AppData\Local\Temp\ccRlGPh0.s 			page 5


  79      1993EABE 
  79      B580AB
  80 013a BEC1A428 		.ascii	"\276\301\244(>qw\217\275G\342\360\327~\033U\332\260"
  80      3E71778F 
  80      BD47E2F0 
  80      D77E1B55 
  80      DAB0
  81 014c 59E1DC9D 		.ascii	"Y\341\334\235\234\272\230\253\373g\306[\335W{\367|\312"
  81      9CBA98AB 
  81      FB67C65B 
  81      DD577BF7 
  81      7CCA
  82 015e CFF3B15F 		.ascii	"\317\363\261_\367\344\017\340b\177\356go\365io\334\303"
  82      F7E40FE0 
  82      627FEE67 
  82      6FF5696F 
  82      DCC3
  83 0170 7EF460FF 		.ascii	"~\364`\377\331\267o\200\207\315[\030\037;\"\311|\243"
  83      D9B76F80 
  83      87CD5B18 
  83      1F3B22C9 
  83      7CA3
  84 0182 CE9CCC86 		.ascii	"\316\234\314\206b\351\272\331\177\366\247\375j?\273"
  84      62E9BAD9 
  84      7FF6A7FD 
  84      6A3FBB
  85 0191 EFA54B1F 		.ascii	"\357\245K\037\020S\325\325\236K\247q\246\320\230\276"
  85      1053D5D5 
  85      9E4BA771 
  85      A6D098BE 
  86 01a1 6C17C75F 		.ascii	"l\027\307_\271\226\356\235\006>K\037(\243\322\365;\226"
  86      B996EE9D 
  86      063E4B1F 
  86      28A3D2F5 
  86      3B96
  87 01b3 4EC390A1 		.ascii	"N\303\220\241e\261\370\262%\240\361\3129\357\000\273"
  87      65B1F8B2 
  87      25A0F1CA 
  87      39EF00BB 
  88 01c3 778EDEEE 		.ascii	"w\216\336\356\250\276\362h\267\022A4\334\354_;Os\354"
  88      A8BEF268 
  88      B7124134 
  88      DCEC5F3B 
  88      4F73EC
  89 01d6 D2393157 		.ascii	"\32291Ww\323\313\225\300\264\274\026\334>.\355\301\335"
  89      77D3CB95 
  89      C0B4BC16 
  89      DC3E2EED 
  89      C1DD
  90 01e8 C62F2394 		.ascii	"\306/#\224{d\277\014\010[\025\316\375#H\273\215Q\276"
  90      7B64BF0C 
  90      085B15CE 
  90      FD2348BB 
  90      8D51BE
  91 01fb C62845CD 		.ascii	"\306(E\3159\363\372jF\004\3354H\214W\334\274\340$\270"
  91      39F3FA6A 
  91      4604DD34 
ARM GAS  C:\Users\PUBLIC~1.LAP\AppData\Local\Temp\ccRlGPh0.s 			page 6


  91      488C57DC 
  91      BCE024B8 
  92 020f 5F5EC941 		.ascii	"_^\311AA\221\234\363\221\335\035\210\356\221=CSVf4\251"
  92      41919CF3 
  92      91DD1D88 
  92      EE913D43 
  92      53566634 
  93 0224 8EA648B5 		.ascii	"\216\246H\265\272_\016\312\334Lw\256\337\326\335\271"
  93      BA5F0ECA 
  93      DC4C77AE 
  93      DFD6DDB9 
  94 0234 A346AAD5 		.ascii	"\243F\252\325u\342\340\350\356 \322\243WH\277\177-\317"
  94      75E2E0E8 
  94      EE20D2A3 
  94      5748BF7F 
  94      2DCF
  95 0246 9101D3FA 		.ascii	"\221\001\323\372rs\274u\232\007w\207\270\262\231:\334"
  95      7273BC75 
  95      9A077787 
  95      B8B2993A 
  95      DC
  96 0257 8D742511 		.ascii	"\215t%\021\000\356\026q\245S\363rY*\356&\201\303\335"
  96      00EE1671 
  96      A553F372 
  96      592AEE26 
  96      81C3DD
  97 026a 25AE3CD1 		.ascii	"%\256<\321\274\034\217\034\356Fq\345S\363\3206d\276"
  97      BC1C8F1C 
  97      EE4671E5 
  97      53F3D036 
  97      64BE
  98 027c B28E974E 		.ascii	"\262\216\227N\243\030\207\325\0155\014\002[ \256\207"
  98      A31887D5 
  98      0D350C02 
  98      5B20AE87 
  99 028c B7770C7C 		.ascii	"\267w\014| \374\206B\237#$#\001\355\373aY&%\342\217"
  99      20FC8642 
  99      9F232423 
  99      01EDFB61 
  99      592625E2 
 100 02a1 08245ADB 		.ascii	"\010$Z\333aPhE\"B2\022Z\213/\332\017\355\373i\207A\326"
 100      61506845 
 100      22423212 
 100      5A8B2FDA 
 100      0FEDFB69 
 101 02b8 C7AE4611 		.ascii	"\307\256F\021,\2700:\012Z\211\305aP\2706\005\201\300"
 101      2CB8303A 
 101      0A5A89C5 
 101      6150B836 
 101      0581C0
 102 02cb 209BA17D 		.ascii	" \233\241}?D(\242\217]\333%\247\026l\323OX\274-\261"
 102      3F4428A2 
 102      8F5DDB25 
 102      A7166CD3 
 102      4F58BC2D 
 103 02e0 A7E2095D 		.ascii	"\247\342\011]jj\237\316\245\342e\032\366\360\012\341"
 103      6A6A9FCE 
ARM GAS  C:\Users\PUBLIC~1.LAP\AppData\Local\Temp\ccRlGPh0.s 			page 7


 103      A5E2651A 
 103      F6F00AE1 
 104 02f0 0DFE86C2 		.ascii	"\015\376\206\302\263\005\366\232\316\026\306\217x\012"
 104      B305F69A 
 104      CE16C68F 
 104      780A
 105 02fe 85BDD687 		.ascii	"\205\275\326\2076\373\303\376\200\275&\250%\037\273"
 105      36FBC3FE 
 105      80BD26A8 
 105      251FBB
 106 030d B243E25A 		.ascii	"\262C\342Z\034\256\304\340\212\004\342\247\342\347\023"
 106      1CAEC4E0 
 106      8A04E2A7 
 106      E2E713
 107 031c 4AE24D90 		.ascii	"J\342M\220 \004\266\305$(\237\323\257\205Ro\267K\272"
 107      2004B6C5 
 107      24289FD3 
 107      AF85526F 
 107      B74BBA
 108 032f B08142F2 		.ascii	"\260\201B\362\3703\343\255\366AQ\202{N\257\037\313\265"
 108      F833E3AD 
 108      F6415182 
 108      7B4EAF1F 
 108      CBB5
 109 0341 7BE68F91 		.ascii	"{\346\217\221\270\201\216\370\330\3013\347K\250Q8\210"
 109      B8818EF8 
 109      D8C133E7 
 109      4BA85138 
 109      88
 110 0352 10520242 		.ascii	"\020R\002B\"$\022L\020M\012<\260\")+\333\022 \306%\010"
 110      2224124C 
 110      104D0A3C 
 110      B022292B 
 110      DB1220C6 
 111 0368 AEA1E5FF 		.ascii	"\256\241\345\377Y-\006\242 j\034\000*\346\011\322\320"
 111      592D06A2 
 111      206A1C00 
 111      2AE609D2 
 111      D0
 112 0379 DBD084C9 		.ascii	"\333\320\204\311P\247\263\222Z\333\252B\003\252[\016"
 112      50A7B392 
 112      5ADBAA42 
 112      03AA5B0E 
 113 0389 AD349958 		.ascii	"\2554\231X\235G\340*V^\2140\011]\305\215\017\012\007"
 113      9D47E02A 
 113      565E8C30 
 113      095DC58D 
 113      0F0A07
 114 039c A997D065 		.ascii	"\251\227\320e\023\321R_z+0\363\211\215\0118\206!Yd\343"
 114      13D1525F 
 114      7A2B30F3 
 114      898D0938 
 114      86215964 
 115 03b1 BDFC248E 		.ascii	"\275\374$\216s\026\246\355(\227mc:\361(\362\256\346"
 115      7316A6ED 
 115      28976D63 
 115      3AF128F2 
ARM GAS  C:\Users\PUBLIC~1.LAP\AppData\Local\Temp\ccRlGPh0.s 			page 8


 115      AEE6
 116 03c3 7D096964 		.ascii	"}\011id\260\313\264\222\247\241%\220>\021hX\301_\222"
 116      B0CBB492 
 116      A7A12590 
 116      3E116858 
 116      C15F92
 117 03d6 EB23AD3C 		.ascii	"\353#\255<\025t\367\326'\367\016\311_\243\363g-\322"
 117      1574F7D6 
 117      27F70EC9 
 117      5FA3F367 
 117      2DD2
 118 03e8 7B1DA7C0 		.ascii	"{\035\247\300}\3017\225l\210\246\012\323"
 118      7DC13795 
 118      6C88A60A 
 118      D3
 119              		.text
 120              		.section	.gnu.lto_chThdCreateFromMemoryPool.264.83ad0024,"e",%progbits
 121 0000 28B52FFD 		.ascii	"(\265/\375`\336\004\375\037\000Vz\320Hp\032R:\355\021"
 121      60DE04FD 
 121      1F00567A 
 121      D048701A 
 121      523AED11 
 122 0014 C572140B 		.ascii	"\305r\024\013\323\312\250\314\343\322\345,\370\236R"
 122      D3CAA8CC 
 122      E3D2E52C 
 122      F89E52
 123 0023 72825C2C 		.ascii	"r\202\\,\021\371\014 8\232\322\203\376f\356d\\}e5\335"
 123      11F90C20 
 123      389AD283 
 123      FE66EE64 
 123      5C7D6535 
 124 0038 75C39817 		.ascii	"u\303\230\027\027N\360g\207\032\356\227\037K\276\267"
 124      174EF067 
 124      871AEE97 
 124      1F4BBEB7 
 125 0048 E5128F59 		.ascii	"\345\022\217Y\267\014\206\272\222O\010\331;\311\300"
 125      B70C86BA 
 125      924F08D9 
 125      3BC9C0
 126 0057 00AF00B9 		.ascii	"\000\257\000\271\000o\336\312\257\374\254u\314\220k"
 126      006FDECA 
 126      AFFCAC75 
 126      CC906B
 127 0066 94158F8C 		.ascii	"\224\025\217\214\254\037O\023e\355\014\352\221v\264"
 127      AC1F4F13 
 127      65ED0CEA 
 127      9176B4
 128 0075 92B5738D 		.ascii	"\222\265s\215\262\342Qf-\23793yT>\006\365*.\326(+\017"
 128      B2E25166 
 128      2D9F3933 
 128      79543E06 
 128      F52A2ED6 
 129 008c 65923C73 		.ascii	"e\222<s\266R\360\264;\254O\317\034\360\000\252\032\326"
 129      B652F0B4 
 129      3BAC4FCF 
 129      1CF000AA 
 129      1AD6
ARM GAS  C:\Users\PUBLIC~1.LAP\AppData\Local\Temp\ccRlGPh0.s 			page 9


 130 009e 4E1B4529 		.ascii	"N\033E)\323)N\032\021\012\366t+\236\035Y>\236\025\360"
 130      D3294E1A 
 130      110AF674 
 130      2B9E1D59 
 130      3E9E15F0 
 131 00b2 D711EDC9 		.ascii	"\327\021\355\3112\304jL\270\367]1Z\227\363\327\232\264"
 131      32C46A4C 
 131      B8F75D31 
 131      5A97F3D7 
 131      9AB4
 132 00c4 9C990C7A 		.ascii	"\234\231\014z\267>\355\356~\224oA5\222\003UN\254\211"
 132      B73EEDEE 
 132      7E946F41 
 132      35920355 
 132      4EAC89
 133 00d7 19153839 		.ascii	"\031\025893\331\240\013P\237\242\017\240>\305D\216<"
 133      33D9A00B 
 133      509FA20F 
 133      A03EC544 
 133      8E3C
 134 00e9 8A2FB21F 		.ascii	"\212/\262\037u\024\202V\233\362*\3071\272\253\301\226"
 134      75148256 
 134      9BF22AC7 
 134      31BAABC1 
 134      96
 135 00fa 05E04A0A 		.ascii	"\005\340J\012\325\265!\342\345g\2774\256\246\356\315"
 135      D5B521E2 
 135      E567BF34 
 135      AEA6EECD 
 136 010a 5DC839F7 		.ascii	"]\3109\367U^\341x\247\357\356\242\356K\350FE\004k\316"
 136      555EE178 
 136      A7EFEEA2 
 136      EE4BE846 
 136      45046BCE 
 137 011e F95A31D4 		.ascii	"\371Z1\324\247(\326I\256q\201%o\034^R\246\354\010\306"
 137      A728D649 
 137      AE718125 
 137      6F1C5E52 
 137      A6EC08C6 
 138 0132 58CD3E87 		.ascii	"X\315>\207U\035E\304\234S\027\256{n\212\273{\355\275"
 138      551D45C4 
 138      9C5317AE 
 138      7B6E8ABB 
 138      7BEDBD
 139 0145 32877FF6 		.ascii	"2\207\177\366\333(\313\3426\205s7S\352b\254\356\243"
 139      DB28CBE2 
 139      36857337 
 139      53EA62AC 
 139      EEA3
 140 0157 190FE9BE 		.ascii	"\031\017\351\276\331\373\347a\277\317\231?\317\301\376"
 140      D9FBE761 
 140      BFCF993F 
 140      CFC1FE
 141 0166 9D7FFDBA 		.ascii	"\235\177\375\272\223\275\327\227\275s\357\372\323\235"
 141      93BDD797 
 141      BD73EFFA 
 141      D39D
ARM GAS  C:\Users\PUBLIC~1.LAP\AppData\Local\Temp\ccRlGPh0.s 			page 10


 142 0174 DB68DF3E 		.ascii	"\333h\337>\320\325:S\365\344H\202\"\314|c\216\234\354"
 142      D0D53A53 
 142      F5E44882 
 142      22CC7C63 
 142      8E9CEC
 143 0187 96AA2979 		.ascii	"\226\252)y\225\237\354/\373\315\216v\177mK\003\201\241"
 143      959FEC2F 
 143      FBCD8E76 
 143      7F6D4B03 
 143      81A1
 144 0199 0AC2742D 		.ascii	"\012\302t-\255\276\221\362\002\036\255\337D\310\261"
 144      ADBE91F2 
 144      021EADDF 
 144      44C8B1
 145 01a8 5CAD5BA7 		.ascii	"\\\255[\247\205\317\322@\315\261 ,\236\326\352\0271"
 145      85CFD240 
 145      CDB1202C 
 145      9ED6EA17 
 145      31
 146 01b9 AF65F068 		.ascii	"\257e\360h\355 \314V\316YG\330\255\363\364vCu7\016\305"
 146      ED20CC56 
 146      CE5947D8 
 146      ADF3F476 
 146      4375370E 
 147 01ce 58DD6F6B 		.ascii	"X\335okW\352Z\302Ip\3739\365\207\011\322\311\275\262"
 147      57EA5AC2 
 147      4970FB39 
 147      F58709D2 
 147      C9BDB2
 148 01e1 7FE5CA8D 		.ascii	"\177\345\312\215\012\347FB9\233v\302-\357\011\250\335"
 148      0AE74642 
 148      399B76C2 
 148      2DEF09A8 
 148      DD
 149 01f2 C8285783 		.ascii	"\310(W\203\344JC\002\351u\321 \325\332\266\334\030\270"
 149      E44A4302 
 149      E975D120 
 149      D5DAB6DC 
 149      18B8
 150 0204 477B1339 		.ascii	"G{\0239\245\200\021e7\006\242{\345O\021\225\224\031"
 150      A5801165 
 150      3706A27B 
 150      E54F1195 
 150      9419
 151 0216 CF9BD1B0 		.ascii	"\317\233\321\260V]&\010\304\234L\267\256?\246\273uO"
 151      565D2608 
 151      C49C4CB7 
 151      AE3FA6BB 
 151      754F
 152 0228 37AC5537 		.ascii	"7\254U7\011\202\247C7R\237^ \375\376\325\256k\353Z\302"
 152      0982A743 
 152      37529F5E 
 152      20FDFED5 
 152      AE6BEB5A 
 153 023d BD25EF9C 		.ascii	"\275%\357\234\366\301\335\036\336l'\017\356\346\275"
 153      F6C1DD1E 
 153      DE6C270F 
ARM GAS  C:\Users\PUBLIC~1.LAP\AppData\Local\Temp\ccRlGPh0.s 			page 11


 153      EEE6BD
 154 024c E9B483BB 		.ascii	"\351\264\203\273A\274\371\324;\335r\305\335!r\270\033"
 154      41BCF9D4 
 154      3BDD72C5 
 154      DD2172B8 
 154      1B
 155 025d E9CD11BD 		.ascii	"\351\315\021\275\323\361\320\341\356\022o\036{\227\276"
 155      D3F1D0E1 
 155      EE126F1E 
 155      7B97BE
 156 026c 71E15AA2 		.ascii	"q\341Z\2428\207W\374\261\252'R7\256\273O\274\013\212"
 156      388757FC 
 156      B1AA2752 
 156      37AEBB4F 
 156      BC0B8A
 157 027f 5D9FCD98 		.ascii	"]\237\315\230\"}$\012\203\276`\256\211\267\207\016\004"
 157      227D240A 
 157      83BE60AE 
 157      89B7870E 
 157      04
 158 0290 2D001287 		.ascii	"-\000\022\207AGH\274\236\376\011\265-\223R\021X\014"
 158      414748BC 
 158      9EFE09B5 
 158      2D935211 
 158      580C
 159 02a2 1AB13EA2 		.ascii	"\032\261>\242\220\210E2B\342\021\261F\030\276\017\375"
 159      90884532 
 159      42E211B1 
 159      4618BE0F 
 159      FD
 160 02b3 13F21185 		.ascii	"\023\362\021\205\355\257ey\014\"\274\340\035a`\213F"
 160      EDAF6579 
 160      0C22BCE0 
 160      1D61608B 
 160      46
 161 02c4 A270C836 		.ascii	"\242p\3106\011\203Aa[\241\177B\305c\361\327\262\276"
 161      09834161 
 161      5BA17F42 
 161      C563F1D7 
 161      B2BE
 162 02d6 25A7166D 		.ascii	"%\247\026m\023ph\274\276bO\305S\272\324\344{B\227\214"
 162      137068BC 
 162      BE624FC5 
 162      53BAD4E4 
 162      7B42978C 
 163 02ea 9789D8C3 		.ascii	"\227\211\330\303+\206W\010$\016Q_\260\327\204\016\203"
 163      2B865708 
 163      240E515F 
 163      B0D7840E 
 163      83
 164 02fb B75BA116 		.ascii	"\267[\241\026\030\3545\035\227~-\333\022\213\254\221"
 164      18EC351D 
 164      977E2DDB 
 164      128BAC91 
 165 030b C816852C 		.ascii	"\310\026\205,\022\010\240\012\340\217(i\347\240\301"
 165      1208A00A 
 165      E08F2869 
ARM GAS  C:\Users\PUBLIC~1.LAP\AppData\Local\Temp\ccRlGPh0.s 			page 12


 165      E7A0C1
 166 031a 30E83326 		.ascii	"0\3503&\035\177N\300\026J\275\241\241$\012\031\0360"
 166      1D7F4EC0 
 166      164ABDA1 
 166      A1240A19 
 166      1E30
 167 032c 9347331E 		.ascii	"\223G3\036\322?60\374\203n!I\303r\357\374\261\022\367"
 167      D23F3630 
 167      FC836E21 
 167      49C372EF 
 167      FCB112F7 
 168 0340 85244EB6 		.ascii	"\205$N\266\0134g!\026\316\356\363\014\013Q\250a,f\014"
 168      0B346721 
 168      16CEEEF3 
 168      0C0B51A8 
 168      612C660C 
 169 0354 52462123 		.ascii	"RF!#53\023\026\244\240\015\220\")\243\353\022@\246%"
 169      35331316 
 169      A4A00D90 
 169      2229A3EB 
 169      1240A625 
 170 0368 A9A9A1D9 		.ascii	"\251\251\241\331\362\177\253\305\242C6\002\004x\036"
 170      F27FABC5 
 170      A2433602 
 170      04781E
 171 0377 13ACF977 		.ascii	"\023\254\371w\341\311rN\341#\262\355\002\320\257]\210"
 171      E1C9724E 
 171      E123B2ED 
 171      02D0AF5D 
 171      88
 172 0388 2429001F 		.ascii	"$)\000\037\340Cq\33032\300UOX\004\367\2347\236\3304"
 172      E04371D8 
 172      3332C055 
 172      4F5804F7 
 172      9C379ED8 
 173 039d 958903F9 		.ascii	"\225\211\003\371\325\2012\003\026\276\253=5#\334\266"
 173      D5813203 
 173      16BEAB3D 
 173      3523DCB6 
 174 03ad DD624B2B 		.ascii	"\335bK+\345\017\242\300\361h>\216\2309\235w\221v\243"
 174      E50FA2C0 
 174      F1683E8E 
 174      98399D77 
 174      9176A3
 175 03c0 ADA54957 		.ascii	"\255\245IW\2134\032.1\226\355\264@\307_b\002\3269\343"
 175      8B341A2E 
 175      3196EDB4 
 175      40C75F62 
 175      02D639E3 
 176 03d4 6EC2DC3D 		.ascii	"n\302\334=\034=\260\225\207\373\221*y\000\252Y\211Z"
 176      1C3DB095 
 176      87FB912A 
 176      7900AA59 
 176      895A
 177 03e6 88A6B82E 		.ascii	"\210\246\270.\274S\227z\331\016\274\377\353\373\352"
 177      BC53977A 
 177      D90EBCFF 
ARM GAS  C:\Users\PUBLIC~1.LAP\AppData\Local\Temp\ccRlGPh0.s 			page 13


 177      EBFBEA
 178 03f5 41AB7D41 		.ascii	"A\253}A\345\211n\240\351\000l\202'W\271\007\215-S\001"
 178      E5896EA0 
 178      E9006C82 
 178      2757B907 
 178      8D2D5301 
 179              		.text
 180              		.section	.gnu.lto_.symbol_nodes.83ad0024,"e",%progbits
 181 0000 28B52FFD 		.ascii	"(\265/\375 \350\265\003\000r\305\024 \240E\035\377\011"
 181      20E8B503 
 181      0072C514 
 181      20A0451D 
 181      FF09
 182 0012 464D275C 		.ascii	"FM'\\H0\334\004\276f6\244\360\377\377\377\023h\265f"
 182      4830DC04 
 182      BE6636A4 
 182      F0FFFFFF 
 182      1368B566 
 183 0026 3C5E42B6 		.ascii	"<^B\266L2\005n\017\2635(`6\352\316\341aZ\002@\225\316"
 183      4C32056E 
 183      0FB33528 
 183      6036EACE 
 183      E1615A02 
 184 003d 853913FD 		.ascii	"\2059\023\375\204\350\241C\037\341\272\265\225\201\241"
 184      84E8A143 
 184      1FE1BAB5 
 184      9581A1
 185 004c 97B0D03F 		.ascii	"\227\260\320?g\334e\253\035p\310vw\011\275s\333~\001"
 185      67DC65AB 
 185      1D70C876 
 185      7709BD73 
 185      DB7E01
 186 005f 0D002013 		.ascii	"\015\000 \023\310w(\242\271F\035\231\301\201:\003\220"
 186      C87728A2 
 186      B9461D99 
 186      C1813A03 
 186      90
 187 0070 FC048DD5 		.ascii	"\374\004\215\325\322\254\004\303e\020P\236\3319\006"
 187      D2AC04C3 
 187      6510509E 
 187      D93906
 188              		.text
 189              		.section	.gnu.lto_.refs.83ad0024,"e",%progbits
 190 0000 28B52FFD 		.ascii	"(\265/\375 \005)\000\000\001\000\000\000\000"
 190      20052900 
 190      00010000 
 190      0000
 191              		.text
 192              		.section	.gnu.lto_.decls.83ad0024,"e",%progbits
 193 0000 28B52FFD 		.ascii	"(\265/\375`{#\205\227\000\312\360x5Q@PJ\352\373\376"
 193      607B2385 
 193      9700CAF0 
 193      78355140 
 193      504AEAFB 
 194 0015 BAFEEEBF 		.ascii	"\272\376\356\277\356z2\376\352\272:\243\207)\0040t\017"
 194      EE7A32FE 
 194      EABA3AA3 
ARM GAS  C:\Users\PUBLIC~1.LAP\AppData\Local\Temp\ccRlGPh0.s 			page 14


 194      87290430 
 194      740F
 195 0027 3A6A76B7 		.ascii	":jv\267\217\374\216\353X]\177\306N'\003\3507\307\012"
 195      8FFC8EEB 
 195      585D7FC6 
 195      4E2703E8 
 195      37C70A
 196 003a 83A6C5F4 		.ascii	"\203\246\305\364\033)-d}\244\244?\"\224\376#\220\215"
 196      1B292D64 
 196      7DA4A43F 
 196      2294FE23 
 196      908D
 197 004c DC720827 		.ascii	"\334r\010'\350u\006\252\376!T\3333\307\337\334M\312"
 197      E87506AA 
 197      FE2154DB 
 197      33C7DFDC 
 197      4DCA
 198 005e 94520003 		.ascii	"\224R\000\003A\003Y\003\037\343\237\304\236\212\230"
 198      41035903 
 198      1FE39FC4 
 198      9E8A98
 199 006d 4D6BDFA4 		.ascii	"Mk\337\244\365[\274\013\227\002\377E\266\301CF\370\356"
 199      F55BBC0B 
 199      9702FF45 
 199      B6C14346 
 199      F8EE
 200 007f 1EF72D5A 		.ascii	"\036\367-Z\201\034\250\002\201j\177\337\332\375LK6s"
 200      811CA802 
 200      816A7FDF 
 200      DAFD4C4B 
 200      3673
 201 0091 60425196 		.ascii	"`BQ\226\336\371s2i\223jY\373\343\326\376*k\277\332\332"
 201      DEF97332 
 201      69936A59 
 201      FBE3D6FE 
 201      2A6BBFDA 
 202 00a6 8FB68AF0 		.ascii	"\217\266\212\360\033u\010\204L\331\024\333\214\307]"
 202      1B750884 
 202      4CD914DB 
 202      8CC75D
 203 00b5 A2E9775F 		.ascii	"\242\351w_4\003\2233W\036\364\215\\\372\315\027\312"
 203      34039333 
 203      571EF48D 
 203      5CFACD17 
 203      CA
 204 00c6 38207E66 		.ascii	"8 ~fO\260\374\300\270\373\213\236h\335\301\364t\345"
 204      4FB0FCC0 
 204      B8FB8B9E 
 204      68DDC1F4 
 204      74E5
 205 00d8 F110B0C9 		.ascii	"\361\020\260\311\016zC\3113_\350\302\341\321\220>\356"
 205      0E7A43C9 
 205      335FE8C2 
 205      E1D1903E 
 205      EE
 206 00e9 175BFB89 		.ascii	"\027[\373\211\254^@\250}nM;\372\234\317\245\237\035"
 206      AC5E40A8 
ARM GAS  C:\Users\PUBLIC~1.LAP\AppData\Local\Temp\ccRlGPh0.s 			page 15


 206      7D6E4D3B 
 206      FA9CCFA5 
 206      9F1D
 207 00fb EF8BEFB1 		.ascii	"\357\213\357\261\370\354w\276W\003\246\304\364\003\004"
 207      F8EC77BE 
 207      5703A6C4 
 207      F40304
 208 010a 0E0E0C98 		.ascii	"\016\016\014\230\027\227\027\321\236\236\\\334\326\362"
 208      179717D1 
 208      9E9E5CDC 
 208      D6F2
 209 0118 B1979838 		.ascii	"\261\227\2308\243\261&\2755\317\361\376J\207\035\025"
 209      A3B126BD 
 209      35CFF1FE 
 209      4A871D15 
 210 0128 2D6BBBDC 		.ascii	"-k\273\334\332^e}\300o\324-0H\270\2168\235\255\355I"
 210      DA5E657D 
 210      C06FD42D 
 210      3048B88E 
 210      389DADED 
 211 013d 560AE8E6 		.ascii	"V\012\350\346\036+n\306r.\203\260\261\303\332R\345q"
 211      1E2B6EC6 
 211      722E83B0 
 211      B1C3DA52 
 211      E571
 212 014f 7B91B5BD 		.ascii	"{\221\265\275km\367\261vt\372f@\314\225\2207\032n\375"
 212      6B6DF7B1 
 212      7674FA66 
 212      40CC9590 
 212      371A6EFD 
 213 0163 56C40D47 		.ascii	"V\304\015G\332\025\261\035\"E/\254\210\360/j\313\240"
 213      DA15B11D 
 213      22452FAC 
 213      88F02F6A 
 213      CBA0
 214 0175 B6B3FBC5 		.ascii	"\266\263\373\3055\335Qe\255\306\205V\334\364\261\016"
 214      35DD5165 
 214      ADC68556 
 214      DCF4B10E 
 215 0185 143F33D2 		.ascii	"\024?3\322\211\342]\036\235\002\245}\361\255#\256\244"
 215      89E25D1E 
 215      9D02A57D 
 215      F1AD23AE 
 215      A4
 216 0196 EA290757 		.ascii	"\352)\007W\363).\305\331\234\212K}\255\333\321<\255"
 216      F3292EC5 
 216      D99C8A4B 
 216      7DADDBD1 
 216      3CAD
 217 01a8 71346766 		.ascii	"q4gf\316\271}\213H\277\3150;\344\"\260\033\320\262%"
 217      CEB97D8B 
 217      48BFCD30 
 217      3BE422B0 
 217      1BD0B225 
 218 01bc 7E76974E 		.ascii	"~v\227N\233\025`I\035]\363/'\233aF\263\224LUT\221\027"
 218      9B156049 
 218      1D5DF32F 
ARM GAS  C:\Users\PUBLIC~1.LAP\AppData\Local\Temp\ccRlGPh0.s 			page 16


 218      279B6146 
 218      B3944C55 
 219 01d3 1C1C1C10 		.ascii	"\034\034\034\0208882-f\220\355\250\301\016\002h\355"
 219      38383832 
 219      2D6690ED 
 219      A8C10E02 
 219      68ED
 220 01e5 E4FA0448 		.ascii	"\344\372\004He\206&}\354L\274\211K\031p\034\332\313"
 220      6586267D 
 220      EC4CBC89 
 220      4B19701C 
 220      DACB
 221 01f7 DC49AB4E 		.ascii	"\334I\253N\247h\336\373ai\365qy\334Q\377\2406\317\332"
 221      A768DEFB 
 221      6169F571 
 221      79DC51FF 
 221      A036CFDA 
 222 020b CE805A83 		.ascii	"\316\200Z\2033\240\366\211\325\221x\022\227\212p\263"
 222      33A0F689 
 222      D5917812 
 222      978A70B3 
 223 021b 86614633 		.ascii	"\206aF3^\223\213\261,\217\233\205\265]\204j\343\"\324"
 223      5E938BB1 
 223      2C8F9B85 
 223      B55D846A 
 223      E322D4
 224 022e 56615DFD 		.ascii	"Va]\375F\365\261\251M\224T\216\243\307M\302\332.u\261"
 224      46F5B1A9 
 224      4D94548E 
 224      A3C74DC2 
 224      DA2E75B1 
 225 0242 294D95BC 		.ascii	")M\225\274)VX\373\264\333\213\270\221\206\013 g\273"
 225      295658FB 
 225      B4DB8BB8 
 225      91860B20 
 225      67BB
 226 0254 9C730135 		.ascii	"\234s\0015rR+\246\217;\370\007\365\353\372\255\273a"
 226      72522BA6 
 226      8F3BF807 
 226      F5EBFAAD 
 226      BB61
 227 0266 54287639 		.ascii	"T(v9\355q;X\017\203r\004\355am\231\265\201k\007\257"
 227      ED713B58 
 227      0F837204 
 227      ED616D99 
 227      B5816B07 
 228 027b 2E18B427 		.ascii	".\030\264'\"K\336\325\355@|\313\207\340\257g\306\313"
 228      224BDED5 
 228      ED407CCB 
 228      87E0AF67 
 228      C6CB
 229 028d 39EAC19F 		.ascii	"9\352\301\237(\265-y\034\265y.aIM\217=\310{\220\003"
 229      28B52D79 
 229      1CB5792E 
 229      61494D8F 
 229      3DC87B90 
 230 02a2 F6720E72 		.ascii	"\366r\016r!\316\325\036\304oh\022\021\364]~e\272\234"
ARM GAS  C:\Users\PUBLIC~1.LAP\AppData\Local\Temp\ccRlGPh0.s 			page 17


 230      21CED51E 
 230      C46F6812 
 230      11F45D7E 
 230      65BA9C
 231 02b5 A3EE09B8 		.ascii	"\243\356\011\270'`33\0264\327\244\342\376\025\001\377"
 231      27603333 
 231      1634D7A4 
 231      E2FE1501 
 231      FF
 232 02c6 A062BF51 		.ascii	"\240b\277Q_ B\352v\274g!\211\201\356k\244\333\257\274"
 232      5F2042EA 
 232      76BC6721 
 232      8981EE6B 
 232      A4DBAFBC 
 233 02da 00DDBED3 		.ascii	"\000\335\276\323\355%\272=\331\355Y\376C\367\007\320"
 233      ED25BA3D 
 233      D9ED59FE 
 233      43F707D0 
 234 02ea FD36DDCE 		.ascii	"\3756\335\316\327\335R\272;\255\273\327\272[\255\273"
 234      D7DD52BA 
 234      3BADBBD7 
 234      BA5BADBB 
 235 02fa A974F793 		.ascii	"\251t\367\223\356\236\322\355vO\323\3753\335\017\323"
 235      EE9ED2ED 
 235      764FD3FD 
 235      33DD0FD3 
 236 030a FDC0EEC7 		.ascii	"\375\300\356\307\335\357\335^v\266@\367\345\321\355"
 236      DDEFDD5E 
 236      76B640F7 
 236      E5D1ED
 237 0319 79DDCEA5 		.ascii	"y\335\316\245\333\347\272\335\255\333\331\272\375\254"
 237      DBE7BADD 
 237      ADDBD9BA 
 237      FDAC
 238 0327 DB8F7437 		.ascii	"\333\217t7\261\273\307\272\333\254\273\207t;\015\335"
 238      B1BBC7BA 
 238      DBACBB87 
 238      743B0DDD 
 239 0337 3ED6ED49 		.ascii	">\326\355I\335\336v\273\262\273\335\272\373Jw[\351\356"
 239      DDDE76BB 
 239      B2BBDDBA 
 239      FB4A775B 
 239      E9EE
 240 0349 B6EEAED2 		.ascii	"\266\356\256\322\335l\335\335\325\335\003t7\223\356"
 240      DD6CDDDD 
 240      D5DD0374 
 240      3793EE
 241 0358 BE7D7D7D 		.ascii	"\276}}}}\335\016\355V\253\272\013\000\021I\350h\\\250"
 241      7DDD0EED 
 241      56ABBA0B 
 241      001149E8 
 241      685CA8
 242 036b D74383BA 		.ascii	"\327C\203\272\300\"\210j\352\351%FV\336\343\0317\012"
 242      C022886A 
 242      EAE92546 
 242      56DEE319 
 242      370A
ARM GAS  C:\Users\PUBLIC~1.LAP\AppData\Local\Temp\ccRlGPh0.s 			page 18


 243 037d 90A322A6 		.ascii	"\220\243\"\246\365J\335\250#vrS\217{%Z{]\256\015\334"
 243      F54ADDA8 
 243      23767253 
 243      8F7B255A 
 243      7B5DAE0D 
 244 0392 5B1B78B7 		.ascii	"[\033x\267:]\030.\275O:Ow\351\365\272\350\236\374\356"
 244      3A5D182E 
 244      BD4F3A4F 
 244      77E9F5BA 
 244      E89EFCEE 
 245 03a6 BE1001E4 		.ascii	"\276\020\001\344\251\327%\206\006\030\327\224\372\342"
 245      A9D72586 
 245      0618D794 
 245      FAE2
 246 03b4 BA08926B 		.ascii	"\272\010\222k\313z\334\002\210&\026$\211\216\3656]\246"
 246      CB7ADC02 
 246      88261624 
 246      898EF536 
 246      5DA6
 247 03c6 10F74759 		.ascii	"\020\367GY\235\223\251\265\201Pk\003_\254\015d\261v"
 247      9D93A9B5 
 247      81506B03 
 247      5FAC0D64 
 247      B176
 248 03d8 5FA54EC2 		.ascii	"_\245N\302}Y\252\350=\276H0\340\254`y\334\300\345\332"
 248      7D59AAE8 
 248      3DBE4830 
 248      E0AC6079 
 248      DCC0E5DA 
 249 03ec BE75F325 		.ascii	"\276u\363%JZq\233\267\350\032\271\364\036}\237\216\337"
 249      4A5A719B 
 249      B7E81AB9 
 249      F41E7D9F 
 249      8EDF
 250 03fe 3D1F9811 		.ascii	"=\037\230\021]\227FC\202\336\243\277{=\005x<\273\304"
 250      5D974643 
 250      82DEA3BF 
 250      7B3D0578 
 250      3CBBC4
 251 0411 A861D117 		.ascii	"\250a\321\027\235\306\340;4E\004Gt\3532\257\220\272"
 251      9DC6E03B 
 251      34450447 
 251      74EB32AF 
 251      90BA
 252 0423 A52A88EB 		.ascii	"\245*\210\353\006\365\025z\243\251Q\307\246\343\361"
 252      06F5157A 
 252      A3A951C7 
 252      A6E3F1
 253 0432 5DBE5ECC 		.ascii	"]\276^\314\032X\230\220\307]\327h0v3lh\311Z=\367\363"
 253      1A589890 
 253      C75DD768 
 253      3076336C 
 253      68C95A3D 
 254 0448 F5970C37 		.ascii	"\365\227\0147\227\364\370\313\357\251\317!<\326\252"
 254      97F4F8CB 
 254      EFA9CF21 
 254      3CD6AA
ARM GAS  C:\Users\PUBLIC~1.LAP\AppData\Local\Temp\ccRlGPh0.s 			page 19


 255 0457 D6C7FB3C 		.ascii	"\326\307\373<\2276\332{\261\311\001u\302|\334\252\214"
 255      9736DA7B 
 255      B1C90175 
 255      C27CDCAA 
 255      8C
 256 0468 B56D1A4D 		.ascii	"\265m\032Mm\325\271\266z\304\245\321\200,u5=\266\333"
 256      6DD5B9B6 
 256      7AC4A5D1 
 256      802C7535 
 256      3DB6DB
 257 047b 32F3A527 		.ascii	"2\363\245'G\3441\024p\212t\364\345\006)#:\236\307\315"
 257      47E43114 
 257      708A74F4 
 257      E5062923 
 257      3A9EC7CD 
 258 048f D01AA62B 		.ascii	"\320\032\246+.\272\255\017\342gOt\\\334\274\313\015"
 258      2EBAAD0F 
 258      E2674F74 
 258      5CDCBCCB 
 258      0D
 259 04a0 3C689C63 		.ascii	"<h\234cq%9\236\320^\310G\303\364\334\276\354\325<:\375"
 259      7125399E 
 259      D05EC847 
 259      C3F4DCBE 
 259      ECD53C3A 
 260 04b5 59A9D1A1 		.ascii	"Y\251\321\241\031i\322!\275\225\032\264\354\353\247"
 260      1969D221 
 260      BD951AB4 
 260      ECEBA7
 261 04c4 6F533ECB 		.ascii	"oS>\313[y\266\237{*\017\367u\337\366U^\313\323}\334"
 261      5B79B69F 
 261      7B2A0FF7 
 261      75DFF655 
 261      5ECBD37D 
 262 04d9 CBFD957F 		.ascii	"\313\375\225\177{,.}\267\177\352\227\3629\224p{\"\277"
 262      7B2C2E7D 
 262      B77FEA97 
 262      F2399470 
 262      7B22BF
 263 04ec BC4B270A 		.ascii	"\274K'\012VY\342\\\316\351\222\350\"\320\372\036Y\277"
 263      5659E25C 
 263      CEE992E8 
 263      22D0FA1E 
 263      59BF
 264 04fe A29B4404 		.ascii	"\242\233D\004\357\366>\036\310\314\262C.*\312\341un"
 264      EFF63E1E 
 264      C8CCB243 
 264      2E2ACAE1 
 264      756E
 265 0510 AEC5EDF8 		.ascii	"\256\305\355\370\270\004\375\321\0158\272\2343\234\333"
 265      B804FDD1 
 265      0D38BA9C 
 265      339CDB
 266 051f AFF51B13 		.ascii	"\257\365\033\023\231\015\274%n\012\224\002\270U\346"
 266      990DBC25 
 266      6E0A9402 
 266      B855E6
ARM GAS  C:\Users\PUBLIC~1.LAP\AppData\Local\Temp\ccRlGPh0.s 			page 20


 267 052e 8AD7CAFC 		.ascii	"\212\327\312\374F\215\362i\217\346\322W\353W\373\263"
 267      468DF269 
 267      8FE6D257 
 267      EB57FBB3 
 268 053e 5F66AB33 		.ascii	"_f\2533h\316Y\355\241\374QX\031\364\325\376\310?Y\002"
 268      68CE59ED 
 268      A1FC5158 
 268      19F4D5FE 
 268      C83F5902 
 269 0552 60951602 		.ascii	"`\225\026\002\007\007\347\233N\274\346\212\373\327\267"
 269      0707E79B 
 269      4EBCE68A 
 269      FBD7B7
 270 0561 F62F6F35 		.ascii	"\366/o5c\256S\240T\335)Um\321\335\375\222\035P&\376"
 270      63AE53A0 
 270      54DD2955 
 270      6DD1DDFD 
 270      921D5026 
 271 0576 E59700C1 		.ascii	"\345\227\000\301\262\230~l9\371&\217\203K\237\311#\351"
 271      B2987E6C 
 271      39F9268F 
 271      834B9FC9 
 271      23E9
 272 0588 1F7BB21A 		.ascii	"\037{\262\032h\026\031\323\272D\311\226\256\264\033"
 272      681619D3 
 272      BA44C996 
 272      AEB41B
 273 0597 8FCD1C4B 		.ascii	"\217\315\034K\021\034V\332\326$\217$c\031\002\365\270"
 273      111C56DA 
 273      D6248F24 
 273      631902F5 
 273      B8
 274 05a8 7F4CD6FE 		.ascii	"\177L\326\376\225\255\375\233\256\275\346\037\324\031"
 274      95ADFD9B 
 274      AEBDE61F 
 274      D419
 275 05b6 BF51A70F 		.ascii	"\277Q\247\017\366E<:\315Bl\014\344e8-<1\227\376\364"
 275      F6453C3A 
 275      CD426C0C 
 275      E465382D 
 275      3C3197FE 
 276 05cb 8DC840E9 		.ascii	"\215\310@\3510r\004\343\306{E\302\322\316\204\272<\016"
 276      307204E3 
 276      C67B45C2 
 276      D2CE84BA 
 276      3C0E
 277 05dd 7B290171 		.ascii	"{)\001qsFtkc\271\265\361\333\332\230J\364\275\230\224"
 277      7346746B 
 277      63B9B5F1 
 277      DBDA984A 
 277      F4BD9894 
 278 05f1 AD487BDC 		.ascii	"\255H{\334u\221\010\001{6\031\362\\\230\006\322\017"
 278      75910801 
 278      7B3619F2 
 278      5C9806D2 
 278      0F
 279 0602 ACB0B5B1 		.ascii	"\254\260\265\261\327\332xkm\254\265\"\3407\352\017l"
ARM GAS  C:\Users\PUBLIC~1.LAP\AppData\Local\Temp\ccRlGPh0.s 			page 21


 279      D7DA786B 
 279      6DACB522 
 279      E037EA0F 
 279      6C
 280 0613 E57635E3 		.ascii	"\345v5\343\306\332\270\312\006\030$!V\226@\255\215]"
 280      C6DAB8CA 
 280      06182421 
 280      569640AD 
 280      8D5D
 281 0625 ACBFE3B3 		.ascii	"\254\277\343\263\\j\300Cmb\360\276\370\320\362\270q"
 281      5C6AC043 
 281      6D62F0BE 
 281      F8D0F2B8 
 281      71
 282 0636 D2DA6E80 		.ascii	"\322\332n\200\352}n\200\332\270\271N\365[\222\323?e"
 282      EA7D6E80 
 282      DAB8B94E 
 282      F55B92D3 
 282      3F65
 283 0648 B078A620 		.ascii	"\260x\246 JN\307$FVed\256\351a\334\200&\271\235\030"
 283      4A4EC724 
 283      46566564 
 283      AEE961DC 
 283      8026B99D 
 284 065d 5A8DBFF1 		.ascii	"Z\215\277\3618\376\352s<\326\323x\033.}\253\266z\252"
 284      38FEEA73 
 284      3CD6D378 
 284      1B2E7DAB 
 284      B67AAA
 285 0670 8701C015 		.ascii	"\207\001\300\025\237\224\031N\010\234\030\2713'p\000"
 285      9F94194E 
 285      089C18B9 
 285      33277000 
 286 0680 E0BE626B 		.ascii	"\340\276bk\337\350\332\367\206\347\214\256\250\241\261"
 286      DFE8DAF7 
 286      86E78CAE 
 286      A8A1B1
 287 068f C72FA5DA 		.ascii	"\307/\245\332\021\261\001V#\352e\320\240\321%\3571\324"
 287      11B10156 
 287      23EA65D0 
 287      A0D125EF 
 287      31D4
 288 06a1 AFCB0C2E 		.ascii	"\257\313\014.Q\001_+\244\254-cvww\363Vxv\211\261\245"
 288      51015F2B 
 288      A4AC2D63 
 288      767777F3 
 288      56787689 
 289 06b7 4E215182 		.ascii	"N!Q\202\201\3277O={\272\232\253\321\205CJZWw\271(\000"
 289      81D7374F 
 289      3D7BBA9A 
 289      ABD18543 
 289      4A5A5777 
 290 06ce 25EB7581 		.ascii	"%\353u\201\331\033:\313\263\353\313\205\311\022J\226"
 290      D91B3ACB 
 290      B3EBCB85 
 290      C9124A96 
 291 06de C777CB9D 		.ascii	"\307w\313\235\302\243\362E\013\0178\270;\367_Y\012x"
ARM GAS  C:\Users\PUBLIC~1.LAP\AppData\Local\Temp\ccRlGPh0.s 			page 22


 291      C2A3F245 
 291      0B0F38B8 
 291      3BF75F59 
 291      0A78
 292 06f0 E3ACC8CB 		.ascii	"\343\254\310\313/,\353\210J\226\276s6QG\204\364\270"
 292      2F2CEB88 
 292      4A96BE73 
 292      36514784 
 292      F4B8
 293 0702 721D0CB9 		.ascii	"r\035\014\271{!\207%&\207\220\264\246\270[\026\265\231"
 293      7B218725 
 293      268790B4 
 293      A6B85B16 
 293      B599
 294 0714 C2DCF28A 		.ascii	"\302\334\362\212k\031\250\365\266\265]7\021O\241)\010"
 294      6B19A8F5 
 294      B6B55D37 
 294      114FA129 
 294      08
 295 0725 3C990222 		.ascii	"<\231\002\"\003/g'\0216ziR\224\356\225\276n2`K\2342"
 295      032F6727 
 295      11367A69 
 295      5294EE95 
 295      BE6E3260 
 296 073c 1E5F2B1F 		.ascii	"\036_+\037\325\243o\307\303\200\201\242\272\342\005"
 296      D5A36FC7 
 296      C38081A2 
 296      BAE205
 297 074b 4A948E72 		.ascii	"J\224\216r\331\326\234s\320\023\324\246oH\227'\225\276"
 297      D9D69C73 
 297      D013D4A6 
 297      6F489727 
 297      95BE
 298 075d 6CFE6C33 		.ascii	"l\376l3K\362\370J\271SnnZq1eMF\313\0220&\027I\246\311"
 298      4BF2F84A 
 298      B9536E6E 
 298      5A713165 
 298      4D46CB12 
 299 0777 485CDBE3 		.ascii	"H\\\333\343\034Z\211\307\020\332\343\253\226\206\026"
 299      1C5A89C7 
 299      10DAE3AB 
 299      968616
 300 0786 E3B5F64D 		.ascii	"\343\265\366Mr\315\372*i%\367\314md\241)\015\370\230"
 300      72CDFA2A 
 300      6925F7CC 
 300      6D64A129 
 300      0DF898
 301 0799 D2FA8197 		.ascii	"\322\372\201\227\235\234D\340h\322P\322\223\276g\037"
 301      9D9C44E0 
 301      68D250D2 
 301      93BE671F 
 302 07a9 F5A392B5 		.ascii	"\365\243\222\265\014=\276N\356\024\016\342\"\012\226"
 302      0C3DBE4E 
 302      EE140EE2 
 302      220A96
 303 07b8 C71787D7 		.ascii	"\307\027\207\327[\253\264\236H\036\337&\336U\023\246"
 303      5BABB49E 
ARM GAS  C:\Users\PUBLIC~1.LAP\AppData\Local\Temp\ccRlGPh0.s 			page 23


 303      481EDF26 
 303      DE5513A6 
 304 07c8 35D5E2F1 		.ascii	"5\325\342\361e\342J~"
 304      65E24A7E 
 305 07d0 46D98B8F 		.ascii	"F\331\213\217\307w\211\223\321\020\345\275ey|\267v\360"
 305      C7778993 
 305      D110E5BD 
 305      65797CB7 
 305      76F0
 306 07e2 A87706CE 		.ascii	"\250w\006\316\017\355\035\243\367%\005\313\216&\350"
 306      0FED1DA3 
 306      F72505CB 
 306      8E26E8
 307 07f1 C9B47AEC 		.ascii	"\311\264z\3549\203\234\003\310yeR-ySJ\265\314L*:\017"
 307      39839C03 
 307      C8796552 
 307      2D79534A 
 307      B5CC4C2A 
 308 0807 4DE9D399 		.ascii	"M\351\323\231@3J\305\224\231O\247gfPnFs\366\220\363"
 308      40334AC5 
 308      94994FA7 
 308      6766506E 
 308      4673F690 
 309 081c 3337A341 		.ascii	"37\243A\316\034\315\331\267\230\317\334\314O\24773\325"
 309      CE1CCDD9 
 309      B798CFDC 
 309      CC4FA737 
 309      33D5
 310 082e D34393F9 		.ascii	"\323C\223\371\\f)\325\222\207,\245r6\245TN\017\315h"
 310      5C6629D5 
 310      92872CA5 
 310      7236A554 
 310      4E0FCD68 
 311 0842 50CED1A0 		.ascii	"P\316\321\240e\0029\0079\233\322\035N\017\231I\265l"
 311      65023907 
 311      399BD21D 
 311      4E0F9949 
 311      B56C
 312 0854 4A839632 		.ascii	"J\203\2262\310y\271\203o\351K!\260\253,\015Bzg3\307"
 312      C879B983 
 312      6FE94B21 
 312      B0AB2C0D 
 312      427A6733 
 313 0869 C8393F79 		.ascii	"\3109?y\224\231\235rf>Cd\260g3M\350i\223\267\224\240"
 313      94999D72 
 313      663E4364 
 313      B067334D 
 313      E86993B7 
 314 087f 46396755 		.ascii	"F9gU+\206\007\263\034\004\315kNA\0048s\216\261\214\346"
 314      2B8607B3 
 314      1C04CD6B 
 314      4E410438 
 314      738EB18C 
 315 0894 186A3467 		.ascii	"\030j4g\002\362\332r\315\243kyi\306\314\331\315rv\""
 315      02F2DA72 
 315      CDA36B79 
 315      69C6CCD9 
ARM GAS  C:\Users\PUBLIC~1.LAP\AppData\Local\Temp\ccRlGPh0.s 			page 24


 315      CD727622 
 316 08a8 CA3977C8 		.ascii	"\3129w\3109\323d&\023\222P\325s\206H\350Y\224{L\371"
 316      39D36426 
 316      139250D5 
 316      738648E8 
 316      59947B4C 
 317 08bd 52535AF5 		.ascii	"RSZ\365\324QRD\012\315B\321\2457\221\236\031\232\335"
 317      D4515244 
 317      0ACD42D1 
 317      A537919E 
 317      199ADD
 318 08d0 A89CAB74 		.ascii	"\250\234\253t\031\315\323-5j]Wt\217\344\036\221\222"
 318      19CDD32D 
 318      356A5D57 
 318      748FE41E 
 318      9192
 319 08e2 81C5CBE3 		.ascii	"\201\305\313\343[\026\223u\345\206EFv\307\276\364t$"
 319      5B169375 
 319      E5864546 
 319      76C7BEF4 
 319      7424
 320 08f4 CD8062ED 		.ascii	"\315\200b\355-\037O\257\221[\344\206\271\364\212\335"
 320      2D1F4FAF 
 320      915BE486 
 320      B9F48ADD 
 321 0904 A8BE41AE 		.ascii	"\250\276A\256\220+v\271\2564[\255`qm\360A\305\356\215"
 321      902B76B9 
 321      AE345BAD 
 321      60716DF0 
 321      41C5EE8D 
 322 0918 ABE5052A 		.ascii	"\253\345\005*v\363\275a\310\232^\027<\325\006\033\222"
 322      76F3BD61 
 322      C89A5E17 
 322      3CD5061B 
 322      92
 323 0929 2A31F80E 		.ascii	"*1\370\016\241\321\013\313a\311\357\256\027\037\364"
 323      A1D10BCB 
 323      61C9EFAE 
 323      171FF4
 324 0938 465FC847 		.ascii	"F_\310G\331\355\335hM\326\024\016)x`\367\353\022q\351"
 324      D9EDDD68 
 324      4DD6140E 
 324      297860F7 
 324      EB1271E9 
 325 094c 8D7A169A 		.ascii	"\215z\026\232<\206t\303\352u\273f\260b<\365\335!5;\332"
 325      3C8674C3 
 325      EA75BB66 
 325      B0623CF5 
 325      DD21353B 
 326 0961 7AC0B058 		.ascii	"z\300\260X\033f\305\372O\377\240*\3407\352\335\372\221"
 326      1B66C5FA 
 326      4FFFA02A 
 326      E037EADD 
 326      FA91
 327 0973 A64426F7 		.ascii	"\246D&\367\005\310\217\230']O(>\372\376\210I\233z\351"
 327      05C88F98 
 327      275D4F28 
ARM GAS  C:\Users\PUBLIC~1.LAP\AppData\Local\Temp\ccRlGPh0.s 			page 25


 327      3EFAFE88 
 327      499B7AE9 
 328 0987 3DBE3D60 		.ascii	"=\276=`\244\246w`\217\257\015\215\266\332@\364f\204"
 328      A4A67760 
 328      8FAF0D8D 
 328      B6DA40F4 
 328      6684
 329 0999 8FF29327 		.ascii	"\217\362\223'\217/\017%Q\322\232\346\326\0357\313\245"
 329      8F2F0F25 
 329      51D29AE6 
 329      D61D37CB 
 329      A5
 330 09aa 178AE3EA 		.ascii	"\027\212\343\352\360\350TE\2139h\226\222\252&\270\307"
 330      F0E85445 
 330      8B396896 
 330      92AA26B8 
 330      C7
 331 09bb 944FC7C5 		.ascii	"\224O\307\305*\242\205m\354\361\315qu\270\331I\301\261"
 331      2AA2856D 
 331      ECF1CD71 
 331      75B8D949 
 331      C1B1
 332 09cd F66AB5F6 		.ascii	"\366j\265\366\372\\[H\237nG\217\235\367)WyY\335+\227"
 332      FA5C5B48 
 332      9F6E478F 
 332      9DF72957 
 332      7959DD2B 
 333 09e2 DE1A97E9 		.ascii	"\336\032\227\351\326\2701.\215\2524\272\020826X0iQ1"
 333      D6B8312E 
 333      8DAA34BA 
 333      10383236 
 333      58306951 
 334 09f7 D5AD72E9 		.ascii	"\325\255r\351\245!\343N\005(\206\310\236\343\317Q\005"
 334      A521E34E 
 334      052886C8 
 334      9EE3CF51 
 334      05
 335 0a08 19144364 		.ascii	"\031\024CdO\020F\005\212!r\004\245\012\023\304!L\023"
 335      4F104605 
 335      8A217204 
 335      A50A13C4 
 335      214C13
 336 0a1b 470C873C 		.ascii	"G\014\207<AeQi\024!\207M\"9\3101!\202\011\0228\310i"
 336      41655169 
 336      1421874D 
 336      2239C831 
 336      21820912 
 337 0a32 81D812DA 		.ascii	"\201\330\022\332 \211\022+{,\366\250\020\246\350\021"
 337      2089122B 
 337      7B2CF6A8 
 337      10A6E811 
 338 0a42 D28880C2 		.ascii	"\322\210\200\302\011\036\230\320`\203`\313*\203A\032"
 338      091E98D0 
 338      608360CB 
 338      2A83411A 
 339 0a52 E2506687 		.ascii	"\342Pf\207\325`\210\354\351\321\2008\004@\204\035V\371"
 339      D56088EC 
ARM GAS  C:\Users\PUBLIC~1.LAP\AppData\Local\Temp\ccRlGPh0.s 			page 26


 339      E9D18038 
 339      0440841D 
 339      56F9
 340 0a64 63E24313 		.ascii	"c\342C\023G\354\020\207J\010L\370\374\260(\204+\020"
 340      47EC1087 
 340      4A084CF8 
 340      FCB02884 
 340      2B10
 341 0a76 872688C3 		.ascii	"\207&\210\303\231\036$\362\004\022B\264\217\220\015"
 341      991E24F2 
 341      041242B4 
 341      8F900D
 342 0a85 C1884C7E 		.ascii	"\301\210L~\300\266B6\311\301\0161\005\342\360\246K\030"
 342      C0B64236 
 342      C9C10E31 
 342      05E2F0A6 
 342      4B18
 343 0a97 1D0062DB 		.ascii	"\035\000b\333$r\030\323F\007&\230\301\230\024\256-\201"
 343      247218D3 
 343      46072698 
 343      C19814AE 
 343      2D81
 344 0aa9 CE6D8349 		.ascii	"\316m\203Id\353SL\016\225\354\316M\023G\000\265\306"
 344      64EB534C 
 344      0E95ECCE 
 344      4D134700 
 344      B5C6
 345 0abb 126D1008 		.ascii	"\022m\020\010\324\032o\033$A\323\006Q\014Y\342\360\202"
 345      D41A6F1B 
 345      2441D306 
 345      510C59E2 
 345      F082
 346 0acd 3648417B 		.ascii	"6HA{,\376\000\261\220M\012q\033\244\221\301x\207U\376"
 346      2CFE00B1 
 346      904D0A71 
 346      1BA491C1 
 346      788755FE 
 347 0ae1 601A1F21 		.ascii	"`\032\037!K\224Q\262<B\237\037\313&a\300j\033T\221D"
 347      4B9451B2 
 347      3C429F1F 
 347      CB2661C0 
 347      6A1B5491 
 348 0af6 1A59230D 		.ascii	"\032Y#\015k<Q\354Q\"-`y\214\254q&\311\356\024g@&}\326"
 348      6B3C51EC 
 348      51222D60 
 348      798CAC71 
 348      26C9EE14 
 349 0b0f 24BB2364 		.ascii	"$\273#d\211A\2316\250\2624\024\225A\231_\017\022\351"
 349      89419936 
 349      A8B23414 
 349      9541995F 
 349      0F12E9
 350 0b22 63FCE15F 		.ascii	"c\374\341_\033\274Q\321\026\223A\342\320\203\217\232"
 350      1BBC51D1 
 350      169341E2 
 350      D0838F9A 
 351 0b32 DC21DE26 		.ascii	"\334!\336&\216`\223\310!q\230C\202\003\023\314@\002"
ARM GAS  C:\Users\PUBLIC~1.LAP\AppData\Local\Temp\ccRlGPh0.s 			page 27


 351      8E6093C8 
 351      21719843 
 351      820313CC 
 351      4002
 352 0b44 0A1AE428 		.ascii	"\012\032\344(s\216H\243\0219\304\240\005b\333#r8\003"
 352      738E48A3 
 352      1139C4A0 
 352      0562DB23 
 352      723803
 353 0b57 D40EDB63 		.ascii	"\324\016\333c1\330&\221>2>\312\007j\2077\251\266A\032"
 353      31D82691 
 353      3E323ECA 
 353      076A8737 
 353      A9B6411A 
 354 0b6b 767814B6 		.ascii	"vx\024\266\312c1\250D\006\211\303\232${L\201\374\011"
 354      CA6331A8 
 354      440689C3 
 354      9A247B4C 
 354      81FC09
 355 0b7e 53A83B47 		.ascii	"S\250;GV\330\256l+l\225\2776\310\356 \215-P\311#\354"
 355      56D8AE6C 
 355      2B6C95BF 
 355      36C8EE20 
 355      8D2D50C9 
 356 0b94 81E1D706 		.ascii	"\201\341\327\006[\240\022\0066\211\333!\033\303\011"
 356      5BA01206 
 356      3689DB21 
 356      1BC309
 357 0ba3 248FD2A8 		.ascii	"$\217\322\250b'\251\262;\310a[\004bW\237\030N \333\024"
 357      6227A9B2 
 357      3BC8615B 
 357      0462579F 
 357      184E20DB 
 358 0bb8 6A1B6487 		.ascii	"j\033d\207G6\311\302\300&\001h\203\253O\262my\224\306"
 358      4736C9C2 
 358      C0260168 
 358      83AB4FB2 
 358      6D7994C6 
 359 0bcc 1F8F5209 		.ascii	"\037\217R\011d\223H\242\217\320\310*\203\304\341\214"
 359      649348A2 
 359      8FD0C82A 
 359      83C4E18C 
 360 0bdc 8F9155B6 		.ascii	"\217\221U\266)T\037\240\326\330\246PS\260\352\217\267"
 360      29541FA0 
 360      D6D8A650 
 360      53B0EA8F 
 360      B7
 361 0bed 41982071 		.ascii	"A\230 q\010\3449\026\333\2420\0050\202\031\330\030 "
 361      08E43916 
 361      DBA23005 
 361      308219D8 
 361      1820
 362 0bff F688D91F 		.ascii	"\366\210\331\037\366G\006\036\245qm\203(\224Bc{dg`e"
 362      F647061E 
 362      A5716D83 
 362      28944263 
 362      7B646760 
ARM GAS  C:\Users\PUBLIC~1.LAP\AppData\Local\Temp\ccRlGPh0.s 			page 28


 363 0c14 788EC59D 		.ascii	"x\216\305\235#\353\303\256@l\373c\014\022\207k\253,"
 363      23EBC3AE 
 363      406CFB63 
 363      0C12876B 
 363      AB2C
 364 0c26 F600B546 		.ascii	"\366\000\265F`\217\220M\256M\034\241\334\021\262IbK"
 364      608F904D 
 364      AE4D1CA1 
 364      DC11B249 
 364      624B
 365 0c38 1CE6B03B 		.ascii	"\034\346\260;?=\303cq\002\326(<bV)<\221\342\327\006"
 365      3F3DC363 
 365      7102D628 
 365      3C625629 
 365      3C91E2D7 
 366 0c4d 8F3CC51E 		.ascii	"\217<\305\036!\212V\031\263sdS\3406\330\002\221\305"
 366      218A5619 
 366      B3736453 
 366      E036D802 
 366      91C5
 367 0c5f A40F6E83 		.ascii	"\244\017n\203-\260'\320\341\000\001\025J\000a\035\216"
 367      2DB027D0 
 367      E1000115 
 367      4A00611D 
 367      8E
 368 0c70 18168DC2 		.ascii	"\030\026\215\302\243\212\035\3420g\230T\346\264\311"
 368      A38A1DE2 
 368      30679854 
 368      E6B4C9
 369 0c7f 1C2532C7 		.ascii	"\034%2\307\204\011\305\023E\"\007-H@B\307\307\310\266"
 369      8409C513 
 369      4522072D 
 369      484042C7 
 369      C7C8B6
 370 0c92 2DA820FE 		.ascii	"-\250 \376\024{\202\302\007\036h\241\202\016H\370\014"
 370      147B82C2 
 370      071E68A1 
 370      820E48F8 
 370      0C
 371 0ca3 8F3F30FC 		.ascii	"\217?0\374x\222\302\233\024\022\207\330)\017C\331I\251"
 371      7892C29B 
 371      141287D8 
 371      290F43D9 
 371      49A9
 372 0cb5 C07023FB 		.ascii	"\300p#\373\362Jz1\247\345\002\211\354qc\027\335\270"
 372      F24A7A31 
 372      A7E50289 
 372      EC716317 
 372      DDB8
 373 0cc7 09B7A0A9 		.ascii	"\011\267\240\251\213R\305\365\230\002\377\240\002\375"
 373      8B52C5F5 
 373      9802FFA0 
 373      02FD
 374 0cd5 46C54B3A 		.ascii	"F\305K:\215\231jrL\275\230>V\261\323\203\2740\000L\335"
 374      8D996A72 
 374      4CBD983E 
 374      56B1D383 
ARM GAS  C:\Users\PUBLIC~1.LAP\AppData\Local\Temp\ccRlGPh0.s 			page 29


 374      BC30004C 
 375 0cea 11B4258F 		.ascii	"\021\264%\217I\3504f\3217\277)\036GGX\211\313P\213-"
 375      49E83466 
 375      D137BF29 
 375      1E474758 
 375      89CB508B 
 376 0cff 588F5734 		.ascii	"X\217W4FZ\301\305\311\310\010\212\022\032$\242\306E"
 376      465AC1C5 
 376      C9C8088A 
 376      121A24A2 
 376      C645
 377 0d11 4498D928 		.ascii	"D\230\331(\004\345<\2243\227\0205\007:8-\232 ,\324\215"
 377      04E53C94 
 377      33971035 
 377      073A382D 
 377      9A202CD4 
 378 0d26 8530D3A9 		.ascii	"\2050\323\251\350\340Pg\205\253\353\0323\341f\372\342"
 378      E8E05067 
 378      85ABEB1A 
 378      33E166FA 
 378      E2
 379 0d37 AA183DEE 		.ascii	"\252\030=\356\031\251^\337/zx\371s:\331\034\320\343"
 379      19A95EDF 
 379      2F7A78F9 
 379      733AD91C 
 379      D0E3
 380 0d49 E115052F 		.ascii	"\341\025\005/;9Et\343\334x\211\331\306\320\362\372l"
 380      3B394574 
 380      E3DC7889 
 380      D9C6D0F2 
 380      FA6C
 381 0d5b 982CD4A0 		.ascii	"\230,\324\240\217/\237\314^Y\023,X\366d\200\005\202"
 381      8F2F9FCC 
 381      5E59132C 
 381      58F66480 
 381      0582
 382 0d6d BCA842F1 		.ascii	"\274\250B\3614\212\342\240234\"\"#M\322\001\302\012"
 382      348AE2A0 
 382      32333422 
 382      22234DD2 
 382      01C20A
 383 0d80 10886259 		.ascii	"\020\210bY\034\327V\017\022\3003EL\222\016!\206FDD\224"
 383      1CD7560F 
 383      12C03345 
 383      4C920E21 
 383      86464444 
 384 0d95 14A4A0A4 		.ascii	"\024\244\240\244\244\222a\014\011\305)\270\210\252["
 384      A492610C 
 384      09C529B8 
 384      88AA5B
 385 0da4 6481CA35 		.ascii	"d\201\3125\215\335\215\030\225\024|\332f\277uN$\247"
 385      8DDD8D18 
 385      95147CDA 
 385      66BF754E 
 385      24A7
 386 0db6 8B7F4D67 		.ascii	"\213\177Mg\354\314\316zZU\306\301Zs\323V\376\001\224"
 386      ECCCCE7A 
ARM GAS  C:\Users\PUBLIC~1.LAP\AppData\Local\Temp\ccRlGPh0.s 			page 30


 386      5A55C6C1 
 386      5A73D356 
 386      FE0194
 387 0dc9 1E55C643 		.ascii	"\036U\306C\376#\222\227\354\321\317\364\025\370fh\224"
 387      FE239297 
 387      ECD1CFF4 
 387      15F86668 
 387      94
 388 0dda B8DCC12C 		.ascii	"\270\334\301,\036\245Lr|A\332\311t7\236\354\007p\273"
 388      1EA54C72 
 388      7C41DAC9 
 388      74379EEC 
 388      0770BB
 389 0ded B82B0BE8 		.ascii	"\270+\013\350\011#n\333\220c\0260\221\305\227O\315\023"
 389      09236EDB 
 389      90631630 
 389      91C5974F 
 389      CD13
 390 0dff 71813355 		.ascii	"q\2013U\240\203\352\016\261\332\326\262\316\014\362"
 390      A083EA0E 
 390      B1DAD6B2 
 390      CE0CF2
 391 0e0e 774E9917 		.ascii	"wN\231\0270\354\037\276YxmT\231-\306\217g\257\256\310"
 391      30EC1FBE 
 391      59786D54 
 391      992DC68F 
 391      67AFAEC8 
 392 0e22 37023190 		.ascii	"7\0021\220\265\237\273\270e<L\211\377\025\347\316\202"
 392      B59FBBB8 
 392      653C4C89 
 392      FF15E7CE 
 392      82
 393 0e33 2B481910 		.ascii	"+H\031\020\265Z \365\235=X\251\332\012\235HD\335|\317"
 393      B55A20F5 
 393      9D3D58A9 
 393      DA0A9D48 
 393      44DD7CCF 
 394 0e47 2A94F7E8 		.ascii	"*\224\367\350\201R\271P\260\340H\306\025<\000\350\340"
 394      8152B950 
 394      B0E048C6 
 394      153C00E8 
 394      E0
 395 0e58 87911B5A 		.ascii	"\207\221\033Z\217\221\330\350w\347E\255\360\327;\275"
 395      8F91D8E8 
 395      77E745AD 
 395      F0D73BBD 
 396 0e68 B2301A1C 		.ascii	"\2620\032\034c\244\035\331\300\343\317}\223\034bk7\370"
 396      63A41DD9 
 396      C0E3CF7D 
 396      931C626B 
 396      37F8
 397 0e7a 07A4B12B 		.ascii	"\007\244\261+\242\\a\263\012\036g\201\023qDFk\262+\375"
 397      A25C61B3 
 397      0A1E6781 
 397      13714446 
 397      6BB22BFD 
 398 0e8e 6BF34A75 		.ascii	"k\363Ju\354$\004\2533\015\275\222\013\211\307\247\336"
ARM GAS  C:\Users\PUBLIC~1.LAP\AppData\Local\Temp\ccRlGPh0.s 			page 31


 398      EC2404AB 
 398      330DBD92 
 398      0B89C7A7 
 398      DE
 399 0e9f A34C359E 		.ascii	"\243L5\236\2546S\032\363\245(\307\274\032\273\324\245"
 399      AC36531A 
 399      F3A528C7 
 399      BC1ABBD4 
 399      A5
 400 0eb0 8A4C5748 		.ascii	"\212LWH\343\314\354\263\001\225\363\000i'\305\\\211"
 400      E3CCECB3 
 400      0195F300 
 400      6927C55C 
 400      89
 401 0ec1 9621D3C9 		.ascii	"\226!\323\3118D\242\306^J\026\214T\250\227\267\031\301"
 401      3844A2C6 
 401      5E4A168C 
 401      54A897B7 
 401      19C1
 402 0ed3 BCEC1B39 		.ascii	"\274\354\03393f\240\311\3217\221\365j(\244\346{\225"
 402      3366A0C9 
 402      D13791F5 
 402      6A28A4E6 
 402      7B95
 403 0ee5 3F81A12B 		.ascii	"?\201\241+w\2240\364\364^9\347E\"e\216\241\265p\362"
 403      779430F4 
 403      F45E39E7 
 403      4522658E 
 403      A1B570F2 
 404 0ef9 008E6919 		.ascii	"\000\216i\031\360\322\376\326\260#E!e\352{?Y\364*\301"
 404      F0D2FED6 
 404      B0234521 
 404      65EA7B3F 
 404      59F42AC1 
 405 0f0d 18530B15 		.ascii	"\030S\013\025~\350:\326\225\201\202\355X\376\3336\005"
 405      7EE83AD6 
 405      958182ED 
 405      58FEDB36 
 405      05
 406 0f1e C4A4EF85 		.ascii	"\304\244\357\205us\026\305\013=Z\362\035\204\342\003"
 406      757316C5 
 406      0B3D5AF2 
 406      1D84E203 
 407 0f2e A818BE7D 		.ascii	"\250\030\276}t\325~\257\244\343}\245V4\210\224Fm\342"
 407      74D57EAF 
 407      A4E37DA5 
 407      56348894 
 407      466DE2
 408 0f41 09C91210 		.ascii	"\011\311\022\020\251tQ\222Vb]\002\306\267j\265\317k"
 408      A9745192 
 408      56625D02 
 408      C6B76AB5 
 408      CF6B
 409 0f53 2920E972 		.ascii	") \351r=\214\370\371,\226\226\203\320\303NU\021SyK\033"
 409      3D8CF8F9 
 409      2C969683 
 409      D0C34E55 
ARM GAS  C:\Users\PUBLIC~1.LAP\AppData\Local\Temp\ccRlGPh0.s 			page 32


 409      1153794B 
 410 0f68 1E8986EC 		.ascii	"\036\211\206\354t\027=G\032\254`\363Om\261D\034\365"
 410      74173D47 
 410      1AAC60F3 
 410      4F6DB144 
 410      1CF5
 411 0f7a 416D4C69 		.ascii	"AmLi\023/%\014\300\014\351\023o\271\231\330\000\353"
 411      132F250C 
 411      C00CE913 
 411      6FB999D8 
 411      00EB
 412 0f8c AA80CC0C 		.ascii	"\252\200\314\014f$\001\354)\322\325\203G\204G\300\270"
 412      662401EC 
 412      29D2D583 
 412      478447C0 
 412      B8
 413 0f9d 2350B3   		.ascii	"#P\263"
 414 0fa0 E8E16646 		.ascii	"\350\341fFVi:e|\000%]\262P\231\243f6\300eo\220\016\365"
 414      56693A65 
 414      7C00255D 
 414      B25099A3 
 414      6636C065 
 415 0fb8 DFD22A6F 		.ascii	"\337\322*o\203\226\320:\030\204\322\262\015~\373E\330"
 415      8396D03A 
 415      1884D2B2 
 415      0D7EFB45 
 415      D8
 416 0fc9 EF71A512 		.ascii	"\357q\245\022d\340g\336\207y\352B\272\236\334\311O\304"
 416      64E067DE 
 416      8779EA42 
 416      BA9EDCC9 
 416      4FC4
 417 0fdb D3E06719 		.ascii	"\323\340g\031\220\205dS\263\021\022-\014\321\016\227"
 417      90856453 
 417      B311122D 
 417      0CD10E97 
 418 0feb E428002B 		.ascii	"\344(\000+P\214\204\000\232\031d\277\012\326\300;\376"
 418      508C8400 
 418      9A1964BF 
 418      0AD6C03B 
 418      FE
 419 0ffc C6F834AD 		.ascii	"\306\3704\255;&h\000\217\275\355\223\000F\3467\335\375"
 419      3B266800 
 419      8FBDED93 
 419      0046E637 
 419      DDFD
 420 100e 307844BC 		.ascii	"0xD\274\264e\031\207w#\204\023\364qD3\360\200\255#\217"
 420      B4651987 
 420      77238413 
 420      F4714433 
 420      F080AD23 
 421 1023 AE6A8184 		.ascii	"\256j\201\204\207\017%\362\247\221c\240\026m\305\371"
 421      870F25F2 
 421      A79163A0 
 421      166DC5F9 
 422 1033 931F0800 		.ascii	"\223\037\010\000 v\377\007\015\210h\356?\254\031\346"
 422      2076FF07 
ARM GAS  C:\Users\PUBLIC~1.LAP\AppData\Local\Temp\ccRlGPh0.s 			page 33


 422      0D8868EE 
 422      3FAC19E6 
 423 1043 FCA75388 		.ascii	"\374\247S\210\246U\202S'\026\273\002\3154\371\227h\200"
 423      A6558253 
 423      2716BB02 
 423      CD34F997 
 423      6880
 424 1055 071FCEDD 		.ascii	"\007\037\316\335\313wv\012\213\234S\225\274v\253\312"
 424      CB77760A 
 424      8B9C5395 
 424      BC76ABCA 
 425 1065 A972E067 		.ascii	"\251r\340g\361]N\010B\317\312\225\300VV\221\335k\031"
 425      F15D4E08 
 425      42CFCA95 
 425      C0565691 
 425      DD6B19
 426 1078 43B9BCB7 		.ascii	"C\271\274\267V\244\213\255\023\016\0210\015\313\253"
 426      56A48BAD 
 426      130E1130 
 426      0DCBAB
 427 1087 2C3436AD 		.ascii	",46\255\207\247*\000]\254\001\3203Q\000^]\015\211#K"
 427      87A72A00 
 427      5DAC01D0 
 427      3351005E 
 427      5D0D8923 
 428 109c 7251CC7A 		.ascii	"rQ\314z\003\331\234\224_\023a\313\227\005\274\336\342"
 428      03D99C94 
 428      5F1361CB 
 428      9705BCDE 
 428      E2
 429 10ad 91F93C1B 		.ascii	"\221\371<\033\261\206\224\214n\253\027\305\355;q\344"
 429      B186948C 
 429      6EAB17C5 
 429      ED3B71E4 
 430 10bd 1872C94B 		.ascii	"\030r\311K3\002>\007k\310A\264\245J]\237(\036\302\237"
 430      33023E07 
 430      6BC841B4 
 430      A54A5D9F 
 430      281EC29F 
 431 10d1 42BE0BD7 		.ascii	"B\276\013\327\207\347w]\204I\244y\231\021D\351i\242"
 431      87E7775D 
 431      8449A479 
 431      991144E9 
 431      69A2
 432 10e3 44CE34A5 		.ascii	"D\3164\245\010\206\343^\036\263*\332\363L\326L\302\364"
 432      0886E35E 
 432      1EB32ADA 
 432      F34CD64C 
 432      C2F4
 433 10f5 19028F46 		.ascii	"\031\002\217F@\340\336\177I\275\234\234\357\354\377"
 433      40E0DE7F 
 433      49BD9C9C 
 433      EFECFF
 434 1104 C8A29C67 		.ascii	"\310\242\234gD`\234\303/k\010\345VE\200\365\304\327"
 434      44609CC3 
 434      2F6B08E5 
 434      564580F5 
ARM GAS  C:\Users\PUBLIC~1.LAP\AppData\Local\Temp\ccRlGPh0.s 			page 34


 434      C4D7
 435 1116 00B0DFAB 		.ascii	"\000\260\337\253\030\031Pe\355\244\2055!\0340X\261\030"
 435      18195065 
 435      EDA48535 
 435      211C3058 
 435      B118
 436 1128 15B14126 		.ascii	"\025\261A&\323\207\376\374\376f%\256c\252\331\270\305"
 436      D387FEFC 
 436      FE6625AE 
 436      63AAD9B8 
 436      C5
 437 1139 0A78514A 		.ascii	"\012xQJwy\301N\034!9\326\031NC\026\2344@\214b\372K\004"
 437      7779C14E 
 437      1C2139D6 
 437      194E4316 
 437      9C34408C 
 438 1151 C1F09A82 		.ascii	"\301\360\232\202\344lR8\360\007)\371\364J\"\000\031"
 438      E46C5238 
 438      F00729F9 
 438      F44A2200 
 438      19
 439 1162 66C134E4 		.ascii	"f\3014\344B\377\320x\317}p\235\014\304\200\177\233\340"
 439      42FFD078 
 439      CF7D709D 
 439      0CC4807F 
 439      9BE0
 440 1174 F249889B 		.ascii	"\362I\210\233\200H#\022\243\033\302\027\001\211\371"
 440      80482312 
 440      A31BC217 
 440      0189F9
 441 1183 F90BEBF0 		.ascii	"\371\013\353\360ML\220\353\000~Cdw\271\347+d\337%.\213"
 441      4D4C90EB 
 441      007E4364 
 441      77B9E72B 
 441      64DF252E 
 442 1198 ED412D06 		.ascii	"\355A-\006\256\331\026\313\344\035\034\015\356>R\301"
 442      AED916CB 
 442      E41D1C0D 
 442      EE3E52C1 
 443 11a8 1F91BCCC 		.ascii	"\037\221\274\314YBE\331u\336\321\014\\t\004\012N\232"
 443      594245D9 
 443      75DED10C 
 443      5C74040A 
 443      4E9A
 444 11ba FDBFDC4E 		.ascii	"\375\277\334N\316S\366\215Yziop\320W\200\210A\0138\236"
 444      CE53F68D 
 444      597A696F 
 444      70D05780 
 444      88410B38 
 445 11cf 70317CD3 		.ascii	"p1|\323Ulm\352\007q\274$\277WF\014\210\265JZ$a\000."
 445      556C6DEA 
 445      0771BC24 
 445      BF57460C 
 445      88B54A5A 
 446 11e7 2610FD21 		.ascii	"&\020\375!\272e\024\003Z\234P,A\025\357\241,\010W\211"
 446      BA651403 
 446      5A9C502C 
ARM GAS  C:\Users\PUBLIC~1.LAP\AppData\Local\Temp\ccRlGPh0.s 			page 35


 446      4115EFA1 
 446      2C085789 
 447 11fb AFC1A2AA 		.ascii	"\257\301\242\252J\262\307\264\341\377Yb\015([E\327E"
 447      4AB2C7B4 
 447      E1FF5962 
 447      0D285B45 
 447      D745
 448 120d E6018DF1 		.ascii	"\346\001\215\361Oq\030\015\271\033J\002\372\336\204"
 448      4F71180D 
 448      B91B4A02 
 448      FADE84
 449 121c 01DA66A1 		.ascii	"\001\332f\241mM\011\011\371\016-\264\225an\274=\016"
 449      6D4D0909 
 449      F90E2DB4 
 449      95616EBC 
 449      3D0E
 450 122e 416520E4 		.ascii	"Ae \344s\034NV\306{\315\264\336\216k\033j\225J\014\304"
 450      731C4E56 
 450      C67BCDB4 
 450      DE8E6B1B 
 450      6A954A0C 
 451 1243 F8F0C390 		.ascii	"\370\360\303\220\005\007\327A\261\304\207\3657\224\226"
 451      0507D741 
 451      B1C487F5 
 451      379496
 452 1252 D9E2374C 		.ascii	"\331\3427L\352\220\326Rb\305\340\302\021\237\033\304"
 452      EA90D652 
 452      62C5E0C2 
 452      119F1BC4 
 453 1262 16C69628 		.ascii	"\026\306\226(^\257\031\300\245\253\363\244\010\347\006"
 453      5EAF19C0 
 453      A5ABF3A4 
 453      08E706
 454 1271 DE5FC895 		.ascii	"\336_\310\225q\226\177b\310K\365\246\243\225j\332\303"
 454      71967F62 
 454      C84BF5A6 
 454      A3956ADA 
 454      C3
 455 1282 DEEEF35C 		.ascii	"\336\356\363\\\023\257\353\373\316\302\371i\241A\021"
 455      13AFEBFB 
 455      CEC2F969 
 455      A14111
 456 1291 C965C91E 		.ascii	"\311e\311\036\"\3454\000\213\243\037\241@\024\270=i"
 456      22E53400 
 456      8BA31FA1 
 456      4014B83D 
 456      69
 457 12a2 A839FF1A 		.ascii	"\2509\377\032\307\275\325\310\015$Lx2~\262\022\025\000"
 457      C7BDD5C8 
 457      0D244C78 
 457      327EB212 
 457      1500
 458 12b4 D8E03C4E 		.ascii	"\330\340<N,~\317\244\033\217\367\300\314i\221\332\322"
 458      2C7ECFA4 
 458      1B8FF7C0 
 458      CC6991DA 
 458      D2
ARM GAS  C:\Users\PUBLIC~1.LAP\AppData\Local\Temp\ccRlGPh0.s 			page 36


 459 12c5 0242409A 		.ascii	"\002B@\232W\371\207NF\030\031\021\240\262\366\212>\264"
 459      57F9874E 
 459      46181911 
 459      A0B2F68A 
 459      3EB4
 460 12d7 6AE103FD 		.ascii	"j\341\003\375\034\373\223\2746\024\362\215\370k+\037"
 460      1CFB93BC 
 460      3614F28D 
 460      F86B2B1F 
 461 12e7 6E710AB4 		.ascii	"nq\012\264\351?>\220\016\037j<\036E\375\262\222\265"
 461      E93F3E90 
 461      0E1F6A3C 
 461      1E45FDB2 
 461      92B5
 462 12f9 02       		.ascii	"\002"
 463              		.text
 464              		.section	.gnu.lto_.symtab.83ad0024,"e",%progbits
 465 0000 63685468 		.ascii	"chThdCreateFromHeap\000"
 465      64437265 
 465      61746546 
 465      726F6D48 
 465      65617000 
 466 0014 00       		.ascii	"\000"
 467 0015 00       		.ascii	"\000"
 468 0016 00       		.ascii	"\000"
 469 0017 00000000 		.ascii	"\000\000\000\000\000\000\000\000"
 469      00000000 
 470 001f D8010000 		.ascii	"\330\001\000\000"
 471 0023 63685468 		.ascii	"chThdCreateFromMemoryPool\000"
 471      64437265 
 471      61746546 
 471      726F6D4D 
 471      656D6F72 
 472 003d 00       		.ascii	"\000"
 473 003e 00       		.ascii	"\000"
 474 003f 00       		.ascii	"\000"
 475 0040 00000000 		.ascii	"\000\000\000\000\000\000\000\000"
 475      00000000 
 476 0048 E3010000 		.ascii	"\343\001\000\000"
 477 004c 63685363 		.ascii	"chSchWakeupS\000"
 477      6857616B 
 477      65757053 
 477      00
 478 0059 00       		.ascii	"\000"
 479 005a 02       		.ascii	"\002"
 480 005b 00       		.ascii	"\000"
 481 005c 00000000 		.ascii	"\000\000\000\000\000\000\000\000"
 481      00000000 
 482 0064 E8010000 		.ascii	"\350\001\000\000"
 483 0068 63685468 		.ascii	"chThdCreateSuspendedI\000"
 483      64437265 
 483      61746553 
 483      75737065 
 483      6E646564 
 484 007e 00       		.ascii	"\000"
 485 007f 02       		.ascii	"\002"
 486 0080 00       		.ascii	"\000"
ARM GAS  C:\Users\PUBLIC~1.LAP\AppData\Local\Temp\ccRlGPh0.s 			page 37


 487 0081 00000000 		.ascii	"\000\000\000\000\000\000\000\000"
 487      00000000 
 488 0089 EF010000 		.ascii	"\357\001\000\000"
 489 008d 63684865 		.ascii	"chHeapAllocAligned\000"
 489      6170416C 
 489      6C6F6341 
 489      6C69676E 
 489      656400
 490 00a0 00       		.ascii	"\000"
 491 00a1 02       		.ascii	"\002"
 492 00a2 00       		.ascii	"\000"
 493 00a3 00000000 		.ascii	"\000\000\000\000\000\000\000\000"
 493      00000000 
 494 00ab F5010000 		.ascii	"\365\001\000\000"
 495 00af 6368506F 		.ascii	"chPoolAlloc\000"
 495      6F6C416C 
 495      6C6F6300 
 496 00bb 00       		.ascii	"\000"
 497 00bc 02       		.ascii	"\002"
 498 00bd 00       		.ascii	"\000"
 499 00be 00000000 		.ascii	"\000\000\000\000\000\000\000\000"
 499      00000000 
 500 00c6 F9010000 		.ascii	"\371\001\000\000"
 501              		.text
 502              		.section	.gnu.lto_.ext_symtab.83ad0024,"e",%progbits
 503 0000 01       		.ascii	"\001"
 504 0001 01       		.ascii	"\001"
 505 0002 00       		.ascii	"\000"
 506 0003 01       		.ascii	"\001"
 507 0004 00       		.ascii	"\000"
 508 0005 01       		.ascii	"\001"
 509 0006 00       		.ascii	"\000"
 510 0007 01       		.ascii	"\001"
 511 0008 00       		.ascii	"\000"
 512 0009 01       		.ascii	"\001"
 513 000a 00       		.ascii	"\000"
 514 000b 01       		.ascii	"\001"
 515 000c 00       		.ascii	"\000"
 516              		.text
 517              		.section	.gnu.lto_.opts,"e",%progbits
 518 0000 272D666E 		.ascii	"'-fno-openmp' '-fno-openacc' '-fno-pie' '-fcf-prote"
 518      6F2D6F70 
 518      656E6D70 
 518      2720272D 
 518      666E6F2D 
 519 0033 6374696F 		.ascii	"ction=none' '-mcpu=cortex-m3' '-mthumb' '-mfloat-ab"
 519      6E3D6E6F 
 519      6E652720 
 519      272D6D63 
 519      70753D63 
 520 0066 693D736F 		.ascii	"i=soft' '-mlibarch=armv7-m' '-march=armv7-m' '-Os' "
 520      66742720 
 520      272D6D6C 
 520      69626172 
 520      63683D61 
 521 0099 272D666F 		.ascii	"'-fomit-frame-pointer' '-falign-functions=16' '-ffu"
 521      6D69742D 
ARM GAS  C:\Users\PUBLIC~1.LAP\AppData\Local\Temp\ccRlGPh0.s 			page 38


 521      6672616D 
 521      652D706F 
 521      696E7465 
 522 00cc 6E637469 		.ascii	"nction-sections' '-fdata-sections' '-fno-common' '-"
 522      6F6E2D73 
 522      65637469 
 522      6F6E7327 
 522      20272D66 
 523 00ff 666C746F 		.ascii	"flto' '-Xassembler' '-alms=./build/lst/chdynamic.ls"
 523      2720272D 
 523      58617373 
 523      656D626C 
 523      65722720 
 524 0132 742700   		.ascii	"t'\000"
 525              		.text
 526              		.comm	__gnu_lto_slim,1,1
 527              		.ident	"GCC: (GNU) 12.2.0"
ARM GAS  C:\Users\PUBLIC~1.LAP\AppData\Local\Temp\ccRlGPh0.s 			page 39


DEFINED SYMBOLS
                            *ABS*:00000000 chdynamic.c
                            *COM*:00000001 __gnu_lto_slim

NO UNDEFINED SYMBOLS
