ARM GAS  C:\Users\PUBLIC~1.LAP\AppData\Local\Temp\cczJo7sP.s 			page 1


   1              		.cpu cortex-m3
   2              		.arch armv7-m
   3              		.fpu softvfp
   4              		.eabi_attribute 20, 1
   5              		.eabi_attribute 21, 1
   6              		.eabi_attribute 23, 3
   7              		.eabi_attribute 24, 1
   8              		.eabi_attribute 25, 1
   9              		.eabi_attribute 26, 1
  10              		.eabi_attribute 30, 4
  11              		.eabi_attribute 34, 1
  12              		.eabi_attribute 18, 4
  13              		.file	"chinstances.c"
  14              		.section	.gnu.lto_.profile.83ad2160,"e",%progbits
  15 0000 28B52FFD 		.ascii	"(\265/\375 \0061\000\000\002\000\000\000\000\000"
  15      20063100 
  15      00020000 
  15      000000
  16              		.text
  17              		.section	.gnu.lto_.icf.83ad2160,"e",%progbits
  18 0000 28B52FFD 		.ascii	"(\265/\375 \220\025\003\000\202\005\023\037\240)\255"
  18      20901503 
  18      00820513 
  18      1FA029AD 
  19 0010 013FFC5F 		.ascii	"\001?\374_nc\023\3207\000\000\340T\305\265\227%\317"
  19      6E6313D0 
  19      370000E0 
  19      54C5B597 
  19      25CF
  20 0022 66AC7DDB 		.ascii	"f\254}\333\0276\273\323\226\001u\357m\274\214\327n\363"
  20      1736BBD3 
  20      960175EF 
  20      6DBC8CD7 
  20      6EF3
  21 0034 B9783A15 		.ascii	"\271x:\025\235i\"b\363`\206\205\2046(\3104f`\012\230"
  21      9D692262 
  21      F3608685 
  21      843628C8 
  21      3466600A 
  22 0049 8E5607BA 		.ascii	"\216V\007\272< \024TV\221X&\265\"\001\010\000`\203\231"
  22      3C201454 
  22      56915826 
  22      B5220108 
  22      00608399 
  23 005d D95CA905 		.ascii	"\331\\\251\005wA3@\314\273\3536\200\005"
  23      77413340 
  23      CCBBEB36 
  23      8005
  24              		.text
  25              		.section	.gnu.lto_.ipa_sra.83ad2160,"e",%progbits
  26 0000 28B52FFD 		.ascii	"(\265/\375 &\355\000\000\250\032\000\002\000\001\000"
  26      2026ED00 
  26      00A81A00 
  26      02000100 
  27 0010 00000501 		.ascii	"\000\000\005\001\001\002\000\001\000\001\000\000\000"
  27      01020001 
  27      00010000 
ARM GAS  C:\Users\PUBLIC~1.LAP\AppData\Local\Temp\cczJo7sP.s 			page 2


  27      00
  28 001d 01000200 		.ascii	"\001\000\002\000 \373\015`\001"
  28      20FB0D60 
  28      01
  29              		.text
  30              		.section	.gnu.lto_.inline.83ad2160,"e",%progbits
  31 0000 28B52FFD 		.ascii	"(\265/\375 ~\245\002\000\022\205\017\031\2405\351\377"
  31      207EA502 
  31      0012850F 
  31      19A035E9 
  31      FF
  32 0011 3FBAAAF7 		.ascii	"?\272\252\367\303!\271\032=\003#\252\270\015\006Km\217"
  32      C321B91A 
  32      3D0323AA 
  32      B80D064B 
  32      6D8F
  33 0023 5829535F 		.ascii	"X)S_i_\351J\347'\204=\360`\240-z\204\200\266\005\377"
  33      695FE94A 
  33      E727843D 
  33      F060A02D 
  33      7A8480B6 
  34 0039 807B2F61 		.ascii	"\200{/a\323\326@\373\347<\277\245-3\237+\001\007\000"
  34      D3D640FB 
  34      E73CBFA5 
  34      2D339F2B 
  34      010700
  35 004c 76D29A2A 		.ascii	"v\322\232*\3409\225\013\313p\227\261-\301o\000\013"
  35      E039950B 
  35      CB7097B1 
  35      2DC16F00 
  35      0B
  36              		.text
  37              		.section	.gnu.lto_.jmpfuncs.83ad2160,"e",%progbits
  38 0000 28B52FFD 		.ascii	"(\265/\375 \337m\004\000r\010\034'\200EI\007q&d\002"
  38      20DF6D04 
  38      0072081C 
  38      27804549 
  38      07712664 
  39 0015 02C02C88 		.ascii	"\002\300,\210\216\220\321i\0120\031-\210\020\274\341"
  39      8E90D169 
  39      0A30192D 
  39      8810BCE1 
  40 0025 8608DC81 		.ascii	"\206\010\334\201\001\021\263\007ZS\273\021\"\223\014"
  40      0111B307 
  40      5A53BB11 
  40      22930C
  41 0034 74401A8F 		.ascii	"t@\032\217\205\245\264\364s\015(tM\371\311}Q\014\033"
  41      85A5B4F4 
  41      730D2874 
  41      4DF9C97D 
  41      510C1B
  42 0047 C988316D 		.ascii	"\311\2101m\350\036\272\336\264\326\000f\025g\325\207"
  42      E81EBADE 
  42      B4D60066 
  42      1567D587 
  43 0057 9F724A44 		.ascii	"\237rJD\242O/\021\372\317\315\030\224K\024\367\264`"
  43      A24F2F11 
ARM GAS  C:\Users\PUBLIC~1.LAP\AppData\Local\Temp\cczJo7sP.s 			page 3


  43      FACFCD18 
  43      944B14F7 
  43      B460
  44 0069 221B5EA6 		.ascii	"\"\033^\246\24036\320h5j\276;%\237\345\221\254\004\012"
  44      A03336D0 
  44      68356ABE 
  44      3B259FE5 
  44      91AC040A 
  45 007d 005D2446 		.ascii	"\000]$F\341\330\317\026\002.x\026\376&\022\010\227("
  45      E1D8CF16 
  45      022E7816 
  45      FE261208 
  45      9728
  46 008f 2A2D6630 		.ascii	"*-f0\003\200\003"
  46      038003
  47              		.text
  48              		.section	.gnu.lto_.pureconst.83ad2160,"e",%progbits
  49 0000 28B52FFD 		.ascii	"(\265/\375 \013Y\000\000\007\000\000\000\002\000\260"
  49      200B5900 
  49      00070000 
  49      000200B0 
  50 0010 04019A04 		.ascii	"\004\001\232\004"
  51              		.text
  52              		.section	.gnu.lto_.ipa_modref.83ad2160,"e",%progbits
  53 0000 28B52FFD 		.ascii	"(\265/\375 \341u\004\000\022\010\030!\200EI\007k\023"
  53      20E17504 
  53      00120818 
  53      21804549 
  53      076B13
  54 0013 999A1120 		.ascii	"\231\232\021 \003\354FdDFF{\204\376\003\377\300\177"
  54      03EC4664 
  54      4446467B 
  54      84FE03FF 
  54      C07F
  55 0025 2401C840 		.ascii	"$\001\310@\306\362[\312\024+\355C\273\232j~\023\"\011"
  55      C6F25BCA 
  55      142BED43 
  55      BB9A6A7E 
  55      132209
  56 0038 77E440B8 		.ascii	"w\344@\270\231\3638\001r\007\333\231\0067\243\013\367"
  56      99F33801 
  56      7207DB99 
  56      0637A30B 
  56      F7
  57 0049 221178EA 		.ascii	"\"\021x\352\012\271\202\355\001\003\266\205\004l\231"
  57      0AB982ED 
  57      0103B685 
  57      046C99
  58 0058 DE3BC11A 		.ascii	"\336;\301\032\301W\334\007.\017\265o\333\300]\340\306"
  58      C157DC07 
  58      2E0FB56F 
  58      DBC05DE0 
  58      C6
  59 0069 B9394014 		.ascii	"\2719@\024\000F\213\031\231\270\020:\206c\300\036h\001"
  59      00468B19 
  59      99B8103A 
  59      8663C01E 
ARM GAS  C:\Users\PUBLIC~1.LAP\AppData\Local\Temp\cczJo7sP.s 			page 4


  59      6801
  60 007b EBB41216 		.ascii	"\353\264\022\0263:S\241\340\030\260\007L\200Vz\012\002"
  60      333A53A1 
  60      E018B007 
  60      4C80567A 
  60      0A02
  61 008d 57E6D245 		.ascii	"W\346\322Ee5\200\337\006\332"
  61      653580DF 
  61      06DA
  62              		.text
  63              		.section	.gnu.lto_.lto.83ad2160,"e",%progbits
  64 0000 0C000000 		.ascii	"\014\000\000\000\001\000\001\000"
  64      01000100 
  65              		.text
  66              		.section	.gnu.lto___idle_thread.263.83ad2160,"e",%progbits
  67 0000 28B52FFD 		.ascii	"(\265/\375`\034\000u\007\000\362\01546@s\322\001\030"
  67      601C0075 
  67      0700F20D 
  67      34364073 
  67      D20118
  68 0013 AC37EDC4 		.ascii	"\2547\355\304\344@`P7\255\260\002\275\024\030\353\376"
  68      E4406050 
  68      37ADB002 
  68      BD1418EB 
  68      FE
  69 0024 3C5F3B00 		.ascii	"<_;\000M\335>\303\352v\222\347S\"F\214\212\212\372&"
  69      4DDD3EC3 
  69      EA7692E7 
  69      5322468C 
  69      8A8AFA26 
  70 0038 C9B710DE 		.ascii	"\311\267\020\336\377\307\232\335D\356\224\002&\027C"
  70      FFC79ADD 
  70      44EE9402 
  70      261743
  71 0047 D8485869 		.ascii	"\330HXi\304m%-\303,\354\264Y\334\311\3320\254\211\010"
  71      C46D252D 
  71      C32CECB4 
  71      59DCC9DA 
  71      30AC8908 
  72 005b AD42CB1E 		.ascii	"\255B\313\036\256\205\204\220\351\202\304]\032Y\206"
  72      AE858490 
  72      E982C45D 
  72      1A5986
  73 006a 66413102 		.ascii	"fA1\002\201.\007\010\205\266\365\324\351\325Uz\337\206"
  73      812E0708 
  73      85B6F5D4 
  73      E9D5557A 
  73      DF86
  74 007c ABFFCF2C 		.ascii	"\253\377\317,\251\241c\207MK\323k\323`\30423\377G\016"
  74      A9A16387 
  74      4D4BD36B 
  74      D360C432 
  74      33FF470E 
  75 0090 CE6322CC 		.ascii	"\316c\"\314\211@[\303\326(N\351\254R\232\002\374+./"
  75      89405BC3 
  75      D6284EE9 
  75      AC529A02 
ARM GAS  C:\Users\PUBLIC~1.LAP\AppData\Local\Temp\cczJo7sP.s 			page 5


  75      FC2B2E2F 
  76 00a4 FF775086 		.ascii	"\377wP\206\217c\201\011:\216\225\007:\216\355\332\032"
  76      8F638109 
  76      3A8E9507 
  76      3A8EEDDA 
  76      1A
  77 00b5 7F122761 		.ascii	"\177\022'a\341\270\371o\245I\023v\256\022vu(\345*\304"
  77      E1B8F96F 
  77      A5491376 
  77      AE127675 
  77      28E52AC4 
  78 00c9 19804A19 		.ascii	"\031\200J\031zD\377\013=P nt[Q\333\206\266\"\001\013"
  78      7A44FF0B 
  78      3D50206E 
  78      745B51DB 
  78      86B62201 
  79 00de 003267C8 		.ascii	"\0002g\310*\036\034\263\305\320\305\256f5:\270\026\267"
  79      2A1E1CB3 
  79      C5D0C5AE 
  79      66353AB8 
  79      16B7
  80 00f0 D366CBC0 		.ascii	"\323f\313\300\215+\024'"
  80      8D2B1427 
  81              		.text
  82              		.section	.gnu.lto_chInstanceObjectInit.264.83ad2160,"e",%progbits
  83 0000 28B52FFD 		.ascii	"(\265/\375`[\010\275+\000\372I\214\020D`^N:\177Gm\324"
  83      605B08BD 
  83      2B00FA49 
  83      8C104460 
  83      5E4E3A7F 
  84 0017 E1F03811 		.ascii	"\341\3608\021\255g\345\006\275\207w!\263\037)\207\001"
  84      AD67E506 
  84      BD877721 
  84      B31F2987 
  84      01
  85 0028 1914342A 		.ascii	"\031\0244*\275\264\272'kWm\371~\035\330\275c\316\006"
  85      BDB4BA27 
  85      6B576DF9 
  85      7E1DD8BD 
  85      63CE06
  86 003b 9F10C824 		.ascii	"\237\020\310$\272x\035=\017O\007j\021\016\013f\316?"
  86      BA781D3D 
  86      0F4F076A 
  86      110E0B66 
  86      CE3F
  87 004d 239648DB 		.ascii	"#\226H\333;\311\346\000\363\000\373\000D\266S\"\333"
  87      3BC9E600 
  87      F300FB00 
  87      44B65322 
  87      DB
  88 005e BE21DBE8 		.ascii	"\276!\333\350\220\355S\310v\357Z~\353\340''\354\356"
  88      90ED53C8 
  88      76EF5A7E 
  88      EBE02727 
  88      ECEE
  89 0070 0033E71F 		.ascii	"\0003\347\037y\203\262\333\251F\345k\357f\266\320\323"
  89      7983B2DB 
ARM GAS  C:\Users\PUBLIC~1.LAP\AppData\Local\Temp\cczJo7sP.s 			page 6


  89      A946E56B 
  89      EF66B6D0 
  89      D3
  90 0081 5C0DFE5A 		.ascii	"\\\015\376Z\214\224\012k\204\2237}r\306z\340\225\376"
  90      8C940A6B 
  90      8493377D 
  90      72C67AE0 
  90      95FE
  91 0093 3C99810B 		.ascii	"<\231\201\013@\317\\M\006\223\244\2141O\243\3612m\240"
  91      40CF5C4D 
  91      0693A48C 
  91      314FA3F1 
  91      326DA0
  92 00a6 4C552032 		.ascii	"LU 2G\203\302c\203\352\246\021\346g\306\217\365\312"
  92      4783C263 
  92      83EAA611 
  92      E667C68F 
  92      F5CA
  93 00b8 C458F62F 		.ascii	"\304X\366/6\356\245\255\233.W[9\347.7\353\226\372X\377"
  93      36EEA5AD 
  93      9B2E575B 
  93      39E72E37 
  93      EB96FA58 
  94 00cd 8F9654B7 		.ascii	"\217\226T\267\215n!.'\233\372XOh~\345\234\205~vOu\013"
  94      8D6E212E 
  94      279BFA58 
  94      4F687EE5 
  94      9C857E76 
  95 00e4 FD4485BA 		.ascii	"\375D\205\272\333\206\3358\226\321\2219Z\372dH\177\366"
  95      DB86DD38 
  95      96D19139 
  95      5AFA6448 
  95      7FF6
  96 00f6 6DF7BF0E 		.ascii	"m\367\277\016\206\257\005G\377r\016cc&g\262\010}!\375"
  96      86AF0547 
  96      FF720E63 
  96      632667B2 
  96      087D21FD 
  97 010a 99E003D0 		.ascii	"\231\340\003\320\237\275\013@\1776\356\316s\262\022"
  97      9FBD0B40 
  97      7F36EECE 
  97      73B212
  98 0119 398E1BB3 		.ascii	"9\216\033\263\272\2343\360>9\276\305\375\213\375\247"
  98      BA9C33F0 
  98      3E39BEC5 
  98      FD8BFDA7 
  99 0129 044275EB 		.ascii	"\004Bu\353\333\220sn\253\004\022\344}\337\335I\335\027"
  99      DB90736E 
  99      AB0412E4 
  99      7DDFDD49 
  99      DD17
 100 013b 76FBCE02 		.ascii	"v\373\316\002H\034\005\302\261\224\263'\311\301Y\351"
 100      481C05C2 
 100      B194B327 
 100      C9C159E9 
 101 014b 096B7ABD 		.ascii	"\011kz\275\316\254\015\351\376Kc*\377\303d\337\350\220"
 101      CEAC0DE9 
ARM GAS  C:\Users\PUBLIC~1.LAP\AppData\Local\Temp\cczJo7sP.s 			page 7


 101      FE4B632A 
 101      FFC364DF 
 101      E890
 102 015d F80AD397 		.ascii	"\370\012\323\227'\231\265\335\354~\230n\326\270\312"
 102      2799B5DD 
 102      EC7E986E 
 102      D6B8CA
 103 016c E7F01502 		.ascii	"\347\360\025\002K9$\306\322\357\302Y\320\237H\367f_"
 103      4B3924C6 
 103      D2EFC259 
 103      D09F48F7 
 103      665F
 104 017e 20254C95 		.ascii	" %L\225\"b\262\032\240`\347\203\267\244\371j\212}\317"
 104      2262B21A 
 104      A060E783 
 104      B7A4F96A 
 104      8A7DCF
 105 0191 5D4BB3DB 		.ascii	"]K\263\333\352\335\2235\346\362<\352]\342Av\350w\251"
 105      EADD9335 
 105      E6F23CEA 
 105      5DE24176 
 105      E877A9
 106 01a4 68D25A9A 		.ascii	"h\322Z\232\216;\261\337Q\177e7\207\333\351\200\340\355"
 106      8E3BB1DF 
 106      517F6537 
 106      87DBE980 
 106      E0ED
 107 01b6 C3EB8048 		.ascii	"\303\353\200H\013\364.\202.\312\254\0036\204\010{e\037"
 107      0BF42E82 
 107      2ECAAC03 
 107      3684087B 
 107      651F
 108 01c8 CC16B71C 		.ascii	"\314\026\267\0347\367\320\355&q97\256\034\034\330\326"
 108      37F7D0ED 
 108      26713937 
 108      AE1C1CD8 
 108      D6
 109 01d9 D9DE6DE2 		.ascii	"\331\336m\342n'\322>\034$\212\273\354\302\201\376<\251"
 109      6E27D23E 
 109      1C248ABB 
 109      ECC281FE 
 109      3CA9
 110 01eb EED869D9 		.ascii	"\356\330i\331\273\346op\024\270\320\235\342nT\024-s"
 110      BBE66F70 
 110      14B8D09D 
 110      E26E5414 
 110      2D73
 111 01fd CE41366F 		.ascii	"\316A6o\263\242\337\365\263[,\331+\227\320n\203\376"
 111      B3A2DFF5 
 111      B35B2CD9 
 111      2B97D06E 
 111      83FE
 112 020f FC51D901 		.ascii	"\374Q\331\001\333JZ\274n\262*{\233t\277\227/W\267\221"
 112      DB4A5ABC 
 112      6EB22A7B 
 112      9B74BF97 
 112      2F57B791 
ARM GAS  C:\Users\PUBLIC~1.LAP\AppData\Local\Temp\cczJo7sP.s 			page 8


 113 0223 6DA422DB 		.ascii	"m\244\"\333G\017\373\207\210l\003 \262\375\013jt\352"
 113      470FFB87 
 113      886C0320 
 113      B2FD0B6A 
 113      74EA
 114 0235 9A291ECB 		.ascii	"\232)\036\313\245\307.I\355|pV\3110MR\304:\010\2749"
 114      A5C72E49 
 114      ED7C7056 
 114      C9304D52 
 114      C43A08BC 
 115 024a A13F2F9D 		.ascii	"\241?/\235r\256\3278\273\265\312\2459\347\010\266=\002"
 115      72AED738 
 115      BBB5CAA5 
 115      39E708B6 
 115      3D02
 116 025c 63F593DE 		.ascii	"c\365\223\336@\177\372\356\257\254\015l\014\245\263"
 116      407FFAEE 
 116      AFAC0D6C 
 116      0CA5B3
 117 026b 469C8AFA 		.ascii	"F\234\212\372\203\325\272\226N9\347\301>\217Y\"\353"
 117      83D5BA96 
 117      4E39E7C1 
 117      3E8F5922 
 117      EB
 118 027c 5D9AF38E 		.ascii	"]\232\363\216+\333\012\261CV\273\336*H\271\336\241k"
 118      2BDB0AB1 
 118      4356BBDE 
 118      2A48B9DE 
 118      A16B
 119 028e 1EA6B257 		.ascii	"\036\246\262W\2427\201\325\315\335\026\313\351h\211"
 119      A23781D5 
 119      CDDD16CB 
 119      E96889
 120 029d ABEC0FAC 		.ascii	"\253\354\017\254\303\302y/v\3735d\020\024l\205^\255"
 120      C3C2792F 
 120      76FB3564 
 120      10146C85 
 120      5EAD
 121 02af F195ED81 		.ascii	"\361\225\355\201y\334\245\345\201\304>\362\361\017\265"
 121      79DCA5E5 
 121      81C43EF2 
 121      F10FB5
 122 02be 2BE0F272 		.ascii	"+\340\362r\305\026\326,\003b\257\260\220\373\226\363"
 122      C516D62C 
 122      0362AFB0 
 122      90FB96F3 
 123 02ce 92A09A56 		.ascii	"\222\240\232VZU\240\260f\231\305k\243\274\274\274\274"
 123      5A55A0B0 
 123      6699C56B 
 123      A3BCBCBC 
 123      BC
 124 02df 374089D8 		.ascii	"7@\211\330\035\270\010\334W\323\210\315q\001\355\261"
 124      1DB808DC 
 124      57D388CD 
 124      7101EDB1 
 125 02ef 3BBA4F6B 		.ascii	";\272Ok|\304&\205\367\315R!\261\022a\332\223\000\355"
 125      7CC42685 
ARM GAS  C:\Users\PUBLIC~1.LAP\AppData\Local\Temp\cczJo7sP.s 			page 9


 125      F7CD5221 
 125      B11261DA 
 125      9300ED
 126 0302 417B9E10 		.ascii	"A{\236\020\2551\222\343a%\005\356\220xI\200c.\364\347"
 126      AD3192E3 
 126      612505EE 
 126      90784980 
 126      632EF4E7 
 127 0316 D13DDA7B 		.ascii	"\321=\332{s\256\334\270@\021\223\025\367\2375vrA\030"
 127      73AEDCB8 
 127      40119315 
 127      F79F3576 
 127      724118
 128 0329 CAD03250 		.ascii	"\312\3202P=|jR\317&*9I\275\03065QIJ\010\243X\241\211"
 128      3D7C6A52 
 128      CF262A39 
 128      49BD1836 
 128      3551494A 
 129 0342 4AC6A351 		.ascii	"J\306\243Q}*B\035\243\324\242\3208lZ\032>5\251FMT:\326"
 129      7D2A421D 
 129      A3D4A2D0 
 129      386C5A1A 
 129      3E35A946 
 130 035a A0D044A5 		.ascii	"\240\320D\245\251\342\321\250:\015\213D!p\330$\365$"
 130      A9E2D1A8 
 130      3A0D8B44 
 130      2170D824 
 130      F524
 131 036c 9CA15E88 		.ascii	"\234\241^\210\022\252P\275(\025\352\266P\3118\024\316"
 131      12AA50BD 
 131      2815EAB6 
 131      50C93814 
 131      CE
 132 037d 603A1A67 		.ascii	"`:\032g\250D!PX4\002\217E\240\021\012x\202\204\372B"
 132      A8442150 
 132      5834028F 
 132      45A0110A 
 132      788284FA 
 133 0392 25766011 		.ascii	"%v`\021\2440!J\306\360\310b\212(\245>-1I\220\300\002"
 133      A430214A 
 133      C6F0C862 
 133      8A28A53E 
 133      2D314990 
 134 03a8 83070B64 		.ascii	"\203\007\013d\311\213=-#\304-y\223\035\243\2273\023"
 134      C98B3D2D 
 134      23C42D79 
 134      931DA397 
 134      3313
 135 03ba 0D7D5CD8 		.ascii	"\015}\\\330\263\235\271z9Z\301\254gE<\356\200\357^\307"
 135      B39DB97A 
 135      395AC1AC 
 135      67453CEE 
 135      80EF5EC7 
 136 03ce 9CD9783A 		.ascii	"\234\331x:\350\013\302\247\256\271\242\255i\247\025"
 136      E80BC2A7 
 136      AEB9A2AD 
 136      69A715
ARM GAS  C:\Users\PUBLIC~1.LAP\AppData\Local\Temp\cczJo7sP.s 			page 10


 137 03dd BAAF9C93 		.ascii	"\272\257\234\223\353\2313W4\035|\0035g\342-\035L\233"
 137      EB993357 
 137      341D7C03 
 137      3567E22D 
 137      1D4C9B
 138 03f0 00986BEC 		.ascii	"\000\230k\354\024\000\367\234k\202\375\332\2349\354"
 138      1400F79C 
 138      6B82FDDA 
 138      9C39EC
 139 03ff 60D12BEE 		.ascii	"`\321+\356\215\225\362\273\347\\\234\335\230\215\262"
 139      8D95F2BB 
 139      E75C9CDD 
 139      988DB2
 140 040e C229C67D 		.ascii	"\302)\306}\255q\322\035\266\215\301:\347Ll\325\3013"
 140      AD71D21D 
 140      B68DC13A 
 140      E74C6CD5 
 140      C133
 141 0420 DF9BF38A 		.ascii	"\337\233\363\212Sf%\217\204v\257u\254\223\365\216/\200"
 141      5366258F 
 141      8476AF75 
 141      AC93F58E 
 141      2F80
 142 0432 A1A86120 		.ascii	"\241\250a %\231CFjfD\264I\012\215\001\220\002\021\271"
 142      25994346 
 142      6A6644B4 
 142      490A8D01 
 142      900211B9 
 143 0446 326E1220 		.ascii	"2n\022 g1&!\022\031I2\323\372g9\273\267mf\363\337\213"
 143      67312621 
 143      12194932 
 143      D3FA6739 
 143      BBB76D66 
 144 045d DD07ED93 		.ascii	"\335\007\355\223\247M\001\202_\"\032\232\177\351\002"
 144      A74D0182 
 144      5F221A9A 
 144      7FE902
 145 046c 5AD22966 		.ascii	"Z\322)f9'\303\334\224EqDQW\215\252\340\323\032w\242"
 145      3927C3DC 
 145      94457144 
 145      51578DAA 
 145      E0D31A77 
 146 0481 8477745C 		.ascii	"\204wt\\L\223\366\216\311\245\223b{\002m\306j\014\310"
 146      4C93F68E 
 146      C9A59362 
 146      7B026DC6 
 146      6A0CC8
 147 0494 196B2E92 		.ascii	"\031k.\222\213\202\334\316YC\230\215\246\262\235\237"
 147      8B82DCCE 
 147      5943988D 
 147      A6B29D9F 
 148 04a4 C6BEAEF5 		.ascii	"\306\276\256\365fb\374\246 r=\255\333'Cb\3624\243\212"
 148      6662FCA6 
 148      20723DAD 
 148      DB274362 
 148      F234A38A 
 149 04b8 3BBFF9E1 		.ascii	";\277\371\341\310\230\332\312\237\224\371\013\253s\002"
ARM GAS  C:\Users\PUBLIC~1.LAP\AppData\Local\Temp\cczJo7sP.s 			page 11


 149      C898DACA 
 149      9F94F90B 
 149      AB7302
 150 04c7 BED26E19 		.ascii	"\276\322n\031j\316\032AY\366\230\023\327\263\220~\360"
 150      6ACE1A41 
 150      59F69813 
 150      D7B3907E 
 150      F0
 151 04d8 DA3E6B0B 		.ascii	"\332>k\013\013p\010\014\316\230\313V\203\032\007\362"
 151      0B70080C 
 151      CE98CB56 
 151      831A07F2 
 152 04e8 521A7DD3 		.ascii	"R\032}\323\307\307\322]l\220\237\300\210\217\200\021"
 152      C7C7D25D 
 152      6C909FC0 
 152      888F8011 
 153 04f8 30293130 		.ascii	"0)10%B\0163\241\210M\367\347\343\226\312\255\027N\016"
 153      25420E33 
 153      A1884DF7 
 153      E7E396CA 
 153      AD174E0E 
 154 050c 85B16539 		.ascii	"\205\261e9\027\335\253(\036\201$\320\214}9\273t\206"
 154      17DDAB28 
 154      1E8124D0 
 154      8C7D39BB 
 154      7486
 155 051e 14D88DF5 		.ascii	"\024\330\215\365\022ppl[\211\263H8\216\274\205@\236"
 155      1270706C 
 155      5B89B348 
 155      388EBC85 
 155      409E
 156 0530 2522CAF9 		.ascii	"%\"\312\371qP {pG!\311\006\366\237\310\314\313\353\225"
 156      7150207B 
 156      704721C9 
 156      06F69FC8 
 156      CCCBEB95 
 157 0544 61921F37 		.ascii	"a\222\0377\300\355\022\032\270L-\314\352y-tR\\j\216"
 157      C0ED121A 
 157      B84C2DCC 
 157      EA792D74 
 157      525C6A8E 
 158 0558 65070309 		.ascii	"e\007\003\011&\020\036Cg\362\330\302cT\366\0333\024"
 158      26101E43 
 158      67F2D8C2 
 158      6354F61B 
 158      3314
 159 056a B6AC2EAE 		.ascii	"\266\254.\256I?\300\216\212\001-\253C\203S\000W\005"
 159      493FC08E 
 159      8A012DAB 
 159      43835300 
 159      5705
 160 057c 9F5AA0CC 		.ascii	"\237Z\240\314\037"
 160      1F
 161              		.text
 162              		.section	.gnu.lto_.symbol_nodes.83ad2160,"e",%progbits
 163 0000 28B52FFD 		.ascii	"(\265/\375 \276\305\003\000\204\005\272\000\000\000"
 163      20BEC503 
ARM GAS  C:\Users\PUBLIC~1.LAP\AppData\Local\Temp\cczJo7sP.s 			page 12


 163      008405BA 
 163      000000
 164 000f 00028702 		.ascii	"\000\002\207\002\177\037\304\357\210\005\001\220\316"
 164      7F1FC4EF 
 164      88050190 
 164      CE
 165 001c 00007F00 		.ascii	"\000\000\177\000\000\270\320\202\201\200\006\210\002"
 165      00B8D082 
 165      81800688 
 165      02
 166 0029 7F318080 		.ascii	"\1771\200\200\200\200\004\272\220\202\002\000\000\000"
 166      808004BA 
 166      90820200 
 166      0000
 167 0037 05890232 		.ascii	"\005\211\0022`\214\002 \001\215\002\1773\377\037\000"
 167      608C0220 
 167      018D027F 
 167      33FF1F00 
 168 0047 00809080 		.ascii	"\000\200\220\200\001\213\002\1774\212\002\1775\003\001"
 168      018B027F 
 168      348A027F 
 168      350301
 169 0056 06840103 		.ascii	"\006\204\001\003\001\005\013\003\001\004\344\022\000"
 169      01050B03 
 169      0104E412 
 169      00
 170 0063 0C006010 		.ascii	"\014\000`\020W\326~\030\006\250\311O\320O-\205J0\\B"
 170      57D67E18 
 170      06A8C94F 
 170      D04F2D85 
 170      4A305C42 
 171 0077 606EC552 		.ascii	"`n\305R\237$\351`\346\001"
 171      9F24E960 
 171      E601
 172              		.text
 173              		.section	.gnu.lto_.refs.83ad2160,"e",%progbits
 174 0000 28B52FFD 		.ascii	"(\265/\375 \023\231\000\000\017\000\000\000\003\001"
 174      20139900 
 174      000F0000 
 174      000301
 175 000f 01020100 		.ascii	"\001\002\001\000\002\003\024\000\002\000!\000\000"
 175      02031400 
 175      02002100 
 175      00
 176              		.text
 177              		.section	.gnu.lto_.decls.83ad2160,"e",%progbits
 178 0000 28B52FFD 		.ascii	"(\265/\375`\0100\015\306\000z3\251CY0\014%\235\016\335"
 178      6008300D 
 178      C6007A33 
 178      A9435930 
 178      0C259D0E 
 179 0015 D4543461 		.ascii	"\324T4aF\020E\024\004@AA\025U\014\310\345ViyHg\033\223"
 179      46104514 
 179      04404141 
 179      15550CC8 
 179      E5566979 
 180 002d A888AA02 		.ascii	"\250\210\252\002h#\203\032\225:\010L\376mqn\037\006"
ARM GAS  C:\Users\PUBLIC~1.LAP\AppData\Local\Temp\cczJo7sP.s 			page 13


 180      6823831A 
 180      953A084C 
 180      FE6D716E 
 180      1F06
 181 003f CBC07CF1 		.ascii	"\313\300|\361k\300|\322\340\254\312{\301\354T\015\037"
 181      6BC07CD2 
 181      E0ACCA7B 
 181      C1EC540D 
 181      1F
 182 0050 1D96E6FC 		.ascii	"\035\226\346\374\343\226o\360N\325\320\306p9TX1#I\366"
 182      E3966FF0 
 182      4ED5D0C6 
 182      70395458 
 182      312349F6 
 183 0064 9632A514 		.ascii	"\2262\245\024\273\0035\004-\004T\362\033\036\336\303"
 183      BB033504 
 183      2D0454F2 
 183      1B1EDEC3 
 184 0074 F0E667FD 		.ascii	"\360\346g\375\213\026\024-\302\312\356\355\213\265\304"
 184      8B16142D 
 184      C2CAEEED 
 184      8BB5C4
 185 0083 62594BEB 		.ascii	"bYK\353\221\362\027\353]\010\200\256\356\007\012\367"
 185      91F217EB 
 185      5D0880AE 
 185      EE070AF7 
 186 0093 75C27D97 		.ascii	"u\302}\227p_\023\270\002\025\013\037;\200\326\376NY"
 186      705F13B8 
 186      02150B1F 
 186      3B80D6FE 
 186      4E59
 187 00a5 33AE2FA7 		.ascii	"3\256/\247\277}}~\305K\335\250\240\031Wx\270\355\023"
 187      BF7D7D7E 
 187      C54BDDA8 
 187      A0195778 
 187      B8ED13
 188 00b8 A87F1222 		.ascii	"\250\177\022\"\224\004\355/\323.\012\030\211\242\277"
 188      9404ED2F 
 188      D32E0A18 
 188      89A2BF
 189 00c7 DFF4DF54 		.ascii	"\337\364\337T\200\274\234y\336\351U\3647=\223{\006\356"
 189      80BC9C79 
 189      DEE955F4 
 189      373D937B 
 189      06EE
 190 00d9 19BC00C9 		.ascii	"\031\274\000\311x\352\212\320\333\226\011n\033\207c"
 190      78EA8AD0 
 190      DB96096E 
 190      1B8763
 191 00e8 AC1BEE7E 		.ascii	"\254\033\356~\245O\362=\365Pk\376\375\243?\341M\015"
 191      A54FF23D 
 191      F5506BFE 
 191      FDA33FE1 
 191      4D0D
 192 00fa 1E095522 		.ascii	"\036\011U\"1s\336y\225\265\027%\010n\327\000M\201k\200"
 192      3173DE79 
 192      95B51725 
ARM GAS  C:\Users\PUBLIC~1.LAP\AppData\Local\Temp\cczJo7sP.s 			page 14


 192      086ED700 
 192      4D816B80 
 193 010e B6ED810D 		.ascii	"\266\355\201\015\340\026P\242+\0257\325\024\206\333"
 193      E01650A2 
 193      2B1537D5 
 193      1486DB
 194 011d E228F10B 		.ascii	"\342(\361\013\342\202CK\001\267\205\201\177\304\003"
 194      E282434B 
 194      01B78581 
 194      7FC403
 195 012c 7913830F 		.ascii	"y\023\203\017j\0176\264=ze;\026\274+2\236\374mk\205"
 195      6A0F36B4 
 195      3D7A653B 
 195      16BC2B32 
 195      9EFC6D6B 
 196 0141 DB31407D 		.ascii	"\3331@}\3171@\333\256\300\025\374\002\232\327r$\240"
 196      CF3140DB 
 196      AEC015FC 
 196      029AD772 
 196      24A0
 197 0153 B895A539 		.ascii	"\270\225\2459gBc)\347d\366\250|!\032\323a\2273S/\254"
 197      67426329 
 197      E764F6A8 
 197      7C211AD3 
 197      61973353 
 198 0169 AE893FA1 		.ascii	"\256\211?\241Z\306\271\331\230\332\361\221\037\342y"
 198      5AC6B9D9 
 198      98DAF191 
 198      1FE279
 199 0178 5EC4FBF8 		.ascii	"^\304\373\370\336\367x\363s\177\366+\376\244\202)\275"
 199      DEF778F3 
 199      737FF62B 
 199      FEA48229 
 199      BD
 200 0189 135D3217 		.ascii	"\023]2\027\310\2600I\0132W\301\355W\202\373\331p\277"
 200      C8B03049 
 200      0B3257C1 
 200      ED5782FB 
 200      D970BF
 201 019c 102B556C 		.ascii	"\020+Ul\244\010A\366\327\251\240w8X|5\361\246\004\243"
 201      A40841F6 
 201      D7A9A077 
 201      38587C35 
 201      F1A604A3 
 202 01b0 A2A450F9 		.ascii	"\242\244P\371+\345\224\322\024\205+\212\337\215%\371"
 202      2BE594D2 
 202      14852B8A 
 202      DF8D25F9 
 203 01c0 205FE07E 		.ascii	" _\340~+\354un\347M\237;\311/7D\230\336\024)\374\301"
 203      2BEC756E 
 203      E74D9F3B 
 203      C92F3744 
 203      98DE1429 
 204 01d6 7DA8CF87 		.ascii	"}\250\317\207\366\247`\262\344\245\356\253\207\310\337"
 204      F6A760B2 
 204      E4A5EEAB 
 204      87C8DF
ARM GAS  C:\Users\PUBLIC~1.LAP\AppData\Local\Temp\cczJo7sP.s 			page 15


 205 01e5 254E772A 		.ascii	"%Nw*}$i\376\355W\342\376\037\334\317\203\333\255\340"
 205      7D2469FE 
 205      ED57E2FE 
 205      1FDCCF83 
 205      DBADE0
 206 01f8 762A1883 		.ascii	"v*\030\203[@\333bZv\250xk\372\373\346h~\004\370\313"
 206      5B40DB62 
 206      5A76A878 
 206      6BFAFBE6 
 206      687E04F8 
 207 020d B98B8A37 		.ascii	"\271\213\2127\375\315\331\262L\314\331C\310\222\031"
 207      FDCDD9B2 
 207      4CCCD943 
 207      C89219
 208 021c F7BA6117 		.ascii	"\367\272a\027DIJ\376\266\371\212\356\226Tu\330\210\263"
 208      44494AFE 
 208      B6F98AEE 
 208      965475D8 
 208      88B3
 209 022e D939BCA8 		.ascii	"\3319\274\250\246\022\334n\004\003\211A\367\342\212"
 209      A612DC6E 
 209      04038941 
 209      F7E28A
 210 023d 5CFC25E2 		.ascii	"\\\374%\342C\274\351j\356\243\235\207\367\350\313\314"
 210      43BCE96A 
 210      EEA39D87 
 210      F7E8CBCC 
 211 024d 1999736E 		.ascii	"\031\231sn\337J\253\220}\276J,sf\366\007\335\032\324"
 211      DF4AAB90 
 211      7DBE4A2C 
 211      7366F607 
 211      DD1AD4
 212 0260 1CCD8500 		.ascii	"\034\315\205\000\221\314\314\344\362%\004\224\025##"
 212      91CCCCE4 
 212      F2250494 
 212      152323
 213 026f F3FBBAD1 		.ascii	"\363\373\272\321u\003\275\355Q\270\333\205\004q&t[\307"
 213      7503BDED 
 213      51B8DB85 
 213      04712674 
 213      5BC7
 214 0281 BF4058E8 		.ascii	"\277@X\350~\310\212\222\360\017\367\021\363S-\356\216"
 214      7EC88A92 
 214      F00FF711 
 214      F3532DEE 
 214      8E
 215 0292 FC6D57E2 		.ascii	"\374mW\342v \334\316s\001\305n\001-\373\231u\225!\375"
 215      7620DCCE 
 215      7301C56E 
 215      012DFB99 
 215      759521FD 
 216 02a6 ED0EB871 		.ascii	"\355\016\270q\260\010n\001\365\261\353\345\004\363W"
 216      B0086E01 
 216      F5B1EBE5 
 216      04F357
 217 02b5 744DC7BF 		.ascii	"tM\307\277\355c9\346\345\356\012\012\222\277M\203\273"
 217      ED6339E6 
ARM GAS  C:\Users\PUBLIC~1.LAP\AppData\Local\Temp\cczJo7sP.s 			page 16


 217      E5EE0A0A 
 217      92BF4D83 
 217      BB
 218 02c6 04EC38DC 		.ascii	"\004\3548\334\313\233\030\034\254]\313\267\372\207d"
 218      CB9B181C 
 218      AC5DCBB7 
 218      FA8764
 219 02d5 66BC9C99 		.ascii	"f\274\234\231/_d\202\254\311\337\006\001n\377\352\232"
 219      2F5F6482 
 219      ACC9DF06 
 219      016EFFEA 
 219      9A
 220 02e6 23794303 		.ascii	"#yC\003\000\267c@_\034\003\332A\334L\261\307\267\315"
 220      00B76340 
 220      5F1C03DA 
 220      41DC4CB1 
 220      C7B7CD
 221 02f9 2FA0BDC3 		.ascii	"/\240\275\303-\240\035\270\005\324\263[@\015\340\027"
 221      2DA01DB8 
 221      05D4B35B 
 221      400DE017 
 222 0309 D0EB16D0 		.ascii	"\320\353\026\320\356\037A\367\037\231\350v$G\034\256"
 222      EE1F41F7 
 222      1F99E876 
 222      24471CAE 
 223 0319 DBDFBADD 		.ascii	"\333\337\272\335\253\333\343\272\235\251\244\3333\320"
 223      ABDBE3BA 
 223      9DA9A4DB 
 223      33D0
 224 0327 ED1574FB 		.ascii	"\355\025t\373\010\272\275\331\355\"\350\366\033n\324"
 224      08BABDD9 
 224      ED22E8F6 
 224      1B6ED4
 225 0336 FD33DD4F 		.ascii	"\3753\335O\302\033\025u\373\012O1\202\347\330\355\310"
 225      C21B1575 
 225      FB0A4F31 
 225      82E7D8ED 
 225      C8
 226 0347 6E0FB2E9 		.ascii	"n\017\262\351!\335\235\326\355F\242n\037\001\002\335"
 226      21DD9DD6 
 226      ED46A26E 
 226      1F0102DD 
 227 0357 1E816E27 		.ascii	"\036\201n'\212\352\366\243\356W\207\272\035\252\333"
 227      8AEAF6A3 
 227      EE5787BA 
 227      1DAADB
 228 0366 A57C46B7 		.ascii	"\245|F\267c)/\370\022\335/\324\375>\335\237\273\037"
 228      63292FF8 
 228      12DD2FD4 
 228      FD3EDD9F 
 228      BB1F
 229 0378 05DDBFD3 		.ascii	"\005\335\277\323\375\304\356?\241\323\356+\325\337m"
 229      FDC4EE3F 
 229      A1D3EE2B 
 229      D5DF6D
 230 0387 E5BABFA6 		.ascii	"\345\272\277\246\373M\350~\022t\377\007\272\337\003"
 230      FB4DE87E 
ARM GAS  C:\Users\PUBLIC~1.LAP\AppData\Local\Temp\cczJo7sP.s 			page 17


 230      1274FF07 
 230      BADF03
 231 0396 DD4E826E 		.ascii	"\335N\202n_\352v\247n\377\351v\241n\317\335\036\242"
 231      5FEA76A7 
 231      6EFFE976 
 231      A16ECFDD 
 231      1EA2
 232 03a8 DB6BBAFD 		.ascii	"\333k\272\375\204\356V\353v\011t{N\267Wu\277\006\272"
 232      84EE56EB 
 232      7609747B 
 232      4EB75775 
 232      BF06BA
 233 03bb 1F03DD0E 		.ascii	"\037\003\335\016\326\375\027\350\366\273n_\353v\266"
 233      D6FD17E8 
 233      F6BB6E5F 
 233      EB76B6
 234 03ca EE06EB76 		.ascii	"\356\006\353v\273n\257\353\366\003t\367M\267\323u\373"
 234      BB6EAFEB 
 234      F60374F7 
 234      4DB7D375 
 234      FB
 235 03db 5CB7CB75 		.ascii	"\\\267\313u{\220n\367\321\3559\272\035H\267\377\350"
 235      7B906EF7 
 235      D1ED39BA 
 235      1D48B7FF 
 235      E8
 236 03ec 76B46E3F 		.ascii	"v\264n?\353\366\036\335n\326\355<\272\275\254\333ut"
 236      EBF61EDD 
 236      6ED6ED3C 
 236      BABDACDB 
 236      7574
 237 03fe FB8E6E27 		.ascii	"\373\216n'\353v\261n\037\353\366\260n\267\352\366\255"
 237      EB76B16E 
 237      1FEBF6B0 
 237      6EB7EAF6 
 237      AD
 238 040f 6ED7EAF6 		.ascii	"n\327\352\366\253\356\006\241\273}t\267\335\333\333"
 238      ABEE06A1 
 238      BB7D74B7 
 238      DDDBDB
 239 041e DBEBFE0F 		.ascii	"\333\353\376\017\335\230\253;\001`\001sB0`\231\342\222"
 239      DD98AB3B 
 239      01600173 
 239      42306099 
 239      E292
 240 0430 8B0AF24A 		.ascii	"\213\012\362J\326\253K\314\005\220\037<gKM\373\343\327"
 240      D6AB4BCC 
 240      05901F3C 
 240      674B4DFB 
 240      E3D7
 241 0442 805E5698 		.ascii	"\200^V\230\340\360\241\342\256\021\241\262\003\015\352"
 241      E0F0A1E2 
 241      AE11A1B2 
 241      030DEA
 242 0451 A7968463 		.ascii	"\247\226\204c\350\254\304\305q\007T\325\303\3628[hY"
 242      E8ACC4C5 
 242      710754D5 
ARM GAS  C:\Users\PUBLIC~1.LAP\AppData\Local\Temp\cczJo7sP.s 			page 18


 242      C3F2385B 
 242      6859
 243 0463 9910C152 		.ascii	"\231\020\301R\244n\252\313\354\351|?^M\252\224\331\035"
 243      A46EAACB 
 243      ECE97C3F 
 243      5E4DAA94 
 243      D91D
 244 0475 41281EAD 		.ascii	"A(\036\255\245\035\276\206i\024qbD\007\006\277R\344"
 244      A51DBE86 
 244      69147162 
 244      440706BF 
 244      52E4
 245 0487 C84366C7 		.ascii	"\310Cf\307\202oDI\216\306\336\013x6\002\251&f\303XL"
 245      826F4449 
 245      8EC6DE0B 
 245      783602A9 
 245      2666C358 
 246 049c 35F5C272 		.ascii	"5\365\302r\264 \351\312\246\376\2661]l\210\210\033\301"
 246      B420E9CA 
 246      A6FEB631 
 246      5D6C8888 
 246      1BC1
 247 04ae A5B75CB2 		.ascii	"\245\267\\\262\254\272\201\364eqX0\313\264MoZ\257gk"
 247      ACBA81F4 
 247      65715830 
 247      CBB44D6F 
 247      5AAF676B 
 248 04c2 5BC3DAA0 		.ascii	"[\303\332\240\361JAK/\333\365J:\252\310\310\340)0\226"
 248      F14A414B 
 248      2FDBF54A 
 248      3AAAC8C8 
 248      E0293096 
 249 04d6 47E0ED9F 		.ascii	"G\340\355\237\032v\013~:p\377\272p\377\256Rh5\237\326"
 249      1A760B7E 
 249      3A70FFBA 
 249      70FFAE52 
 249      68359FD6 
 250 04ea 908DA22D 		.ascii	"\220\215\242-\031QI\243\275\277\032dX\027v\311\303\205"
 250      195149A3 
 250      BDBF1A64 
 250      581776C9 
 250      C385
 251 04fc 062BE387 		.ascii	"\006+\343\207,\214\022UZv\2067\255\014\033#&\030\203"
 251      2C8C1255 
 251      5A768637 
 251      AD0C1B23 
 251      261883
 252 050f C88E29E8 		.ascii	"\310\216)\350\355\337\223\315:\225HM?E\366E;\263-\031"
 252      EDDF93CD 
 252      3A95484D 
 252      3F45F645 
 252      3BB32D19 
 253 0523 F4303925 		.ascii	"\36409%\246\277m\227\357\024\200\027\"\307\237\030\177"
 253      A6BF6D97 
 253      EF148017 
 253      22C79F18 
 253      7F
ARM GAS  C:\Users\PUBLIC~1.LAP\AppData\Local\Temp\cczJo7sP.s 			page 19


 254 0534 3568688B 		.ascii	"5hh\213\325\026X\366\364\210\252\374\355\337\017\356"
 254      D51658F6 
 254      F488AAFC 
 254      EDDF0FEE 
 255 0544 B62DAE7E 		.ascii	"\266-\256~igT\206\330+k\245tue*x\304\011\225\334_(;"
 255      69675486 
 255      D82B6BA5 
 255      7475652A 
 255      78C40995 
 256 055c 65A32C0B 		.ascii	"e\243,\013\273\302>Y*+\345M[\365Rm\221l\322\343\331"
 256      BBC23E59 
 256      2A2BE54D 
 256      5BF5526D 
 256      916CD2E3 
 257 0571 12586F4F 		.ascii	"\022XoO7di\253\274\306\257\265\230[\302-y\2732\035\266"
 257      376469AB 
 257      BCC6AFB5 
 257      985BC22D 
 257      79BB321D 
 258 0586 CA2AED89 		.ascii	"\312*\355\211\026V4\276\310\037)c\363\024l\225U\262"
 258      165634BE 
 258      C81F2963 
 258      F3146C95 
 258      55B2
 259 0598 2ACA9A2C 		.ascii	"*\312\232,m\325;y)-l\234\350z\301\241\007\226\242\202"
 259      6DD53B79 
 259      292D6C9C 
 259      E87AC1A1 
 259      0796A282 
 260 05ac EBF42ADA 		.ascii	"\353\364*\332\224\234U\261L\336\264M\026\205m\262K6"
 260      949C55B1 
 260      4CDEB44D 
 260      16856DB2 
 260      4B36
 261 05be 45072FDC 		.ascii	"E\007/\334V \305\310\374\350\336\200^\334\013s6\035"
 261      5620C5C8 
 261      FCE8DE80 
 261      5EDC0B73 
 261      361D
 262 05d0 F91AA281 		.ascii	"\371\032\242\201\033W\341\306+0v\362\013\250#\335\002"
 262      1B57E1C6 
 262      2B3076F2 
 262      0BA823DD 
 262      02
 263 05e1 7A84C25C 		.ascii	"z\204\302\\\024\256\277\215\223\2605\262D\216G\304\204"
 263      14AEBF8D 
 263      93B035B2 
 263      448E47C4 
 263      84
 264 05f2 2DF2A635 		.ascii	"-\362\2465\262C\326\310\312l)\303\342\203ND\020\364"
 264      B243D6C8 
 264      CA6C29C3 
 264      E2834E44 
 264      10F4
 265 0604 361EC28D 		.ascii	"6\036\302\215{p\373\256`!6:\236\025J\260\015z*VD\206"
 265      7B70FBAE 
 265      6021363A 
ARM GAS  C:\Users\PUBLIC~1.LAP\AppData\Local\Temp\cczJo7sP.s 			page 20


 265      9E154AB0 
 265      0D7A2A56 
 266 061a 4A03B224 		.ascii	"J\003\262$\274i\203\254O\177\325O\261A6iG@\025q\223"
 266      BC6983AC 
 266      4F7FD54F 
 266      B1413669 
 266      47401571 
 267 062f 8991B161 		.ascii	"\211\221\261aG@H\240?m/A PoW\212\340\366\001\301\355"
 267      474048A0 
 267      3F6D2F41 
 267      20506F57 
 267      8AE0F601 
 268 0645 B381F3CE 		.ascii	"\263\201\363\316\245\027LGh\257'\364U\326cyl\010oZ\344"
 268      A5174C47 
 268      68AF27F4 
 268      55D66379 
 268      6C086F5A 
 269 065a 57F93D7B 		.ascii	"W\371={\344ag\221\236\366zf@Y\377\365\344\344\007_\233"
 269      E4616791 
 269      9EF67A66 
 269      4059FFF5 
 269      E4E4075F 
 270 066f 4F1823C8 		.ascii	"O\030#\310\266\226\270}UzWl@\2250\372\233\207\206i\315"
 270      B696B87D 
 270      557A576C 
 270      409530FA 
 270      9B878669 
 271 0684 C150C256 		.ascii	"\301P\302V\276\312\2231\264\034\177\333\027\204\333"
 271      BECA9331 
 271      B41C7FDB 
 271      1784DB
 272 0693 B7873DFB 		.ascii	"\267\207=\373\0054J\012\023\\\313;\014%\001A'\272\266"
 272      05344A0A 
 272      135CCB3B 
 272      0C250141 
 272      27BAB6
 273 06a6 EEBCF950 		.ascii	"\356\274\371P\376\011\262\005\324\236\326\275\215\306"
 273      FE09B205 
 273      D49ED6BD 
 273      8DC6
 274 06b4 E146DBF0 		.ascii	"\341F\333\3603\371&\336l\265\257k\021\261\026b(\010"
 274      33F926DE 
 274      6CB5AF6B 
 274      11B11662 
 274      2808
 275 06c6 EE975643 		.ascii	"\356\227VC\0335\233\013\276\301\3101\027\206\343\274"
 275      1B359B0B 
 275      BEC1C831 
 275      1786E3BC 
 276 06d6 F9728F44 		.ascii	"\371r\217D\356\223\274\022$\010\200\221\237\374\370"
 276      EE93BC12 
 276      24088091 
 276      9FFCF8
 277 06e5 27B924D9 		.ascii	"'\271$\331\275\017g\225\336\244h\375mT\004n\364\210"
 277      BD0F6795 
 277      DEA468FD 
 277      6D54046E 
ARM GAS  C:\Users\PUBLIC~1.LAP\AppData\Local\Temp\cczJo7sP.s 			page 21


 277      F488
 278 06f7 FBA482FB 		.ascii	"\373\244\202\373\274;\362n)F\374\200\372\333\306\274"
 278      BC3BF26E 
 278      2946FC80 
 278      FADBC6BC 
 279 0707 C0458CA6 		.ascii	"\300E\214\246\021l\344\331\226|\034\245\215\341>\275"
 279      116CE4D9 
 279      967C1CA5 
 279      8DE13EBD 
 280 0717 B014B1A0 		.ascii	"\260\024\261\240\021W\266L\274R\030\323'\177\236\204"
 280      1157B64C 
 280      BC5218D3 
 280      277F9E84 
 281 0727 CD4B17A2 		.ascii	"\315K\027\242\251.#\024\257\224D\303\317|-S\341\335"
 281      A92E2314 
 281      AF9444C3 
 281      CF7C2D53 
 281      E1DD
 282 0739 70A6E7B0 		.ascii	"p\246\347\260J\262\373\250\247\002\263r\3663^\314\231"
 282      4AB2FBA8 
 282      A702B372 
 282      F6335ECC 
 282      99
 283 074a 62A75411 		.ascii	"b\247T\021\273_\372\024\017\025\226\264\203S\362\271"
 283      BB5FFA14 
 283      0F1596B4 
 283      8353F2B9 
 284 075a C8F2EAB3 		.ascii	"\310\362\352\263\344\310^\310\363\370\035\237\366:\336"
 284      E4C85EC8 
 284      F3F81D9F 
 284      F63ADE
 285 0769 C71379B3 		.ascii	"\307\023y\263/{\265\037\362?>\310\367x\264\007\342\315"
 285      2F7BB51F 
 285      F23F3EC8 
 285      F778B407 
 285      E2CD
 286 077b 3FF3BB76 		.ascii	"?\363\273v.\357\372\252\263\267\3625{Tz@\252\311\015"
 286      2EEFFAAA 
 286      B3B7F235 
 286      7B547A40 
 286      AAC90D
 287 078e 0F733212 		.ascii	"\017s2\022v\033\204^\211\265\364`\303\237\375\320\027"
 287      761B845E 
 287      89B5F460 
 287      C39FFDD0 
 287      17
 288 079f 018F15B2 		.ascii	"\001\217\025\262\217\217\325\0167\323\243\341E<\011"
 288      8F8FD50E 
 288      37D3A3E1 
 288      453C09
 289 07ae D59C5DCE 		.ascii	"\325\234]\316\331\306\331\217\265\234\016\026222\027"
 289      D9C6D98F 
 289      B59C0E16 
 289      32323217 
 290 07be 0A9D1B0A 		.ascii	"\012\235\033\012\004\334>\2730\330\207}\016o\276X\277"
 290      04DC3EBB 
 290      30D8877D 
ARM GAS  C:\Users\PUBLIC~1.LAP\AppData\Local\Temp\cczJo7sP.s 			page 22


 290      0E6FBE58 
 290      BF
 291 07cf D8       		.ascii	"\330"
 292 07d0 7FF95A96 		.ascii	"\177\371Z\226J[\346\234\305\276\351I\300v,_\354\265"
 292      4A5BE69C 
 292      C5BEE949 
 292      C0762C5F 
 292      ECB5
 293 07e2 DEEB5881 		.ascii	"\336\353X\201\324\332\005222\237T\342%\265p\237/0\015"
 293      D4DA0532 
 293      32329F54 
 293      E225B570 
 293      9F2F300D 
 294 07f6 EC36046A 		.ascii	"\3546\004j\312\337\376\300\306\327\360\034BP[vh\337"
 294      CADFFEC0 
 294      C6D7F01C 
 294      42505B76 
 294      68DF
 295 0808 F5E5C2B7 		.ascii	"\365\345\302\267lx\332w\371\276\260\200\262\266p\374"
 295      6C78DA77 
 295      F9BEB080 
 295      B2B670FC 
 296 0818 8D677AF3 		.ascii	"\215gz\363m\374V\177\214\227!##\023\343\262\304\322"
 296      6DFC567F 
 296      8C972123 
 296      2313E3B2 
 296      C4D2
 297 082a 41846F9F 		.ascii	"A\204o\237W]\317\005\305\306\032\325_\032\276$G\025"
 297      575DCF05 
 297      C5C61AD5 
 297      5F1ABE24 
 297      4715
 298 083c 1C12FE14 		.ascii	"\034\022\376\024~+/\251\201\342o\237\"p\337=\334\327"
 298      7E2B2FA9 
 298      81E26F9F 
 298      2270DF3D 
 298      DCD7
 299 084e 0A6EA05B 		.ascii	"\012n\240[@\263\276\305/\235)\226{\3364\010AE\212\334"
 299      40B3BEC5 
 299      2F9D2996 
 299      7BDE3408 
 299      41458ADC 
 300 0862 231DF05C 		.ascii	"#\035\360\\\302gl\314\356\177\314\226cn}\217\234Ti2"
 300      C2676CCC 
 300      EE7FCC96 
 300      636E7D8F 
 300      9C546932 
 301 0876 82FCBD6D 		.ascii	"\202\374\275mO\345y3\324\220\376^#\216w\362\324\345"
 301      4FE57933 
 301      D490FE5E 
 301      238E77F2 
 301      D4E5
 302 0888 F0FA7BD9 		.ascii	"\360\372{\331\036j\000e{z\236\343C\224\250K\252\202"
 302      1E6A0065 
 302      7B7A9EE3 
 302      4394A84B 
 302      AA82
ARM GAS  C:\Users\PUBLIC~1.LAP\AppData\Local\Temp\cczJo7sP.s 			page 23


 303 089a 1B4803B9 		.ascii	"\033H\003\271j\030\234z\3346\240P\221\305\204\201%\012"
 303      6A189C7A 
 303      DC36A050 
 303      91C58481 
 303      250A
 304 08ac 8B8C0591 		.ascii	"\213\214\005\221\276j\216\367\222\242\214+\306\035B"
 304      BE6A8EF7 
 304      92A28C2B 
 304      C61D42
 305 08bb 811A538E 		.ascii	"\201\032S\216\206\244Yq\255\025\375\275B\230/n\310\255"
 305      86A45971 
 305      AD15FDBD 
 305      42982F6E 
 305      C8AD
 306 08cd 1B703848 		.ascii	"\033p8H\013\275\010\2416\004w\333\030\355M\033\343\232"
 306      0BBD08A1 
 306      360477DB 
 306      18ED4D1B 
 306      E39A
 307 08df 59C02913 		.ascii	"Y\300)\023ihr\263\242\204\2273\322\002>If\373\371{y"
 307      696872B3 
 307      A2849733 
 307      D2023E49 
 307      66FBF97B 
 308 08f4 F4E571D1 		.ascii	"\364\345q\321p\214\326\020\022\006W\222\"\303\355\236"
 308      708CD610 
 308      12065792 
 308      22C3ED9E 
 309 0904 F545F31D 		.ascii	"\365E\363\035A\031\313\373{{<\225'\363\025'\177\244"
 309      4119CBFB 
 309      7B7B3C95 
 309      27F31527 
 309      7FA4
 310 0916 BB7F2F48 		.ascii	"\273\177/H\330t\240)\361-\213\261\342\342\005\311|\222"
 310      D874A029 
 310      F12D8BB1 
 310      E2E205C9 
 310      7C92
 311 0928 5596438A 		.ascii	"U\226C\2127\255\224K\326\001\317\231\007\324\236]\316"
 311      37AD944B 
 311      D601CF99 
 311      07D49E5D 
 311      CE
 312 0939 4B0BB84F 		.ascii	"K\013\270O\\\004q\375\275c\314\230\237\033\231T[\025"
 312      5C0471FD 
 312      BD63CC98 
 312      9F1B9954 
 312      5B15
 313 094b DC1B8A46 		.ascii	"\334\033\212F\030\035\251xX,\257\327\255q\271n\325\325"
 313      181DA978 
 313      582CAFD7 
 313      AD71B96E 
 313      D5D5
 314 095d BA6137C7 		.ascii	"\272a7\307}q\255\356\327\265qY\334\030\027\306\225q"
 314      7D71ADEE 
 314      D7B57159 
 314      DC1817C6 
ARM GAS  C:\Users\PUBLIC~1.LAP\AppData\Local\Temp\cczJo7sP.s 			page 24


 314      9571
 315 096f A96E8BBB 		.ascii	"\251n\213\273uS\270b\027\307uq\233\367\306\355\2724"
 315      7553B862 
 315      17C77571 
 315      9BF7C6ED 
 315      BA34
 316 0981 6ED69D71 		.ascii	"n\326\235q\261\356\325e\336\345\235\362\346\005\353"
 316      B1EED565 
 316      DEE59DF2 
 316      E605EB
 317 0990 B6532C5E 		.ascii	"\266S,^\277\335;\332K.\301\255\300Z\032\375hx\252;\241"
 317      BFDD3BDA 
 317      4B2EC1AD 
 317      C05A1AFD 
 317      6878AA3B 
 318 09a5 B7747F50 		.ascii	"\267t\177Pl\240\202t\305\346\265H\312#\002\272@CAF\331"
 318      6CA08274 
 318      C5E6B548 
 318      CA2302BA 
 318      40434146 
 319 09ba 6A038A2A 		.ascii	"j\003\212*B7\004\360Xby\201\202\222H }R\311\312RD\023"
 319      423704F0 
 319      58627981 
 319      82924820 
 319      7D52C9CA 
 320 09d1 5493256B 		.ascii	"T\223%k\005hs\336\242b\"Y\245$\261w\301n\212\253\002"
 320      056873DE 
 320      A2622259 
 320      A524B177 
 320      C16E8AAB 
 321 09e6 78E64C03 		.ascii	"x\346L\003o\351\3720]\261zW\266\256\204\320\362\202"
 321      6FE9FA30 
 321      5DB17A57 
 321      B6AE84D0 
 321      F282
 322 09f8 DD11D64A 		.ascii	"\335\021\326J\217\322\005\273QW\312\231Hy\2033)D[9g"
 322      8FD205BB 
 322      5157CA99 
 322      48798333 
 322      29445B39 
 323 0a0d ACA42DEA 		.ascii	"\254\244-\352\004\005n\273\300\220\372&\233D\366\004"
 323      04056EBB 
 323      C090FA26 
 323      9B44F604 
 324 0a1d B1C0ED02 		.ascii	"\261\300\355\002\205\333\205\011_\246\333\344M\005\\"
 324      85DB8509 
 324      5FA6DBE4 
 324      4D055C
 325 0a2c A79387C9 		.ascii	"\247\223\207\311|\011\32691\353\376\266\213\011\334"
 325      7C09D639 
 325      31EBFEB6 
 325      8B09DC
 326 0a3b AE00D4EE 		.ascii	"\256\000\324\356\355\271\002\320v!\201\333%\004\356"
 326      EDB902D0 
 326      762181DB 
 326      2504EE
 327 0a4a 601EEEA0 		.ascii	"`\036\356\240\023\334\3018\334\3016\334\301 \270\203"
ARM GAS  C:\Users\PUBLIC~1.LAP\AppData\Local\Temp\cczJo7sP.s 			page 25


 327      13DCC138 
 327      DCC136DC 
 327      C120B883 
 328 0a5a 3B7007BF 		.ascii	";p\007\277p\007g\340\016^\341\016>\341\016&\341\016"
 328      700767E0 
 328      0E5EE10E 
 328      3EE10E26 
 328      E10E
 329 0a6c 92C01D44 		.ascii	"\222\300\035D\342\006N\301\015\\\202\033h\004\307\000"
 329      E2064EC1 
 329      0D5C821B 
 329      6804C700 
 330 0a7c D170039B 		.ascii	"\321p\003\233\270\201Y\270\201O\270\201&p\337\020VZ"
 330      B88159B8 
 330      814FB881 
 330      2670DF10 
 330      565A
 331 0a8e 1CA168FB 		.ascii	"\034\241h\373{{4\364E\002Gd%1\372k\201H\334-Lp\267\260"
 331      7B7B34F4 
 331      45024764 
 331      2531FA6B 
 331      8148DC2D 
 332 0aa6 E10ECCB0 		.ascii	"\341\016\314\260\010-5l\225\026qwl\177\273E\006\356"
 332      082D356C 
 332      95167177 
 332      6C7FBB45 
 332      06EE
 333 0ab8 9628FC6D 		.ascii	"\226(\374m~\001e@\013\012\013\245\355\235]\363d\316"
 333      7E016540 
 333      0B0A0BA5 
 333      ED9D5DF3 
 333      64CE
 334 0aca 99879999 		.ascii	"\231\207\231\231|XnZJx\031)\006\206f\021\202+8\323{"
 334      7C586E5A 
 334      4A781929 
 334      06866611 
 334      822B38D3 
 335 0adf 04E585F6 		.ascii	"\004\345\205\366n\201\341\265\344\352.\310\343\204\224"
 335      6E81E1B5 
 335      E4EA2EC8 
 335      E38494
 336 0aee FAEB7984 		.ascii	"\372\353y\204\234-\310\031#\237\206<\331|:f\344\223"
 336      9C2DC819 
 336      239F863C 
 336      D97C3A66 
 336      E493
 337 0b00 1D4CB2E9 		.ascii	"\035L\262\351\244\314 \311|\"\312H'\245g$ON2s\206\311"
 337      A4CC20C9 
 337      7C22CA48 
 337      27A56724 
 337      4F4E3273 
 338 0b16 D9292799 		.ascii	"\331)'\231<\312\314\314\331\267\220N9\231\235\224\236"
 338      3CCACCCC 
 338      D9B7904E 
 338      39999D94 
 338      9E
 339 0b27 CC4F4E30 		.ascii	"\314ON0I\244\32317\237\206`r\363I\231l>)a\222L\236\234"
ARM GAS  C:\Users\PUBLIC~1.LAP\AppData\Local\Temp\cczJo7sP.s 			page 26


 339      49A4D331 
 339      379F8660 
 339      72F34999 
 339      6C3E2961 
 340 0b3f 993CC70C 		.ascii	"\231<\307\014r\346Q&\233.\2240\031\371tL6y\206F\310"
 340      72E65126 
 340      9B2E9430 
 340      19F9744C 
 340      36798646 
 341 0b54 F90843EF 		.ascii	"\371\010C\357\350\307\236\257\251\334\344\011ze2+\345"
 341      E8C79EAF 
 341      A9DCE409 
 341      7A65322B 
 341      E5
 342 0b65 9C939C89 		.ascii	"\234\223\234\211\314H9#\235.\310_N\311\265\036\247\227"
 342      CC483923 
 342      9D2EC85F 
 342      4EC9B51E 
 342      A797
 343 0b77 BC25B4FC 		.ascii	"\274%\264\374\3119\243YJ0=2\3172\267!\361\010@\231\263"
 343      C939A359 
 343      4A303D32 
 343      CF32B721 
 343      F1084099 
 344 0b8c D2919995 		.ascii	"\322\221\231\225Pf\316\002\310m\3076g\266\345c\017d"
 344      5066CE02 
 344      C86DC736 
 344      67B6E563 
 344      0F64
 345 0b9e CEDE2367 		.ascii	"\316\336#g$\0219\347\0129\347`F\022\005\365@9\001E\364"
 345      241139E7 
 345      0A39E760 
 345      461205F5 
 345      40390145 
 346 0bb3 38F9E418 		.ascii	"8\371\344\030*|(\331\204r\322p\226\243\271\314=\314"
 346      2A7C28D9 
 346      8472D270 
 346      96A3B9CC 
 346      3DCC
 347 0bc5 A327839C 		.ascii	"\243'\203\234\3622\307=)q\363\310\314bP\\\212\330\230"
 347      F232C73D 
 347      2971F3C8 
 347      CC62505C 
 347      8AD898
 348 0bd8 B27362ED 		.ascii	"\262sb\355|Y[N\254]\267mb\353\276\251\0049#1\225\022"
 348      7C595B4E 
 348      AC5DB76D 
 348      62EBBEA9 
 348      04392331 
 349 0bee B6147F31 		.ascii	"\266\024\1771\370\005\364t\013\250kih\313\304\226\355"
 349      F805F474 
 349      0BA86B69 
 349      68CBC496 
 349      ED
 350 0bff D5FD2C69 		.ascii	"\325\375,i9\233#\256j\215\256\213\320\340\3609\232\203"
 350      399B23AE 
 350      6A8DAE8B 
ARM GAS  C:\Users\PUBLIC~1.LAP\AppData\Local\Temp\cczJo7sP.s 			page 27


 350      D0E0F039 
 350      9A83
 351 0c11 73319145 		.ascii	"s1\221E'\346\366\365\003\347L\261\017kW\354|\013\010"
 351      27E6F6F5 
 351      03E74CB1 
 351      0F6B57EC 
 351      7C0B08
 352 0c24 2A29897D 		.ascii	"*)\211}\263J,\022+g\343\274i\341\354\221\252\264\226"
 352      B34A2C12 
 352      2B67E3BC 
 352      69E1EC91 
 352      AAB496
 353 0c37 A35AB6BD 		.ascii	"\243Z\266\275\022\320\027\011;8;\304\0329\322\000\030"
 353      12D01709 
 353      3B383BC4 
 353      1A39D200 
 353      18
 354 0c48 67594C78 		.ascii	"gYLx2-FM:\\\270\\g\262\034q\377\362,\033\223\325\210"
 354      322D464D 
 354      3A5CB85C 
 354      67B21C71 
 354      FFF22C1B 
 355 0c5f 3B5C642D 		.ascii	";\\d-\210\204\212\330\025\221\266k\335V\355\223=gA\316"
 355      88848AD8 
 355      1591B66B 
 355      DD56ED93 
 355      3D6741CE 
 356 0c73 77396702 		.ascii	"w9g\002\2700a\002\022\373\373NZ\256\273\177\350\220"
 356      B8306102 
 356      12FBFB4E 
 356      5AAEBB7F 
 356      E890
 357 0c85 BBBCD604 		.ascii	"\273\274\326\004\367/6&\320\244)L\337p\260v\360`\355"
 357      F72F3626 
 357      D0A4294C 
 357      DF70B076 
 357      F060ED
 358 0c98 90A615D2 		.ascii	"\220\246\025\322\012R\230\340o\035\022\207iJs\263\246"
 358      0A5298E0 
 358      6F1D1287 
 358      694A73B3 
 358      A6
 359 0ca9 29CC9A16 		.ascii	")\314\232\026sV\235aQhTiR\013$\250\353\214Z\234\000"
 359      73569D61 
 359      51685469 
 359      520B24A8 
 359      EB8C5A9C 
 360 0cbe CD0D086E 		.ascii	"\315\015\010n\204@\020\306\017\326!\221\004\016\220"
 360      844010C6 
 360      0FD62191 
 360      040E90
 361 0ccd 7023B460 		.ascii	"p#\264`M\177}\303\201\010;\302\232`Q\035\326\014W\242"
 361      4D7F7DC3 
 361      81083BC2 
 361      9A60511D 
 361      D60C57A2 
 362 0ce1 4A3364C9 		.ascii	"J3d\311)\252(\334\273\246 h\300\304\234\241\261\250"
ARM GAS  C:\Users\PUBLIC~1.LAP\AppData\Local\Temp\cczJo7sP.s 			page 28


 362      29AA28DC 
 362      BBA62068 
 362      C0C49CA1 
 362      B1A8
 363 0cf3 7628AE3A 		.ascii	"v(\256:>\254\2420d\371\260\012}E\325\203J,\2524\034"
 363      3EACA230 
 363      64F9B00A 
 363      7D45D583 
 363      4A2CAA34 
 364 0d08 72863843 		.ascii	"r\2068C\016&\370\255:8\252Z\324i\301,*\012C#\020g\207"
 364      0E26F8AD 
 364      3A38AA5A 
 364      D469C12C 
 364      2A0A4323 
 365 0d1f 080CC2BC 		.ascii	"\010\014\302\274\354\010k\2004j\207\242jT\213\251\021"
 365      EC086B80 
 365      346A87A2 
 365      6A548BA9 
 365      11
 366 0d30 84310580 		.ascii	"\2041\005\200\313\313\232\212\260\022\207;\276\264\246"
 366      CBCB9A8A 
 366      B012873B 
 366      BEB4A6
 367 0d3f 26A742A7 		.ascii	"&\247B\247i\260?\300\331\340\203\272\026s\204,\215\263"
 367      69B03FC0 
 367      D9E083BA 
 367      1673842C 
 367      8DB3
 368 0d51 41081D70 		.ascii	"A\010\035p\2123\270A\320`=\2344D\325\303]\323\325\247"
 368      8A33B841 
 368      D0603D9C 
 368      3444D5C3 
 368      5DD3D5A7 
 369 0d65 2324EED4 		.ascii	"#$\356\324\2346\305\031KCT_h\210j\352\242r\240\031\276"
 369      9C36C519 
 369      4B43545F 
 369      68886AEA 
 369      A272A019 
 370 0d7a FC8CBF35 		.ascii	"\374\214\2775u\351\033\016l\2148\251pH\234\321\371\331"
 370      75E91B0E 
 370      6C8C38A9 
 370      70489CD1 
 370      F9D9
 371 0d8c EC98A0D2 		.ascii	"\354\230\240\322\2448\252\215\0114vM\201+Q-\026w\204"
 371      A438AA8D 
 371      0934764D 
 371      812B512D 
 371      167784
 372 0d9f 208AE79A 		.ascii	" \212\347\232^X\323\237\021\204\321g,\2528\303\235\265"
 372      5E58D39F 
 372      1184D167 
 372      2CAA38C3 
 372      9DB5
 373 0db1 38EC90DE 		.ascii	"8\354\220\336\010\001\260\246\034f:\024\325\22584\202"
 373      0801B0A6 
 373      1C663A14 
 373      D5953834 
ARM GAS  C:\Users\PUBLIC~1.LAP\AppData\Local\Temp\cczJo7sP.s 			page 29


 373      82
 374 0dc2 3006CF35 		.ascii	"0\006\3175}Y\215+\007\225&\275\021\006i\316\265\003"
 374      7D598D2B 
 374      079526BD 
 374      110669CE 
 374      B503
 375 0dd4 BAA62C20 		.ascii	"\272\246, \212\253qh\243\026\323\033a\213\215Z\364\255"
 375      8AAB7168 
 375      A316D31B 
 375      618B8D5A 
 375      F4AD
 376 0de6 E98F6698 		.ascii	"\351\217f\230\372\326\024\355\033\016\3264m\271;\302"
 376      FAD614ED 
 376      1B0ED634 
 376      6DB93BC2 
 377 0df6 9AE25D53 		.ascii	"\232\342]S\013l\2065\027l\2065\304\034!\312!'G\007\347"
 377      0B6C8635 
 377      176C8635 
 377      C41C21CA 
 377      21274707 
 378 0e0b BC67CED0 		.ascii	"\274g\316\320\002\210uXLo\2040:h\221\346\306\366\015"
 378      02887558 
 378      4C6F8430 
 378      3A6891E6 
 378      C6F60D
 379 0e1e 076A3147 		.ascii	"\007j1Gx#\314\240\201\015B\350\240\001\017H \2031\003"
 379      7823CCA0 
 379      810D42E8 
 379      A0010F48 
 379      20833103 
 380 0e32 31070727 		.ascii	"1\007\007'G\010\201\365\203\272\022s\204\300\017\253"
 380      470881F5 
 380      83BA1273 
 380      84C00FAB 
 381 0e42 70250ED3 		.ascii	"p%\016\323\265\230\243\323\242c\374\017\253\320\026"
 381      B598A3D3 
 381      A263FC0F 
 381      ABD016
 382 0e51 D1350DA6 		.ascii	"\3215\015\246\306\234\364F\350RT\211\036r\316\342\314"
 382      C69CF446 
 382      E8525489 
 382      1E72CEE2 
 382      CC
 383 0e62 8DF0AA38 		.ascii	"\215\360\25283\304\253\032gL\230!\332\0149\314\230`"
 383      33C4AB1A 
 383      674C9821 
 383      DA0C39CC 
 383      9860
 384 0e74 35B2D010 		.ascii	"5\262\320\020\325\231\025\253\353\314j<\327T\245\311"
 384      D59915AB 
 384      EBCC6A3C 
 384      D754A5C9 
 385 0e84 C1597D46 		.ascii	"\301Y}F\233\031\0165\347\232\256>c\215Z\274B\365\004"
 385      9B190E35 
 385      E79AAE3E 
 385      638D5ABC 
 385      42F504
ARM GAS  C:\Users\PUBLIC~1.LAP\AppData\Local\Temp\cczJo7sP.s 			page 30


 386 0e97 137242B0 		.ascii	"\023rB\2601\342\200\240)\242*M\216p\035~P\261\316\011"
 386      31E280A0 
 386      29A22A4D 
 386      8E701D7E 
 386      50B1CE09 
 387 0eab 26E4AC1E 		.ascii	"&\344\254\036\3205U\205D\265\250\326\250\305\012\326"
 387      D0355585 
 387      44B5A8D6 
 387      A8C50AD6 
 388 0ebb 54A7B8AE 		.ascii	"T\247\270\256\036\3165\2651\342\2346F\243O-\346\334"
 388      1ECE35B5 
 388      31E29C36 
 388      46A34F2D 
 388      E6DC
 389 0ecd E8CCE0A8 		.ascii	"\350\314\340\250\306\364F\010\324\301Q\215\253\007T"
 389      C6F44608 
 389      D4C1518D 
 389      AB0754
 390 0edc E7C38AB3 		.ascii	"\347\303\212\263z@=\250\350\216\257\351/\275\021\372"
 390      7A403DA8 
 390      E88EAFE9 
 390      2FBD11FA 
 391 0eec 6C88C375 		.ascii	"l\210\303u8\343\301\3277\034\030o\204\031T\232\035\016"
 391      38E3C1D7 
 391      371C186F 
 391      8419549A 
 391      1D0E
 392 0efe 42E27043 		.ascii	"B\342pC\007\265\250s\327\224\345\203J\274\352\216\272"
 392      07B5A873 
 392      D794E583 
 392      4ABCEA8E 
 392      BA
 393 0f0f 73021B23 		.ascii	"s\002\033#\016^S\023\030gpV\242\332Am\261!\016i\210"
 393      0E5E5313 
 393      18677056 
 393      A2DA416D 
 393      B1210E69 
 394 0f24 AA8E8A3F 		.ascii	"\252\216\212?\250\353\016Nz#\304\253q\310\341\303\212"
 394      A8EB0E4E 
 394      7A23C4AB 
 394      71C8E1C3 
 394      8A
 395 0f35 E35BD3D5 		.ascii	"\343[\323\325\327!h\230\200\001B\260\201\012`!\007F"
 395      D7216898 
 395      800142B0 
 395      810A6021 
 395      0746
 396 0f47 55489C59 		.ascii	"UH\234Y\215\304\341\2150\203\260h\314\260\0263\030s"
 396      8DC4E18D 
 396      3083B068 
 396      CCB01633 
 396      1873
 397 0f59 327C8003 		.ascii	"2|\200\003C\023\2067\023(\001\004\0174\350\340\250k"
 397      43138637 
 397      13280104 
 397      0F34E8E0 
 397      A86B
ARM GAS  C:\Users\PUBLIC~1.LAP\AppData\Local\Temp\cczJo7sP.s 			page 31


 398 0f6b 09206E76 		.ascii	"\011 nv\206\034\322\231\016:(\301\001\024h@\316\260"
 398      861CD299 
 398      0E3A28C1 
 398      01146840 
 398      CEB0
 399 0f7d A8C36146 		.ascii	"\250\303aF-b\232\031\265x\263\022\20738,\335}\2368\225"
 399      2D629A19 
 399      B578B312 
 399      8733382C 
 399      DD7D9E38 
 400 0f92 41A6A525 		.ascii	"A\246\245%U\316\243\253\206f\231\010\322q"
 400      55CEA3AB 
 400      86669908 
 400      D271
 401 0fa0 9AB864D8 		.ascii	"\232\270d\330I\023\253\240\323\350\036\271VyJ?g\321"
 401      4913ABA0 
 401      D3E81EB9 
 401      56794A3F 
 401      67D1
 402 0fb2 4B09D286 		.ascii	"K\011\322\206\302\350$\272pfo*|\206\256\331\0121$\344"
 402      C2E824BA 
 402      70666F2A 
 402      7C86AED9 
 402      0A3124E4 
 403 0fc6 DF2B8405 		.ascii	"\337+\204\005k*\356\352\357\317\317)t\202\343\012$\022"
 403      6B2AEEEA 
 403      EFCFCF29 
 403      7482E30A 
 403      2412
 404 0fd8 7D0AF9DE 		.ascii	"}\012\371\336h\0201\012\272F\322\360\246\316\240\023"
 404      6810310A 
 404      BA46D2F0 
 404      A6CEA013 
 405 0fe8 4839F6C3 		.ascii	"H9\366\303\345\364\373\241&\242l\204E\021\374\372\021"
 405      E5F4FBA1 
 405      26A26C84 
 405      4511FCFA 
 405      11
 406 0ff9 F4F4B761 		.ascii	"\364\364\267a\252N\236\223\347\364A\213\236\246\330"
 406      AA4E9E93 
 406      E7F4418B 
 406      9EA6D8
 407 1008 4E117DFA 		.ascii	"N\021}\372\\\237\027Gvg\210\026\255\263\246\2543\304"
 407      5C9F1747 
 407      76678816 
 407      ADB3A6AC 
 407      33C4
 408 101a 893C8A5B 		.ascii	"\211<\212[\202'\004\254\261\365b\354\354\261>&^,\365"
 408      822704AC 
 408      B1F562EC 
 408      ECB13E26 
 408      5E2CF5
 409 102d 80D3D33B 		.ascii	"\200\323\323;\263+\2259\263\310>\036f@Y{}\346)iI\330"
 409      B32B9539 
 409      B3C83E1E 
 409      6640597B 
 409      7DE62969 
ARM GAS  C:\Users\PUBLIC~1.LAP\AppData\Local\Temp\cczJo7sP.s 			page 32


 410 1043 F4321234 		.ascii	"\3642\0224\022iS\246\334\274\007\344'?\254\364\315\013"
 410      126953A6 
 410      DCBC07E4 
 410      273FACF4 
 410      CD0B
 411 1055 F2105949 		.ascii	"\362\020YIU\001\322h2\305G\025*j-\350\332\346f\314\365"
 411      5501D268 
 411      32C54715 
 411      2A6A2DE8 
 411      DAE666CC 
 412 106a 2881F748 		.ascii	"(\201\367Hn\336D\244\201\331\331\335(!p\"\205h\353\256"
 412      6EDE44A4 
 412      81D9D9DD 
 412      28217022 
 412      8568EBAE 
 413 107e 6F144C67 		.ascii	"o\024Lg\346\025\345B\261'\352\276\210.\224\373$I\211"
 413      E615E542 
 413      B127EABE 
 413      882E94FB 
 413      244989
 414 1091 31AA282E 		.ascii	"1\252(.\312\342\224\\'\377d\354-J\013\306\222%\267\311"
 414      CAE2945C 
 414      27FF64EC 
 414      2D4A0BC6 
 414      9225B7C9 
 415 10a5 EF98330F 		.ascii	"\357\2303\017\223\276M^\030\325p!/X(\356\214\244p\\"
 415      93BE4D5E 
 415      18D57021 
 415      2F5828EE 
 415      8CA4705C 
 416 10b9 DC9DFB1D 		.ascii	"\334\235\373\035[H,!)1t_\271\276s>\026JY^]>\035:\306"
 416      5B482C21 
 416      2931745F 
 416      B9BE733E 
 416      164A595E 
 417 10d2 6A1C2141 		.ascii	"j\034!Ar\341\372D\346.$\364F\333\033\336-q\002\011\215"
 417      72E1FA44 
 417      E62E24F4 
 417      46DB1BDE 
 417      2D710209 
 418 10e7 9BA42F1C 		.ascii	"\233\244/\034\032\004\2579\367Tqy@W\376v\205\204\012"
 418      1A04AF39 
 418      F7547179 
 418      4057FE76 
 418      85840A
 419 10fa A813E323 		.ascii	"\250\023\343#\212P\032s\010)cdf\206D\223t\203\025@p"
 419      8A501A73 
 419      08296364 
 419      66864493 
 419      74831540 
 420 110f 6058289D 		.ascii	"`X(\235\213\312\232\007\023\300\321\351\363\251\246"
 420      8BCA9A07 
 420      13C0D1E9 
 420      F3A9A6
 421 111e 06156344 		.ascii	"\006\025cD\222\222\222\2022*\225\346\010Y\264Z\275\202"
 421      92929282 
 421      322A95E6 
ARM GAS  C:\Users\PUBLIC~1.LAP\AppData\Local\Temp\cczJo7sP.s 			page 33


 421      0859B45A 
 421      BD82
 422 1130 C4059BF2 		.ascii	"\304\005\233\362\326\007X\220S!\317\343\344\354Ww\037"
 422      D6075890 
 422      5321CFE3 
 422      E4EC5777 
 422      1F
 423 1141 F7475C3B 		.ascii	"\367G\\;3\024\"\001\335\216\265Y\205&\210\213\217\351"
 423      33142201 
 423      DD8EB559 
 423      8526888B 
 423      8FE9
 424 1153 F4E9E729 		.ascii	"\364\351\347)%\340\317VK\2068\345\003q\035&2\000u2\320"
 424      25E0CF56 
 424      4B8638E5 
 424      03711D26 
 424      32007532 
 425 1168 B97C13F5 		.ascii	"\271|\023\365&\001M\3250v\313\255\210\360\267\021\300"
 425      26014DD5 
 425      3076CBAD 
 425      88F0B711 
 425      C0
 426 1179 76337E95 		.ascii	"v3~\225x\206\275]q\320jh[\316\244\215\331\036\025\024"
 426      7886BD5D 
 426      71D06A68 
 426      5BCEA48D 
 426      D91E1514 
 427 118d A347E951 		.ascii	"\243G\351Q\312\274\232\265\021\227\201\227\252\034\316"
 427      CABC9AB5 
 427      11978197 
 427      AA1CCE
 428 119c 11CAF42A 		.ascii	"\021\312\364*\251\345S\373\2660F{\0100\343\247N\201"
 428      A9E553FB 
 428      B630467B 
 428      0830E3A7 
 428      4E81
 429 11ae 1F74197D 		.ascii	"\037t\031}\005Ewt\012\337\355?\316\330-\007'\230i\266"
 429      05457774 
 429      0ADFED3F 
 429      CED82D07 
 429      279869B6 
 430 11c2 DED89616 		.ascii	"\336\330\226\026\325\311\030\3018t\272\261K\305\177"
 430      D5C918C1 
 430      3874BAB1 
 430      4BC57F
 431 11d1 93086B81 		.ascii	"\223\010k\201\257\017h\231\017\003\305\234\243\362\012"
 431      AF0F6899 
 431      0F03C59C 
 431      A3F20A
 432 11e0 FB7AB8DC 		.ascii	"\373z\270\334+\220\261\344\256\227\360kA\275\335\331"
 432      2B90B1E4 
 432      AE97F06B 
 432      41BDDDD9 
 433 11f0 8F56ED74 		.ascii	"\217V\355t\306\200\243m\013\375\002d\202\314\236\345"
 433      C680A36D 
 433      0BFD0264 
 433      82CC9EE5 
ARM GAS  C:\Users\PUBLIC~1.LAP\AppData\Local\Temp\cczJo7sP.s 			page 34


 434 1200 53A92616 		.ascii	"S\251&\026\260q\375\301\206%\247W!\244_/f\261\210\337"
 434      B071FDC1 
 434      8625A757 
 434      21A45F2F 
 434      66B188DF 
 435 1214 28A1FB3D 		.ascii	"(\241\373=\375\213~\337\033d\266\005\370X\234\373\262"
 435      FD8B7EDF 
 435      1B64B605 
 435      F8589CFB 
 435      B2
 436 1225 C5BBEB5D 		.ascii	"\305\273\353]sA\374M\331\204\212\376\013\217\025u\200"
 436      7341FC4D 
 436      D9848AFE 
 436      0B8F1575 
 436      80
 437 1236 F96EA782 		.ascii	"\371n\247\202:+\301[\323\223w\022\225\032:q\364kAl_"
 437      3A2BC15B 
 437      D3937712 
 437      951A3A71 
 437      F46B416C 
 438 124b FA967F7F 		.ascii	"\372\226\177\177#\011\327\026\345~\314\031\225C9\314"
 438      2309D716 
 438      E57ECC19 
 438      954339CC 
 439 125b 86C6F508 		.ascii	"\206\306\365\010\032\302\306\245\201F\271\372\220\263"
 439      1AC2C6A5 
 439      8146B9FA 
 439      90B3
 440 1269 6474A579 		.ascii	"dt\245y\244L\244Q\220\362\205*\3068\212\355/E\226\302"
 440      A44CA451 
 440      90F2852A 
 440      C6388AED 
 440      2F4596C2 
 441 127d F687D45C 		.ascii	"\366\207\324\\\323\352\012cY\030\305Hai\257\267.\262"
 441      D3EA0A63 
 441      5918C548 
 441      6169AFB7 
 441      2EB2
 442 128f C3C93BA8 		.ascii	"\303\311;\250\026\250p9\241\312&Jn:\227L<\261\315\217"
 442      16A87039 
 442      A1CA264A 
 442      6E3A974C 
 442      3CB1CD8F 
 443 12a3 62054D60 		.ascii	"b\005M`j\212{\376\\\246\273cz\323{'B\255|\253\211\274"
 443      6A8A7BFE 
 443      5CA6BB63 
 443      7AD37B27 
 443      42AD7CAB 
 444 12b9 B5B02E4B 		.ascii	"\265\260.Kl\257,\232\023\010\347\375(\274K\361F\030"
 444      6CAF2C9A 
 444      1308E7FD 
 444      28BC4BF1 
 444      4618
 445 12cb AB8FA919 		.ascii	"\253\217\251\031\322\005\254\362\"$_\274\015Z|v\260"
 445      D205ACF2 
 445      22245FBC 
 445      0D5A7C76 
ARM GAS  C:\Users\PUBLIC~1.LAP\AppData\Local\Temp\cczJo7sP.s 			page 35


 445      B0
 446 12dc 542507E0 		.ascii	"T%\007\340\262\004P>x\251\230\362\026\321\016\270`\364"
 446      B204503E 
 446      78A998F2 
 446      16D10EB8 
 446      60F4
 447 12ee C2B5332C 		.ascii	"\302\2653,O\272!\3256\201\026\216\264GK\230\017(\207"
 447      4FBA21D5 
 447      3681168E 
 447      B4474B98 
 447      0F2887
 448 1301 5534BF22 		.ascii	"U4\277\"\253K\205\350]\005\234I!\264\026Ak\323@\321"
 448      AB4B85E8 
 448      5D059C49 
 448      21B41641 
 448      6BD340D1 
 449 1315 79E16C0B 		.ascii	"y\341l\0139\360\216\2424\301\351H\\\331_x8\300\354\212"
 449      39F08EA2 
 449      34C1E948 
 449      5CD95F78 
 449      38C0EC8A 
 450 1329 307D0312 		.ascii	"0}\003\022hM\036\022\313\374\000\361\021\305|`>\264"
 450      684D1E12 
 450      CBFC00F1 
 450      11C57C60 
 450      3EB4
 451 133b 219145BD 		.ascii	"!\221E\275\3317@^\211\323%=k\260\247\221\215/\310\363"
 451      D937405E 
 451      89D3253D 
 451      6BB0A791 
 451      8D2FC8F3 
 452 134f 7F4AF5C1 		.ascii	"\177J\365\301\225\317BF\366{I\275\212\204c\024\007\250"
 452      95CF4246 
 452      F67B49BD 
 452      8A846314 
 452      07A8
 453 1361 7139D62C 		.ascii	"q9\326,\270\22300\002\220\341\254\022%\321\301\350c"
 453      B8933030 
 453      0290E1AC 
 453      1225D1C1 
 453      E863
 454 1373 4C649CB9 		.ascii	"Ld\234\271-\344M\002\342\315\251\036\325:F\331\212\304"
 454      2DE44D02 
 454      E2CDA91E 
 454      D53A46D9 
 454      8AC4
 455 1385 9076D030 		.ascii	"\220v\32008\307z\251\016\032\353\220\242\236@\242\302"
 455      38C77AA9 
 455      0E1AEB90 
 455      A29E40A2 
 455      C2
 456 1396 A6BFEDC2 		.ascii	"\246\277\355\302zdk\225\024\202\346\011\333R<\022u\255"
 456      7A646B95 
 456      1482E609 
 456      DB523C12 
 456      75AD
 457 13a8 F1DCEEB4 		.ascii	"\361\334\356\264=\341@\022p\3378\267\271\350\211o\324"
ARM GAS  C:\Users\PUBLIC~1.LAP\AppData\Local\Temp\cczJo7sP.s 			page 36


 457      3DE14012 
 457      70DF38B7 
 457      B9E8896F 
 457      D4
 458 13b9 B9655E90 		.ascii	"\271e^\220\360Up\262*\022[\224\356\211\211+0}\227\275"
 458      F05570B2 
 458      2A125B94 
 458      EE89892B 
 458      307D97BD 
 459 13cd 5D052DFC 		.ascii	"]\005-\374s\245-*P\335w\037\207\227\006S\377\276B`\221"
 459      73A52D2A 
 459      50DD771F 
 459      87970653 
 459      FFBE4260 
 460 13e2 F293DC60 		.ascii	"\362\223\334`\020vT\204\322\351\237\267\364\274a65\327"
 460      10765484 
 460      D2E99FB7 
 460      F4BC6136 
 460      35D7
 461 13f4 DDA5E3D0 		.ascii	"\335\245\343\320\253\005\357\177\206\253\012\273y\011"
 461      AB05EF7F 
 461      86AB0ABB 
 461      7909
 462 1402 E535CA73 		.ascii	"\3455\312s\257>\244\204F\333\003\177\253-\234C\260E"
 462      AF3EA484 
 462      46DB037F 
 462      AB2D9C43 
 462      B045
 463 1414 4381E99B 		.ascii	"C\201\351\233\377\272\256\226L\3765\264\015\033X\\\330"
 463      FFBAAE96 
 463      4CFE35B4 
 463      0D1B585C 
 463      D8
 464 1425 2132E03B 		.ascii	"!2\340;\012\3050cm0A\245(8\200\331'\231\261\230\355"
 464      0AC53063 
 464      6D3041A5 
 464      283880D9 
 464      2799B198 
 465 143a E36A91B1 		.ascii	"\343j\221\261#\262\270l\012x\370\214\344\336h\376\370"
 465      23B2B86C 
 465      0A78F88C 
 465      E4DE68FE 
 465      F8
 466 144b 25F1BED4 		.ascii	"%\361\276\324\207\316\272?l\010\241'\312\331\022[\334"
 466      87CEBA3F 
 466      6C08A127 
 466      CAD9125B 
 466      DC
 467 145c 1B51DFDF 		.ascii	"\033Q\337\337\274P\222*4\322DO\315OG;\035\001\363\015"
 467      BC50922A 
 467      34D2444F 
 467      CD4F473B 
 467      1D01F30D 
 468 1470 1A52E8B8 		.ascii	"\032R\350\270\310#\375\005\031\307F3+\037'\336\354\327"
 468      C823FD05 
 468      19C74633 
 468      2B1F27DE 
ARM GAS  C:\Users\PUBLIC~1.LAP\AppData\Local\Temp\cczJo7sP.s 			page 37


 468      ECD7
 469 1482 08733D7A 		.ascii	"\010s=z\317\023\"=t\3753\271\306\303\305\011\241\006"
 469      CF13223D 
 469      74FD33B9 
 469      C6C3C509 
 469      A106
 470 1494 E92AEAD0 		.ascii	"\351*\352\320H\010#2\374U^\022T\024\210\370\302Q\026"
 470      48082332 
 470      FC555E12 
 470      541488F8 
 470      C25116
 471 14a7 626AD6D1 		.ascii	"bj\326\321_\203\232\020^EG\211\302Nq/I\272\374TE\222"
 471      5F839A10 
 471      5E454789 
 471      C24E712F 
 471      49BAFC54 
 472 14bd 1C9591AD 		.ascii	"\034\225\221\255\"\2246-^\015\3077v\271\205&x\300\212"
 472      2294362D 
 472      5E0DC737 
 472      76B98526 
 472      78C08A
 473 14d0 B98840CA 		.ascii	"\271\210@\312\017W\370\335\262\234\344\026\257\217\332"
 473      0F57F8DD 
 473      B29CE416 
 473      AF8FDA
 474 14df FE415DA2 		.ascii	"\376A]\242\325\000SW\010\030\300\332\262\201\215\302"
 474      D5005357 
 474      0818C0DA 
 474      B2818DC2 
 475 14ef 1A837294 		.ascii	"\032\203r\2249*0\005\350}Xaz\215T\376\346L`\312\037"
 475      392A3005 
 475      E87D5861 
 475      7A8D54FE 
 475      E64C60CA 
 476 1504 8A705804 		.ascii	"\212pX\004\222\273BH\236\325\025K.\316\323\340\350\026"
 476      92BB4248 
 476      9ED5154B 
 476      2ECED3E0 
 476      E816
 477 1516 EA12EC1C 		.ascii	"\352\022\354\034\324\347\245'`v\017w`i\2600\265!^\246"
 477      D4E7A527 
 477      60760F77 
 477      6069B030 
 477      B5215EA6 
 478 152a 1D2CE1A8 		.ascii	"\035,\341\250qF\321\356\037\321\354\236\001F\302\320"
 478      7146D1EE 
 478      1FD1EC9E 
 478      0146C2D0 
 479 153a C376CCBF 		.ascii	"\303v\314\277PX\305K\3301\321%s\371\304G\211\205A\364"
 479      5058C54B 
 479      D831D125 
 479      73F9C447 
 479      898541F4 
 480 154e B1096CFA 		.ascii	"\261\011l\3727\203t\304\023\371T\002\254k\353\313g\307"
 480      378374C4 
 480      13F95402 
 480      AC6BEBCB 
ARM GAS  C:\Users\PUBLIC~1.LAP\AppData\Local\Temp\cczJo7sP.s 			page 38


 480      67C7
 481 1560 CE0D333E 		.ascii	"\316\0153>8@\257i$5^\2415\020\204*p\023t\376,\362,\340"
 481      3840AF69 
 481      24355EA1 
 481      3510842A 
 481      701374FE 
 482 1578 F21292FB 		.ascii	"\362\022\222\373D\006=&}\214K\177\2723\012}G\003\263"
 482      44063D26 
 482      7D8C4B7F 
 482      BA330A7D 
 482      4703B3
 483 158b 63AF1F43 		.ascii	"c\257\037C\031\205Rj_\004\360m\034!D\250\032\002/\342"
 483      1985526A 
 483      5F04F06D 
 483      1C2144A8 
 483      1A022FE2 
 484 159f DBBF649F 		.ascii	"\333\277d\237\232\312\227\321\213\274}RB\346e\375\300"
 484      9ACA97D1 
 484      8BBC7D52 
 484      42E665FD 
 484      C0
 485 15b0 1A189D7F 		.ascii	"\032\030\235\1770\240\332\267\326!\317\035[\377L\207"
 485      30A0DAB7 
 485      D621CF1D 
 485      5BFF4C87 
 486 15c0 34038A82 		.ascii	"4\003\212\202\315Y\311\2258\374\"T\312-\246u\014\037"
 486      CD59C995 
 486      38FC2254 
 486      CA2DA675 
 486      0C1F
 487 15d2 F834C254 		.ascii	"\3704\302T\253\3666\373Y\205\035n_Es\345\036i\223<\252"
 487      ABF636FB 
 487      59851D6E 
 487      5F4573E5 
 487      1E69933C 
 488 15e7 F73F725D 		.ascii	"\367?r]\256=-\333\267f\000x\331\315\365b1\260\212\303"
 488      AE3D2DDB 
 488      B7660078 
 488      D9CDF562 
 488      31B08AC3 
 489 15fb 03452689 		.ascii	"\003E&\2111M\231\201\273\036&\007(\007\204\002\313\356"
 489      314D9981 
 489      BB1E2607 
 489      28078402 
 489      CBEE
 490 160d C5F2C878 		.ascii	"\305\362\310x\327\227\335\320\314)t\301\242\360R7\260"
 490      D797DDD0 
 490      CC2974C1 
 490      A2F05237 
 490      B0
 491 161e 89E9C040 		.ascii	"\211\351\300@P\020f2\351\325\032U\021\342S\230\244\364"
 491      50106632 
 491      E9D51A55 
 491      11E25398 
 491      A4F4
 492 1630 8D94765C 		.ascii	"\215\224v\\7\301\277\273B\003\362r\007\010\273\\\212"
 492      37C1BFBB 
ARM GAS  C:\Users\PUBLIC~1.LAP\AppData\Local\Temp\cczJo7sP.s 			page 39


 492      4203F272 
 492      0708BB5C 
 492      8A
 493 1641 E46415D4 		.ascii	"\344d\025\324\253\345\315\356\206\034\353\350\222\246"
 493      ABE5CDEE 
 493      861CEBE8 
 493      92A6
 494 164f 8CFE9FF3 		.ascii	"\214\376\237\363n\355G\335$\002AG\335\255\004\255\224"
 494      6EED47DD 
 494      24024147 
 494      DDAD04AD 
 494      94
 495 1660 F0ACA27A 		.ascii	"\360\254\242z\003\301\303Zn\227\215\005\270E\332\320"
 495      03C1C35A 
 495      6E978D05 
 495      B845DAD0 
 496 1670 334004BB 		.ascii	"3@\004\273\005\305\0244Py\002\"\253B@P\202\014(k7o\025"
 496      05C51434 
 496      50790222 
 496      AB424050 
 496      820C286B 
 497 1687 CB93733D 		.ascii	"\313\223s=\325\2309\025\307\230b\340 +^K\356$;\026\354"
 497      D5983915 
 497      C79862E0 
 497      202B5E4B 
 497      EE243B16 
 498 169c 7D0378C0 		.ascii	"}\003x\300\376\276\223\316\233\315x\221\217\023\315"
 498      FEBE93CE 
 498      9BCD7891 
 498      8F13CD
 499 16ab 95D76E8A 		.ascii	"\225\327n\212x\021\334\2663\220\320\256T\260\2100\313"
 499      7811DCB6 
 499      3390D0AE 
 499      54B08830 
 499      CB
 500 16bc 7583CAE7 		.ascii	"u\203\312\347\311\025\003:\332\345n\201\275\270\332"
 500      C915033A 
 500      DAE56E81 
 500      BDB8DA
 501 16cb E264CA62 		.ascii	"\342d\312b\204\022\0148\302\314\276w\376]\032Z\001?"
 501      84120C38 
 501      C2CCBE77 
 501      FE5D1A5A 
 501      013F
 502 16dd 4438BAB9 		.ascii	"D8\272\271\030\025\015\220%b.l\262\344\012;\023\266"
 502      18150D90 
 502      25622E6C 
 502      B2E40A3B 
 502      13B6
 503 16ef 8354364E 		.ascii	"\203T6N!\353*r\347L \301\352e\355\364$\376\342(\213"
 503      21EB2A72 
 503      E74C20C1 
 503      EA65EDF4 
 503      24FEE228 
 504 1704 143D43EE 		.ascii	"\024=C\356\244\232Yis\301\262\273\300\200\027\272\014"
 504      A49A5969 
 504      73C1B2BB 
ARM GAS  C:\Users\PUBLIC~1.LAP\AppData\Local\Temp\cczJo7sP.s 			page 40


 504      C08017BA 
 504      0C
 505 1715 96B74B10 		.ascii	"\226\267K\020 \005P\334\343\272\002{\244/#p5\354\361"
 505      200550DC 
 505      E3BA027B 
 505      A42F2370 
 505      35ECF1
 506 1728 B6B78202 		.ascii	"\266\267\202\002\261\350\341\272\354\245e\002\236\221"
 506      B1E8E1BA 
 506      ECA56502 
 506      9E91
 507 1736 19AD70A5 		.ascii	"\031\255p\245\301.tk\353d\260\3065c\224\224\203\215"
 507      C12E746B 
 507      EB64B0C6 
 507      35639494 
 507      838D
 508 1748 7704D920 		.ascii	"w\004\331 \346\012\352\224\342]\307Kc\231}&\002\202"
 508      E60AEA94 
 508      E25DC74B 
 508      63997D26 
 508      0282
 509 175a FF517E1B 		.ascii	"\377Q~\033>\200a\002\003X\356\266\324\374\021\362\035"
 509      3E806102 
 509      0358EEB6 
 509      D4FC11F2 
 509      1D
 510 176b 7F037F20 		.ascii	"\177\003\177 \300"
 510      C0
 511 1770 4C587905 		.ascii	"LXy\005W\036;\310\307\266\274;\302\035\217\343\346O"
 511      571E3BC8 
 511      C7B6BC3B 
 511      C21D8FE3 
 511      E64F
 512 1782 625392B1 		.ascii	"bS\222\261\362\3251\355\001\030\366\336p\247e+\016e"
 512      F2D531ED 
 512      0118F6DE 
 512      70A7652B 
 512      0E65
 513 1794 8EF5BDE2 		.ascii	"\216\365\275\342\211\312\225\301c\003\271\007tU\310"
 513      89CA95C1 
 513      6303B907 
 513      7455C8
 514 17a3 CAD88438 		.ascii	"\312\330\2048\251\014\313\011u\367\334r63g\303\274j"
 514      A90CCB09 
 514      75F7DC72 
 514      363367C3 
 514      BC6A
 515 17b5 B85BE959 		.ascii	"\270[\351Y\246\257\250!\371?\256\236:\364Mm\036\323"
 515      A6AFA821 
 515      F93FAE9E 
 515      3AF44D6D 
 515      1ED3
 516 17c7 50B2F86D 		.ascii	"P\262\370m\231]k~&\310,\242C\343\\\025h\001\212\326"
 516      995D6B7E 
 516      26C82CA2 
 516      43E35C15 
 516      68018AD6 
ARM GAS  C:\Users\PUBLIC~1.LAP\AppData\Local\Temp\cczJo7sP.s 			page 41


 517 17db 946B6B8B 		.ascii	"\224kk\213\337\362\307\005\372\017\261\027\374\361\246"
 517      DFF2C705 
 517      FA0FB117 
 517      FCF1A6
 518 17ea A80D695C 		.ascii	"\250\015i\\\360\223\310G\000\205U\253\374\246\222\025"
 518      F093C847 
 518      008555AB 
 518      FCA69215 
 519 17fa 7E346237 		.ascii	"~4b7\022\322\006\003\350V9\304\231\266-4\021\355\333"
 519      12D20603 
 519      E85639C4 
 519      99B62D34 
 519      11EDDB
 520 180d 35A8A4F2 		.ascii	"5\250\244\362\373\024\022\205\252#X\255\353\216\363"
 520      FB141285 
 520      AA2358AD 
 520      EB8EF3
 521 181c 86A232BF 		.ascii	"\206\2422\277\204\226\356U:l\177\021\361>\247\230\252"
 521      8496EE55 
 521      3A6C7F11 
 521      F13EA798 
 521      AA
 522 182d 31785E14 		.ascii	"1x^\024\313\030\200\336\311M\377\333i\212\312$e@\211"
 522      CB1880DE 
 522      C94DFFDB 
 522      698ACA24 
 522      654089
 523 1840 C1ECCAE6 		.ascii	"\301\354\312\346\3128\312\227\2674\353g\376\243=\353"
 523      CA38CA97 
 523      B734EB67 
 523      FEA33DEB 
 524 1850 1DF26D93 		.ascii	"\035\362m\223\254('Q=\200n\231l\352\302\271\364\\[\374"
 524      AC282751 
 524      3D806E99 
 524      6CEAC2B9 
 524      F45C5BFC 
 525 1864 5835A0FB 		.ascii	"X5\240\373bj\314\267\215\354\251F\354[\272GM\264R\002"
 525      626ACCB7 
 525      8DECA946 
 525      EC5BBA47 
 525      4DB45202 
 526 1878 F2A32188 		.ascii	"\362\243!\210\313\315o\333L\3279\317\035;\241\207\200"
 526      CBCD6FDB 
 526      4CD739CF 
 526      1D3BA187 
 526      80
 527 1889 F7D83C82 		.ascii	"\367\330<\202>!\362\017\375\017\261\227\015\212\273"
 527      3E21F20F 
 527      FD0FB197 
 527      0D8ABB
 528 1898 28B13050 		.ascii	"(\2610P\336]\377\363\3679(o\223\001\347Z\300\372SO;"
 528      DE5DFFF3 
 528      F739286F 
 528      9301E75A 
 528      C0FA534F 
 529 18ad 50F4DBF2 		.ascii	"P\364\333\362\202\326\213[\200\272\357\257\244;\017"
 529      82D68B5B 
ARM GAS  C:\Users\PUBLIC~1.LAP\AppData\Local\Temp\cczJo7sP.s 			page 42


 529      80BAEFAF 
 529      A43B0F
 530 18bc 6E33D69A 		.ascii	"n3\326\232\230O\360@\220\321\237\305#]\001"
 530      984FF040 
 530      90D19FC5 
 530      235D01
 531              		.text
 532              		.section	.gnu.lto_.symtab.83ad2160,"e",%progbits
 533 0000 6368496E 		.ascii	"chInstanceObjectInit\000"
 533      7374616E 
 533      63654F62 
 533      6A656374 
 533      496E6974 
 534 0015 00       		.ascii	"\000"
 535 0016 00       		.ascii	"\000"
 536 0017 00       		.ascii	"\000"
 537 0018 00000000 		.ascii	"\000\000\000\000\000\000\000\000"
 537      00000000 
 538 0020 52020000 		.ascii	"R\002\000\000"
 539 0024 63685F73 		.ascii	"ch_system\000"
 539      79737465 
 539      6D00
 540 002e 00       		.ascii	"\000"
 541 002f 02       		.ascii	"\002"
 542 0030 00       		.ascii	"\000"
 543 0031 00000000 		.ascii	"\000\000\000\000\000\000\000\000"
 543      00000000 
 544 0039 53020000 		.ascii	"S\002\000\000"
 545 003d 63685F64 		.ascii	"ch_debug\000"
 545      65627567 
 545      00
 546 0046 00       		.ascii	"\000"
 547 0047 02       		.ascii	"\002"
 548 0048 00       		.ascii	"\000"
 549 0049 00000000 		.ascii	"\000\000\000\000\000\000\000\000"
 549      00000000 
 550 0051 4A020000 		.ascii	"J\002\000\000"
 551 0055 63685468 		.ascii	"chThdCreateI\000"
 551      64437265 
 551      61746549 
 551      00
 552 0062 00       		.ascii	"\000"
 553 0063 02       		.ascii	"\002"
 554 0064 00       		.ascii	"\000"
 555 0065 00000000 		.ascii	"\000\000\000\000\000\000\000\000"
 555      00000000 
 556 006d 5B020000 		.ascii	"[\002\000\000"
 557 0071 5F5F7468 		.ascii	"__thd_object_init\000"
 557      645F6F62 
 557      6A656374 
 557      5F696E69 
 557      7400
 558 0083 00       		.ascii	"\000"
 559 0084 02       		.ascii	"\002"
 560 0085 00       		.ascii	"\000"
 561 0086 00000000 		.ascii	"\000\000\000\000\000\000\000\000"
 561      00000000 
ARM GAS  C:\Users\PUBLIC~1.LAP\AppData\Local\Temp\cczJo7sP.s 			page 43


 562 008e 62020000 		.ascii	"b\002\000\000"
 563 0092 706F7274 		.ascii	"port_init\000"
 563      5F696E69 
 563      7400
 564 009c 00       		.ascii	"\000"
 565 009d 02       		.ascii	"\002"
 566 009e 00       		.ascii	"\000"
 567 009f 00000000 		.ascii	"\000\000\000\000\000\000\000\000"
 567      00000000 
 568 00a7 66020000 		.ascii	"f\002\000\000"
 569              		.text
 570              		.section	.gnu.lto_.ext_symtab.83ad2160,"e",%progbits
 571 0000 01       		.ascii	"\001"
 572 0001 01       		.ascii	"\001"
 573 0002 00       		.ascii	"\000"
 574 0003 02       		.ascii	"\002"
 575 0004 01       		.ascii	"\001"
 576 0005 02       		.ascii	"\002"
 577 0006 00       		.ascii	"\000"
 578 0007 01       		.ascii	"\001"
 579 0008 00       		.ascii	"\000"
 580 0009 01       		.ascii	"\001"
 581 000a 00       		.ascii	"\000"
 582 000b 01       		.ascii	"\001"
 583 000c 00       		.ascii	"\000"
 584              		.text
 585              		.section	.gnu.lto_.opts,"e",%progbits
 586 0000 272D666E 		.ascii	"'-fno-openmp' '-fno-openacc' '-fno-pie' '-fcf-prote"
 586      6F2D6F70 
 586      656E6D70 
 586      2720272D 
 586      666E6F2D 
 587 0033 6374696F 		.ascii	"ction=none' '-mcpu=cortex-m3' '-mthumb' '-mfloat-ab"
 587      6E3D6E6F 
 587      6E652720 
 587      272D6D63 
 587      70753D63 
 588 0066 693D736F 		.ascii	"i=soft' '-mlibarch=armv7-m' '-march=armv7-m' '-Os' "
 588      66742720 
 588      272D6D6C 
 588      69626172 
 588      63683D61 
 589 0099 272D666F 		.ascii	"'-fomit-frame-pointer' '-falign-functions=16' '-ffu"
 589      6D69742D 
 589      6672616D 
 589      652D706F 
 589      696E7465 
 590 00cc 6E637469 		.ascii	"nction-sections' '-fdata-sections' '-fno-common' '-"
 590      6F6E2D73 
 590      65637469 
 590      6F6E7327 
 590      20272D66 
 591 00ff 666C746F 		.ascii	"flto' '-Xassembler' '-alms=./build/lst/chinstances."
 591      2720272D 
 591      58617373 
 591      656D626C 
 591      65722720 
ARM GAS  C:\Users\PUBLIC~1.LAP\AppData\Local\Temp\cczJo7sP.s 			page 44


 592 0132 6C737427 		.ascii	"lst'\000"
 592      00
 593              		.text
 594              		.comm	__gnu_lto_slim,1,1
 595              		.ident	"GCC: (GNU) 12.2.0"
ARM GAS  C:\Users\PUBLIC~1.LAP\AppData\Local\Temp\cczJo7sP.s 			page 45


DEFINED SYMBOLS
                            *ABS*:00000000 chinstances.c
                            *COM*:00000001 __gnu_lto_slim

NO UNDEFINED SYMBOLS
