ARM GAS  C:\Users\PUBLIC~1.LAP\AppData\Local\Temp\cclItbij.s 			page 1


   1              		.cpu cortex-m3
   2              		.arch armv7-m
   3              		.fpu softvfp
   4              		.eabi_attribute 20, 1
   5              		.eabi_attribute 21, 1
   6              		.eabi_attribute 23, 3
   7              		.eabi_attribute 24, 1
   8              		.eabi_attribute 25, 1
   9              		.eabi_attribute 26, 1
  10              		.eabi_attribute 30, 4
  11              		.eabi_attribute 34, 1
  12              		.eabi_attribute 18, 4
  13              		.file	"chmemcore.c"
  14              		.section	.gnu.lto_.profile.83ad4c2e,"e",%progbits
  15 0000 28B52FFD 		.ascii	"(\265/\375 \0061\000\000\002\000\000\000\000\000"
  15      20063100 
  15      00020000 
  15      000000
  16              		.text
  17              		.section	.gnu.lto_.icf.83ad4c2e,"e",%progbits
  18 0000 28B52FFD 		.ascii	"(\265/\375 n]\002\000T\003b\000\007\000\226\371\331"
  18      206E5D02 
  18      00540362 
  18      00070096 
  18      F9D9
  19 0012 EC010402 		.ascii	"\354\001\004\002\000\002\001\001\240\342\234\212\012"
  19      00020101 
  19      A0E29C8A 
  19      0A
  20 001f 04DECDA6 		.ascii	"\004\336\315\246\231\012\006\005\271\321\265\376\006"
  20      990A0605 
  20      B9D1B5FE 
  20      06
  21 002c DCC3A6DC 		.ascii	"\334\303\246\334\007\000\007\010\371\241\375\335\005"
  21      07000708 
  21      F9A1FDDD 
  21      05
  22 0039 08020203 		.ascii	"\010\002\002\003\002\002\000\010\000 \010\242\262Q\031"
  22      02020008 
  22      002008A2 
  22      B25119
  23 0048 B84D51C0 		.ascii	"\270MQ\300\002\234\377w+\301\000\013"
  23      029CFF77 
  23      2BC1000B 
  24              		.text
  25              		.section	.gnu.lto_.ipa_sra.83ad4c2e,"e",%progbits
  26 0000 28B52FFD 		.ascii	"(\265/\375 p\315\001\000\024\002d\000\006\000\000\001"
  26      2070CD01 
  26      00140264 
  26      00060000 
  26      01
  27 0011 04030003 		.ascii	"\004\003\000\003\005\006\001\003\003\001\000\000\001"
  27      05060103 
  27      03010000 
  27      01
  28 001e 02000002 		.ascii	"\002\000\000\002\007\003\010\001\000\000\000\000\001"
  28      07030801 
ARM GAS  C:\Users\PUBLIC~1.LAP\AppData\Local\Temp\cclItbij.s 			page 2


  28      00000000 
  28      01
  29 002b 00090040 		.ascii	"\000\011\000@5\254X\300\223\220\313\305\0351\020\010"
  29      35AC58C0 
  29      9390CBC5 
  29      1D311008 
  30 003b 99128368 		.ascii	"\231\022\203h`\200\005"
  30      608005
  31              		.text
  32              		.section	.gnu.lto_.inline.83ad4c2e,"e",%progbits
  33 0000 28B52FFD 		.ascii	"(\265/\375`H\000\215\004\000B\007\027\037\240'\351\340"
  33      6048008D 
  33      04004207 
  33      171FA027 
  33      E9E0
  34 0012 B7F69DBF 		.ascii	"\267\366\235\277X\032$\034D\252\317\177J=\177\375\177"
  34      581A241C 
  34      44AACF7F 
  34      4A3D7FFD 
  34      7F
  35 0023 49A2137B 		.ascii	"I\242\023{\344\223M\366\336)cG\007\341\243\355\371\000"
  35      E4934DF6 
  35      DE296347 
  35      07E1A3ED 
  35      F900
  36 0035 3630705B 		.ascii	"60p[\220\212k\264\015l\222\343Pi\015\362\376<\033\363"
  36      908A6BB4 
  36      0D6C92E3 
  36      50690DF2 
  36      FE3C1BF3 
  37 0049 0FB7309F 		.ascii	"\017\2670\237\270\210J\213\200\17793\333\022\010Qi%"
  37      B8884A8B 
  37      807F3933 
  37      DB120851 
  37      6925
  38 005b 97FFFBCC 		.ascii	"\227\377\373\314#\312\275\241k\333|\263\025\002\024"
  38      23CABDA1 
  38      6BDB7CB3 
  38      150214
  39 006a 00198BF0 		.ascii	"\000\031\213\360\315C\320\014\254r\253\242\320\2073"
  39      CD43D00C 
  39      AC72ABA2 
  39      D08733
  40 0079 B3B88759 		.ascii	"\263\270\207Y\327\322\014\005a\215\260*\346\270_e\216"
  40      D7D20C05 
  40      618DB02A 
  40      E6B85F65 
  40      8E
  41 008a D562A20C 		.ascii	"\325b\242\014\263j\314Ni\3022\231\313\255\005p\003"
  41      B36ACC4E 
  41      69C23299 
  41      CBAD0570 
  41      03
  42              		.text
  43              		.section	.gnu.lto_.jmpfuncs.83ad4c2e,"e",%progbits
  44 0000 28B52FFD 		.ascii	"(\265/\375 \310M\002\000\"D\015\026\300%\035\377\277"
  44      20C84D02 
ARM GAS  C:\Users\PUBLIC~1.LAP\AppData\Local\Temp\cclItbij.s 			page 3


  44      0022440D 
  44      16C0251D 
  44      FFBF
  45 0012 BBFCFFEE 		.ascii	"\273\374\377\356U\365y\347\233\234i\215lId\222\001#"
  45      55F579E7 
  45      9B9C698D 
  45      6C496492 
  45      0123
  46 0024 697C0070 		.ascii	"i|\000p\352\204\252\252[v\313\333\250dx\371\360\201"
  46      EA84AAAA 
  46      5B76CBDB 
  46      A86478F9 
  46      F081
  47 0036 CC904A1A 		.ascii	"\314\220J\032\022\361\217n#+\002\006\000\305\004T\000"
  47      12F18F6E 
  47      232B0206 
  47      00C50454 
  47      00
  48 0047 7263D31F 		.ascii	"rc\323\037X\227L\311`\200\005"
  48      58974CC9 
  48      608005
  49              		.text
  50              		.section	.gnu.lto_.pureconst.83ad4c2e,"e",%progbits
  51 0000 28B52FFD 		.ascii	"(\265/\375 \027\271\000\000\023\000\000\000\006\000"
  51      2017B900 
  51      00130000 
  51      000600
  52 000f 98040498 		.ascii	"\230\004\004\230\004\005\230\004\006\272\001\007\272"
  52      04059804 
  52      06BA0107 
  52      BA
  53 001c 01089A04 		.ascii	"\001\010\232\004"
  54              		.text
  55              		.section	.gnu.lto_.ipa_modref.83ad4c2e,"e",%progbits
  56 0000 28B52FFD 		.ascii	"(\265/\375 \260\265\002\000d\003\244\000\006\000\001"
  56      20B0B502 
  56      006403A4 
  56      00060001 
  57 0010 02060001 		.ascii	"\002\006\000\001\002\007\001\000\000\000\004\003\374"
  57      02070100 
  57      00000403 
  57      FC
  58 001d 0700FC07 		.ascii	"\007\000\374\007\000\005\006\001\000\001\000\000\006"
  58      00050601 
  58      00010000 
  58      06
  59 002a 070801B8 		.ascii	"\007\010\001\270\006\010\000\002\002\007  \002\005 "
  59      06080002 
  59      02072020 
  59      020520
  60 0039 2020C000 		.ascii	"  \300\000\300\000\000\000\014\000S\311h\271D\350\240"
  60      C0000000 
  60      0C0053C9 
  60      68B944E8 
  60      A0
  61 004a B9D049E6 		.ascii	"\271\320I\346\000Q\021\003\304\025J`\013\034\340<\001"
  61      00511103 
ARM GAS  C:\Users\PUBLIC~1.LAP\AppData\Local\Temp\cclItbij.s 			page 4


  61      C4154A60 
  61      0B1CE03C 
  61      01
  62 005b 8CB68136 		.ascii	"\214\266\2016"
  63              		.text
  64              		.section	.gnu.lto_.lto.83ad4c2e,"e",%progbits
  65 0000 0C000000 		.ascii	"\014\000\000\000\001\000\001\000"
  65      01000100 
  66              		.text
  67              		.section	.gnu.lto___core_init.264.83ad4c2e,"e",%progbits
  68 0000 28B52FFD 		.ascii	"(\265/\375`g\000\225\010\000\242\217980q\323\001#\202"
  68      60670095 
  68      0800A28F 
  68      39383071 
  68      D3012382 
  69 0014 4A28B0A6 		.ascii	"J(\260\246\030C\255\273;VV\265\025\\\017\025\244\374"
  69      1843ADBB 
  69      3B5656B5 
  69      155C0F15 
  69      A4FC
  70 0026 9512D3ED 		.ascii	"\225\022\323\3557X\335\207\232|\002\012\360Q\320xhj"
  70      3758DD87 
  70      9A7C020A 
  70      F051D078 
  70      686A
  71 0038 500B1EA9 		.ascii	"P\013\036\251*M\214P\232\377\355\357\235R\326\0106\321"
  71      2A4D8C50 
  71      9AFFEDEF 
  71      9D52D608 
  71      36D1
  72 004a A7799BC7 		.ascii	"\247y\233\307i\227&\242\027\250\013\321\357\242\337"
  72      699726A2 
  72      17A80BD1 
  72      EFA2DF
  73 0059 F5D0D081 		.ascii	"\365\320\320\201:N!\303\014\012&\274\255\"#q\243.\004"
  73      3A4E21C3 
  73      0C0A26BC 
  73      AD222371 
  73      A32E04
  74 006c 11F1F964 		.ascii	"\021\361\371d\010\013\330\270\237'3\210\252p\206\366"
  74      080BD8B8 
  74      9F273388 
  74      AA7086F6 
  75 007c 53A84F82 		.ascii	"S\250O\202\312W\357*)\031\307\312Q\350\300\307n\370"
  75      CA57EF2A 
  75      2919C7CA 
  75      51E8C0C7 
  75      6EF8
  76 008e EA9BFCE4 		.ascii	"\352\233\374\344\243\240\224s\313\036\275\304B fw1\177"
  76      A3A09473 
  76      CB1EBDC4 
  76      42206677 
  76      317F
  77 00a0 E424241F 		.ascii	"\344$$\037\344\226/J\362\365\226_\342\334\3126VU#\224"
  77      E4962F4A 
  77      F2F5965F 
  77      E2DCCA36 
ARM GAS  C:\Users\PUBLIC~1.LAP\AppData\Local\Temp\cclItbij.s 			page 5


  77      56552394 
  78 00b4 35F66892 		.ascii	"5\366h\222\263\303\376f\347\311\336xX\016\223\332\305"
  78      B3C3FE66 
  78      E7C9DE78 
  78      580E93DA 
  78      C5
  79 00c5 58D1ACCA 		.ascii	"X\321\254\312j\011\261\375\000\203\266\314G\207}qA\315"
  79      6A09B1FD 
  79      0083B6CC 
  79      47877D71 
  79      41CD
  80 00d7 ECEE353D 		.ascii	"\354\3565=\016^\202\376E\016PE\323e'aw-\253\230q\317"
  80      0E5E82FE 
  80      450E5045 
  80      D3652761 
  80      772DAB98 
  81 00ed DBF6D83E 		.ascii	"\333\366\330>\260\357\020\0002\001\317\336\014<\360"
  81      B0EF1000 
  81      3201CFDE 
  81      0C3CF0
  82 00fc 4970EC86 		.ascii	"Ip\354\206\321 \014\030\367\0119T\301-\200q!\225\241"
  82      D1200C18 
  82      F7093954 
  82      C12D8071 
  82      2195A1
  83 010f 6B385708 		.ascii	"k8W\010\343e\010q9\026\355$\003"
  83      E3650871 
  83      3916ED24 
  83      03
  84              		.text
  85              		.section	.gnu.lto_chCoreAllocFromBaseI.265.83ad4c2e,"e",%progbits
  86 0000 28B52FFD 		.ascii	"(\265/\375`]\002\315\023\000\306e\205I\300\222U:\363"
  86      605D02CD 
  86      1300C665 
  86      8549C092 
  86      553AF3
  87 0013 80A834C5 		.ascii	"\200\2504\305\264\261\037Y\227Ri\333\352u(v\203\357"
  87      B4B11F59 
  87      975269DB 
  87      EA752876 
  87      83EF
  88 0025 E0C05D6B 		.ascii	"\340\300]k\366\376\017\005mQ\000\317`\275\376\012u\033"
  88      F6FE0F05 
  88      6D5100CF 
  88      60BDFE0A 
  88      751B
  89 0037 FE5303FA 		.ascii	"\376S\003\372\3160\363\012T\177s\324\253\341\010\020"
  89      CE30F30A 
  89      547F73D4 
  89      ABE10810 
  90 0047 E01CB22D 		.ascii	"\340\034\262-\213\012\250@7j\331\020!R\246\024p\000"
  90      8B0AA840 
  90      376AD910 
  90      2152A614 
  90      7000
  91 0059 66006F00 		.ascii	"f\000o\000\027\1776!k\356\202\030T\324\347#\034\014"
  91      177F3621 
ARM GAS  C:\Users\PUBLIC~1.LAP\AppData\Local\Temp\cclItbij.s 			page 6


  91      6BEE8218 
  91      54D4E723 
  91      1C0C
  92 006b AE0FB231 		.ascii	"\256\017\2621jN_\221\321\234d\211\025\214\027m\373("
  92      6A4E5F91 
  92      D19C6489 
  92      158C176D 
  92      FB28
  93 007d 9EC26623 		.ascii	"\236\302f#\205\344\212oG\217\234\2179\311\026\311\005"
  93      85E48A6F 
  93      478F9C8F 
  93      39C916C9 
  93      05
  94 008e 982E860F 		.ascii	"\230.\206\017`\272\270#n\273\030\256\332\374\333\305"
  94      60BAB823 
  94      6EBB18AE 
  94      DAFCDBC5 
  95 009e 131244BC 		.ascii	"\023\022D\274\236\207\207\271T\017G7<I\002\001T\365"
  95      9E8787B9 
  95      540F4737 
  95      3C490201 
  95      54F5
  96 00b0 70612AC7 		.ascii	"pa*\307\206\320\203\327\014=\034\325S\312\234\323\312"
  96      86D083D7 
  96      0C3D1CD5 
  96      53CA9CD3 
  96      CA
  97 00c1 EB71B84D 		.ascii	"\353q\270M\267-\3016\004[}\002J@\277\033]\262\311\233"
  97      B72DC136 
  97      045B7D02 
  97      4A40BF1B 
  97      5DB2C99B 
  98 00d5 6E8FFD2D 		.ascii	"n\217\375-\313\262\364\362\330\253f\251z\245j\225\252"
  98      CBB2F4F2 
  98      D8AB66A9 
  98      7AA56A95 
  98      AA
  99 00e6 47542DA2 		.ascii	"GT-\242\352\324\252CV\215\272\357\037\377\373O\241:"
  99      EAD4AA43 
  99      568DBAEF 
  99      1FFFFB4F 
  99      A13A
 100 00f8 3C79EF83 		.ascii	"<y\357\203~\375\320}\000\357\340\023\324!@4gN\011d\322"
 100      7EFDD07D 
 100      00EFE013 
 100      D4214034 
 100      674E0964 
 101 010d 10619C38 		.ascii	"\020a\2348\371\017]m\233/\364\240SC5\022\324\234\276"
 101      F90F5D6D 
 101      9B2FF4A0 
 101      53433512 
 101      D49CBE
 102 0120 0F462B64 		.ascii	"\017F+dm\274mX\361pHIs\222\006.\332\301\0301r\372\343"
 102      6DBC6D58 
 102      F1704849 
 102      7392062E 
 102      DAC11831 
ARM GAS  C:\Users\PUBLIC~1.LAP\AppData\Local\Temp\cclItbij.s 			page 7


 103 0137 3EB71C4A 		.ascii	">\267\034J\273=f\355\356\200\340\214\234\376\260-{\021"
 103      BB3D66ED 
 103      EE80E08C 
 103      9CFEB02D 
 103      7B11
 104 0149 0BD69E7A 		.ascii	"\013\326\236zA\200~\272\337]\223\235R\367\263\332o\311"
 104      41807EBA 
 104      DF5D939D 
 104      52F7B3DA 
 104      6FC9
 105 015b 6E49B523 		.ascii	"nI\265#\273\332\357t\306U\355u<VeY\226\367\221IdGR;"
 105      BBDAEF74 
 105      C655ED75 
 105      3C566559 
 105      96F79149 
 106 0173 AEC85EB7 		.ascii	"\256\310^\267\203\323%\207lj\277[:-jC\366\272\037\234"
 106      83D32587 
 106      6C6ABF5B 
 106      3A2D6A43 
 106      F6BA1F9C 
 107 0187 6727AA8D 		.ascii	"g'\252\215sN\024_\305WT\360M\\4\255F\317\2531]D\355"
 107      734E145F 
 107      C55754F0 
 107      4D5C34AD 
 107      46CFAB31 
 108 019e 832F1022 		.ascii	"\203/\020\"2\247\261\360\212\011i^\264\227\227\231)"
 108      32A7B1F0 
 108      8A09695E 
 108      B4979799 
 108      29
 109 01af 86420CA6 		.ascii	"\206B\014\246E|]\210\321B\273\016\274ff.\331K\006s\265"
 109      457C5D88 
 109      D142BB0E 
 109      BC66662E 
 109      D94B0673 
 110 01c4 5C33B496 		.ascii	"\\3\264\226K\014\2066k\321f\255\010\017b.1X\003\026"
 110      4B0C8636 
 110      6BD166AD 
 110      080F622E 
 110      31580316 
 111 01d8 94040864 		.ascii	"\224\004\010dd/\032\226\032\254&\0063\241\305\304\204"
 111      642F1A96 
 111      1AAC2606 
 111      33A1C5C4 
 111      84
 112 01e9 65810A0A 		.ascii	"e\201\012\0129\277<\226\001\376\264u\330\013\015\341"
 112      39BF3C96 
 112      01FEB475 
 112      D80B0DE1 
 113 01f9 C724E06F 		.ascii	"\307$\340o[\017\227g;\\\247\334\354M8\347\234\342\256"
 113      5B0F9767 
 113      3B5CA7DC 
 113      EC4D38E7 
 113      9CE2AE
 114 020c 8B9AEA46 		.ascii	"\213\232\352F\013\261F\011\244\2432\200\"t\204\333c"
 114      0BB14609 
 114      A4A33280 
ARM GAS  C:\Users\PUBLIC~1.LAP\AppData\Local\Temp\cclItbij.s 			page 8


 114      227484DB 
 114      63
 115 021d D4EE6A89 		.ascii	"\324\356j\211`+ \200\002\021S\333=\001\2433\325Qq=\310"
 115      602B2080 
 115      021153DB 
 115      3D01A333 
 115      D551713D 
 116 0232 AF1B9E95 		.ascii	"\257\033\236\225z\331\010\371\022\266\340=O+\225\267"
 116      7AD908F9 
 116      12B6E03D 
 116      4F2B95B7 
 117 0242 9814B6B6 		.ascii	"\230\024\266\266{AL\227=k\226=\254yY\011\374\231\300"
 117      7B414C97 
 117      3D6B963D 
 117      AC795909 
 117      FC99C0
 118 0255 A2EBEC08 		.ascii	"\242\353\354\010\221\326E\215\030M\264\\`n\234\257\177"
 118      91D6458D 
 118      184DB45C 
 118      606E9CAF 
 118      7F
 119 0266 8425C45E 		.ascii	"\204%\304^\001\000\012?\354 \0025\337c\030Hh\303?G\202"
 119      01000A3F 
 119      EC200235 
 119      DF631848 
 119      68C33F47 
 120 027b 1AF8CB25 		.ascii	"\032\370\313%\253j\373\036"
 120      AB6AFB1E 
 121              		.text
 122              		.section	.gnu.lto_chCoreAllocFromTopI.266.83ad4c2e,"e",%progbits
 123 0000 28B52FFD 		.ascii	"(\265/\375`I\002U\023\000&$\201H\300\322Q:\343\307D"
 123      60490255 
 123      13002624 
 123      8148C0D2 
 123      513AE3C7 
 124 0015 A0EC40F6 		.ascii	"\240\354@\366o\0240\336\347\200\245gPl\213\247C\336"
 124      6F1430DE 
 124      E780A567 
 124      506C8BA7 
 124      43DE
 125 0027 03DE034E 		.ascii	"\003\336\003NBT\330\331\031\244\250\237\261d\305\245"
 125      4254D8D9 
 125      19A4A89F 
 125      B164C5A5 
 126 0037 CD1C0BAC 		.ascii	"\315\034\013\254\217E\235~\023\212 \001\220\026H\235"
 126      8F459D7E 
 126      138A2001 
 126      9016489D 
 127 0047 0236C845 		.ascii	"\0026\310Eu\272IO\276\332\377\367\2262\245k\000c\000"
 127      75BA494F 
 127      BEDAFFF7 
 127      9632A56B 
 127      006300
 128 005a 6D009288 		.ascii	"m\000\222\210&\270\242>\337\360\361\340\372!\032\267"
 128      26B8A23E 
 128      DFF0F1E0 
 128      FA211AB7 
ARM GAS  C:\Users\PUBLIC~1.LAP\AppData\Local\Temp\cclItbij.s 			page 9


 129 006a E6F42935 		.ascii	"\346\364)5\315\031\"p\003\326\245m\337\305_\350l\037"
 129      CD192270 
 129      03D6A56D 
 129      DFC55FE8 
 129      6C1F
 130 007c 3164F149 		.ascii	"1d\361I\325\200!d\316\020f\362\001\252\313x\001\252"
 130      D5802164 
 130      CE1066F2 
 130      01AACB78 
 130      01AA
 131 008e CB4571DD 		.ascii	"\313Eq\335e\\\325\371\273K\224 &^/\304\343\215\253\207"
 131      655CD5F9 
 131      BB4B9420 
 131      265E2FC4 
 131      E38DAB87 
 132 00a2 A31B51A2 		.ascii	"\243\033Q\242H\024\275z6\321\265\303\303\350\277\253"
 132      4814BD7A 
 132      36D1B5C3 
 132      C3E8BFAB 
 133 00b2 871E8EEA 		.ascii	"\207\036\216\352Je\316i\345\365xn\325mW\260=\301V\020"
 133      4A65CE69 
 133      E5F5786E 
 133      D56D57B0 
 133      3DC15610 
 134 00c6 01353A65 		.ascii	"\0015:e\207;\335\037\373\033\014\006\203^\037{\325%"
 134      873BDD1F 
 134      FB1B0C06 
 134      835E1F7B 
 134      D525
 135 00d8 AB7E4935 		.ascii	"\253~I5\211\252GV\355\222j\221U\267\356\373Y\037\372"
 135      89AA4756 
 135      ED926A91 
 135      55B7EEFB 
 135      591FFA
 136 00eb 57511D1F 		.ascii	"WQ\035\037\336{\242_\177t?\300E\000\375v\0140\315\271"
 136      DE7BA25F 
 136      7F743FC0 
 136      4500FD76 
 136      0C30CDB9 
 137 00ff 131C3277 		.ascii	"\023\0342wH\247\026\017\377\243\253\255\363\215\376"
 137      48A7160F 
 137      FFA3ABAD 
 137      F38DFE
 138 010e B3EB2867 		.ascii	"\263\353(g\322\232\3237\242\211%\314\261v\037\000\360"
 138      D29AD337 
 138      A28925CC 
 138      B1761F00 
 138      F0
 139 011f 705444CD 		.ascii	"pTD\315\031\036\270t\004\326\003\255\335U\026\277\034"
 139      191EB874 
 139      04D603AD 
 139      DD5516BF 
 139      1C
 140 0130 370ABCC3 		.ascii	"7\012\274\303\3357\305\356G\220\335\037\277v\227\300"
 140      DD37C5EE 
 140      4790DD1F 
 140      BF7697C0 
ARM GAS  C:\Users\PUBLIC~1.LAP\AppData\Local\Temp\cclItbij.s 			page 10


 141 0140 0FC78D02 		.ascii	"\017\307\215\002mc\270\222\214\327\256x\240\200D$\373"
 141      6D63B892 
 141      8CD7AE78 
 141      A0804424 
 141      FB
 142 0151 DD3D528E 		.ascii	"\335=R\216\220.\3112\000J\312\221*\371\012\235\236\221"
 142      902EC932 
 142      004ACA91 
 142      2AF90A9D 
 142      9E91
 143 0163 2D59ABCE 		.ascii	"-Y\253\316\024kGD\266\265\256}\216\220\215Ny\265\"\373"
 143      146B4744 
 143      B6B5AE7D 
 143      8E908D4E 
 143      79B522FB 
 144 0177 1C29D79E 		.ascii	"\034)\327\236\224c\3159S|\244\307\260\371A\227\326\200"
 144      9463CD39 
 144      537CA4C7 
 144      B0F94197 
 144      D680
 145 0189 D3F370AA 		.ascii	"\323\363p\252\313\326\376\367\002&\236\200D\001\267"
 145      CBD6FEF7 
 145      02269E80 
 145      4401B7
 146 0198 7390C9DC 		.ascii	"s\220\311\334\342\214\014\007\003cSe\270@\213q\221\262"
 146      E28C0C07 
 146      03635365 
 146      B8408B71 
 146      91B2
 147 01aa 0E345C74 		.ascii	"\0164\\t,\201L\306\026\253\311j\263\030,&\203\203\275"
 147      2C814CC6 
 147      16ABC96A 
 147      B3182C26 
 147      8383BD
 148 01bd D0627036 		.ascii	"\320bp6\030\316\006\243 \201\366B\233AhIY\240\340V\223"
 148      18CE06A3 
 148      2081F642 
 148      9B416849 
 148      59A0E056 
 149 01d2 CDB4E466 		.ascii	"\315\264\344f\033h1\026\\NNZ\034\254\244\204\363\353"
 149      1B683116 
 149      5C4E4E5A 
 149      1CACA484 
 149      F3EB
 150 01e4 E3DBD392 		.ascii	"\343\333\323\222\302>\263Q\"\262\242\236\226\026\366"
 150      C23EB351 
 150      22B2A29E 
 150      9616F6
 151 01f3 B83CDB71 		.ascii	"\270<\333q\255R\2635q\3169\345.\215\334\253\307\014"
 151      AD52B335 
 151      71CE39E5 
 151      2E8DDCAB 
 151      C70C
 152 0205 E9A403D8 		.ascii	"\351\244\003\330\243PE'\200\304\375q, \200\002\031b"
 152      A3504527 
 152      80C4FD71 
 152      2C208002 
ARM GAS  C:\Users\PUBLIC~1.LAP\AppData\Local\Temp\cclItbij.s 			page 11


 152      1962
 153 0217 DDBD8051 		.ascii	"\335\275\200Q\035\345\272cZ\341 \030\275@ \356\010\321"
 153      1DE5BA63 
 153      5AE12018 
 153      BD4020EE 
 153      08D1
 154 0229 320EC0E5 		.ascii	"2\016\300\345\225\035i\201\202\305\201b\034F\341\036"
 154      951D6981 
 154      82C58162 
 154      1C46E11E 
 155 0239 68AF6DC3 		.ascii	"h\257m\303\330\222#\313\3755l\217]YF\206\014\227\364"
 155      D89223CB 
 155      FD356C8F 
 155      5D594686 
 155      0C97F4
 156 024c 4F3419B8 		.ascii	"O4\031\270\320\334X\276\276\021\026\021{\002\000*\344"
 156      D0DC58BE 
 156      BE111611 
 156      7B02002A 
 156      E4
 157 025d B246841B 		.ascii	"\262F\204\033\\\303\275\303@\2056\274s$\324\300\272"
 157      5CC3BDC3 
 157      408536BC 
 157      7324D4C0 
 157      BA
 158 026e 8C64552D 		.ascii	"\214dU-\335\003"
 158      DD03
 159              		.text
 160              		.section	.gnu.lto_chCoreAllocFromBase.267.83ad4c2e,"e",%progbits
 161 0000 28B52FFD 		.ascii	"(\265/\375`h\002\255\022\000\226\242}I\340\3226c\240"
 161      606802AD 
 161      120096A2 
 161      7D49E0D2 
 161      3663A0
 162 0013 7E6594F7 		.ascii	"~e\224\367X\221\215\340\311\231hL\010\342gi\206\364"
 162      58918DE0 
 162      C999684C 
 162      08E26769 
 162      86F4
 163 0025 38A4B536 		.ascii	"8\244\2656\000\377\0356o\013v\264\351\315\233\206\256"
 163      00FF1D36 
 163      6F0B76B4 
 163      E9CD9B86 
 163      AE
 164 0036 34BC63DF 		.ascii	"4\274c\337bR\217A\030\210\340\"\343\221\236=\220Uc)"
 164      62528F41 
 164      1888E022 
 164      E3919E3D 
 164      90556329 
 165 004a 82C80DA6 		.ascii	"\202\310\015\246\341RC{\210\020)S\012f\000e\000l\000"
 165      E152437B 
 165      88102953 
 165      0A660065 
 165      006C00
 166 005d B64F2BA1 		.ascii	"\266O+\241pB\010\250\235\010\262t\357\251\340\235)\240"
 166      704208A8 
 166      9D08B274 
ARM GAS  C:\Users\PUBLIC~1.LAP\AppData\Local\Temp\cclItbij.s 			page 12


 166      EFA9E09D 
 166      29A0
 167 006f DE09DD3C 		.ascii	"\336\011\335<\261\320\233u(\251\234>\350\306\251{oH"
 167      B1D09B75 
 167      28A99C3E 
 167      E8C6A97B 
 167      6F48
 168 0081 49F79E26 		.ascii	"I\367\236&~\200zg\333g\361\0263[\211;/\334\230\232>"
 168      7E807A67 
 168      DB67F116 
 168      335B893B 
 168      2FDC989A 
 169 0096 38DD7BDA 		.ascii	"8\335{\332\325\013x\357\270\023\360\336U\024\237\235"
 169      D50B78EF 
 169      B813F0DE 
 169      55149F9D 
 170 00a6 CEFC0F9D 		.ascii	"\316\374\017\235[\001dC\207\007\347t$\302\275\327T\207"
 170      5B016443 
 170      8707E774 
 170      24C2BDD7 
 170      5487
 171 00b8 47C45D6F 		.ascii	"G\304]o\373\200\375\0046\005\020L4\372d\2379\264\232"
 171      FB80FD04 
 171      3605104C 
 171      34FA649F 
 171      39B49A
 172 00cb B0CFDDFA 		.ascii	"\260\317\335\372c\377\274\275\013\375\334o\177}\320"
 172      63FFBCBD 
 172      0BFDDC6F 
 172      7F7DD0
 173 00da 4F531428 		.ascii	"OS\024(Gm\204\012\004)\316\273\363T\344\372\350n\000"
 173      476D840A 
 173      0429CEBB 
 173      F354E4FA 
 173      E86E00
 174 00ed FDFCED23 		.ascii	"\375\374\355#\3110\011\017\0206\015\217a\257)\307\307"
 174      C930090F 
 174      10360D8F 
 174      61AF29C7 
 174      C7
 175 00fe 3C91EFE2 		.ascii	"<\221\357\342\307\213~d\253,\273\221I`\030\331l\376"
 175      C78B7E64 
 175      AB2CBB91 
 175      496018D9 
 175      6CFE
 176 0110 C2DE8E22 		.ascii	"\302\336\216\"\237\036\016'2\312\020\247{\257Jf\253"
 176      9F1E0E27 
 176      32CA10A7 
 176      7BAF4A66 
 176      AB
 177 0121 DE517BE6 		.ascii	"\336Q{\346\017Y\025\245ie\304\227IZ\223\264.\013\242"
 177      0F5915A5 
 177      6965C497 
 177      495A93B4 
 177      2E0BA2
 178 0134 8C18AEBC 		.ascii	"\214\030\256\274\244\2400\200\215`\354E\026\332\210"
 178      A4A03080 
ARM GAS  C:\Users\PUBLIC~1.LAP\AppData\Local\Temp\cclItbij.s 			page 13


 178      8D60EC45 
 178      16DA88
 179 0143 2F981816 		.ascii	"/\230\030\026\353\005\002K\312I;w\353\317\004#\"\266"
 179      EB05024B 
 179      CA493B77 
 179      EBCF0423 
 179      22B6
 180 0155 255AA5E1 		.ascii	"%Z\245\341@\012@\271Z+\2556\215H\257\343\325\017\275"
 180      400A40B9 
 180      5A2BAD36 
 180      8D48AFE3 
 180      D50FBD
 181 0168 0322C4B6 		.ascii	"\003\"\304\266T\253\327~R\006T\215\376\224\314x\015"
 181      54ABD77E 
 181      5206548D 
 181      FE94CC78 
 181      0D
 182 0179 3BE5D3B0 		.ascii	";\345\323\260\235z7\242j\224D\311;\326I\357\035\335"
 182      9D7A37A2 
 182      6A9444C9 
 182      3BD649EF 
 182      1DDD
 183 018b F1FD1F3D 		.ascii	"\361\375\037=\325#\250\247D\226\225\344\010\216#.\251"
 183      D523A8A7 
 183      449695E4 
 183      088E232E 
 183      A9
 184 019c 5906560B 		.ascii	"Y\006V\013\304\022\006\23212+\027Wk\200\303\223\357"
 184      C412069A 
 184      31322B17 
 184      576B80C3 
 184      93EF
 185 01ae A3813145 		.ascii	"\243\2011Esl\261`I\256XW\213\253\265bc\035\300\012\016"
 185      736CB160 
 185      49AE5857 
 185      8BABB562 
 185      631DC00A 
 186 01c3 C3CFB64C 		.ascii	"\303\317\266L\034lh\271H\260f\254$a\266\206\034G\362"
 186      1C6C68B9 
 186      48B066AC 
 186      2461B686 
 186      1C47F2
 187 01d6 53717862 		.ascii	"Sqxb\312\314\360\263 \006\233\327W#\332X\331\000\366"
 187      CACCF0B3 
 187      20069BD7 
 187      5723DA58 
 187      D900F6
 188 01e9 1868CECC 		.ascii	"\030h\316\314\220^\015\215\370\212\351@\017\242\311"
 188      905E0D8D 
 188      F88AE940 
 188      0FA2C9
 189 01f8 F93B014B 		.ascii	"\371;\001K\362\033\3011\374\354\027' p\242Aw\333\015"
 189      F21BC131 
 189      FCEC1727 
 189      2070A241 
 189      77DB0D
 190 020b E8030E06 		.ascii	"\350\003\016\006a\312\250@hnqf\234\321\210\341\007!"
ARM GAS  C:\Users\PUBLIC~1.LAP\AppData\Local\Temp\cclItbij.s 			page 14


 190      61CAA840 
 190      686E7166 
 190      9CD188E1 
 190      0721
 191 021d B7C1B42C 		.ascii	"\267\301\264,\302H\\\314v\220\260\210_\204\332\323\216"
 191      C2485CCC 
 191      7690B088 
 191      5F84DAD3 
 191      8E
 192 022e 32B30ED0 		.ascii	"2\263\016\3201\\\344\024@`\232\001\007$\212d[\311\232"
 192      315CE414 
 192      40609A01 
 192      07248A64 
 192      5BC99A
 193 0241 C989D3AB 		.ascii	"\311\211\323\253\266\201\201\304{\260\200B^\326\310"
 193      B68181C4 
 193      7BB08042 
 193      5ED6C8
 194 0250 C20DD7EC 		.ascii	"\302\015\327\354\036\303\000\241\001\217\214\246V<\001"
 194      1EC300A1 
 194      018F8CA6 
 194      563C01
 195              		.text
 196              		.section	.gnu.lto_chCoreAllocFromTop.268.83ad4c2e,"e",%progbits
 197 0000 28B52FFD 		.ascii	"(\265/\375`h\002\265\022\000\226\342}I\320\3626cB\316"
 197      606802B5 
 197      120096E2 
 197      7D49D0F2 
 197      366342CE 
 198 0014 E711A4A7 		.ascii	"\347\021\244\247Q\221r\\\234\004h\024\343\034\233\240"
 198      5191725C 
 198      9C046814 
 198      E31C9BA0 
 199 0024 83B5DEA0 		.ascii	"\203\265\336\240\002\026\250\264{\255\004\354k\365\033"
 199      0216A8B4 
 199      7BAD04EC 
 199      6BF51B
 200 0033 3B0D5DF4 		.ascii	";\015]\364x\001\321ra{\031H\313\300Cc\260\003\010\034"
 200      7801D172 
 200      617B1948 
 200      CBC04363 
 200      B003081C 
 201 0047 5A2F75D2 		.ascii	"Z/u\322\331\312I\251\262'\373\335[\312\224\002g\000"
 201      D9CA49A9 
 201      B227FBDD 
 201      5BCA9402 
 201      6700
 202 0059 65006C00 		.ascii	"e\000l\000\266O;\245nB\010\250\375\214x\272\367T\360"
 202      B64F3BA5 
 202      6E4208A8 
 202      FD8C78BA 
 202      F754F0
 203 006c CE1452EF 		.ascii	"\316\024R\357\202l\202\254P \333\340\221r\372\233\215"
 203      826C82AC 
 203      5020DBE0 
 203      9172FA9B 
 203      8D
ARM GAS  C:\Users\PUBLIC~1.LAP\AppData\Local\Temp\cclItbij.s 			page 15


 204 007d 55F70221 		.ascii	"U\367\002!1\335{\226\370A\352\235m\237\305[\314l'\356"
 204      31DD7B96 
 204      F841EA9D 
 204      6D9FC55B 
 204      CC6C27EE 
 205 0091 BC00E443 		.ascii	"\274\000\344C\351\003\324\275\247\035y\001\357\035w"
 205      E903D4BD 
 205      A71D7901 
 205      EF1D77
 206 00a0 02DEBB8A 		.ascii	"\002\336\273\212\342\263\323\231\177\241s+n2rvnNC\""
 206      E2B3D399 
 206      7FA1732B 
 206      6E327276 
 206      6E4E4322 
 207 00b4 DC7B4D73 		.ascii	"\334{MsvD\334\365\266\017\330O`S\000\001=h4\312>qh="
 207      7644DCF5 
 207      B60FD84F 
 207      60530001 
 207      3D6834CA 
 208 00cc 619FBBD5 		.ascii	"a\237\273\325\307\376y{\017\372\271\003\375\365\267"
 208      C7FE797B 
 208      0FFAB903 
 208      FDF5B7
 209 00db 9FAAE8AD 		.ascii	"\237\252\350\255F\215\307\005\202\237\363\352D\001\271"
 209      468DC705 
 209      829FF3EA 
 209      4401B9
 210 00ea 3ABA192A 		.ascii	":\272\031*~\376\366\223\220,\202\003\204M\303a\330\373"
 210      7EFEF693 
 210      902C8203 
 210      844DC361 
 210      D8FB
 211 00fc 81D3637E 		.ascii	"\201\323c~\310o\332q\242\033\331+\313^d\221\243\"[\315"
 211      C86FDA71 
 211      A21BD92B 
 211      CB5E6491 
 211      A3225BCD 
 212 0110 5FD8BB41 		.ascii	"_\330\273A\324\303\303\341C>Y\202\272\367\256d\366\352"
 212      D4C3C3E1 
 212      433E5982 
 212      BAF7AE64 
 212      F6EA
 213 0122 1DB567BE 		.ascii	"\035\265g\276\220W\001\245ic\304\227IZ\223\264.\013"
 213      905701A5 
 213      6963C497 
 213      495A93B4 
 213      2E0B
 214 0134 628C18AA 		.ascii	"b\214\030\252\270\2404`\000\033\301\230\213,\254\021"
 214      B8A03460 
 214      001BC198 
 214      8B2CAC11 
 215 0144 5F2F302C 		.ascii	"_/0,\226\013\204\025\224\223v\356V\237\011G)lO\264J"
 215      960B8415 
 215      949376EE 
 215      569F0947 
 215      296C4FB4 
 216 0159 A3911480 		.ascii	"\243\221\024\200r\265VZ\355\031\221>\307\253\027z\327"
ARM GAS  C:\Users\PUBLIC~1.LAP\AppData\Local\Temp\cclItbij.s 			page 16


 216      72B5565A 
 216      ED19913E 
 216      C7AB177A 
 216      D7
 217 016a 44C2F654 		.ascii	"D\302\366T\253\327>S\206T\215\372\220\304\370\222\255"
 217      ABD73E53 
 217      86548DFA 
 217      90C4F892 
 217      AD
 218 017b F2956CAB 		.ascii	"\362\225l\253\336\215\251\032-A\362\216u\322{Gu|\377"
 218      DE8DA91A 
 218      2D41F28E 
 218      75D27B47 
 218      757CFF
 219 018e 4657E5B8 		.ascii	"FW\345\270\361\230\010\226\225\344\010\216!.\251Y\006"
 219      F1980896 
 219      95E4088E 
 219      212EA959 
 219      06
 220 019f 46168825 		.ascii	"F\026\210%\0144abFZ\\\255\001\016M\276o\346\305\024"
 220      0C346162 
 220      465A5CAD 
 220      010E4DBE 
 220      6FE6C514 
 221 01b3 CD91C582 		.ascii	"\315\221\305\202%\251b],\256\226\212\215u\000+8\014"
 221      25A9625D 
 221      2CAE968A 
 221      8D75002B 
 221      380C
 222 01c5 3FDB2A71 		.ascii	"?\333*q\260\241\325\"\301\232\261\222\204Y\032r\034"
 222      B0A1D522 
 222      C19AB192 
 222      84591A72 
 222      1C
 223 01d6 C92FC5A1 		.ascii	"\311/\305\241\211)3\303\317\202\030j^\037\215hc\345"
 223      892933C3 
 223      CF82186A 
 223      5E1F8D68 
 223      63E5
 224 01e8 09EC31D0 		.ascii	"\011\3541\320\224\221!=\232\031\361\005\323\201\036"
 224      9491213D 
 224      9A19F105 
 224      D3811E
 225 01f7 4493F367 		.ascii	"D\223\363g\002\226\3447\202c\370\331/' p\242Aw\333\015"
 225      0296E437 
 225      8263F8D9 
 225      2F272070 
 225      A24177DB 
 226 020c E8030E06 		.ascii	"\350\003\016\006a\312\250@hnqf\234\321\210\341\007!"
 226      61CAA840 
 226      686E7166 
 226      9CD188E1 
 226      0721
 227 021e B7C1B42C 		.ascii	"\267\301\264,\302H\\\314v\220\260\210_\204\332\323\216"
 227      C2485CCC 
 227      7690B088 
 227      5F84DAD3 
ARM GAS  C:\Users\PUBLIC~1.LAP\AppData\Local\Temp\cclItbij.s 			page 17


 227      8E
 228 022f 32B30ED0 		.ascii	"2\263\016\3201\\\344\024@`\232\001\007$\212d[\311\232"
 228      315CE414 
 228      40609A01 
 228      07248A64 
 228      5BC99A
 229 0242 C989D3AB 		.ascii	"\311\211\323\253\266\201\201\304{\260\200B^\326\310"
 229      B68181C4 
 229      7BB08042 
 229      5ED6C8
 230 0251 C20DD7EC 		.ascii	"\302\015\327\354\036\303\000\241\001\217\214\246V<\001"
 230      1EC300A1 
 230      018F8CA6 
 230      563C01
 231              		.text
 232              		.section	.gnu.lto_chCoreGetStatusX.269.83ad4c2e,"e",%progbits
 233 0000 28B52FFD 		.ascii	"(\265/\375`\317\0005\013\000\206\224K>\020Q\234\016"
 233      60CF0035 
 233      0B008694 
 233      4B3E1051 
 233      9C0E
 234 0012 D487446E 		.ascii	"\324\207Dn\006\013$\345\235\030z\306\334\035\202\000"
 234      060B24E5 
 234      9D187AC6 
 234      DC1D8200 
 235 0022 46884904 		.ascii	"F\210I\004\240%\001\235\272El?\233\206\332\0156xr\222"
 235      A025019D 
 235      BA456C3F 
 235      9B86DA0D 
 235      36787292 
 236 0036 A6F2C32A 		.ascii	"\246\362\303*\257\005N\021\336ibQ\004V\000\201\332\357"
 236      AF054E11 
 236      DE696251 
 236      04560081 
 236      DAEF
 237 0048 4DA44C29 		.ascii	"M\244L)6\0007\000:\000\273a\001'\210<\012x\000\353\261"
 237      36003700 
 237      3A00BB61 
 237      0127883C 
 237      0A7800EB 
 238 005d 3A00EBD1 		.ascii	":\000\353\321\237m\343\341\203\245q2\345\330]L?\374"
 238      9F6DE3E1 
 238      83A57132 
 238      E5D85D4C 
 238      3FFC
 239 006f 7B7EFE4B 		.ascii	"{~\376K\374\002A\236'\204\301\356:AP\207[o{\200\355"
 239      FC02419E 
 239      2784C1EE 
 239      3A415087 
 239      5B6F7B80 
 240 0084 05F62504 		.ascii	"\005\366%\0042t\224>\231\262CO\252\007\373\325\252\310"
 240      3274943E 
 240      99B2434F 
 240      AA07FBD5 
 240      AAC8
 241 0096 3EE9B7AA 		.ascii	">\351\267\252t\245i\315tf\372\027\201\026\257q\332\345"
 241      74A569CD 
ARM GAS  C:\Users\PUBLIC~1.LAP\AppData\Local\Temp\cclItbij.s 			page 18


 241      7466FA17 
 241      8116AF71 
 241      DAE5
 242 00a8 D063C7A2 		.ascii	"\320c\307\242\"\214\020\037\266\237\366G\234\304wR\307"
 242      228C101F 
 242      B69FF647 
 242      9CC47752 
 242      C7
 243 00b9 D7AE0917 		.ascii	"\327\256\011\027/\002\252\225\236\307\206T\252j\214"
 243      2F02AA95 
 243      9EC78654 
 243      AA6A8C
 244 00c8 A1414486 		.ascii	"\241AD\206\355+L\251\227h\306\325\246p\025)6\234\202"
 244      ED2B4CA9 
 244      9768C6D5 
 244      A6701529 
 244      369C82
 245 00db 18756E80 		.ascii	"\030un\2008\334\035\005\206\310\356N\374\023/U\360G"
 245      38DC1D05 
 245      86C8EE4E 
 245      FC132F55 
 245      F047
 246 00ed 8FF63879 		.ascii	"\217\3668y\360\321\347X\217WH(\032\013\247\316\014h"
 246      F0D1E758 
 246      8F574828 
 246      1A0BA7CE 
 246      0C68
 247 00ff 9B2EE334 		.ascii	"\233.\3434\016\223a\331\306\303.[\306\3530\257\303 "
 247      0E9361D9 
 247      C6C32E5B 
 247      C6EB30AF 
 247      C320
 248 0111 50B6CB86 		.ascii	"P\266\313\206iP\231 8\240\3414\013\225\013\030\316\226"
 248      69509920 
 248      38A0E134 
 248      0B950B18 
 248      CE96
 249 0123 89609148 		.ascii	"\211`\221H*\012\034L\302}\265*2%\204\372\350\307\225"
 249      2A0A1C4C 
 249      C27DB52A 
 249      322584FA 
 249      E8C795
 250 0136 DADA594C 		.ascii	"\332\332YL\010\025\0002\241\037/0<\3304&x\003\344Z\341"
 250      08150032 
 250      A11F2F30 
 250      3CD83426 
 250      7803E45A 
 251 014b 016D00BE 		.ascii	"\001m\000\276UH\275\005l\224\222rM0\020\342\251\030"
 251      5548BD05 
 251      6C949272 
 251      4D3010E2 
 251      A918
 252 015d 21D585AE 		.ascii	"!\325\205\256\341\251\230(\227`\211\325\024q\207\027"
 252      E1A99828 
 252      976089D5 
 252      14718717 
 253 016d ED2403   		.ascii	"\355$\003"
ARM GAS  C:\Users\PUBLIC~1.LAP\AppData\Local\Temp\cclItbij.s 			page 19


 254              		.text
 255              		.section	.gnu.lto_.symbol_nodes.83ad4c2e,"e",%progbits
 256 0000 28B52FFD 		.ascii	"(\265/\375 \312\215\003\000t\005\306\000\000\000\000"
 256      20CA8D03 
 256      007405C6 
 256      00000000 
 257 0010 0288027F 		.ascii	"\002\210\002\177\011\200\200\200\200\004\001\220\316"
 257      09808080 
 257      80040190 
 257      CE
 258 001d 00007F00 		.ascii	"\000\000\177\000\000\272\220\202\002\000\000\000\005"
 258      00BA9082 
 258      02000000 
 258      05
 259 002a 87020AC1 		.ascii	"\207\002\012\301\204\001\216\002\013`\217\002\014\002"
 259      84018E02 
 259      0B608F02 
 259      0C02
 260 0038 89027F0D 		.ascii	"\211\002\177\015\377\377\377\377\003\002\212\002\177"
 260      FFFFFFFF 
 260      03028A02 
 260      7F
 261 0045 0E8B027F 		.ascii	"\016\213\002\177\017\002\214\002\177\020\215\002\177"
 261      0F028C02 
 261      7F108D02 
 261      7F
 262 0052 11030604 		.ascii	"\021\003\006\004B\003\007\005\200\200\200\200\004\001"
 262      42030705 
 262      80808080 
 262      0401
 263 0060 42000900 		.ascii	"B\000\011\000S\015\003\320\204\347\323(\246\011\317"
 263      530D03D0 
 263      84E7D328 
 263      A609CF
 264 006f 4F5BD508 		.ascii	"O[\325\010\330X1\322Z\345\011"
 264      D85831D2 
 264      5AE509
 265              		.text
 266              		.section	.gnu.lto_.refs.83ad4c2e,"e",%progbits
 267 0000 28B52FFD 		.ascii	"(\265/\375 =\305\001\000\324\0029\000\000\000\004\000"
 267      203DC501 
 267      00D40239 
 267      00000004 
 267      00
 268 0011 01010100 		.ascii	"\001\001\001\000\002\002\001\000\001\001\002\000\002"
 268      02020100 
 268      01010200 
 268      02
 269 001e 03020003 		.ascii	"\003\002\000\003\000\000\001\012\000\001\001\015\000"
 269      0000010A 
 269      0001010D 
 269      00
 270 002b 03050900 		.ascii	"\003\005\011\000\001\001\014\000\002\010\003\000\000"
 270      01010C00 
 270      02080300 
 270      00
 271 0038 030060F0 		.ascii	"\003\000`\360\230\343[0\233"
ARM GAS  C:\Users\PUBLIC~1.LAP\AppData\Local\Temp\cclItbij.s 			page 20


 271      98E35B30 
 271      9B
 272              		.text
 273              		.section	.gnu.lto_.decls.83ad4c2e,"e",%progbits
 274 0000 28B52FFD 		.ascii	"(\265/\375`\032\014\335;\000\312f\274\026DPdR\007C\026"
 274      601A0CDD 
 274      3B00CA66 
 274      BC164450 
 274      64520743 
 275 0015 7FA27442 		.ascii	"\177\242tB\341@\036=\2167.\325;>u\210\235O\034\374\254"
 275      E1401E3D 
 275      8E372ED5 
 275      3B3E7588 
 275      9D4F1CFC 
 276 002a 3D74D40C 		.ascii	"=t\324\014\2431(\200\025F@s>\2742D;\375^f@\\\360^\022"
 276      A3312880 
 276      15464073 
 276      3EBC3244 
 276      3BFD5E66 
 277 0043 14685DA2 		.ascii	"\024h]\242\000\350\341\2209\324\320~CZ\231R7\001N\001"
 277      00E8E190 
 277      39D4D07E 
 277      435A9952 
 277      37014E01 
 278 0057 6701623C 		.ascii	"g\001b<\314_3\252 v\3273~\346h\016\304\017\017h\276"
 278      CC5F33AA 
 278      2076D733 
 278      7EE6680E 
 278      C40F0F68 
 279 006c 62F6878B 		.ascii	"b\366\207\213\315>\306\311\370WW\275L\0131\337\317\203"
 279      CD3EC6C9 
 279      F85757BD 
 279      4C0B31DF 
 279      CF83
 280 007e 04659A86 		.ascii	"\004e\232\206\211s;\222\266\221\274\253l;\264m\3272"
 280      89733B92 
 280      B691BCAB 
 280      6C3BB46D 
 280      D732
 281 0090 2BF319B1 		.ascii	"+\363\031\261zR\305\231\314\303\370\227\227u\373\230"
 281      7A52C599 
 281      CCC3F897 
 281      9775FB98 
 282 00a0 533BBFFF 		.ascii	"S;\277\377\314\377o\012bI\1775&e\372\377\266o\351n*"
 282      CCFF6F0A 
 282      62497F35 
 282      2665FAFF 
 282      B66FE96E 
 283 00b5 73301E56 		.ascii	"s0\036V\304|?IP\025\027\035W\002\016\034\370\274\356"
 283      C47C3F49 
 283      5015171D 
 283      57020E1C 
 283      F8BCEE
 284 00c8 EA5CB1B9 		.ascii	"\352\\\261\271__b\333\024m;\275aCpJ\264,8w{X\267k\361"
 284      5F5F62DB 
 284      146D3BBD 
 284      6143704A 
ARM GAS  C:\Users\PUBLIC~1.LAP\AppData\Local\Temp\cclItbij.s 			page 21


 284      B42C3877 
 285 00e1 2D0E96C5 		.ascii	"-\016\226\305\242\237\347\377\005p\024\006\017\316\031"
 285      A29FE7FF 
 285      05701406 
 285      0FCE19
 286 00f0 CECEC5BB 		.ascii	"\316\316\305\273\370\027\002\377\322\023*\264O)\366"
 286      F81702FF 
 286      D2132AB4 
 286      4F29F6
 287 00ff D7FF17C9 		.ascii	"\327\377\027\311'eN\236\033\234\273C\233`\371\025\032"
 287      27654E9E 
 287      1B9CBB43 
 287      9B60F915 
 287      1A
 288 0110 B7ED0858 		.ascii	"\267\355\010X\337s\004\354\002_b\263+\261\335\215f\346"
 288      DF7304EC 
 288      025F62B3 
 288      2BB1DD8D 
 288      66E6
 289 0122 851DDDF5 		.ascii	"\205\035\335\365Mw\317y\201n'\320\355J\335\336\335n"
 289      4D77CF79 
 289      816E27D0 
 289      ED4ADDDE 
 289      DD6E
 290 0134 D4ED6DB7 		.ascii	"\324\355m\267\003u\273\357\250\333\335\002\254\031\272"
 290      0375BBEF 
 290      A8DBDD02 
 290      AC19BA
 291 0143 18EA7636 		.ascii	"\030\352v6jw\277\321\323\335dy\210\272\335Kw\353u\367"
 291      6A77BFD1 
 291      D3DD6479 
 291      88BADD4B 
 291      77EB75F7 
 292 0157 B5BBEBBA 		.ascii	"\265\273\353\272\233\256\273\255\335\035\247\273\343"
 292      9BAEBBAD 
 292      DD1DA7BB 
 292      E3
 293 0164 BAFBADBB 		.ascii	"\272\373\255\273\335\272[\255\273\301\272;Mw\227\351"
 293      DDBA5BAD 
 293      BBC1BA3B 
 293      4D7797E9 
 294 0174 6E17DD8D 		.ascii	"n\027\335\215\246\254\273\303\272;@w\257uw\320\336\336"
 294      A6ACBBC3 
 294      BA3B4077 
 294      AF7577D0 
 294      DEDE
 295 0186 DE5EB747 		.ascii	"\336^\267G\351\306x\335-TN\350\203#6.Y\230\340\334\030"
 295      E9C678DD 
 295      2D544EE8 
 295      8323362E 
 295      5998E0DC 
 296 019b 4DDBAEC6 		.ascii	"M\333\256\306\327\264\263\371r6\356\326\2169\001\262"
 296      D7B4B3F9 
 296      7236EED6 
 296      8E3901B2 
 297 01ab 27CF43A1 		.ascii	"'\317C\241LH^rv\254p\356\356;\257z\233\266\012\370\317"
 297      4C485E72 
ARM GAS  C:\Users\PUBLIC~1.LAP\AppData\Local\Temp\cclItbij.s 			page 22


 297      76AC70EE 
 297      EE3BAF7A 
 297      9BB60AF8 
 298 01c0 FBFF0345 		.ascii	"\373\377\003E{t\342\354\3009\311\227X\214\237m\222\277"
 298      7B74E2EC 
 298      C039C997 
 298      588C9F6D 
 298      92BF
 299 01d2 DE1C9C4B 		.ascii	"\336\034\234K\355-\344CI^\236\3212\312\\\202\263?\207"
 299      ED2DE443 
 299      495E9ED1 
 299      32CA5C82 
 299      B33F87
 300 01e5 FF8E3E07 		.ascii	"\377\216>\007\3513\251I\225:\233/%\342M\252\364\331"
 300      E933A949 
 300      953A9B2F 
 300      25E24DAA 
 300      F4D9
 301 01f7 A44A95B8 		.ascii	"\244J\225\270I]>\235/U\266\037u>\365\337\233\277\374"
 301      495D3E9D 
 301      2F55B61F 
 301      753EF5DF 
 301      9BBFFC
 302 020a A7FE93E8 		.ascii	"\247\376\223\350\225\376\277Ke\373.\235\377\277\364"
 302      95FEBF4B 
 302      65FB2E9D 
 302      FFBFF4
 303 0219 E62B7D00 		.ascii	"\346+}\000M\246\364\351M\352;\237\371\316\000\315\377"
 303      4DA6F4E9 
 303      4DEA3B9F 
 303      F9CE00CD 
 303      FF
 304 022a E753A577 		.ascii	"\347S\245w\336|\251\263I\215>\223~\340)]Y5\326\344\251"
 304      DE7CA9B3 
 304      498D3E93 
 304      7EE0295D 
 304      5935D6E4 
 305 023f CB2CEC6C 		.ascii	"\313,\354l\376\326\377\027\361\227\371\320\177f\264"
 305      FED6FF17 
 305      F197F9D0 
 305      7F66B4
 306 024e C08F459B 		.ascii	"\300\217E\233m\252\242H\277\305\307t\307\377\263U\266"
 306      6DAAA248 
 306      BFC5C774 
 306      C7FFB355 
 306      B6
 307 025f 00A4FD72 		.ascii	"\000\244\375r\372p\320\245\001\347\377\226\362\375-"
 307      FA70D0A5 
 307      01E7FF96 
 307      F2FD2D
 308 026e F6FD37F0 		.ascii	"\366\3757\360p\323\377W\302\371\013\367\3124\346\277"
 308      70D3FF57 
 308      C2F90BF7 
 308      CA34E6BF 
 309 027e A7FD4375 		.ascii	"\247\375Cu\374\177\322\377\033=\023HVUW\264HGU\364\352"
 309      FC7FD2FF 
 309      1B3D1348 
ARM GAS  C:\Users\PUBLIC~1.LAP\AppData\Local\Temp\cclItbij.s 			page 23


 309      565557B4 
 309      484755F4 
 310 0293 AF70F9B3 		.ascii	"\257p\371\263I\355\2126\235\011C\235~\325\253\364fV"
 310      49ED8A36 
 310      9D09439D 
 310      7ED5ABF4 
 310      6656
 311 02a5 F4A73F47 		.ascii	"\364\247?G\352l\251\312\367\315\376\337\355\034\271"
 311      EA6CA9CA 
 311      F7CDFEDF 
 311      ED1CB9
 312 02b4 8135B97A 		.ascii	"\2015\271z\032lW\345\255\313\216\255\253AZ\236`Zh\326"
 312      1A6C57E5 
 312      ADCB8EAD 
 312      AB415A9E 
 312      605A68D6 
 313 02c8 8AFA6431 		.ascii	"\212\372d1\263\342\354j\004\3323l\332h\275i\315x\232"
 313      B3E2EC6A 
 313      04DA336C 
 313      DA68BD69 
 313      CD789A
 314 02db 7FF9995A 		.ascii	"\177\371\231Z\215\237\330\351\316\300\235\001R\321\331"
 314      8D9FD8E9 
 314      CEC09D01 
 314      52D1D9
 315 02ea D24E8BCD 		.ascii	"\322N\213\315\015T\327Nhj\374\243\225\036\011\210\213"
 315      0D54D74E 
 315      686AFCA3 
 315      951E0988 
 315      8B
 316 02fb 0A1616CE 		.ascii	"\012\026\026\316Y\215{d\335\211\303\302Z\223\006\224"
 316      598D7B64 
 316      DD89C3C2 
 316      5A930694 
 317 030b E6AA71F3 		.ascii	"\346\252q\363\312\335Z\305\362\337\352\377\313\013\373"
 317      CADD5AC5 
 317      F2DFEAFF 
 317      CB0BFB
 318 031a 76B5BA01 		.ascii	"v\265\272\001\352\321b\253nl\345n\036\327\304v\225\303"
 318      EAD162AB 
 318      6E6CE56E 
 318      1ED7C476 
 318      95C3
 319 032c CB66F8B4 		.ascii	"\313f\370\264\373\341\203\253\200\234\316\177\257\257"
 319      FBE183AB 
 319      809CCE7F 
 319      AFAF
 320 033a 820381CF 		.ascii	"\202\003\201\3174\316\231\347\241N\246n\274l\\\225\341"
 320      34CE99E7 
 320      A14EA66E 
 320      BC6C5C95 
 320      E1
 321 034b 9C55F560 		.ascii	"\234U\365`%\022\363\207\333\024g\377\343{\376\305\204"
 321      2512F387 
 321      DB1467FF 
 321      E37BFEC5 
 321      84
ARM GAS  C:\Users\PUBLIC~1.LAP\AppData\Local\Temp\cclItbij.s 			page 24


 322 035c 9FA80F19 		.ascii	"\237\250\017\0314tzm;\023\023\333\355}\272\205\330#"
 322      34747A6D 
 322      3B1313DB 
 322      ED7DBA85 
 322      D823
 323 036e 63623CE6 		.ascii	"cb<\346\332\366U\367\304\265r\224dV\364\264\361\300"
 323      DAF655F7 
 323      C4B57294 
 323      6456F4B4 
 323      F1C0
 324 0380 E2E60BCE 		.ascii	"\342\346\013\316xx\256W\346\345\212g\315\313\023O\273"
 324      7878AE57 
 324      E6E58A67 
 324      CDCB134F 
 324      BB
 325 0391 9E15E84A 		.ascii	"\236\025\350J\0270\347\035 \256'j]w\362\344\326\364"
 325      1730E71D 
 325      20AE276A 
 325      5D77F2E4 
 325      D6F4
 326 03a3 92B89A4F 		.ascii	"\222\270\232O\354\215\214\027\316v\332}P\261\252\236"
 326      EC8D8C17 
 326      CE76DA7D 
 326      50B1AA9E 
 327 03b3 5DAF655B 		.ascii	"]\257e[>\253\334\333\235\226\272:+P\230\330S\351\242"
 327      3EABDCDB 
 327      9D96BA3A 
 327      2B5098D8 
 327      53E9A2
 328 03c6 A3736BD2 		.ascii	"\243sk\322_\2219\231f\267)S2\234\333\367CN\316\255\356"
 328      5F913999 
 328      66B72953 
 328      329CDBF7 
 328      434ECEAD 
 329 03db 450567CE 		.ascii	"E\005g\316\265A\224\254/>\327n\235\033jc\026\306\007"
 329      B54194AC 
 329      2F3ED76E 
 329      9D1B6A63 
 329      16C607
 330 03ee 679FE368 		.ascii	"g\237\343hBI\314\364\306pv9]m\255\350\230\333\201s\337"
 330      4249CCF4 
 330      C6707639 
 330      5D6DADE8 
 330      98DB8173 
 331 0403 395A770B 		.ascii	"9Zw\013e\254ok\333\023'\216\307y\322\373]Q\246ElZ_\254"
 331      65AC6F6B 
 331      DB13278E 
 331      C779D2FB 
 331      5D51A645 
 332 041b 75DA371E 		.ascii	"u\3327\036'\301\377\317\306\240\\\377\241\017X1-<u8"
 332      27C1FFCF 
 332      C6A05CFF 
 332      A10F5831 
 332      2D3C7538 
 333 042f C781C5F8 		.ascii	"\307\201\305\370\001\355\332V\227\263\2677\377\3627"
 333      01EDDA56 
 333      97B3B737 
ARM GAS  C:\Users\PUBLIC~1.LAP\AppData\Local\Temp\cclItbij.s 			page 25


 333      FFF237
 334 043e 6F2391B3 		.ascii	"o#\221\263\354\271~G\3400\230\247\\\242(\026D=\2140"
 334      ECB97E47 
 334      E03098A7 
 334      5CA22816 
 334      443D8C30 
 335 0452 0CFE4C40 		.ascii	"\014\376L@\270`\003\271\241F\320\010\345&\217F)!*d\362"
 335      B86003B9 
 335      A146D008 
 335      E5268F46 
 335      29212A64 
 336 0467 48A146D0 		.ascii	"H\241F\320X\002I\3654\014\012\3650B0H\303E\022\221E"
 336      580249F5 
 336      340C0AF5 
 336      30423048 
 336      C3451291 
 337 047c A7DFEFC9 		.ascii	"\247\337\357\311\351\311\304\207\237\011\025\035~I\034"
 337      E9C9C487 
 337      9F09151D 
 337      7E491C
 338 048b C25F94B1 		.ascii	"\302_\224\261X4\006O$\335\011\024Za\024\021*\212\350"
 338      5834064F 
 338      24DD0914 
 338      5A611411 
 338      2A8AE8
 339 049e 22A98037 		.ascii	"\"\251\2007\240\200FN*R\204x\352\340\301M\012\221\256"
 339      A080464E 
 339      2A528478 
 339      EAE0C14D 
 339      0A91AE
 340 04b1 6BD40239 		.ascii	"k\324\0029\225\004&\237\222\302\021IR\306\025\001\244"
 340      9504269F 
 340      92C21149 
 340      52C61501 
 340      A4
 341 04c2 8C2B949C 		.ascii	"\214+\224\234\204H\240\207\242\361(\"h\204\202\352 "
 341      8448A087 
 341      A2F12822 
 341      688482EA 
 341      20
 342 04d3 3C1A3F0C 		.ascii	"<\032?\014\203\002\\wF\224\260\310u])\240p\350\272F"
 342      83025C77 
 342      4694B0C8 
 342      755D29A0 
 342      70E8BA46 
 343 04e7 EE3038D4 		.ascii	"\35608\324\026\222\304(\242\353\272DM\241\010\001\207"
 343      1692C428 
 343      A2EBBA44 
 343      4DA10801 
 343      87
 344 04f8 30793406 		.ascii	"0y4\006\207\272\010\341\202\215\342\021\330\266\205"
 344      87BA08E1 
 344      828DE211 
 344      D8B685
 345 0507 265FD215 		.ascii	"&_\322\025J\272@\341\021\350R\035\215Ea\321\250\207"
 345      4ABA40E1 
 345      11E8521D 
ARM GAS  C:\Users\PUBLIC~1.LAP\AppData\Local\Temp\cclItbij.s 			page 26


 345      8D4561D1 
 345      A887
 346 0519 11903582 		.ascii	"\021\2205\202\302\241\206\244\313\012s\020\2219\367"
 346      C2A186A4 
 346      CB0A7310 
 346      9139F7
 347 0528 5038630A 		.ascii	"P8c\012*\030E\314P\024\026\205H\240\214\240\242\260"
 347      2A1845CC 
 347      50141685 
 347      48A08CA0 
 347      A2B0
 348 053a 28654CB2 		.ascii	"(eL\262I\027C2\2128\025\324\027\232>,`qbD\033\214 <"
 348      49174332 
 348      8A3815D4 
 348      179A3E2C 
 348      60716244 
 349 0552 1A834561 		.ascii	"\032\203Eaq\030\374\005\217\310\237\014\"\024\322\370"
 349      7118FC05 
 349      8FC89F0C 
 349      2214D2F8 
 350 0562 431A7F4F 		.ascii	"C\032\177O(\2102\210\303\0170,Lh\222*\012\2230\250\206"
 350      28883288 
 350      C30F302C 
 350      4C68922A 
 350      0A9330A8 
 351 0577 53442817 		.ascii	"SD(\027(A\002\214\014 *lY\333\300\242kpn\\\244\033\023"
 351      2841028C 
 351      0C202A6C 
 351      59DBC0A2 
 351      6B706E5C 
 352 058e C150A33B 		.ascii	"\301P\243;6]_8c\360%6\310\225X,\244\251\361\220#(\\"
 352      365D5F38 
 352      63F02536 
 352      C895582C 
 352      A4A9F190 
 353 05a5 43CC7066 		.ascii	"C\314pfq\020\374\024\272+SU\303\031?1~*\350\363\277"
 353      7110FC14 
 353      BA2B5355 
 353      C3193F31 
 353      7E2AE8F3 
 354 05ba C4407080 		.ascii	"\304@p\200\335\250\2214\207\024D#\"\"\201\210h\232\244"
 354      DDA89134 
 354      87144423 
 354      22228188 
 354      689AA4
 355 05cd 03800291 		.ascii	"\003\200\002\221)+\333\022\340\025\031Z\"43b\244\254"
 355      292BDB12 
 355      E015195A 
 355      22343362 
 355      A4AC
 356 05df F22C4D07 		.ascii	"\362,M\007\207O\307\351G\221\253/\204CM'4\214\200\340"
 356      874FC7E9 
 356      4791AB2F 
 356      84434D27 
 356      348C80E0 
 357 05f3 F0FA9E04 		.ascii	"\360\372\236\004X\214\340J\370\013O\366\212\314\013"
 357      588CE04A 
ARM GAS  C:\Users\PUBLIC~1.LAP\AppData\Local\Temp\cclItbij.s 			page 27


 357      F80B4FF6 
 357      8ACC0B
 358 0602 9F6B9CEC 		.ascii	"\237k\234\354\301\347aBfg;\215\306\204\247\255\3735"
 358      C1E76142 
 358      66673B8D 
 358      C684A7AD 
 358      FB35
 359 0614 AB1EE544 		.ascii	"\253\036\345D\376\307\3123M\034\216\362\344\0118\214"
 359      FEC7CA33 
 359      4D1C8EF2 
 359      E409388C 
 360 0624 9AA9438C 		.ascii	"\232\251C\214\274fx@x'$\211\"\027\377\253\000K2\344"
 360      BC667840 
 360      78272489 
 360      2217FFAB 
 360      004B32E4 
 361 0638 8144A623 		.ascii	"\201D\246#L!0U\277\033O\347\335\256\221C\352\352\333"
 361      4C213055 
 361      BF1B4FE7 
 361      DDAE9143 
 361      EAEADB
 362 064b AA76B0E0 		.ascii	"\252v\260\340\023M\351D^(vq\262\357\200a\342W\3352N"
 362      134DE944 
 362      5E287671 
 362      B2EF8061 
 362      E257DD32 
 363 0660 6B3D0283 		.ascii	"k=\002\203\222U(s\207\240F\302G\245\205U\203T\230\210"
 363      92552873 
 363      87A046C2 
 363      47A58555 
 363      83549888 
 364 0674 7211E9B6 		.ascii	"r\021\351\266\374\322\374\2123\305\030u\232\236\022"
 364      FCD2FC8A 
 364      33C51875 
 364      9A9E12
 365 0683 60C91A3B 		.ascii	"`\311\032;C\210\372\011\0252`+\206:\005\037,;\337=a"
 365      4388FA09 
 365      1532602B 
 365      863A051F 
 365      2C3BDF3D 
 366 0698 034E73C2 		.ascii	"\003Ns\302\011\364\036\240\027\344\265|\355\023P\220"
 366      09F41EA0 
 366      17E4B57C 
 366      ED135090 
 367 06a8 2B78EF02 		.ascii	"+x\357\002\247d\201\243[\024\000\206\266\372\352& i"
 367      A76481A3 
 367      5B140086 
 367      B6FAEA26 
 367      2069
 368 06ba F6AD8090 		.ascii	"\366\255\200\220\016\211\024{\342\354\242\261\341\010"
 368      0E89147B 
 368      E2ECA2B1 
 368      E108
 369 06c8 5F72603D 		.ascii	"_r`=D\000Bz\247A\234M\302\2222q\334H/\350\342\306\315"
 369      4400427A 
 369      A7419C4D 
 369      C2923271 
ARM GAS  C:\Users\PUBLIC~1.LAP\AppData\Local\Temp\cclItbij.s 			page 28


 369      DC482FE8 
 370 06df 6E978DEC 		.ascii	"n\227\215\354K\250N#dEh\215\266\3668\353\227\006e\262"
 370      4BA84E23 
 370      6445688D 
 370      B6F638EB 
 370      970665B2 
 371 06f3 0BD0AFFA 		.ascii	"\013\320\257\372S\2002E{\377!\323h\361\370!\345}P\260"
 371      53803245 
 371      7BFF21D3 
 371      68F1F821 
 371      E57D50B0 
 372 0707 C45B045B 		.ascii	"\304[\004[L\031\302\256\360K6\325\274\230\306\030p\366"
 372      4C19C2AE 
 372      F04B36D5 
 372      BC98C618 
 372      70F6
 373 0719 242EF6EB 		.ascii	"$.\366\353']\366\227\271\230c\356\364\243\0215\220\015"
 373      275DF697 
 373      B99863EE 
 373      F4A31135 
 373      900D
 374 072b CC7DC4B1 		.ascii	"\314}\304\261\011\315\007\227\0014\262R\204)>\204\226"
 374      09CD0797 
 374      0134B252 
 374      84293E84 
 374      96
 375 073c 703E64C3 		.ascii	"p>d\303\253\242\362\210\271\304\275\316\021\307\033"
 375      ABA2F288 
 375      B9C4BDCE 
 375      11C71B
 376 074b 789F996B 		.ascii	"x\237\231k\204\253\363]\353\204`8\004S\007 {\216\322"
 376      84ABF35D 
 376      EB846038 
 376      04530720 
 376      7B8ED2
 377 075e 20AF4BFA 		.ascii	" \257K\372\212\337$\313n\007g\301_9!.{@\361`.n\304\011"
 377      8ADF24CB 
 377      6E0767C1 
 377      5F39212E 
 377      7B40F160 
 378 0776 DE826F00 		.ascii	"\336\202o\000\366@M\202\005\217Pe,\217\012"
 378      F6404D82 
 378      058F5065 
 378      2C8F0A
 379              		.text
 380              		.section	.gnu.lto_.symtab.83ad4c2e,"e",%progbits
 381 0000 5F5F636F 		.ascii	"__core_init\000"
 381      72655F69 
 381      6E697400 
 382 000c 00       		.ascii	"\000"
 383 000d 00       		.ascii	"\000"
 384 000e 00       		.ascii	"\000"
 385 000f 00000000 		.ascii	"\000\000\000\000\000\000\000\000"
 385      00000000 
 386 0017 DD000000 		.ascii	"\335\000\000\000"
 387 001b 63685F6D 		.ascii	"ch_memcore\000"
 387      656D636F 
ARM GAS  C:\Users\PUBLIC~1.LAP\AppData\Local\Temp\cclItbij.s 			page 29


 387      726500
 388 0026 00       		.ascii	"\000"
 389 0027 00       		.ascii	"\000"
 390 0028 00       		.ascii	"\000"
 391 0029 00000000 		.ascii	"\000\000\000\000\000\000\000\000"
 391      00000000 
 392 0031 DF000000 		.ascii	"\337\000\000\000"
 393 0035 6368436F 		.ascii	"chCoreAllocFromBaseI\000"
 393      7265416C 
 393      6C6F6346 
 393      726F6D42 
 393      61736549 
 394 004a 00       		.ascii	"\000"
 395 004b 00       		.ascii	"\000"
 396 004c 00       		.ascii	"\000"
 397 004d 00000000 		.ascii	"\000\000\000\000\000\000\000\000"
 397      00000000 
 398 0055 EA000000 		.ascii	"\352\000\000\000"
 399 0059 6368436F 		.ascii	"chCoreAllocFromTopI\000"
 399      7265416C 
 399      6C6F6346 
 399      726F6D54 
 399      6F704900 
 400 006d 00       		.ascii	"\000"
 401 006e 00       		.ascii	"\000"
 402 006f 00       		.ascii	"\000"
 403 0070 00000000 		.ascii	"\000\000\000\000\000\000\000\000"
 403      00000000 
 404 0078 EC000000 		.ascii	"\354\000\000\000"
 405 007c 6368436F 		.ascii	"chCoreAllocFromBase\000"
 405      7265416C 
 405      6C6F6346 
 405      726F6D42 
 405      61736500 
 406 0090 00       		.ascii	"\000"
 407 0091 00       		.ascii	"\000"
 408 0092 00       		.ascii	"\000"
 409 0093 00000000 		.ascii	"\000\000\000\000\000\000\000\000"
 409      00000000 
 410 009b EE000000 		.ascii	"\356\000\000\000"
 411 009f 6368436F 		.ascii	"chCoreAllocFromTop\000"
 411      7265416C 
 411      6C6F6346 
 411      726F6D54 
 411      6F7000
 412 00b2 00       		.ascii	"\000"
 413 00b3 00       		.ascii	"\000"
 414 00b4 00       		.ascii	"\000"
 415 00b5 00000000 		.ascii	"\000\000\000\000\000\000\000\000"
 415      00000000 
 416 00bd F0000000 		.ascii	"\360\000\000\000"
 417 00c1 6368436F 		.ascii	"chCoreGetStatusX\000"
 417      72654765 
 417      74537461 
 417      74757358 
 417      00
 418 00d2 00       		.ascii	"\000"
ARM GAS  C:\Users\PUBLIC~1.LAP\AppData\Local\Temp\cclItbij.s 			page 30


 419 00d3 00       		.ascii	"\000"
 420 00d4 00       		.ascii	"\000"
 421 00d5 00000000 		.ascii	"\000\000\000\000\000\000\000\000"
 421      00000000 
 422 00dd F7000000 		.ascii	"\367\000\000\000"
 423 00e1 5F5F6865 		.ascii	"__heap_base__\000"
 423      61705F62 
 423      6173655F 
 423      5F00
 424 00ef 00       		.ascii	"\000"
 425 00f0 02       		.ascii	"\002"
 426 00f1 00       		.ascii	"\000"
 427 00f2 00000000 		.ascii	"\000\000\000\000\000\000\000\000"
 427      00000000 
 428 00fa E2000000 		.ascii	"\342\000\000\000"
 429 00fe 5F5F6865 		.ascii	"__heap_end__\000"
 429      61705F65 
 429      6E645F5F 
 429      00
 430 010b 00       		.ascii	"\000"
 431 010c 02       		.ascii	"\002"
 432 010d 00       		.ascii	"\000"
 433 010e 00000000 		.ascii	"\000\000\000\000\000\000\000\000"
 433      00000000 
 434 0116 E4000000 		.ascii	"\344\000\000\000"
 435              		.text
 436              		.section	.gnu.lto_.ext_symtab.83ad4c2e,"e",%progbits
 437 0000 01       		.ascii	"\001"
 438 0001 01       		.ascii	"\001"
 439 0002 00       		.ascii	"\000"
 440 0003 02       		.ascii	"\002"
 441 0004 01       		.ascii	"\001"
 442 0005 01       		.ascii	"\001"
 443 0006 00       		.ascii	"\000"
 444 0007 01       		.ascii	"\001"
 445 0008 00       		.ascii	"\000"
 446 0009 01       		.ascii	"\001"
 447 000a 00       		.ascii	"\000"
 448 000b 01       		.ascii	"\001"
 449 000c 00       		.ascii	"\000"
 450 000d 01       		.ascii	"\001"
 451 000e 00       		.ascii	"\000"
 452 000f 02       		.ascii	"\002"
 453 0010 01       		.ascii	"\001"
 454 0011 02       		.ascii	"\002"
 455 0012 01       		.ascii	"\001"
 456              		.text
 457              		.section	.gnu.lto_.opts,"e",%progbits
 458 0000 272D666E 		.ascii	"'-fno-openmp' '-fno-openacc' '-fno-pie' '-fcf-prote"
 458      6F2D6F70 
 458      656E6D70 
 458      2720272D 
 458      666E6F2D 
 459 0033 6374696F 		.ascii	"ction=none' '-mcpu=cortex-m3' '-mthumb' '-mfloat-ab"
 459      6E3D6E6F 
 459      6E652720 
 459      272D6D63 
ARM GAS  C:\Users\PUBLIC~1.LAP\AppData\Local\Temp\cclItbij.s 			page 31


 459      70753D63 
 460 0066 693D736F 		.ascii	"i=soft' '-mlibarch=armv7-m' '-march=armv7-m' '-Os' "
 460      66742720 
 460      272D6D6C 
 460      69626172 
 460      63683D61 
 461 0099 272D666F 		.ascii	"'-fomit-frame-pointer' '-falign-functions=16' '-ffu"
 461      6D69742D 
 461      6672616D 
 461      652D706F 
 461      696E7465 
 462 00cc 6E637469 		.ascii	"nction-sections' '-fdata-sections' '-fno-common' '-"
 462      6F6E2D73 
 462      65637469 
 462      6F6E7327 
 462      20272D66 
 463 00ff 666C746F 		.ascii	"flto' '-Xassembler' '-alms=./build/lst/chmemcore.ls"
 463      2720272D 
 463      58617373 
 463      656D626C 
 463      65722720 
 464 0132 742700   		.ascii	"t'\000"
 465              		.text
 466              		.comm	__gnu_lto_slim,1,1
 467              		.ident	"GCC: (GNU) 12.2.0"
ARM GAS  C:\Users\PUBLIC~1.LAP\AppData\Local\Temp\cclItbij.s 			page 32


DEFINED SYMBOLS
                            *ABS*:00000000 chmemcore.c
                            *COM*:00000001 __gnu_lto_slim

NO UNDEFINED SYMBOLS
