ARM GAS  C:\Users\PUBLIC~1.LAP\AppData\Local\Temp\cceJYlAZ.s 			page 1


   1              		.cpu cortex-m3
   2              		.arch armv7-m
   3              		.fpu softvfp
   4              		.eabi_attribute 20, 1
   5              		.eabi_attribute 21, 1
   6              		.eabi_attribute 23, 3
   7              		.eabi_attribute 24, 1
   8              		.eabi_attribute 25, 1
   9              		.eabi_attribute 26, 1
  10              		.eabi_attribute 30, 4
  11              		.eabi_attribute 34, 1
  12              		.eabi_attribute 18, 4
  13              		.file	"chmemchecks.c"
  14              		.section	.gnu.lto_.profile.83ad1720,"e",%progbits
  15 0000 28B52FFD 		.ascii	"(\265/\375 \0061\000\000\002\000\000\000\000\000"
  15      20063100 
  15      00020000 
  15      000000
  16              		.text
  17              		.section	.gnu.lto_.icf.83ad1720,"e",%progbits
  18 0000 28B52FFD 		.ascii	"(\265/\375 \2035\003\000$\005w\000\014\000\347\202\207"
  18      20833503 
  18      00240577 
  18      000C00E7 
  18      8287
  19 0012 870A0402 		.ascii	"\207\012\004\002\000\002\001\002\002\002\001\001\242"
  19      00020102 
  19      02020101 
  19      A2
  20 001f FCA78B01 		.ascii	"\374\247\213\001\006\002\003\002\003\002\253\232\252"
  20      06020302 
  20      0302AB9A 
  20      AA
  21 002c FF0C0402 		.ascii	"\377\014\004\002\004\003\211\254\327\352\006\002\004"
  21      040389AC 
  21      D7EA0602 
  21      04
  22 0039 BDE3A9F0 		.ascii	"\275\343\251\360\010\000\005\363\373\222\206\011\006"
  22      080005F3 
  22      FB928609 
  22      06
  23 0046 0708B7A5 		.ascii	"\007\010\267\245\363\255\012\000\011\012\375\372\233"
  23      F3AD0A00 
  23      090AFDFA 
  23      9B
  24 0053 D502000B 		.ascii	"\325\002\000\013\363\373\222\206\011\000\007\000*\303"
  24      F3FB9286 
  24      09000700 
  24      2AC3
  25 0061 E0B23047 		.ascii	"\340\2620G\201\200lnT&i\033\300\002"
  25      81806C6E 
  25      5426691B 
  25      C002
  26              		.text
  27              		.section	.gnu.lto_.ipa_sra.83ad1720,"e",%progbits
  28 0000 28B52FFD 		.ascii	"(\265/\375`\001\000\315\002\000R\004\014\025\260%\351"
  28      600100CD 
ARM GAS  C:\Users\PUBLIC~1.LAP\AppData\Local\Temp\cceJYlAZ.s 			page 2


  28      02005204 
  28      0C15B025 
  28      E9
  29 0011 0CC3300C 		.ascii	"\014\3030\014\263\240$I\222$W\2551\262\267L2\005\256"
  29      B3A02449 
  29      922457AD 
  29      31B2B74C 
  29      3205AE
  30 0024 3AC27806 		.ascii	":\302x\006b\325\340\242.\025\2006\251\343\266\246\250"
  30      62D5E0A2 
  30      2E158036 
  30      A9E3B6A6 
  30      A8
  31 0035 445E2CD1 		.ascii	"D^,\321\347\3470\020\020\000g0y*\270\236\213]]w\302"
  31      E7E73010 
  31      10006730 
  31      792AB89E 
  31      8B5D5D77 
  32 004a 5A150806 		.ascii	"Z\025\010\006\366\201\020\020n\317\365*{\2140 `\030"
  32      F6811010 
  32      6ECFF52A 
  32      7B8C3020 
  32      6018
  33 005c 50AC0159 		.ascii	"P\254\001Yl\240\015"
  33      6CA00D
  34              		.text
  35              		.section	.gnu.lto_.inline.83ad1720,"e",%progbits
  36 0000 28B52FFD 		.ascii	"(\265/\375`(\002e\010\000\242\015)+\200K\012\035\313"
  36      60280265 
  36      0800A20D 
  36      292B804B 
  36      0A1DCB
  37 0013 1DE2B04E 		.ascii	"\035\342\260Nu\256\301\245\014\201v\376\366_\262Ak\015"
  37      75AEC1A5 
  37      0C8176FE 
  37      F65FB241 
  37      6B0D
  38 0025 9332BAD4 		.ascii	"\2232\272\324t\004\013\037\336\363\321\"i\215\033\221"
  38      74040B1F 
  38      DEF3D122 
  38      698D1B91 
  39 0035 B6B7DC29 		.ascii	"\266\267\334)\377\003\235\200{\356\250\367?ZN\253\275"
  39      FF039D80 
  39      7BEEA8F7 
  39      3F5A4EAB 
  39      BD
  40 0046 2AF61051 		.ascii	"*\366\020Qa\001\031\233\241ih\372J\300\0175\206&\373"
  40      6101199B 
  40      A16968FA 
  40      4AC00F35 
  40      8626FB
  41 0059 8A387E07 		.ascii	"\2128~\007\223\300\\ \236~)\024c\342\002\023\331\316"
  41      93C05C20 
  41      9E7E2914 
  41      63E20213 
  41      D9CE
  42 006b FA92495D 		.ascii	"\372\222I]\260t\015\315[J\201o\255\262\330%#\223!\270"
ARM GAS  C:\Users\PUBLIC~1.LAP\AppData\Local\Temp\cceJYlAZ.s 			page 3


  42      B0740DCD 
  42      5B4A816F 
  42      ADB2D825 
  42      239321B8 
  43 007f 10A6F436 		.ascii	"\020\246\36468\352}\260d\003\317Q\307#\263\213w)u\257"
  43      38EA7DB0 
  43      6403CF51 
  43      C723B38B 
  43      772975AF 
  44 0093 D4CCCCE6 		.ascii	"\324\314\314\346\0272\223\341!?\266\352\007h\365\211"
  44      173293E1 
  44      213FB6EA 
  44      0768F589 
  45 00a3 DDB476B4 		.ascii	"\335\264v\264\276\253\322\215\314\024xg\223\004* p\002"
  45      BEABD28D 
  45      CC147867 
  45      93042A20 
  45      7002
  46 00b5 9929DB0D 		.ascii	"\231)\333\015g7\005\226\256\372\363\001\307B3\260J`"
  46      67370596 
  46      AEFAF301 
  46      C74233B0 
  46      4A60
  47 00c7 022A7797 		.ascii	"\002*w\227\300!2.\260\313J\230\253\015-\265a|\202\242"
  47      C021322E 
  47      B0CB4A98 
  47      AB0D2DB5 
  47      617C82A2 
  48 00db 0207F506 		.ascii	"\002\007\365\006\265z\335sC\030\334\314\016\236\030"
  48      B57ADD73 
  48      4318DCCC 
  48      0E9E18
  49 00ea 4938DE58 		.ascii	"I8\336Xr\262-\343\250\262l\313T\020pTJTG>\243\200\016"
  49      72B22DE3 
  49      A8B26CCB 
  49      54107054 
  49      4A54473E 
  50 0101 E5D4B845 		.ascii	"\345\324\270E\215\256\214\245<\301r\001<\212\314\271"
  50      8DAE8CA5 
  50      3CC17201 
  50      3C8ACCB9 
  51 0111 02686DE1 		.ascii	"\002hm\341\334"
  51      DC
  52              		.text
  53              		.section	.gnu.lto_.jmpfuncs.83ad1720,"e",%progbits
  54 0000 28B52FFD 		.ascii	"(\265/\375`\315\000\315\004\000\342\307\026\035\240"
  54      60CD00CD 
  54      0400E2C7 
  54      161DA0
  55 000f 27E9E0FF 		.ascii	"'\351\340\377\377Y;\264\252\352\212\316\021\000\330"
  55      FF593BB4 
  55      AAEA8ACE 
  55      1100D8
  56 001e 514155C2 		.ascii	"QAU\302\376\371\255\355\3556\221I\006$\247\344Cu!h)"
  56      FEF9ADED 
  56      ED369149 
  56      0624A7E4 
ARM GAS  C:\Users\PUBLIC~1.LAP\AppData\Local\Temp\cceJYlAZ.s 			page 4


  56      43752168 
  57 0033 EBFDC30C 		.ascii	"\353\375\303\0142zW\260\023\2178`5\217\220z\244\372"
  57      327A57B0 
  57      138F3860 
  57      358F907A 
  57      A4FA
  58 0045 02D072F4 		.ascii	"\002\320r\364\343\313\376\021\007\347\2343%\234\222"
  58      E3CBFE11 
  58      07E79C33 
  58      259C92
  59 0054 C932DDFA 		.ascii	"\3112\335\372=B1=\252\351\225M\317z\227\206\277\320"
  59      3D42313D 
  59      AAE9954D 
  59      CF7A9786 
  59      BFD0
  60 0066 E08A1900 		.ascii	"\340\212\031\000f\233\215\315\004\300\272T\243\271\300"
  60      669B8DCD 
  60      04C0BA54 
  60      A3B9C0
  61 0075 30E08A59 		.ascii	"0\340\212Y\237\200\354p`-\326\011\017\004H\300800@\004"
  61      9F80EC70 
  61      602DD609 
  61      0F0448C0 
  61      38303040 
  62 008a 157E5461 		.ascii	"\025~Ta\030\004F\265\\\021\202\015\020\274\315q\200"
  62      180446B5 
  62      5C11820D 
  62      10BCCD71 
  62      80
  63 009b 69007599 		.ascii	"i\000u\231pi`\010"
  63      70696008 
  64              		.text
  65              		.section	.gnu.lto_.pureconst.83ad1720,"e",%progbits
  66 0000 28B52FFD 		.ascii	"(\265/\375  \001\001\000\034\000\000\000\011\000\205"
  66      20200101 
  66      001C0000 
  66      00090085 
  67 0010 04018504 		.ascii	"\004\001\205\004\002\205\004\003\265\004\004\224\004"
  67      02850403 
  67      B5040494 
  67      04
  68 001d 06940408 		.ascii	"\006\224\004\010\224\004\011\224\004\012\224\004"
  68      94040994 
  68      040A9404 
  69              		.text
  70              		.section	.gnu.lto_.ipa_modref.83ad1720,"e",%progbits
  71 0000 28B52FFD 		.ascii	"(\265/\375 \344m\003\000\362\304\017\030\260%\351\220"
  71      20E46D03 
  71      00F2C40F 
  71      18B025E9 
  71      90
  72 0011 1520570C 		.ascii	"\025 W\014C\261\206a\030\312\201\3716B\010\331\204H"
  72      43B18661 
  72      18CA81F9 
  72      364208D9 
  72      8448
  73 0023 9902CFE0 		.ascii	"\231\002\317\340T\030\000\302\220n\244\221\204!\035"
ARM GAS  C:\Users\PUBLIC~1.LAP\AppData\Local\Temp\cceJYlAZ.s 			page 5


  73      541800C2 
  73      906EA491 
  73      84211D
  74 0032 AD725416 		.ascii	"\255rT\026a\312M{g\321\314H\315\236\363jG\345_\256\\"
  74      61CA4D7B 
  74      67D1CC48 
  74      CD9EF36A 
  74      47E55FAE 
  75 0047 9DF81C08 		.ascii	"\235\370\034\010\022\000M\025X\247:A\025\025\363\016"
  75      12004D15 
  75      58A73A41 
  75      1515F30E 
  76 0057 7743CE1C 		.ascii	"wC\316\034;\233\0019\020\330T\003\334\012\264\231\332"
  76      3B9B0139 
  76      10D85403 
  76      DC0AB499 
  76      DA
  77 0068 649A00BB 		.ascii	"d\232\000\273\245\214Ee\256\226\226a\320\006"
  77      A58C4565 
  77      AE969661 
  77      D006
  78              		.text
  79              		.section	.gnu.lto_.lto.83ad1720,"e",%progbits
  80 0000 0C000000 		.ascii	"\014\000\000\000\001\000\001\000"
  80      01000100 
  81              		.text
  82              		.section	.gnu.lto_chMemIsSpaceWithinX.178.83ad1720,"e",%progbits
  83 0000 28B52FFD 		.ascii	"(\265/\375`Q\002\015\023\000\246$\201H\340\320(\035"
  83      6051020D 
  83      1300A624 
  83      8148E0D0 
  83      281D
  84 0012 F5772863 		.ascii	"\365w(c%T\006p3\023r\232\304\007\026\272\237\277\321"
  84      25540670 
  84      3313729A 
  84      C40716BA 
  84      9FBFD1
  85 0025 3AC01D56 		.ascii	":\300\035V\243\3079\013\022\264\325~\177$\000\377\177"
  85      A3C7390B 
  85      12B4D57E 
  85      7F2400FF 
  85      7F
  86 0036 44D6C505 		.ascii	"D\326\305\005cx`\370\240O\351\246L\"l\005T\265\230!"
  86      637860F8 
  86      A04FE9A6 
  86      4C226C05 
  86      54B59821 
  87 004a B0345737 		.ascii	"\2604W7\371\301\010!{\313\235Rj\000j\000k\000\260\035"
  87      F9C10821 
  87      7BCB9D52 
  87      6A006A00 
  87      6B00B01D 
  88 005e 3952BE53 		.ascii	"9R\276SKi\177\305yh\3363\343\217Z}z\300\250u4\340\006"
  88      4B697FC5 
  88      7968DE33 
  88      E38F5A7D 
  88      7AC0A875 
ARM GAS  C:\Users\PUBLIC~1.LAP\AppData\Local\Temp\cceJYlAZ.s 			page 6


  89 0075 DFA9E902 		.ascii	"\337\251\351\002\272\323\371\221\356\324\266M\024\320"
  89      BAD3F991 
  89      EED4B64D 
  89      14D0
  90 0083 B866808D 		.ascii	"\270f\200\215g\003t$\244\243\326\361\264$^\363\216\316"
  90      67037424 
  90      A4A3D6F1 
  90      B4245EF3 
  90      8ECE
  91 0095 9535BE87 		.ascii	"\2255\276\2072wJ\024\315h\256w\036Ner\222h1\271\000"
  91      32774A14 
  91      CD68AE77 
  91      1E4E6572 
  91      926831B9 
  92 00aa 6836D354 		.ascii	"h6\323Tk\375\320\245\006\032LJ\017\245\326j9\243q\270"
  92      6BFDD0A5 
  92      061A4C4A 
  92      0FA5D66A 
  92      39A371B8 
  93 00be BDDB5ED9 		.ascii	"\275\333^\331\256`K\231k\263?\353\326lK\207|\274I\377"
  93      AE604B99 
  93      6BB33FEB 
  93      D66C4B87 
  93      7CBC49FF 
  94 00d2 F941DEF3 		.ascii	"\371A\336\363\177|\322\336}\376\356A7\275\320==\351"
  94      7F7CD2DE 
  94      7DFEEE41 
  94      37BDD03D 
  94      3DE9
  95 00e4 F5A46527 		.ascii	"\365\244e'}\221\217Z\010\034\004\212j\335\220;\2524"
  95      7D918F5A 
  95      081C048A 
  95      6ADD903B 
  95      AA34
  96 00f6 680C9D8F 		.ascii	"h\014\235\217\177\320/\364\265i|\240\337>d\222\320\021"
  96      7FD02FF4 
  96      B5697CA0 
  96      DF3E6492 
  96      D011
  97 0108 85A09629 		.ascii	"\205\240\226)\026\240\336\334z\234\2100\266>\027Niv"
  97      16A0DEDC 
  97      7A9C8830 
  97      B63E174E 
  97      6976
  98 011a CB919C1A 		.ascii	"\313\221\234\032\3027\177d\216S\372P\203\307\203\365"
  98      C2377F64 
  98      8E53FA50 
  98      83C783F5 
  99 012a F18DE394 		.ascii	"\361\215\343\224@\004[\243\273*nE1i\264\237ks\267s\217"
  99      40045BA3 
  99      BB2A6E45 
  99      3169B49F 
  99      6B73B773 
 100 013f BBACB5BA 		.ascii	"\273\254\265\272vm&m\267b\007\235\333\214\2304\362n"
 100      766D266D 
 100      B762079D 
 100      DB8C9834 
ARM GAS  C:\Users\PUBLIC~1.LAP\AppData\Local\Temp\cceJYlAZ.s 			page 7


 100      F26E
 101 0151 B7A4BF38 		.ascii	"\267\244\2778\310\356>\205\210\234,G\356\\\272\222H"
 101      C8EE3E85 
 101      889C2C47 
 101      EE5CBA92 
 101      48
 102 0162 B6039338 		.ascii	"\266\003\2238\227r\271\\\356#\335WnG$\313\201\201wa"
 102      9772B95C 
 102      EE23DD57 
 102      6E4724CB 
 102      81817761 
 103 0176 E1FB9250 		.ascii	"\341\373\222P\340\214\034\276\305\313Wk\354\304g\241"
 103      E08C1CBE 
 103      C5CB576B 
 103      ECC467A1 
 104 0186 1213D830 		.ascii	"\022\023\3300q\352\317t\247s\351\010\034\317\317K\342"
 104      71EACF74 
 104      A773E908 
 104      1CCFCF4B 
 104      E2
 105 0197 ECD12503 		.ascii	"\354\321%\003 \213\245eE\004\305\317\005\006\\\021A"
 105      208BA565 
 105      4504C5CF 
 105      05065C11 
 105      41
 106 01a8 D1738101 		.ascii	"\321s\201\001\027\314\020\262\346\352+\026q\235:\300"
 106      17CC10B2 
 106      E6EA2B16 
 106      719D3AC0 
 107 01b8 7A418129 		.ascii	"zA\201)\224\010\212)\324\011ti\251P0\341\251%T\261b"
 107      94088A29 
 107      D4097469 
 107      A95030E1 
 107      A92554B1 
 108 01cd 4EAC98D3 		.ascii	"N\254\230\323\004\011aK\230JQ91A\260\022\301\013*\030"
 108      0409614B 
 108      984A5139 
 108      3141B012 
 108      C10B2A18 
 109 01e1 52AD50B5 		.ascii	"R\255P\265\302RR\242\262\300\001\203\261~\326\255YR"
 109      C25252A2 
 109      B2C00183 
 109      B17ED6AD 
 109      5952
 110 01f3 928BC898 		.ascii	"\222\213\310\230\005\356\355\314v\310\232^\373\262\267"
 110      05EEEDCC 
 110      76C89A5E 
 110      FBB2B7
 111 0202 217BA21B 		.ascii	"!{\242\033\334K\342\276nm\335\216\265\272h( \300\242"
 111      DC4BE2BE 
 111      6E6DDD8E 
 111      B5BA6828 
 111      20C0A2
 112 0215 99E40E0F 		.ascii	"\231\344\016\017B\367 \303\263W\204\300\373\304\267"
 112      42F720C3 
 112      B35784C0 
 112      FBC4B7
ARM GAS  C:\Users\PUBLIC~1.LAP\AppData\Local\Temp\cceJYlAZ.s 			page 8


 113 0224 CBCC0666 		.ascii	"\313\314\006fa\372\276\272\007V+\024\254\377`\356F\006"
 113      61FABEBA 
 113      07562B14 
 113      ACFF60EE 
 113      4606
 114 0236 784FAE6C 		.ascii	"xO\256l\301uoms\207\247\324\305\351:4\303\316\222\270"
 114      C1756F6D 
 114      7387A7D4 
 114      C5E93A34 
 114      C3CE92B8 
 115 024a 4BCCDD88 		.ascii	"K\314\335\210\303\351\010\037\225r/\240\260a\006\021"
 115      C3E9081F 
 115      95722FA0 
 115      B0610611 
 116 025a 288C405D 		.ascii	"(\214@]\303`\310\344\302i\347J\356m\027\325\003"
 116      C360C8E4 
 116      C269E74A 
 116      EE6D17D5 
 116      03
 117              		.text
 118              		.section	.gnu.lto___ch_mem_writable_areas.263.83ad1720,"e",%progbits
 119 0000 28B52FFD 		.ascii	"(\265/\375 L\005\002\000\344\002?\000\000\000\001\000"
 119      204C0502 
 119      00E4023F 
 119      00000001 
 119      00
 120 0011 050106DB 		.ascii	"\005\001\006\333\000\001\177\001\377\377\377\377\017"
 120      00017F01 
 120      FFFFFFFF 
 120      0F
 121 001e 05013F82 		.ascii	"\005\001?\202\210\200\020}{\270\001y\267\001\005\001"
 121      8880107D 
 121      7BB80179 
 121      B7010501 
 122 002e 067FBA77 		.ascii	"\006\177\272w3\273\0014\271\001\000\006\000/\002 \334"
 122      33BB0134 
 122      B9010006 
 122      002F0220 
 122      DC
 123 003f CD0C0565 		.ascii	"\315\014\005eC\305\302\001\300\001"
 123      43C5C201 
 123      C001
 124              		.text
 125              		.section	.gnu.lto___ch_mem_readable_areas.264.83ad1720,"e",%progbits
 126 0000 28B52FFD 		.ascii	"(\265/\375 L\005\002\000\344\002?\000\000\000\001\000"
 126      204C0502 
 126      00E4023F 
 126      00000001 
 126      00
 127 0011 050106DB 		.ascii	"\005\001\006\333\000\001\177\001\377\377\377\377\017"
 127      00017F01 
 127      FFFFFFFF 
 127      0F
 128 001e 05013F82 		.ascii	"\005\001?\202\210\200\020}{\270\001y\267\001\005\001"
 128      8880107D 
 128      7BB80179 
 128      B7010501 
ARM GAS  C:\Users\PUBLIC~1.LAP\AppData\Local\Temp\cceJYlAZ.s 			page 9


 129 002e 067FBA77 		.ascii	"\006\177\272w3\273\0014\271\001\000\006\000/\002 \334"
 129      33BB0134 
 129      B9010006 
 129      002F0220 
 129      DC
 130 003f CD0C0565 		.ascii	"\315\014\005eC\305\302\001\300\001"
 130      43C5C201 
 130      C001
 131              		.text
 132              		.section	.gnu.lto___ch_mem_executable_areas.265.83ad1720,"e",%progbits
 133 0000 28B52FFD 		.ascii	"(\265/\375 L\005\002\000\344\002?\000\000\000\001\000"
 133      204C0502 
 133      00E4023F 
 133      00000001 
 133      00
 134 0011 050106DB 		.ascii	"\005\001\006\333\000\001\177\001\377\377\377\377\017"
 134      00017F01 
 134      FFFFFFFF 
 134      0F
 135 001e 05013F82 		.ascii	"\005\001?\202\210\200\020}{\270\001y\267\001\005\001"
 135      8880107D 
 135      7BB80179 
 135      B7010501 
 136 002e 067FBA77 		.ascii	"\006\177\272w3\273\0014\271\001\000\006\000/\002 \334"
 136      33BB0134 
 136      B9010006 
 136      002F0220 
 136      DC
 137 003f CD0C0565 		.ascii	"\315\014\005eC\305\302\001\300\001"
 137      43C5C201 
 137      C001
 138              		.text
 139              		.section	.gnu.lto_chMemIsStringWithinX.266.83ad1720,"e",%progbits
 140 0000 28B52FFD 		.ascii	"(\265/\375`;\003\205\030\000\366\354\236H\260\032Q:"
 140      603B0385 
 140      1800F6EC 
 140      9E48B01A 
 140      513A
 141 0012 44A64C24 		.ascii	"D\246L$fC\020Sh\232jM\206\012\202\262\216\370\"b\370"
 141      66431053 
 141      689A6A4D 
 141      860A82B2 
 141      8EF82262 
 142 0027 B2FBD905 		.ascii	"\262\373\331\005\364jg\317\366\232\356;\235\357^|\255"
 142      F46A67CF 
 142      F69AEE3B 
 142      9DEF5E7C 
 142      AD
 143 0038 B6E65BDA 		.ascii	"\266\346[\332\376\004\312{\03642eC\305yF\240\365\203"
 143      FE04CA7B 
 143      1E343265 
 143      43C57946 
 143      A0F583
 144 004b 5BB72B9B 		.ascii	"[\267+\233%d\357-w\222\001\211\000\204\000\215\000l"
 144      2564EF2D 
 144      77920189 
 144      0084008D 
ARM GAS  C:\Users\PUBLIC~1.LAP\AppData\Local\Temp\cceJYlAZ.s 			page 10


 144      006C
 145 005d BAF7C7A5 		.ascii	"\272\367\307\245\311\275\244\002\216 \27623?\310\205"
 145      C9BDA402 
 145      8E20BE32 
 145      333FC885 
 146 006d ACE01906 		.ascii	"\254\340\031\006\026aI\353b#s/\251\262\371\000\373J"
 146      166149EB 
 146      6223732F 
 146      A9B2F900 
 146      FB4A
 147 007f 2FC0BE76 		.ascii	"/\300\276v\016N\005\203\301\340)y\256s\366\320V\221"
 147      0E4E0583 
 147      C1E02979 
 147      AE73F6D0 
 147      5691
 148 0091 9A7ACEF8 		.ascii	"\232z\316\370\264\207\343\2566-j\207k\261\273\315*\306"
 148      B487E3AE 
 148      362D6A87 
 148      6BB1BBCD 
 148      2AC6
 149 00a3 B818E2D0 		.ascii	"\270\030\342\320&\274/\271\335\214\323\232\0371n\242"
 149      26BC2FB9 
 149      DD8CD39A 
 149      1F316EA2 
 150 00b3 129CC8F0 		.ascii	"\022\234\310\3609\026]\015:wl\0113\356l\263\211>]\354"
 150      39165D0D 
 150      3A776C09 
 150      33EE6CB3 
 150      893E5DEC 
 151 00c7 70D4E6DE 		.ascii	"p\324\346\336\373\362\006\200t4\346\014q\356\275<s\273"
 151      FBF20680 
 151      7434E60C 
 151      71EEBD3C 
 151      73BB
 152 00d9 17E7D399 		.ascii	"\027\347\323\231\271\0103o`n\003\001$m\266\257\213\017"
 152      B908336F 
 152      606E0301 
 152      246DB6AF 
 152      8B0F
 153 00eb 2027DC3D 		.ascii	" '\334=\346\377\316)\324\201?\200\377~\232\223\347\361"
 153      E6FFCE29 
 153      D4813F80 
 153      FF7E9A93 
 153      E7F1
 154 00fd 42447E13 		.ascii	"BD~\023O\016\355\177\347j'\323\017\235\273N\236t\362"
 154      4F0EED7F 
 154      E76A27D3 
 154      0F9DBB4E 
 154      9E74F2
 155 0110 6BC42533 		.ascii	"k\304%3F\005\242\334\353\0234s\255\324\"\037\037\372"
 155      4605A2DC 
 155      EB133473 
 155      ADD4221F 
 155      1FFA
 156 0122 C95FE8CD 		.ascii	"\311_\350\315|\346\037\341\023\36184\253U\321 \276\236"
 156      7CE61FE1 
 156      13F13834 
ARM GAS  C:\Users\PUBLIC~1.LAP\AppData\Local\Temp\cceJYlAZ.s 			page 11


 156      AB55D120 
 156      BE9E
 157 0134 7905DFC8 		.ascii	"y\005\337\310K\036\205d6\266\232\213+\217~2\2202\221"
 157      4B1E8564 
 157      36B69A8B 
 157      2B8F7E32 
 157      903291
 158 0147 A64BE1B2 		.ascii	"\246K\341\262L\001s/\231\340\225/\000g\327\245`\324"
 158      4C01732F 
 158      99E0952F 
 158      0067D7A5 
 158      60D4
 159 0159 A450E89F 		.ascii	"\244P\350\237\354\272\224\214\236\021\230\011s\236\210"
 159      ECBA948C 
 159      9E119809 
 159      739E88
 160 0168 8A3BE8BD 		.ascii	"\212;\350\275\367\326\233\031F:\304\356\261\207 `\243"
 160      F7D69B19 
 160      463AC4EE 
 160      B1872060 
 160      A3
 161 0179 BA3BC701 		.ascii	"\272;\307\001\200n\334\240\355\343\277\223 \345\200"
 161      806EDCA0 
 161      EDE3BF93 
 161      20E580
 162 0188 62026169 		.ascii	"b\002ai\207(\267\360\231\234\000\301\227\365\251\264"
 162      8728B7F0 
 162      999C00C1 
 162      97F5A9B4 
 163 0198 B0D1E0B5 		.ascii	"\260\321\340\265S\015\201\247\345\237Y\333\250\376\341"
 163      530D81A7 
 163      E59F59DB 
 163      A8FEE1
 164 01a7 55B9F16A 		.ascii	"U\271\361j}d\203hL\267\217i\372\324\326E\231\222\212"
 164      7D648368 
 164      4CB78F69 
 164      FAD4D645 
 164      99928A
 165 01ba 6D2AF1EC 		.ascii	"m*\361\354S\217\37537 \265\271\304=\333&\335x\265\327"
 165      538FFD33 
 165      3720B5B9 
 165      C43DDB26 
 165      DD78B5D7 
 166 01ce 958810DF 		.ascii	"\225\210\020\337\343\025/C\030\366$<\342\275\266\033"
 166      E3152F43 
 166      18F6243C 
 166      E2BDB61B 
 167 01de 3E929D12 		.ascii	">\222\235\022\010\220x\274\362U\330\327S\277\374\201"
 167      089078BC 
 167      F255D8D7 
 167      53BFFC81 
 168 01ee 30494AC0 		.ascii	"0IJ\300\236\271\304\034#\336\212\255t\350\207\021\255"
 168      9EB9C41C 
 168      23DE8AAD 
 168      74E88711 
 168      AD
 169 01ff 4EB18275 		.ascii	"N\261\202u\354$V\260f\326\202\230\010V\313\305\202\265"
ARM GAS  C:\Users\PUBLIC~1.LAP\AppData\Local\Temp\cceJYlAZ.s 			page 12


 169      EC2456B0 
 169      66D68298 
 169      0856CBC5 
 169      82B5
 170 0211 602E968A 		.ascii	"`.\226\212e\"\246\322y\355\304xT1\036\025\207\015/\235"
 170      6522A6D2 
 170      79EDC478 
 170      54311E15 
 170      870D2F9D 
 171 0225 97AB42CE 		.ascii	"\227\253B\316\215\203\006$`\255\02392\027\212\327N\207"
 171      8D830624 
 171      60AD1339 
 171      32178AD7 
 171      4E87
 172 0237 15030639 		.ascii	"\025\003\0069\020,<\340\373\356\361\264/\372\254/\372"
 172      102C3CE0 
 172      FBEEF1B4 
 172      2FFAAC2F 
 172      FA
 173 0248 CB8B4845 		.ascii	"\313\213HEzL\376\314Z\011\002\322\3560l\306\351\351"
 173      7A4CFECC 
 173      5A0902D2 
 173      EE306CC6 
 173      E9E9
 174 025a 9E2761FB 		.ascii	"\236'a\373\030@\333)\266\251\364$\034?dl\373L\250&\020"
 174      1840DB29 
 174      B6A9F424 
 174      1C3F646C 
 174      FB4CA826 
 175 026f C413F97C 		.ascii	"\304\023\371|dm\347NtQL\320\022S\252\231\2124];7vm\225"
 175      646DE74E 
 175      74514CD0 
 175      1253AA99 
 175      8A345D3B 
 176 0287 4F3E2070 		.ascii	"O> p\002\231\271\253\016@\202\320g\006\366\330\016\\"
 176      0299B9AB 
 176      0E4082D0 
 176      6706F6D8 
 176      0E5C
 177 0299 C3B7D2C5 		.ascii	"\303\267\322\305(z\332\3516y\336\347e\252\010(^A\320"
 177      287ADAE9 
 177      3679DEE7 
 177      65AA0828 
 177      5E41D0
 178 02ac 0275027B 		.ascii	"\002u\002{\014\213\2423\240\254n\374\014\022\012}s8"
 178      0C8BA233 
 178      A0AC6EFC 
 178      0C120A7D 
 178      7338
 179 02be C40CC793 		.ascii	"\304\014\307\223P&\221\347)\332\214\267\255\361\026"
 179      502691E7 
 179      29DA8CB7 
 179      ADF116
 180 02cd 4F90E1BE 		.ascii	"O\220\341\276\307\\B\230\345<\205\341\306m\011\245t"
 180      C75C4298 
 180      E53C85E1 
 180      C66D09A5 
ARM GAS  C:\Users\PUBLIC~1.LAP\AppData\Local\Temp\cceJYlAZ.s 			page 13


 180      74
 181 02de 847A8AE8 		.ascii	"\204z\212\350a\330\263\306m\035H\245\351qf^\303\372"
 181      61D8B3C6 
 181      6D1D48A5 
 181      E971665E 
 181      C3FA
 182 02f0 26C1355B 		.ascii	"&\3015[\012;\214AT\267\273@,\3067\031\320\314b\012V"
 182      0A3B8C41 
 182      54B7BB40 
 182      2CC63719 
 182      D0CC620A 
 183 0305 60E1CA7B 		.ascii	"`\341\312{H\317\257m\025^\332\305Er\034\266\214\341"
 183      48CFAF6D 
 183      155EDAC5 
 183      45721CB6 
 183      8CE1
 184 0317 0F410F   		.ascii	"\017A\017"
 185              		.text
 186              		.section	.gnu.lto_chMemIsPointersArrayWithinX.267.83ad1720,"e",%progbits
 187 0000 28B52FFD 		.ascii	"(\265/\375`V\0035\031\000\326-\243H\260XQ:1E|`y\200"
 187      60560335 
 187      1900D62D 
 187      A348B058 
 187      513A3145 
 188 0018 C8E41315 		.ascii	"\310\344\023\0259\341\324\035c\202\316\211s\345?U+\213"
 188      39E1D41D 
 188      6382CE89 
 188      73E53F55 
 188      2B8B
 189 002a CC07C537 		.ascii	"\314\007\3057F\223\025\365\224N\200$w\237\366\326v\320"
 189      469315F5 
 189      944E8024 
 189      779FF6D6 
 189      76D0
 190 003c 85971FB0 		.ascii	"\205\227\037\260?R\201o\334y}\354\244\370q\232z\211"
 190      3F52816F 
 190      DC797DEC 
 190      A4F8719A 
 190      7A89
 191 004e FF092164 		.ascii	"\377\011!d\023\271S\012\214\000\210\000\223\000vy\352"
 191      13B9530A 
 191      8C008800 
 191      93007679 
 191      EA
 192 005f 0A735E48 		.ascii	"\012s^H\012\227\265\016\221jR\253O\201%\220\247\007"
 192      0A97B50E 
 192      916A52AB 
 192      4F812590 
 192      A707
 193 0071 F2202A8C 		.ascii	"\362 *\214\303\3603.\365(a\212\252\325\367r\235\200"
 193      C3F0332E 
 193      F528618A 
 193      AAD5F772 
 193      9D80
 194 0083 781A7E80 		.ascii	"x\032~\200x\2728\034\326\320w\323\211\373(R2,w\342|"
 194      78BA381C 
 194      D6D077D3 
ARM GAS  C:\Users\PUBLIC~1.LAP\AppData\Local\Temp\cceJYlAZ.s 			page 14


 194      89FB2852 
 194      322C77E2 
 195 0098 9E8F2B9E 		.ascii	"\236\217+\236\317\024Y\274\240\025<\240II\241\223\243"
 195      CF1459BC 
 195      A0153CA0 
 195      4949A193 
 195      A3
 196 00a9 4DD84447 		.ascii	"M\330DG\223\216\007\343!M\017\241\227!\205\247\027-"
 196      938E07E3 
 196      214D0FA1 
 196      972185A7 
 196      172D
 197 00bb 8E652723 		.ascii	"\216e'#\234:\266\210Y\361rs\235>Y\360\202BW\255\365"
 197      9C3AB688 
 197      59F17273 
 197      9D3E59F0 
 197      824257AD 
 198 00d0 BF1F40DA 		.ascii	"\277\037@\332\305\230s\264\251\265z\352x.n\325m\027"
 198      C59873B4 
 198      A9B57AEA 
 198      782E6ED5 
 198      6D17
 199 00e2 B1DDC15E 		.ascii	"\261\335\301^\007\0012\222z\346\224\355\343\231\333"
 199      07013292 
 199      7AE694ED 
 199      E399DB
 200 00f1 EB7284F4 		.ascii	"\353r\204\364\344-\262[\254\373~\000O\372g\256t\257"
 200      E42DB25B 
 200      ACFB7E00 
 200      4FFA67AE 
 200      74AF
 201 0103 CE24E42F 		.ascii	"\316$\344/==\212O\272\2518\035\322\351\015\247\347\233"
 201      3D3D8A4F 
 201      BAA9381D 
 201      D2E90DA7 
 201      E79B
 202 0115 EED39447 		.ascii	"\356\323\224GT\240\020\200\251\265E\260L\275B\237\034"
 202      54A01080 
 202      A9B545B0 
 202      4CBD429F 
 202      1C
 203 0126 BDE957FA 		.ascii	"\275\351W\372\231\276\366\355\033\361\235\274j\302\005"
 203      99BEF6ED 
 203      1BF19DBC 
 203      6AC205
 204 0135 FD187120 		.ascii	"\375\030q Oo\253\360\227\376\363\212\351\346\312\321"
 204      4F6FABF0 
 204      97FEF38A 
 204      E9E6CAD1 
 205 0145 D4A01F11 		.ascii	"\324\240\037\021\217\015\266\322\215\344\331\265t?5"
 205      8F0DB6D2 
 205      8DE4D9B5 
 205      743F35
 206 0154 129C5A83 		.ascii	"\022\234Z\203\017\367]\353\205\026\032a2\354\364\211"
 206      0FF75DEB 
 206      85161A61 
 206      32ECF489 
ARM GAS  C:\Users\PUBLIC~1.LAP\AppData\Local\Temp\cceJYlAZ.s 			page 15


 207 0164 24DDBE6B 		.ascii	"$\335\276k\015\375\314\010\203\341C\002\253[-]\010B"
 207      0DFDCC08 
 207      83E14302 
 207      AB5B2D5D 
 207      0842
 208 0176 40680D0C 		.ascii	"@h\015\014)F\344\026\371\003\360\313\352\034\000\311"
 208      2946E416 
 208      F903F0CB 
 208      EA1C00C9 
 209 0186 868D707B 		.ascii	"\206\215p{\376\367\010\024\016(\345\026q\021\303\015"
 209      FEF70814 
 209      0E28E516 
 209      7111C30D 
 210 0196 B1B4C577 		.ascii	"\261\264\305wb\302\\\374\333\276\312\212\241\3778\335"
 210      62C25CFC 
 210      DBBECA8A 
 210      A1FF38DD 
 211 01a6 D64E300A 		.ascii	"\326N0\012\206\307\211\342\262\026\311\210\014\020\221"
 211      86C789E2 
 211      B216C988 
 211      0C1091
 212 01b5 CF4E1932 		.ascii	"\317N\03122f\267\347\231U\255(\224c\251JnJyW\265\253"
 212      3266B7E7 
 212      9955AD28 
 212      9463A94A 
 212      6E4A7957 
 213 01cb 9D3F201F 		.ascii	"\235? \037>s\312\255`0X\346\003\304\271\273\005\274"
 213      3E73CAAD 
 213      603058E6 
 213      03C4B9BB 
 213      05BC
 214 01dd 0011F9CC 		.ascii	"\000\021\371\314\256D\0049\267\205\205\211\224iO\262"
 214      AE440439 
 214      B7858589 
 214      94694FB2 
 215 01ed 43D69AAB 		.ascii	"C\326\232\253\361\221\350\220x\000\265\343\324O!\236"
 215      F191E890 
 215      7800B5E3 
 215      D44F219E 
 216 01fd AAF6BF0B 		.ascii	"\252\366\277\013`\022#.\263\301p\302\017#d\213\002F"
 216      6012232E 
 216      B3C170C2 
 216      0F23648B 
 216      0246
 217 020f DB5A6DC6 		.ascii	"\333Zm\306d5\233\013D\011\030Y\203\321\326\261\0056"
 217      64359B0B 
 217      44091859 
 217      83D1D6B1 
 217      0536
 218 0221 1131594E 		.ascii	"\0211YN\214&\243\345\304^\261\022\266\027\316L\307\266"
 218      8C26A3E5 
 218      C45EB112 
 218      B617CE4C 
 218      C7B6
 219 0233 F3B2EDBC 		.ascii	"\363\262\355\2746h\230\341\314r,\334\3248hP\243\311"
 219      366898E1 
 219      CC722CDC 
ARM GAS  C:\Users\PUBLIC~1.LAP\AppData\Local\Temp\cceJYlAZ.s 			page 16


 219      D4386850 
 219      A3C9
 220 0245 4CDCDC72 		.ascii	"L\334\334rN\314t<\300\0300\270\211p\001\202\353\267"
 220      4ECC743C 
 220      C01830B8 
 220      89700182 
 220      EBB7
 221 0257 C853FCD3 		.ascii	"\310S\374\323'\375\323\377;\011\025\305\312\364qb\026"
 221      27FDD3FF 
 221      3B0915C5 
 221      CAF47162 
 221      16
 222 0268 E097F03B 		.ascii	"\340\227\360;\216k\233\236\355\001\216\3333\200\025"
 222      8E6B9B9E 
 222      ED018EDB 
 222      338015
 223 0277 A9E4A6D4 		.ascii	"\251\344\246\324\275\334\340\021%n\257d\255\001\340"
 223      BDDCE011 
 223      256EAF64 
 223      AD01E0
 224 0286 12D2F714 		.ascii	"\022\322\367\024Q\\\335\235NF\001\247\312\326:$g\226"
 224      515CDD9D 
 224      4E4601A7 
 224      CAD63A24 
 224      6796
 225 0298 0643A861 		.ascii	"\006C\250a\030\005\011T\314\240\221P\244\022\3036`\002"
 225      18050954 
 225      CCA09150 
 225      A412C336 
 225      6002
 226 02aa 9949C80D 		.ascii	"\231I\310\015\020hg\3244\006\300\020\375\"V\354\024"
 226      106867D4 
 226      3406C010 
 226      FD2256EC 
 226      14
 227 02bb CE6F2155 		.ascii	"\316o!U\324\022\215\220\247\262\262e\260\307\226R\012"
 227      D4128D90 
 227      A7B2B265 
 227      B0C79652 
 227      0A
 228 02cc 23DC522B 		.ascii	"#\334R+\355 \014\270\313\304\262\034mgD\272}\220\030"
 228      ED200CB8 
 228      CBC4B21C 
 228      6D6744BA 
 228      7D9018
 229 02df 6D282CC9 		.ascii	"m(,\311\033\224\332\177\305\315\213g|\237\215T\311\356"
 229      1B94DA7F 
 229      C5CD8B67 
 229      7C9F8D54 
 229      C9EE
 230 02f1 B6C5DFB5 		.ascii	"\266\305\337\265b8\201\\\364<(\314\200sl\215Rc\206K"
 230      6238815C 
 230      F43C28CC 
 230      80736C8D 
 230      5263864B 
 231 0305 174F4EAF 		.ascii	"\027ON\257\014\320\031\352;\242\355u\243\340\360\377"
 231      0CD019EA 
ARM GAS  C:\Users\PUBLIC~1.LAP\AppData\Local\Temp\cceJYlAZ.s 			page 17


 231      3BA2ED75 
 231      A3E0F0FF 
 232 0315 78D24232 		.ascii	"x\322B214\325\202\245\350\266:Ab/\246\270\311\271dr"
 232      3134D582 
 232      A5E8B63A 
 232      41622FA6 
 232      B8C9B964 
 233 032a 7616F94C 		.ascii	"v\026\371L\375\001"
 233      FD01
 234              		.text
 235              		.section	.gnu.lto_chMemIsSpaceContainedX.268.83ad1720,"e",%progbits
 236 0000 28B52FFD 		.ascii	"(\265/\375`\316\001\235\021\000V\241wH\340\322&\035"
 236      60CE019D 
 236      110056A1 
 236      7748E0D2 
 236      261D
 237 0012 A25E6263 		.ascii	"\242^bc\215G\256&\324\261\265\342\002\224\026\3317/"
 237      8D47AE26 
 237      D4B1B5E2 
 237      029416D9 
 237      372F
 238 0024 ABA40C3A 		.ascii	"\253\244\014:\207!\377\205\315\243N\037\031x[e\216c"
 238      8721FF85 
 238      CDA34E1F 
 238      19785B65 
 238      8E63
 239 0036 FE373478 		.ascii	"\37674x\020\351\324K\250\222-\000EB\022\013\211\340"
 239      10E9D44B 
 239      A8922D00 
 239      4542120B 
 239      89E0
 240 0048 1B519961 		.ascii	"\033Q\231a\032\370\304\330=\310\336r\247\024b\000`\000"
 240      1AF8C4D8 
 240      3DC8DE72 
 240      A7146200 
 240      6000
 241 005a 610066A1 		.ascii	"a\000f\241\237&\017\260}\312\003\330.d\233>\215\200"
 241      9F260FB0 
 241      7DCA03D8 
 241      2E649B3E 
 241      8D80
 242 006c 7EA614A8 		.ascii	"~\246\024\2501\353\341\003\241\243\244\027J\265\206"
 242      31EBE103 
 242      A1A3A417 
 242      4AB586
 243 007b DC92F08C 		.ascii	"\334\222\360\214\254oSnd\3716\337J^\255\317\036;\274"
 243      AC6F536E 
 243      64F936DF 
 243      4A5EADCF 
 243      1E3BBC
 244 008e 70E24CD1 		.ascii	"p\342L\321s)\023\270\020*Q\362\312\221+\213q\203\344"
 244      732913B8 
 244      102A51F2 
 244      CA912B8B 
 244      7183E4
 245 00a1 D58AFBD9 		.ascii	"\325\212\373\331e\020P\015\327\253\347Qd\245\326\352"
 245      6510500D 
ARM GAS  C:\Users\PUBLIC~1.LAP\AppData\Local\Temp\cceJYlAZ.s 			page 18


 245      D7ABE751 
 245      64A5D6EA 
 246 00b1 E87A7DB8 		.ascii	"\350z}\270En\033\203m\011\366\225\002\353c\217<\374"
 246      456E1B83 
 246      6D09F695 
 246      02EB638F 
 246      3CFC
 247 00c3 4D8FFDF4 		.ascii	"M\217\375\364\260\177\233\321\323\321\322\321\361\262"
 247      B07F9BD1 
 247      D3D1D2D1 
 247      F1B2
 248 00d1 FB24A623 		.ascii	"\373$\246#X\216\223\242Z=\324\204T\243I\004t\331o\327"
 248      588E93A2 
 248      5A3DD484 
 248      54A34904 
 248      74D96FD7 
 249 00e5 F83393D8 		.ascii	"\3703\223\330\226\321P\033\236\323\216\316\017\001\237"
 249      96D1501B 
 249      9ED38ECE 
 249      0F019F
 250 00f4 86402DC3 		.ascii	"\206@-\303\014\3479\201\320\2415\330h\307L;\317)\304"
 250      0CE73981 
 250      D0A135D8 
 250      68C74C3B 
 250      CF29C4
 251 0107 0824200B 		.ascii	"\010$ \013b\364W\234\305[\324\034FcS\2550\0376j\015"
 251      62F4579C 
 251      C55BD41C 
 251      466353AD 
 251      301F366A 
 252 011c 070471DB 		.ascii	"\007\004q\333\257\313\266O\265Z\255\366\231m\356\203"
 252      AFCBB64F 
 252      B55AADF6 
 252      996DEE83 
 253 012c ECEF432F 		.ascii	"\354\357C/\264\326\034\025_\006\007\025E\361\351\323"
 253      B4D61C15 
 253      5F060715 
 253      45F1E9D3 
 254 013c 6C9F7397 		.ascii	"l\237s\227H\310R\354F\326Z\353\244;\262\034\255\245"
 254      48C852EC 
 254      46D65AEB 
 254      A43BB21C 
 254      ADA5
 255 014e 02270E19 		.ascii	"\002'\016\031\022\361\203C\236\265\311u\231!\345\304"
 255      12F18343 
 255      9EB5C975 
 255      9921E5C4 
 256 015e 25D3685A 		.ascii	"%\323hZ\272_\333\002\030\357\222\373\331\031$\031\265"
 256      BA5FDB02 
 256      18EF92FB 
 256      D9192419 
 256      B5
 257 016f B66E0F9A 		.ascii	"\266n\017\232l\306\356\217\035\332D\225#\035&\034+\224"
 257      6CC6EE8F 
 257      1DDA4495 
 257      231D261C 
 257      2B94
ARM GAS  C:\Users\PUBLIC~1.LAP\AppData\Local\Temp\cceJYlAZ.s 			page 19


 258 0181 6ABD0D1F 		.ascii	"j\275\015\037(W\007Q\236\014jv\336\0124\251 \203\242"
 258      28570751 
 258      9E0C6A76 
 258      DE0A34A9 
 258      2083A2
 259 0194 EE4EC097 		.ascii	"\356N\300\227\316Ku*O\225\352\270N\006\344\\>\0300\206"
 259      CE4B752A 
 259      4F95EAB8 
 259      4E06E45C 
 259      3E183086 
 260 01a8 0363B808 		.ascii	"\003c\270\010\016>\227/\245\240E%\205\300J\345]h\321"
 260      0E3E972F 
 260      A5A04525 
 260      85C04AE5 
 260      5D68D1
 261 01bb 909AF960 		.ascii	"\220\232\371`&\240PPZ\016\260\030\010\353\327\307\251"
 261      26A05050 
 261      5A0EB018 
 261      08EBD7C7 
 261      A9
 262 01cc 203BF330 		.ascii	" ;\3630\376\331\251RQl\177\326\026\343z\345foNl\373"
 262      FED9A952 
 262      516C7FD6 
 262      16E37AE5 
 262      666F4E6C 
 263 01e1 630A453C 		.ascii	"c\012E<\344\310\336h\007\215\" `\002\021\303j\007\217"
 263      E4C8DE68 
 263      078D2220 
 263      600211C3 
 263      6A078F
 264 01f4 C0406FA8 		.ascii	"\300@o\250m\273C\2767\005\256\342\263\313,\241\2767"
 264      6DBB43BE 
 264      3705AEE2 
 264      B3CB2CA1 
 264      BE37
 265 0206 5A282A2F 		.ascii	"Z(*/\013\306\324\036\324\362\312\255;8\334\240K\354"
 265      0BC6D41E 
 265      D4F2CAAD 
 265      3B38DCA0 
 265      4BEC
 266 0218 011D0151 		.ascii	"\001\035\001Q\324\002\006\027~X\030\262h0\274\373m{"
 266      D4020617 
 266      7E5818B2 
 266      6830BCFB 
 266      6D7B
 267 022a 714B3DD8 		.ascii	"qK=\330\220\355OY\243}\243k\207\344k&!<\001"
 267      90ED4F59 
 267      A37DA36B 
 267      87E46B26 
 267      213C01
 268              		.text
 269              		.section	.gnu.lto_chMemIsSpaceWritableX.269.83ad1720,"e",%progbits
 270 0000 28B52FFD 		.ascii	"(\265/\375`\012\001]\015\000\206\231\\D\020\221\223"
 270      600A015D 
 270      0D008699 
 270      5C441091 
 270      93
ARM GAS  C:\Users\PUBLIC~1.LAP\AppData\Local\Temp\cceJYlAZ.s 			page 20


 271 0011 0E098E12 		.ascii	"\016\011\216\022N\216.Ep\020(\274\032\210B\243\225\344"
 271      4E8E2E45 
 271      701028BC 
 271      1A8842A3 
 271      95E4
 272 0023 135E5736 		.ascii	"\023^W6\005~\3500=?\203\375\026\256|D\211\000\371\003"
 272      057EE830 
 272      3D3F83FD 
 272      16AE7C44 
 272      8900F903 
 273 0037 4B8EA216 		.ascii	"K\216\242\026\2409\322\302\203\313\260\003;M\004\236"
 273      A039D2C2 
 273      83CBB003 
 273      3B4D049E 
 274 0047 022BE806 		.ascii	"\002+\350\006k\011!DJ\231RH\000H\000D\000\227\307\007"
 274      6B092144 
 274      4A995248 
 274      00480044 
 274      0097C707 
 275 005b 60BFF602 		.ascii	"`\277\366\002\260_\266\015\242@\344\321A\013-5h\224"
 275      B05FB60D 
 275      A240E4D1 
 275      410B2D35 
 275      6894
 276 006d 72C4086E 		.ascii	"r\304\010n\232\342\243\257\346\310\347\240P\276\032"
 276      9AE2A3AF 
 276      E6C8E7A0 
 276      50BE1A
 277 007c 89EB1648 		.ascii	"\211\353\026H\235\250\011\200JY\017V\214\3510\317\020"
 277      9DA80980 
 277      4A590F56 
 277      8CE930CF 
 277      10
 278 008d A8526616 		.ascii	"\250Rf\026\022ct\236P+\367u\333\020lS\260\357!\332\246"
 278      1263749E 
 278      502BF775 
 278      DB106C53 
 278      B0EF21DA 
 279 00a2 B34D6357 		.ascii	"\263McW\375\373\227_\323\347\030\210q\031\231\030E\204"
 279      FDFB975F 
 279      D3E71888 
 279      71199918 
 279      4584
 280 00b4 3B62CC35 		.ascii	";b\3145c\205m\221\015\300\366\276\230u\225\316\010\025"
 280      63856D91 
 280      0DC0F6BE 
 280      987595CE 
 280      0815
 281 00c6 AA08BA3A 		.ascii	"\252\010\272:\271Jg\305\206\313\314\003\355\2273\355"
 281      B94A67C5 
 281      86CBCC03 
 281      ED9733ED 
 282 00d6 B7DC4574 		.ascii	"\267\334Et\225ox\023\343\012\206\214\030\301\003v\240"
 282      956F7813 
 282      E30A868C 
 282      18C10376 
 282      A0
ARM GAS  C:\Users\PUBLIC~1.LAP\AppData\Local\Temp\cceJYlAZ.s 			page 21


 283 00e7 3DBA6A7F 		.ascii	"=\272j\177&\371S\352\245\361:P\204/TS\326\224\200\013"
 283      26F953EA 
 283      A5F13A50 
 283      842F5453 
 283      D694800B 
 284 00fb 1CA5AC71 		.ascii	"\034\245\254q\246\230jzS\211\325Loj\221\262\345N\030"
 284      A6986A7A 
 284      5389D54C 
 284      6F6A91B2 
 284      E54E18
 285 010e 86E1CDC2 		.ascii	"\206\341\315\302T1=\314\227E\013\032\020&R\262e\203"
 285      54313DCC 
 285      97450B1A 
 285      102652B2 
 285      6583
 286 0120 28A929FB 		.ascii	"(\251)\373\033\225\305\376\352\337l:\0332x \221\253"
 286      1B95C5FE 
 286      EADF6C3A 
 286      1B327820 
 286      91AB
 287 0132 FBE07D5B 		.ascii	"\373\340}[rs\010>\015\\\367\341B]\350\303m\034\207o"
 287      7273083E 
 287      0D5CF7E1 
 287      425DE8C3 
 287      6D1C876F 
 288 0146 1BF1401F 		.ascii	"\033\361@\037\311\366\221l\027*x#\336G\202g\001H\202"
 288      C9F6916C 
 288      172A7823 
 288      DE478267 
 288      014882
 289 0159 9250D7C1 		.ascii	"\222P\327\301s\3621\361@\030D>><\015&0\000\343\225\305"
 289      73F231F1 
 289      4018443E 
 289      3E3C0D26 
 289      3000E395 
 290 016e 5E4D6D86 		.ascii	"^Mm\206\246\225\376\010\273\236\324!$%m\226\233\025"
 290      A695FE08 
 290      BB9ED421 
 290      24256D96 
 290      9B15
 291 0180 006108F8 		.ascii	"\000a\010\370\351\360\201\211\3645\224\035\366*\332"
 291      E9F08189 
 291      F435941D 
 291      F62ADA
 292 018f 021524E2 		.ascii	"\002\025$\342Nh\312\002\220\262\3325q\256\211,?\221"
 292      4E68CA02 
 292      90B2DA35 
 292      71AE892C 
 292      3F91
 293 01a1 34360655 		.ascii	"46\006U$\030\001\341\002U\347\004u\246\251\366h`j\017"
 293      241801E1 
 293      0255E704 
 293      75A6A9F6 
 293      68606A0F 
 294              		.text
 295              		.section	.gnu.lto_chMemIsSpaceReadableX.270.83ad1720,"e",%progbits
 296 0000 28B52FFD 		.ascii	"(\265/\375`\012\001]\015\000\206\231\\D\000\221(\035"
ARM GAS  C:\Users\PUBLIC~1.LAP\AppData\Local\Temp\cceJYlAZ.s 			page 22


 296      600A015D 
 296      0D008699 
 296      5C440091 
 296      281D
 297 0012 A541E655 		.ascii	"\245A\346Ug\322\010j\210\276ziL\241\324\320\032\205"
 297      67D2086A 
 297      88BE7A69 
 297      4CA1D4D0 
 297      1A85
 298 0024 99CCA194 		.ascii	"\231\314\241\224\324K\373\3606m\370\305\331\240x\011"
 298      D44BFBF0 
 298      366DF8C5 
 298      D9A07809 
 299 0034 68353324 		.ascii	"h53$\334D\276\267d{3\033\343ox\021\025\210\203\230_"
 299      DC44BEB7 
 299      647B331B 
 299      E36F7811 
 299      15888398 
 300 0049 EBB28D10 		.ascii	"\353\262\215\020B\244\224)\005H\000H\000D\000\027\307"
 300      42A49429 
 300      05480048 
 300      00440017 
 300      C7
 301 005a 0760BFF6 		.ascii	"\007`\277\366\002\260_\266\355\241 d\321A\013,2fH7b"
 301      02B05FB6 
 301      EDA12064 
 301      D1410B2C 
 301      32664837 
 302 006f 04374571 		.ascii	"\0047Eq\321WS\344oN&_m\304u\013\240L\260\002\234N\226"
 302      D15753E4 
 302      6F4E265F 
 302      6DC4750B 
 302      A04CB002 
 303 0086 63F552BA 		.ascii	"c\365R\272\352\211r\"ef\0371F\247\351\244r_\267\015"
 303      EA897222 
 303      65661F31 
 303      46A7E9A4 
 303      725FB70D 
 304 009a C13605FB 		.ascii	"\3016\005\373\036\002\332\246\263Mco\371\367.\277\246"
 304      1E02DAA6 
 304      B34D636F 
 304      F9F72EBF 
 304      A6
 305 00ab BF318072 		.ascii	"\2771\200r\030\230\030C\2043\361\345\202\241\302v\310"
 305      18981843 
 305      8433F1E5 
 305      82A1C276 
 305      C8
 306 00bc 06607B5D 		.ascii	"\006`{]\274z\012GD\012\231\010\232*y\012Ge\006+\346"
 306      BC7A0A47 
 306      440A9908 
 306      9A2A790A 
 306      4765062B 
 307 00d1 81F6CB99 		.ascii	"\201\366\313\231\366Y\316\"\364\026\327\260&\306T\214"
 307      F659CE22 
 307      F416D7B0 
 307      26C6548C 
ARM GAS  C:\Users\PUBLIC~1.LAP\AppData\Local\Temp\cceJYlAZ.s 			page 23


 308 00e1 17318207 		.ascii	"\0271\202\007\354@{\272j\177$yS\352\245\3612'B\027\252"
 308      EC407BBA 
 308      6A7F2479 
 308      53EAA5F1 
 308      32274217 
 309 00f6 286B4AA0 		.ascii	"(kJ\240\005\015R\262\234)\246\232\276Db5\323\227Z\243"
 309      050D52B2 
 309      9C29A69A 
 309      BE446235 
 309      D3975AA3 
 310 010a 6C991386 		.ascii	"l\231\023\206ax\2570UL\257\372\256P\331\000Q\342$[6"
 310      6178AF30 
 310      554CAFFA 
 310      AE50D900 
 310      51E2245B 
 311 011f 68928AB2 		.ascii	"h\222\212\262\277QW\354\247~\315\246\003\0332x\037\220"
 311      BF5157EC 
 311      A77ECDA6 
 311      031B3278 
 311      1F90
 312 0131 ABFBE07D 		.ascii	"\253\373\340};rs\010>\015\\\347\341@\035\310\303m\034"
 312      3B727308 
 312      3E0D5CE7 
 312      E1401DC8 
 312      C36D1C
 313 0144 876F0BF1 		.ascii	"\207o\013\361>\237\310\366\211l\027*x!\236GBg\201G\202"
 313      3E9FC8F6 
 313      896C172A 
 313      78219E47 
 313      42678147 
 314 0159 1150D7A1 		.ascii	"\021P\327\241S\342!\361>\030@:::\015&0\000\343u\305"
 314      53E221F1 
 314      3E18403A 
 314      3A3A0D26 
 314      3000E375 
 315 016e 5E4D2D26 		.ascii	"^M-&l\245/\302\256&\365\307HG\233\245&\025\000a\010"
 315      6CA52FC2 
 315      AE26F5C7 
 315      48479BA5 
 315      26150061 
 316 0183 F8E9F081 		.ascii	"\370\351\360\201\211\3645\224\035\366*\332\002\025$"
 316      89F43594 
 316      1DF62ADA 
 316      021524
 317 0192 E24E68CA 		.ascii	"\342Nh\312\002\220\262\3325q\256\211,?\22146\006U$\030"
 317      0290B2DA 
 317      3571AE89 
 317      2C3F9134 
 317      36065524 
 318 01a7 01E10255 		.ascii	"\001\341\002U\347\004u\246\251\366h`j\017"
 318      E70475A6 
 318      A9F66860 
 318      6A0F
 319              		.text
 320              		.section	.gnu.lto_chMemIsAddressExecutableX.271.83ad1720,"e",%progbits
 321 0000 28B52FFD 		.ascii	"(\265/\375`C\000\365\010\000\206\221@90\221\322\001"
 321      604300F5 
ARM GAS  C:\Users\PUBLIC~1.LAP\AppData\Local\Temp\cceJYlAZ.s 			page 24


 321      08008691 
 321      40393091 
 321      D201
 322 0012 A84293D4 		.ascii	"\250B\223\324\276m\2128(\001{\367\272\030vJ\012\355"
 322      BE6D8A38 
 322      28017BF7 
 322      BA18764A 
 322      0AED
 323 0024 27604F33 		.ascii	"'`O3\375\245B\304\350\337z\201Ebxb~\240\247\214\327"
 323      FDA542C4 
 323      E8DF7A81 
 323      45627862 
 323      7EA0A78C 
 324 0039 961D8515 		.ascii	"\226\035\205\025<0!\272\036d\023\271S\012-\000/\000"
 324      3C3021BA 
 324      1E6413B9 
 324      530A2D00 
 324      2F00
 325 004b 2D00DBA7 		.ascii	"-\000\333\247v\202\355\323\266=\015(\247>Z\274^\\>f"
 325      7682EDD3 
 325      B63D0D28 
 325      A73E5ABC 
 325      5E5C3E66 
 326 005f 76474E49 		.ascii	"vGNI\236\272L\371\002-\325%\300gw-\305\226\353\326\333"
 326      9EBA4CF9 
 326      022DD525 
 326      C067772D 
 326      C596EBD6 
 327 0074 36B02D61 		.ascii	"6\260-a[\026\327VE\254\207\375RKH9\214\315n\310M\315"
 327      5B16D756 
 327      45AC87FD 
 327      524B4839 
 327      8CCD6EC8 
 328 008a CE668B89 		.ascii	"\316f\213\211m\224=`[J\373\257\237\240\016\263\2149"
 328      6D943D60 
 328      5B4AFBAF 
 328      9FA00EB3 
 328      8C39
 329 009c BB3119CB 		.ascii	"\2731\031\313\356\250\340\210\200\317\203\027\004\346"
 329      EEA8E088 
 329      80CF8317 
 329      04E6
 330 00aa C8BFB449 		.ascii	"\310\277\264I}\354c\210\020\263\313\272\350\253|eC{"
 330      7DEC6388 
 330      10B3CBBA 
 330      E8AB7C65 
 330      437B
 331 00bc C9A7C170 		.ascii	"\311\247\301p\273\370\351\207\036'yQ\365(?\210\213f"
 331      BBF8E987 
 331      1E277951 
 331      F5283F88 
 331      8B66
 332 00ce C6D2B547 		.ascii	"\306\322\265G\225\324\021;\246\273[\0005:\221\327\221"
 332      95D4113B 
 332      A6BB5B00 
 332      353A91D7 
 332      91
ARM GAS  C:\Users\PUBLIC~1.LAP\AppData\Local\Temp\cceJYlAZ.s 			page 25


 333 00df 4424AFE3 		.ascii	"D$\257\343:\016\220\013}#\260\304\201%\356\242\342\013"
 333      3A0E900B 
 333      7D23B0C4 
 333      8125EEA2 
 333      E20B
 334 00f1 7DDE04C8 		.ascii	"}\336\004\310\301\303`\"\211:@'/\374F\030\031\235\016"
 334      C1C36022 
 334      893A4027 
 334      2FFC4618 
 334      199D0E
 335 0104 0882E261 		.ascii	"\010\202\342a\334[\325\237\225\256\002\011\0002\003"
 335      DC5BD59F 
 335      95AE0209 
 335      003203
 336 0113 C2B041E3 		.ascii	"\302\260A\343\266\200i\302\205\261`\254\231\324\260"
 336      B68069C2 
 336      85B160AC 
 336      99D4B0
 337 0122 C3068BB7 		.ascii	"\303\006\213\267-N"
 337      2D4E
 338              		.text
 339              		.section	.gnu.lto_chMemIsSpaceWritableX.part.0.276.83ad1720,"e",%progbits
 340 0000 28B52FFD 		.ascii	"(\265/\375`9\001\325\015\000\366\231\\D\000\2614\035"
 340      603901D5 
 340      0D00F699 
 340      5C4400B1 
 340      341D
 341 0012 A0DDB7EA 		.ascii	"\240\335\267\352\250Hy\213\310S*\336WQC:\242\006\214"
 341      A848798B 
 341      C8532ADE 
 341      5751433A 
 341      A2068C
 342 0025 594D06CC 		.ascii	"YM\006\314\340L\261\211\364a\3315\324\0149\312\204H"
 342      E04CB189 
 342      F461D935 
 342      D40C39CA 
 342      8448
 343 0037 4667A211 		.ascii	"Fg\242\021x\016D\331\320\010\034[\250!\327\202j\376"
 343      780E44D9 
 343      D0081C5B 
 343      A821D782 
 343      6AFE
 344 0049 0C46307D 		.ascii	"\014F0}\262\267\334)\005G\000K\000C\000\237\003.`\372"
 344      B2B7DC29 
 344      0547004B 
 344      0043009F 
 344      032E60FA 
 345 005d 94FF983E 		.ascii	"\224\377\230>\355\253\260\025\342\231\020\001\332\266"
 345      EDABB015 
 345      E2991001 
 345      DAB6
 346 006b 1522F2E8 		.ascii	"\025\"\362\350\341\004\031\0335<\350\330\015\253O%\361"
 346      E104191B 
 346      353CE8D8 
 346      0DAB4F25 
 346      F1
 347 007c D135CA91 		.ascii	"\3215\312\221\037?\226\016\327\227.S\220f|,-\217\001"
ARM GAS  C:\Users\PUBLIC~1.LAP\AppData\Local\Temp\cceJYlAZ.s 			page 26


 347      1F3F960E 
 347      D7972E53 
 347      90667C2C 
 347      2D8F01
 348 008f 2E3D4676 		.ascii	".=Fv\327T\210{\336\266\210\355\010\366c\002\236_\262"
 348      D754887B 
 348      DEB688ED 
 348      08F66302 
 348      9E5FB2
 349 00a2 C7F66F3C 		.ascii	"\307\366o<\2719)82:\273\241\201O\317\026\246q\360\323"
 349      B9392938 
 349      323ABBA1 
 349      814FCF16 
 349      A671F0D3 
 350 00b6 5282C601 		.ascii	"R\202\306\001%\262=\226\36165(\262\006\345\340\007\304"
 350      25B23D96 
 350      F1363528 
 350      B206E5E0 
 350      07C4
 351 00c8 8D199D06 		.ascii	"\215\031\235\006\324\2475\236\344\311pG\200\326h\177"
 351      D4A7359E 
 351      E4C97047 
 351      80D6687F 
 352 00d8 E634A2AF 		.ascii	"\3464\242\257p\016\003\330%\301\210\261\033\036\370"
 352      700E03D8 
 352      25C188B1 
 352      1B1EF8
 353 00e7 34032AD7 		.ascii	"4\003*\327\273\370\013\256\000\216\335\225\177>\316"
 353      BBF80BAE 
 353      008EDD95 
 353      7F3ECE
 354 00f6 734CE463 		.ascii	"sL\344c>\275q\323\277O\237\2330t\361\237\352K\217.+"
 354      3EBD71D3 
 354      BF4F9F9B 
 354      3074F19F 
 354      EA4B8F2E 
 355 010b BA5161AC 		.ascii	"\272Qa\254\362r\365\305v\264t\264\336\346\217'\375\237"
 355      F272F5C5 
 355      76B474B4 
 355      DEE68F27 
 355      FD9F
 356 011d 3EAC9DDD 		.ascii	">\254\235\335\017;v\326e\312@\361\233\333g\021\027,"
 356      0F3B76D6 
 356      65CA40F1 
 356      9BDB6711 
 356      172C
 357 012f 68219289 		.ascii	"h!\222\211q\320:yr_\010:\223\013\313\256\015\333\262"
 357      71D03A79 
 357      725F083A 
 357      930BCBAE 
 357      0DDBB2
 358 0142 ABBA3274 		.ascii	"\253\2722tU\211\026\352\270\252\343*\012\022\264\022"
 358      558916EA 
 358      B8AAE32A 
 358      0A12B412 
 359 0152 2D7B0052 		.ascii	"-{\000R`%8\3310\015\240\224l\203\026\252@\002\002\002"
 359      602538D9 
ARM GAS  C:\Users\PUBLIC~1.LAP\AppData\Local\Temp\cceJYlAZ.s 			page 27


 359      300DA094 
 359      6C8316AA 
 359      40020202 
 360 0166 1281B0E0 		.ascii	"\022\201\260\340r\365\305/\235\300\211\250*\365S\217"
 360      72F5C52F 
 360      9DC089A8 
 360      2AF5538F 
 361 0176 A8A88A2A 		.ascii	"\250\250\212*\214mO\214\032\034\000\021\213\001xC\275"
 361      8C6D4F8C 
 361      1A1C0011 
 361      8B017843 
 361      BD
 362 0187 2D943741 		.ascii	"-\2247A%\311\204\012\310\003#\\1>\263\342\321E\005'"
 362      25C9840A 
 362      C803235C 
 362      313EB3E2 
 362      D1450527 
 363 019b F8D84A60 		.ascii	"\370\330J`\221\003\246\266\212\374\207\240\263\312\010"
 363      9103A6B6 
 363      8AFC87A0 
 363      B3CA08
 364 01aa 36D3AAC8 		.ascii	"6\323\252\310\255R\202\026:W\023\317\2055w\010\347z"
 364      AD528216 
 364      3A5713CF 
 364      85357708 
 364      E77A
 365 01bc 4861A1D9 		.ascii	"Ha\241\331\322\023\312\030"
 365      D213CA18 
 366              		.text
 367              		.section	.gnu.lto_chMemIsSpaceReadableX.part.0.277.83ad1720,"e",%progbits
 368 0000 28B52FFD 		.ascii	"(\265/\375`9\001\345\015\000\366\031]E\000\223\232\016"
 368      603901E5 
 368      0D00F619 
 368      5D450093 
 368      9A0E
 369 0012 806568C6 		.ascii	"\200eh\306s\012TG\013\212\011\227$\373\307\333\210G"
 369      730A5447 
 369      0B8A0997 
 369      24FBC7DB 
 369      8847
 370 0024 B22A7516 		.ascii	"\262*u\026*\307@\325n\215 \313\356\007xvQ\245\300\202"
 370      2AC740D5 
 370      6E8D20CB 
 370      EE077876 
 370      51A5C082 
 371 0038 3ECF1040 		.ascii	">\317\020@\347@\365\323S \347V\004o0\323\327/\200)I"
 371      E740F5D3 
 371      5320E756 
 371      046F30D3 
 371      D72F8029 
 372 004d 88EC2D77 		.ascii	"\210\354-wJ\001G\000L\000C\000\237\005N\200\372\224"
 372      4A014700 
 372      4C004300 
 372      9F054E80 
 372      FA94
 373 005f 17407DDA 		.ascii	"\027@}\332o\341\317\210\227\242\004h\333\237\021\221"
 373      6FE1CF88 
ARM GAS  C:\Users\PUBLIC~1.LAP\AppData\Local\Temp\cceJYlAZ.s 			page 28


 373      97A20468 
 373      DB9F1191 
 374 006f 470F2DB8 		.ascii	"G\017-\270\330q\012\221\263\033Z\237z\342\243k\224#"
 374      D8710A91 
 374      B31B5A9F 
 374      7AE2A36B 
 374      9423
 375 0081 3F7E2E20 		.ascii	"?~. \256/]\2620\341\370\\^\036\003\\\206\224\354\256"
 375      AE2F5DB2 
 375      30E1F85C 
 375      5E1E035C 
 375      8694ECAE 
 376 0095 2B12F7BC 		.ascii	"+\022\367\274m\022\333\024\354\317\004\236_r\307\366"
 376      6D12DB14 
 376      ECCF049E 
 376      5F72C7F6 
 377 00a5 6D3CB9A6 		.ascii	"m<\271\246\225\233\034\234\3350\301\247\347\014\353"
 377      959B1C9C 
 377      DD30C1A7 
 377      E70CEB
 378 00b4 38E87941 		.ascii	"8\350yA\001$B%\262;\226\36154*\222F\345\240g\004\217"
 378      01244225 
 378      B23B96F1 
 378      35342A92 
 378      46E5A067 
 379 00ca 1F3810AA 		.ascii	"\0378\020\252Ok<\311\223\341\232\000\255\321\376\213"
 379      4F6B3CC9 
 379      93E19A00 
 379      ADD1FE8B 
 380 00da C3103D86 		.ascii	"\303\020=\206}\030\300.)\207\215\335P\301\247\037T\001"
 380      7D18C02E 
 380      29878DDD 
 380      50C1A71F 
 380      5401
 381 00ec D7D3780D 		.ascii	"\327\323x\015\016A\217\335\226\177\376\315M(\3623\237"
 381      0E418FDD 
 381      967FFECD 
 381      4D28F233 
 381      9F
 382 00fd DE38EADF 		.ascii	"\3368\352\337\247\317Q\033\272\370O\365\245G\230\026"
 382      A7CF511B 
 382      BAF84FF5 
 382      A5479816 
 383 010d DDA83256 		.ascii	"\335\2502Vy\271\032c;Z:Z_\363\307\223\376S\003\014\234"
 383      79B91A63 
 383      3B5A3A5A 
 383      5FF3C793 
 383      FE53030C 
 384 0122 76450439 		.ascii	"vE\0049-\314\274\261\3426\267/#\0322h!\223\211}\320"
 384      2DCCBCB1 
 384      E236B72F 
 384      231A3268 
 384      2193897D 
 385 0137 3A99725F 		.ascii	":\231r_\013:\224\013\313\256\015\333\262\313\2728t\326"
 385      0B3A940B 
 385      CBAE0DDB 
 385      B2CBBA38 
ARM GAS  C:\Users\PUBLIC~1.LAP\AppData\Local\Temp\cceJYlAZ.s 			page 29


 385      74D6
 386 0149 8916EA38 		.ascii	"\211\026\3528\253\343\254\013\025\264\023-\223\000j"
 386      ABE3AC0B 
 386      15B4132D 
 386      93006A
 387 0158 F06190B2 		.ascii	"\360a\220\262a\035@+\231\007-\204\301DD\004D2\301\301"
 387      611D402B 
 387      99072D84 
 387      C1444404 
 387      4432C1C1 
 388 016c E56A8C5F 		.ascii	"\345j\214_\372\001\025QU\352\247.aQ\026U\031\333\235"
 388      FA011551 
 388      55EAA72E 
 388      61511655 
 388      19DB9D
 389 017f 18351C00 		.ascii	"\0305\034\000\021\213\001xC\275-\2247A%\311\204\012"
 389      118B0178 
 389      43BD2D94 
 389      374125C9 
 389      840A
 390 0191 C803235C 		.ascii	"\310\003#\\1>\263\342\321E\005'\370\330J`\221\003\246"
 390      313EB3E2 
 390      D1450527 
 390      F8D84A60 
 390      9103A6
 391 01a4 B68AFC87 		.ascii	"\266\212\374\207\240\263\312\0106\323\252\310\255R\202"
 391      A0B3CA08 
 391      36D3AAC8 
 391      AD5282
 392 01b3 163A5713 		.ascii	"\026:W\023\317\2055w\010\347zHa\241\331\322\023\312"
 392      CF853577 
 392      08E77A48 
 392      61A1D9D2 
 392      13CA
 393 01c5 18       		.ascii	"\030"
 394              		.text
 395              		.section	.gnu.lto_.symbol_nodes.83ad1720,"e",%progbits
 396 0000 28B52FFD 		.ascii	"(\265/\375`H\000\235\005\000\344\007D\001\000\000\000"
 396      6048009D 
 396      0500E407 
 396      44010000 
 396      00
 397 0011 02B2017F 		.ascii	"\002\262\001\177\020\200\200\200\200\004\001\220\316"
 397      10808080 
 397      80040190 
 397      CE
 398 001e 00007F00 		.ascii	"\000\000\177\000\000\271\220\202\202\200\006\212\002"
 398      00B99082 
 398      8280068A 
 398      02
 399 002b 7F11D4B2 		.ascii	"\177\021\324\262\257\354\000\272\220\202\002\213\002"
 399      AFEC00BA 
 399      9082028B 
 399      02
 400 0038 7F128C02 		.ascii	"\177\022\214\002\177\023\252\333\3426\224\002\177\024"
 400      7F13AADB 
 400      E2369402 
ARM GAS  C:\Users\PUBLIC~1.LAP\AppData\Local\Temp\cceJYlAZ.s 			page 30


 400      7F14
 401 0046 94828280 		.ascii	"\224\202\202\200 \000\000\000\005\207\002\013\301\204"
 401      20000000 
 401      0587020B 
 401      C184
 402 0054 95027F15 		.ascii	"\225\002\177\025\210\002\015\215\002\177\026\216\002"
 402      88020D8D 
 402      027F168E 
 402      02
 403 0061 7F178F02 		.ascii	"\177\027\217\002\177\030\005\211\002\016\003\003\000"
 403      7F180589 
 403      020E0303 
 403      00
 404 006e CAC2EBE3 		.ascii	"\312\302\353\343\003\001\"\003\004\003\"\003\006\010"
 404      03012203 
 404      04032203 
 404      0608
 405 007c 04C8FFA1 		.ascii	"\004\310\377\241\372\001\001\242\001\003\011\006\012"
 405      FA0101A2 
 405      01030906 
 405      0A
 406 0089 00150043 		.ascii	"\000\025\000C\021\301\245\374V\031T6~\037\006\002(\361"
 406      11C1A5FC 
 406      56195436 
 406      7E1F0602 
 406      28F1
 407 009b 7C011C32 		.ascii	"|\001\0342\003\001\300! \017R\005\000I4LPh\220D\365"
 407      0301C021 
 407      200F5205 
 407      0049344C 
 407      50689044 
 408 00b0 8127BC1C 		.ascii	"\201'\274\034<\341i\011\240\223\007\323\011"
 408      3CE16909 
 408      A09307D3 
 408      09
 409              		.text
 410              		.section	.gnu.lto_.refs.83ad1720,"e",%progbits
 411 0000 28B52FFD 		.ascii	"(\265/\375 \027\271\000\000\023\000\000\000\001\004"
 411      2017B900 
 411      00130000 
 411      000104
 412 000f 02050100 		.ascii	"\002\005\001\000\001\006\002\007\001\000\001\012\002"
 412      01060207 
 412      0100010A 
 412      02
 413 001c 0B010000 		.ascii	"\013\001\000\000"
 414              		.text
 415              		.section	.gnu.lto_.decls.83ad1720,"e",%progbits
 416 0000 28B52FFD 		.ascii	"(\265/\375`7\016\205C\000\252q\370\030@@\344Q:\027A"
 416      60370E85 
 416      4300AA71 
 416      F8184040 
 416      E4513A17 
 417 0015 EC501175 		.ascii	"\354P\021u\025\212XD#-\326\204\011\372Z\323:\324\230"
 417      158A5844 
 417      232DD684 
 417      09FA5AD3 
ARM GAS  C:\Users\PUBLIC~1.LAP\AppData\Local\Temp\cceJYlAZ.s 			page 31


 417      3AD498
 418 0028 47A2ACD5 		.ascii	"G\242\254\325l\377\013`\373\371\375\027\344\363\252"
 418      6CFF0B60 
 418      FBF9FD17 
 418      E4F3AA
 419 0037 73F7D72F 		.ascii	"s\367\327/}\3543\340\373\207\023\367i\373O\247\363e"
 419      7DEC33E0 
 419      FB8713F7 
 419      69FB4FA7 
 419      F365
 420 0049 202DA46E 		.ascii	" -\244n\231\002L\001w\001\213\001\311G^\276\365\034"
 420      99024C01 
 420      77018B01 
 420      C9475EBE 
 420      F51C
 421 005b BDF33700 		.ascii	"\275\3637\000h\234m\274\354\260I9\201\333#vW\256\323"
 421      689C6DBC 
 421      ECB04939 
 421      81DB2376 
 421      57AED3
 422 006e 22705A5B 		.ascii	"\"pZ[Ti\356\256\347*\254\034\236\303h\014\207\323\276"
 422      5469EEAE 
 422      E72AAC1C 
 422      9EC3680C 
 422      87D3BE
 423 0081 B6DDCBEE 		.ascii	"\266\335\313\356~\2077\354\206[j\222\257G\3474\177\025"
 423      7E8737EC 
 423      865B6A92 
 423      AF47E734 
 423      7F15
 424 0093 1D9E3235 		.ascii	"\035\23625j\331\366\030G\321\323\252\"\260`a-C\275\224"
 424      6AD9F618 
 424      47D1D3AA 
 424      22B06061 
 424      2D43BD94 
 425 00a7 C5B7B21A 		.ascii	"\305\267\262\032\307a\264\277\361\332\235\226mW\247"
 425      C761B4BF 
 425      F1DA9D96 
 425      6D57A7
 426 00b6 C048DD96 		.ascii	"\300H\335\226w}\015\366S\3747\337e\260o\231\312\307"
 426      777D0DF6 
 426      53FC37DF 
 426      65B06F99 
 426      CAC7
 427 00c8 BA607F6E 		.ascii	"\272`\177n\335<\305!\355\234\271\353\317n~F\303i\270"
 427      DD3CC521 
 427      ED9CB9EB 
 427      CF6E7E46 
 427      C369B8
 428 00db CD0AE7D9 		.ascii	"\315\012\347\331\325\356V@\2008w\205\346\334\225\325"
 428      D5EE5640 
 428      80387785 
 428      E6DC95D5 
 429 00eb F01A466B 		.ascii	"\360\032Fk\300l\316\301\303\231\220p\272\256\273\235"
 429      C06CCEC1 
 429      C3999070 
 429      BAAEBB9D 
ARM GAS  C:\Users\PUBLIC~1.LAP\AppData\Local\Temp\cceJYlAZ.s 			page 32


 430 00fb 620A3387 		.ascii	"b\0123\207'\350\256G\301\236\317\356\000N{\370e\317"
 430      27E8AE47 
 430      C19ECFEE 
 430      004E7BF8 
 430      65CF
 431 010d 0D7CBCC7 		.ascii	"\015|\274\307\015|\020\230\312\2672\001\337!\0121\344"
 431      0D7C1098 
 431      CAB73201 
 431      DF210A31 
 431      E4
 432 011e 1888F8F9 		.ascii	"\030\210\370\371W\365\364_\033?O\330\260\342\347\005"
 432      57F5F45F 
 432      1B3F4FD8 
 432      B0E2E705 
 433 012e 1AD8FF56 		.ascii	"\032\330\377VU9\203\204 |\242\376K\205\347\347\2756"
 433      55398384 
 433      207CA2FE 
 433      4B85E7E7 
 433      BD36
 434 0140 3AFFE3DA 		.ascii	":\377\343\332\374o\3729\355?UN\216\377\003\030\203\244"
 434      FC6FFA39 
 434      ED3F554E 
 434      8EFF0318 
 434      83A4
 435 0152 FF017E86 		.ascii	"\377\001~\206\364\363\205\237%\374\214\340g\012?3\370"
 435      F4F3859F 
 435      25FC8CE0 
 435      670A3F33 
 435      F8
 436 0163 59C0CF4F 		.ascii	"Y\300\317O\377\367\376O\372_\347\377\334\377C\377\011"
 436      FFF7FE4F 
 436      FA5FE7FF 
 436      DCFF43FF 
 436      09
 437 0174 FD97FB7F 		.ascii	"\375\227\373\177\365\037\307\377 \377\327\376\367\371"
 437      F51FC7FF 
 437      20FFD7FE 
 437      F7F9
 438 0182 EFF69FCF 		.ascii	"\357\366\237\317\377=\377\355\374g\373\357\346\177\202"
 438      FF3DFFED 
 438      FC67FBEF 
 438      E67F82
 439 0191 FF7AFE4B 		.ascii	"\377z\376K\355\355\355\355\375\367\371\337\022\377\323"
 439      EDEDEDED 
 439      FDF7F9DF 
 439      12FFD3
 440 01a0 8A4967B3 		.ascii	"\212Ig\263\241H\266\237\315\236v3\263\223\335\323vB"
 440      A148B69F 
 440      CD9E7633 
 440      B393DDD3 
 440      7642
 441 01b2 B5D0EE36 		.ascii	"\265\320\3566\211d\333d\263\231-\264\0050\227P'3\247"
 441      8964DB64 
 441      B3992DB4 
 441      05309750 
 441      2733A7
 442 01c5 DDEC6537 		.ascii	"\335\354e7\0070\273\235=\205\3321\263\241M\346\364\351"
ARM GAS  C:\Users\PUBLIC~1.LAP\AppData\Local\Temp\cceJYlAZ.s 			page 33


 442      0730BB9D 
 442      3D85DA31 
 442      B3A14DE6 
 442      F4E9
 443 01d7 FC79F941 		.ascii	"\374y\371A2R\231\026\355i\222\3536\231\035\326\335U"
 443      32529916 
 443      ED6992EB 
 443      36991DD6 
 443      DD55
 444 01e9 B85D3658 		.ascii	"\270]6X\367\362\231\240\323\236\314@\312\347T\247\351"
 444      F7F299A0 
 444      D39ECC40 
 444      CAE754A7 
 444      E9
 445 01fa 9236E96E 		.ascii	"\2226\351n\037\2310\001x:)\3558\260\244\202fw\030\262"
 445      1F993001 
 445      783A29ED 
 445      38B0A482 
 445      667718B2 
 446 020e ED305FDB 		.ascii	"\3550_\333\255\240\343\244\335\215\214\3436\256\221"
 446      ADA0E3A4 
 446      DD8D8CE3 
 446      36AE91
 447 021d 7896DD8C 		.ascii	"x\226\335\214\247\033L\253\273\177\335-\325\313(\\J"
 447      A71B4CAB 
 447      BB7FDD2D 
 447      D5CB285C 
 447      4A
 448 022e B2679496 		.ascii	"\262g\224\226\362\311\244\313da'sJ\366\254j\2133\225"
 448      F2C9A4CB 
 448      64612773 
 448      4AF6AC6A 
 448      8B3395
 449 0241 B6B24532 		.ascii	"\266\262E2\223\353\331\322\236\2036\331)\262mjw3\244"
 449      93EBD9D2 
 449      9E8336D9 
 449      29B26D6A 
 449      7733A4
 450 0254 00706DA2 		.ascii	"\000pm\242u\211\316s\211~\335dNn\331\0368g\302XC\347"
 450      7589CE73 
 450      897EDD64 
 450      4E6ED91E 
 450      3867C258 
 451 026a 438658EE 		.ascii	"C\206X\356\347\324\235\254J\001\3341\004\210\311]o\262"
 451      E7D49DAC 
 451      4A01DC31 
 451      0488C95D 
 451      6FB2
 452 027c 901C5483 		.ascii	"\220\034T\203I:3\303\374\347\374\206\306\177X\356\267"
 452      493A33C3 
 452      FCE7FC86 
 452      C67F58EE 
 452      B7
 453 028d 6C1BA904 		.ascii	"l\033\251\004\256\213L\265\233b\027\230\322\254\371"
 453      AE8B4CB5 
 453      9B621798 
 453      D2ACF9
ARM GAS  C:\Users\PUBLIC~1.LAP\AppData\Local\Temp\cceJYlAZ.s 			page 34


 454 029c 62C42625 		.ascii	"b\304&%FQ\023Dw=\307\375\034\210\341x\320}v\037\010"
 454      46511344 
 454      773DC7FD 
 454      1C88E178 
 454      D07D761F 
 455 02b1 70E86EEF 		.ascii	"p\350n\357\015\001\333\006(\220\327]9T\235\005\021p"
 455      0D01DB06 
 455      2890D75D 
 455      39549D05 
 455      1170
 456 02c3 5AB63DD5 		.ascii	"Z\266=\325\224\305lk\353\256\334L\345\373\235\001\375"
 456      94C56C6B 
 456      EBAEDC4C 
 456      E5FB9D01 
 456      FD
 457 02d4 4E6C9B25 		.ascii	"Nl\233%1\351\224=\227\261\355\324j\266\2146[\250%g\224"
 457      31E9943D 
 457      97B1EDD4 
 457      6AB68C36 
 457      5BA82567 
 458 02e9 756E74AB 		.ascii	"unt\253\236\263\2607>{\270O\327\241<wm\353n$\265'^w"
 458      9EB3B037 
 458      3E7BB84F 
 458      D7A13C77 
 458      6DEB6E24 
 459 0301 E5B6CB6D 		.ascii	"\345\266\313m\017,u'9\017\3539\2671\036\346\010\314"
 459      0F2C7527 
 459      390FEB39 
 459      B7311EE6 
 459      08CC
 460 0313 11A6A2E6 		.ascii	"\021\246\242\346\004LE\256\245\221\036\315D\035]*\277"
 460      044C45AE 
 460      A5911ECD 
 460      441D5D2A 
 460      BF
 461 0324 607900BC 		.ascii	"`y\000\274,\252\222\335\365N\271\"\030ZW\356\356z\245"
 461      2CAA92DD 
 461      F54EB922 
 461      185A57EE 
 461      EE7AA5
 462 0337 30F5292E 		.ascii	"0\365).M\355\354oNxX\272\334\011b\317\364\206\213\353"
 462      4DEDEC6F 
 462      4E7858BA 
 462      DC0962CF 
 462      F4868BEB 
 463 034b 3A137449 		.ascii	":\023tI\242\246\250\256\311m\021\034\227\273^\347o3"
 463      A2A6A8AE 
 463      C96D111C 
 463      97BB5EE7 
 463      6F33
 464 035d 8FB5A477 		.ascii	"\217\265\244w\207\021\024\000\213\314\360\322\356z\237"
 464      87111400 
 464      8BCCF0D2 
 464      EE7A9F
 465 036c DCAE292F 		.ascii	"\334\256)/\275/*g\024\240\332\330\231aj\271\310\213"
 465      BD2F2A67 
 465      14A0DAD8 
ARM GAS  C:\Users\PUBLIC~1.LAP\AppData\Local\Temp\cceJYlAZ.s 			page 35


 465      99616AB9 
 465      C88B
 466 037e BC5B2C7E 		.ascii	"\274[,~\315D\315\2124j\315\034\241\260\273\374\335\372"
 466      CD44CD8A 
 466      346ACD1C 
 466      A1B0BBFC 
 466      DDFA
 467 0390 6D12E594 		.ascii	"m\022\345\224\236\371ar\231e\325Do\356z\246+\354]r\265"
 467      9EF96172 
 467      9965D544 
 467      6FEE7AA6 
 467      2BEC5D72 
 468 03a5 A29E8ED2 		.ascii	"\242\236\216\322\3300Q\241\300]\360\334\312\244\225"
 468      D83051A1 
 468      C05DF0DC 
 468      CAA495
 469 03b4 CAC4DCF5 		.ascii	"\312\304\334\365*\245\362(R\236\271\353M\262\333\323"
 469      2AA5F228 
 469      529EB9EB 
 469      4DB2DBD3 
 470 03c4 1B373E8D 		.ascii	"\0337>\215*U\252\304{,|J?``\025\236\276\326\364\242"
 470      2A55AAC4 
 470      7B2C7C4A 
 470      3F606015 
 470      9EBED6F4 
 471 03d9 97CE7BD4 		.ascii	"\227\316{\324\247\351\335W\225\273\262\236\317\012\030"
 471      A7E9DD57 
 471      95BBB29E 
 471      CF0A18
 472 03e8 326E7765 		.ascii	"2nweK\314\207\251\016%\263;\210\330\363\"\246;3:#\236"
 472      4BCC87A9 
 472      0E25B33B 
 472      88D8F322 
 472      A63B333A 
 473 03fe D4A2BB93 		.ascii	"\324\242\273\223m\217A)'iU\253\015\326\254\360\363\335"
 473      6D8F4129 
 473      276955AB 
 473      0DD6ACF0 
 473      F3DD
 474 0410 7912E371 		.ascii	"y\022\343q^\201n\274\356f \365\207\016U\320]9\357\262"
 474      5E816EBC 
 474      EE6620F5 
 474      870E55D0 
 474      5D39EFB2 
 475 0424 24AE9EF3 		.ascii	"$\256\236\3638R\3242o\345\010\001\230#0q\261\251I\362"
 475      3852D432 
 475      6FE50801 
 475      98233071 
 475      B1A949F2 
 476 0438 ADBF71EC 		.ascii	"\255\277q\354\217\251|\227\011\370\330\021\333I5\241"
 476      8FA97C97 
 476      09F8D811 
 476      DB4935A1 
 477 0448 9C69B1AB 		.ascii	"\234i\261\253\273\321(\224\242p\235v]c+\243\274+\032"
 477      BBD12894 
 477      A2709D76 
 477      5D632BA3 
ARM GAS  C:\Users\PUBLIC~1.LAP\AppData\Local\Temp\cceJYlAZ.s 			page 36


 477      BC2B1A
 478 045b 3FE22EB3 		.ascii	"?\342.\263%ow\345F\247\273lR\356\310\271\353\355\230"
 478      256F77E5 
 478      46A7BB6C 
 478      52EEC8B9 
 478      EBED98
 479 046e FADF69DD 		.ascii	"\372\337i\335\352>}\352\260?n\371%\232T\347C5\211\306"
 479      EA3E7DEA 
 479      B03F6EF9 
 479      259A54E7 
 479      433589C6 
 480 0482 E149259F 		.ascii	"\341I%\237\313-w\345.\321\375g\227\200:\177\314)\264"
 480      CB2D77E5 
 480      2ED1FD67 
 480      97803A7F 
 480      CC29B4
 481 0495 C96C2815 		.ascii	"\311l(\025fN\241N\346\024\212\274\314i7T\030\215\302"
 481      664EA14E 
 481      E6148ABC 
 481      CC693754 
 481      188DC2
 482 04a8 A20F1F26 		.ascii	"\242\017\037&\022\314\240\332\220\341X\004\022\311p"
 482      12CCA0DA 
 482      90E15804 
 482      12C970
 483 04b7 C306831D 		.ascii	"\303\006\203\035\020rl\340\321t\303\207\020k\010<be"
 483      10726CE0 
 483      D174C387 
 483      106B083C 
 483      6265
 484 04c9 A1306034 		.ascii	"\2410`4\012\203A\240o\007\204\034U<\222\000\213E\023"
 484      0A8341A0 
 484      6F07841C 
 484      553C9200 
 484      8B4513
 485 04dc C6A2F088 		.ascii	"\306\242\360\2105\314\222\261\000\010\326\260x,0$+\353"
 485      35CC92B1 
 485      0008D6B0 
 485      782C3024 
 485      2BEB
 486 04ee 8455D30D 		.ascii	"\204U\323\015\254\341\325qhC\030\004\022\241alA\024"
 486      ACE1D571 
 486      68431804 
 486      12A1616C 
 486      4114
 487 0500 BEB80A12 		.ascii	"\276\270\012\022x\007\"\006$\302c1+\370t\"\006\020F"
 487      78072206 
 487      24C26331 
 487      2BF87422 
 487      061046
 488 0513 884520FB 		.ascii	"\210E \373\017ULE\202B$\302\004>\200\302\342C\010\001"
 488      0F554C45 
 488      824224C2 
 488      043E80C2 
 488      E2430801 
 489 0527 0A8FAC46 		.ascii	"\012\217\254F\341\220\036\300\343\260x\304\212($Z]\005"
 489      E1901EC0 
ARM GAS  C:\Users\PUBLIC~1.LAP\AppData\Local\Temp\cceJYlAZ.s 			page 37


 489      E3B078C4 
 489      8A28245A 
 489      5D05
 490 0539 ADAC0E14 		.ascii	"\255\254\016\024\201W\301\365h\005\024\026\201VI\212"
 490      8157C1F5 
 490      68051416 
 490      8156498A 
 491 0549 59442151 		.ascii	"YD!Q\352WB\037E\206\004\261\206$\216V>\241\222\241q"
 491      EA57421F 
 491      458604B1 
 491      86248E56 
 491      3EA192A1 
 492 055e 151A813D 		.ascii	"\025\032\201=\326\243U\210#\326\260\010\200\203\250"
 492      D6A35588 
 492      23D6B008 
 492      8083A8
 493 056d 4201A106 		.ascii	"B\001\241\006\214\025l0\203QHPx\025$\012\211WA\015\301"
 493      8C156C30 
 493      83514850 
 493      7815240A 
 493      8957410D 
 494 0582 A251438F 		.ascii	"\242QC\217\341\020c\226\006c\226\006\0321\206=\206W"
 494      E1106396 
 494      06639606 
 494      1A31863D 
 494      8657
 495 0594 28747CE0 		.ascii	"(t|\340PE\204(<\352HrUd8\304\012\270a\203\216\021)@"
 495      50458428 
 495      3CEA4872 
 495      556438C4 
 495      0AB86183 
 496 05ac FCBF649C 		.ascii	"\374\277d\234k\373\344\213\027\263\350T\327X\230.\351"
 496      6BFBE48B 
 496      17B3E854 
 496      D758982E 
 496      E9
 497 05bd 15639773 		.ascii	"\025c\227s\224\227\306L:\303\026\255^17\014\373\205"
 497      9497C64C 
 497      3AC316AD 
 497      5E31370C 
 497      FB85
 498 05cf DA050C8F 		.ascii	"\332\005\014\217a\322\235y\361r\3010\265\345\2249A\201"
 498      61D29D79 
 498      F172C130 
 498      B5E59439 
 498      4181
 499 05e1 26E1BEFC 		.ascii	"&\341\276\374\202\371\363\234$\327@\242\273\205\320"
 499      82F9F39C 
 499      24D740A2 
 499      BB85D0
 500 05f0 98D445C7 		.ascii	"\230\324E\307\256\226\261\033\345\362\033m\002\233c"
 500      AE96B11B 
 500      E5F21B6D 
 500      029B63
 501 05ff E9EDAE77 		.ascii	"\351\355\256w\013\226c\271dLE\256U\023\261\205\201A"
 501      0B9663B9 
 501      644C45AE 
ARM GAS  C:\Users\PUBLIC~1.LAP\AppData\Local\Temp\cceJYlAZ.s 			page 38


 501      5513B185 
 501      8141
 502 0611 7FC9C48C 		.ascii	"\177\311\304\214\271I\272\353\315r\2722\271F\227\356"
 502      B949BAEB 
 502      CD72BA32 
 502      B94697EE 
 503 0621 7A9FAB93 		.ascii	"z\237\253\223=\023\236\327\255\342u\305~t\337\3669\326"
 503      3D139ED7 
 503      ADE275C5 
 503      7E74DFF6 
 503      39D6
 504 0633 BC567EC5 		.ascii	"\274V~\305\376<'Bf\364\324\356z\303\256\350\332m\221"
 504      FE3C2742 
 504      66F4D4EE 
 504      7AC3AEE8 
 504      DA6D91
 505 0646 01FAFABA 		.ascii	"\001\372\372\272`\001\201\027\250\3010e\224D#\"#\"R"
 505      60018117 
 505      A8C13065 
 505      94442322 
 505      232252
 506 0659 90244907 		.ascii	"\220$I\007A\005\204 \007\261\255\003\022@\366(\223I"
 506      41058420 
 506      07B1AD03 
 506      1240F628 
 506      9349
 507 066b 5234429A 		.ascii	"R4B\232\024\024\2442l\007\025\320\014\340\001\211w\374"
 507      1414A432 
 507      6C0715D0 
 507      0CE00189 
 507      77FC
 508 067d FDD8F707 		.ascii	"\375\330\367\007@\265a~\026\200\033Y\0330\"\375\014"
 508      40B5617E 
 508      16801B59 
 508      1B3022FD 
 508      0C
 509 068e E5E057ED 		.ascii	"\345\340W\355\351\206\317a\277%\347\262\231K*%\004\341"
 509      E986CF61 
 509      BF25E7B2 
 509      994B2A25 
 509      04E1
 510 06a0 2AF99023 		.ascii	"*\371\220#\205\354\347\035\323\313\000%\\\177\024\244"
 510      85ECE71D 
 510      D3CB0025 
 510      5C7F14A4 
 511 06b0 3F0CCA8C 		.ascii	"?\014\312\214\317T\356\275k\252\227\004^\252%\364\013"
 511      CF54EEBD 
 511      6BAA9704 
 511      5EAA25F4 
 511      0B
 512 06c1 5BC6C836 		.ascii	"[\306\3106,\316\253\374\212*\375\332\012\341.\231\245"
 512      2CCEABFC 
 512      8A2AFDDA 
 512      0AE12E99 
 512      A5
 513 06d2 F64905E5 		.ascii	"\366I\005\345\247\376xM+j\300\203u\250g\225\035\241"
 513      A7FE784D 
ARM GAS  C:\Users\PUBLIC~1.LAP\AppData\Local\Temp\cceJYlAZ.s 			page 39


 513      2B6AC083 
 513      75A86795 
 513      1DA1
 514 06e4 EEE72D4F 		.ascii	"\356\347-O\037\365\330\351\221\245\363\035\020.\262"
 514      1FF5D8E9 
 514      91A5F31D 
 514      102EB2
 515 06f3 39296381 		.ascii	"9)c\201h:A)\254\377F\377\366\335c\260\312!Z\324\012"
 515      683A4129 
 515      ACFF46FF 
 515      F6DD63B0 
 515      CA215AD4 
 516 0708 5A918C30 		.ascii	"Z\221\2140[>BW\033`\005\231\256+^\375\346\005\301h'"
 516      5B3E4257 
 516      1B600599 
 516      AE2B5EFD 
 516      E605C168 
 517 071d 4C90BAD4 		.ascii	"L\220\272\324\256\017`\320\271c \362\307aV:9\216y\017"
 517      AE0F60D0 
 517      B96320F2 
 517      C761563A 
 517      398E790F 
 518 0731 6BBE361B 		.ascii	"k\2766\033\376\033\326e\237\354Q=\220\2105^;ls\366\252"
 518      FE1BD665 
 518      9FEC513D 
 518      9088355E 
 518      3B6C73F6 
 519 0746 5BBF44AE 		.ascii	"[\277D\256@\273\263\313\373\273\257v\261T\036\003\364"
 519      40BBB3CB 
 519      FBBBAF76 
 519      B1541E03 
 519      F4
 520 0757 1CC7FA04 		.ascii	"\034\307\372\004_\225}gG\322\000\260^\317\037\022\322"
 520      5F957D67 
 520      47D200B0 
 520      5ECF1F12 
 520      D2
 521 0768 1E2329F2 		.ascii	"\036#)\362^JAd\375\314\221\214\316,\342\026\236\022"
 521      5E4A4164 
 521      FDCC918C 
 521      CE2CE216 
 521      9E12
 522 077a 37EDA6D2 		.ascii	"7\355\246\322.\230\017i\377\007\367U\202\017\236\306"
 522      2E980F69 
 522      FF07F755 
 522      820F9EC6 
 523 078a 4FFFE9E1 		.ascii	"O\377\351\341\375(%\220\276\264>:\3009\301ZD\252X\253"
 523      FD282590 
 523      BEB43E3A 
 523      C039C15A 
 523      44AA58AB 
 524 079e 64E0FC62 		.ascii	"d\340\374b\033\365/\267\023\340\227\313Q\274\206\207"
 524      1BF52FB7 
 524      13E097CB 
 524      51BC8687 
 525 07ae 45780C72 		.ascii	"Ex\014r\277.n\235\303\006j\"\207\317\242c\3356\312?"
 525      BF2E6E9D 
ARM GAS  C:\Users\PUBLIC~1.LAP\AppData\Local\Temp\cceJYlAZ.s 			page 40


 525      C3066A22 
 525      87CFA263 
 525      DD36CA3F 
 526 07c2 0EFA55FB 		.ascii	"\016\372U\373\213.Ur)\313\300\316\235P"
 526      8B2E5572 
 526      29CBC0CE 
 526      9D50
 527 07d0 A68A7148 		.ascii	"\246\212qH\020%\016\247`2\3000\333\001\360t\227\311"
 527      10250EA7 
 527      6032C030 
 527      DB01F074 
 527      97C9
 528 07e2 9082FA47 		.ascii	"\220\202\372G\"\367O\230\356O\347O\353J\347\340\247"
 528      22F74F98 
 528      EE4FE74F 
 528      EB4AE7E0 
 528      A7
 529 07f3 9EECFE3B 		.ascii	"\236\354\376;<\004\031\030g\004a\003,\033\276(\342\016"
 529      3C041918 
 529      67046103 
 529      2C1BBE28 
 529      E20E
 530 0805 3A0076F3 		.ascii	":\000v\363\302E\230\310\000l\005n|\023\034\212\001\006"
 530      C24598C8 
 530      006C056E 
 530      7C131C8A 
 530      0106
 531 0817 768BB3FB 		.ascii	"v\213\263\373r\177\213\307q\207Ak0j]S\255M\223\305\344"
 531      727F8BC7 
 531      7187416B 
 531      306A5D53 
 531      AD4D93C5 
 532 082c 8CFF3BE3 		.ascii	"\214\377;\343EtG\275&v\346\261\336z=\244M\013\340\232"
 532      457447BD 
 532      2676E6B1 
 532      DE7A3DA4 
 532      4D0BE09A 
 533 0840 22DFD8B4 		.ascii	"\"\337\330\264/\371\002\344\375J\302&\337\261\317\030"
 533      2FF902E4 
 533      FD4AC226 
 533      DFB1CF18 
 534 0850 E97706CF 		.ascii	"\351w\006\317|\024\336\302@}\031\017\315\003\334\302"
 534      7C14DEC2 
 534      407D190F 
 534      CD03DCC2 
 535 0860 BEDB81DF 		.ascii	"\276\333\201\337_i\177\011\303\350\220\030\340\273\344"
 535      5F697F09 
 535      C3E89018 
 535      E0BBE4
 536 086f 0246B18D 		.ascii	"\002F\261\215\235\351+1\207_\025"
 536      9DE92B31 
 536      875F15
 537              		.text
 538              		.section	.gnu.lto_.symtab.83ad1720,"e",%progbits
 539 0000 63684D65 		.ascii	"chMemIsStringWithinX\000"
 539      6D497353 
 539      7472696E 
ARM GAS  C:\Users\PUBLIC~1.LAP\AppData\Local\Temp\cceJYlAZ.s 			page 41


 539      67576974 
 539      68696E58 
 540 0015 00       		.ascii	"\000"
 541 0016 00       		.ascii	"\000"
 542 0017 00       		.ascii	"\000"
 543 0018 00000000 		.ascii	"\000\000\000\000\000\000\000\000"
 543      00000000 
 544 0020 FF000000 		.ascii	"\377\000\000\000"
 545 0024 63684D65 		.ascii	"chMemIsPointersArrayWithinX\000"
 545      6D497350 
 545      6F696E74 
 545      65727341 
 545      72726179 
 546 0040 00       		.ascii	"\000"
 547 0041 00       		.ascii	"\000"
 548 0042 00       		.ascii	"\000"
 549 0043 00000000 		.ascii	"\000\000\000\000\000\000\000\000"
 549      00000000 
 550 004b 0A010000 		.ascii	"\012\001\000\000"
 551 004f 63684D65 		.ascii	"chMemIsSpaceContainedX\000"
 551      6D497353 
 551      70616365 
 551      436F6E74 
 551      61696E65 
 552 0066 00       		.ascii	"\000"
 553 0067 00       		.ascii	"\000"
 554 0068 00       		.ascii	"\000"
 555 0069 00000000 		.ascii	"\000\000\000\000\000\000\000\000"
 555      00000000 
 556 0071 11010000 		.ascii	"\021\001\000\000"
 557 0075 5F5F6368 		.ascii	"__ch_mem_writable_areas\000"
 557      5F6D656D 
 557      5F777269 
 557      7461626C 
 557      655F6172 
 558 008d 00       		.ascii	"\000"
 559 008e 01       		.ascii	"\001"
 560 008f 00       		.ascii	"\000"
 561 0090 00000000 		.ascii	"\000\000\000\000\000\000\000\000"
 561      00000000 
 562 0098 E1000000 		.ascii	"\341\000\000\000"
 563 009c 5F5F6368 		.ascii	"__ch_mem_readable_areas\000"
 563      5F6D656D 
 563      5F726561 
 563      6461626C 
 563      655F6172 
 564 00b4 00       		.ascii	"\000"
 565 00b5 01       		.ascii	"\001"
 566 00b6 00       		.ascii	"\000"
 567 00b7 00000000 		.ascii	"\000\000\000\000\000\000\000\000"
 567      00000000 
 568 00bf E5000000 		.ascii	"\345\000\000\000"
 569 00c3 63684D65 		.ascii	"chMemIsSpaceWritableX\000"
 569      6D497353 
 569      70616365 
 569      57726974 
 569      61626C65 
ARM GAS  C:\Users\PUBLIC~1.LAP\AppData\Local\Temp\cceJYlAZ.s 			page 42


 570 00d9 00       		.ascii	"\000"
 571 00da 00       		.ascii	"\000"
 572 00db 00       		.ascii	"\000"
 573 00dc 00000000 		.ascii	"\000\000\000\000\000\000\000\000"
 573      00000000 
 574 00e4 18010000 		.ascii	"\030\001\000\000"
 575 00e8 63684D65 		.ascii	"chMemIsSpaceReadableX\000"
 575      6D497353 
 575      70616365 
 575      52656164 
 575      61626C65 
 576 00fe 00       		.ascii	"\000"
 577 00ff 00       		.ascii	"\000"
 578 0100 00       		.ascii	"\000"
 579 0101 00000000 		.ascii	"\000\000\000\000\000\000\000\000"
 579      00000000 
 580 0109 23010000 		.ascii	"#\001\000\000"
 581 010d 63684D65 		.ascii	"chMemIsAddressExecutableX\000"
 581      6D497341 
 581      64647265 
 581      73734578 
 581      65637574 
 582 0127 00       		.ascii	"\000"
 583 0128 00       		.ascii	"\000"
 584 0129 00       		.ascii	"\000"
 585 012a 00000000 		.ascii	"\000\000\000\000\000\000\000\000"
 585      00000000 
 586 0132 2B010000 		.ascii	"+\001\000\000"
 587 0136 5F5F6368 		.ascii	"__ch_mem_executable_areas\000"
 587      5F6D656D 
 587      5F657865 
 587      63757461 
 587      626C655F 
 588 0150 00       		.ascii	"\000"
 589 0151 01       		.ascii	"\001"
 590 0152 00       		.ascii	"\000"
 591 0153 00000000 		.ascii	"\000\000\000\000\000\000\000\000"
 591      00000000 
 592 015b E8000000 		.ascii	"\350\000\000\000"
 593              		.text
 594              		.section	.gnu.lto_.ext_symtab.83ad1720,"e",%progbits
 595 0000 01       		.ascii	"\001"
 596 0001 01       		.ascii	"\001"
 597 0002 00       		.ascii	"\000"
 598 0003 01       		.ascii	"\001"
 599 0004 00       		.ascii	"\000"
 600 0005 01       		.ascii	"\001"
 601 0006 00       		.ascii	"\000"
 602 0007 02       		.ascii	"\002"
 603 0008 00       		.ascii	"\000"
 604 0009 02       		.ascii	"\002"
 605 000a 00       		.ascii	"\000"
 606 000b 01       		.ascii	"\001"
 607 000c 00       		.ascii	"\000"
 608 000d 01       		.ascii	"\001"
 609 000e 00       		.ascii	"\000"
 610 000f 01       		.ascii	"\001"
ARM GAS  C:\Users\PUBLIC~1.LAP\AppData\Local\Temp\cceJYlAZ.s 			page 43


 611 0010 00       		.ascii	"\000"
 612 0011 02       		.ascii	"\002"
 613 0012 00       		.ascii	"\000"
 614              		.text
 615              		.section	.gnu.lto_.opts,"e",%progbits
 616 0000 272D666E 		.ascii	"'-fno-openmp' '-fno-openacc' '-fno-pie' '-fcf-prote"
 616      6F2D6F70 
 616      656E6D70 
 616      2720272D 
 616      666E6F2D 
 617 0033 6374696F 		.ascii	"ction=none' '-mcpu=cortex-m3' '-mthumb' '-mfloat-ab"
 617      6E3D6E6F 
 617      6E652720 
 617      272D6D63 
 617      70753D63 
 618 0066 693D736F 		.ascii	"i=soft' '-mlibarch=armv7-m' '-march=armv7-m' '-Os' "
 618      66742720 
 618      272D6D6C 
 618      69626172 
 618      63683D61 
 619 0099 272D666F 		.ascii	"'-fomit-frame-pointer' '-falign-functions=16' '-ffu"
 619      6D69742D 
 619      6672616D 
 619      652D706F 
 619      696E7465 
 620 00cc 6E637469 		.ascii	"nction-sections' '-fdata-sections' '-fno-common' '-"
 620      6F6E2D73 
 620      65637469 
 620      6F6E7327 
 620      20272D66 
 621 00ff 666C746F 		.ascii	"flto' '-Xassembler' '-alms=./build/lst/chmemchecks."
 621      2720272D 
 621      58617373 
 621      656D626C 
 621      65722720 
 622 0132 6C737427 		.ascii	"lst'\000"
 622      00
 623              		.text
 624              		.comm	__gnu_lto_slim,1,1
 625              		.ident	"GCC: (GNU) 12.2.0"
ARM GAS  C:\Users\PUBLIC~1.LAP\AppData\Local\Temp\cceJYlAZ.s 			page 44


DEFINED SYMBOLS
                            *ABS*:00000000 chmemchecks.c
                            *COM*:00000001 __gnu_lto_slim

NO UNDEFINED SYMBOLS
