ARM GAS  C:\Users\PUBLIC~1.LAP\AppData\Local\Temp\ccZJHB7U.s 			page 1


   1              		.cpu cortex-m3
   2              		.arch armv7-m
   3              		.fpu softvfp
   4              		.eabi_attribute 20, 1
   5              		.eabi_attribute 21, 1
   6              		.eabi_attribute 23, 3
   7              		.eabi_attribute 24, 1
   8              		.eabi_attribute 25, 1
   9              		.eabi_attribute 26, 1
  10              		.eabi_attribute 30, 4
  11              		.eabi_attribute 34, 1
  12              		.eabi_attribute 18, 4
  13              		.file	"chmsg.c"
  14              		.section	.gnu.lto_.profile.83ad09e5,"e",%progbits
  15 0000 28B52FFD 		.ascii	"(\265/\375 \0061\000\000\002\000\000\000\000\000"
  15      20063100 
  15      00020000 
  15      000000
  16              		.text
  17              		.section	.gnu.lto_.icf.83ad09e5,"e",%progbits
  18 0000 28B52FFD 		.ascii	"(\265/\375 \245}\002\000\264\003\231\000\005\000\362"
  18      20A57D02 
  18      00B40399 
  18      000500F2 
  19 0010 98B6A006 		.ascii	"\230\266\240\006\022\002\000\002\001\002\002\002\003"
  19      12020002 
  19      01020202 
  19      03
  20 001d 02040205 		.ascii	"\002\004\002\005\006\002\003\341\307\221\336\012\016"
  20      060203E1 
  20      C791DE0A 
  20      0E
  21 002a 04060203 		.ascii	"\004\006\002\003\003\306\276\276\224\015\004\232\312"
  21      03C6BEBE 
  21      940D049A 
  21      CA
  22 0037 93EC050C 		.ascii	"\223\354\005\014\006\002\003\005\300\375\310\356\003"
  22      06020305 
  22      C0FDC8EE 
  22      03
  23 0044 00000700 		.ascii	"\000\000\007\000\3403F\335\007\362:u\345g;\354&\203"
  23      E03346DD 
  23      07F23A75 
  23      E5673BEC 
  23      2683
  24 0056 0116     		.ascii	"\001\026"
  25              		.text
  26              		.section	.gnu.lto_.ipa_sra.83ad09e5,"e",%progbits
  27 0000 28B52FFD 		.ascii	"(\265/\375 L\335\001\000\244\002@\000\005\000\002\000"
  27      204CDD01 
  27      00A40240 
  27      00050002 
  27      00
  28 0011 03000100 		.ascii	"\003\000\001\000\001\002\003\001\000\000\000\001\003"
  28      01020301 
  28      00000001 
  28      03
ARM GAS  C:\Users\PUBLIC~1.LAP\AppData\Local\Temp\ccZJHB7U.s 			page 2


  29 001e 00040003 		.ascii	"\000\004\000\003\005\002\000\004\000\007\001\002\001"
  29      05020004 
  29      00070102 
  29      01
  30 002b 80040000 		.ascii	"\200\004\000\000\001\001\000\000\001\000\006\0004\003"
  30      01010000 
  30      01000600 
  30      3403
  31 0039 5D02F43C 		.ascii	"]\002\364<\243b\013\310d\003X"
  31      A3620BC8 
  31      640358
  32              		.text
  33              		.section	.gnu.lto_.inline.83ad09e5,"e",%progbits
  34 0000 28B52FFD 		.ascii	"(\265/\375 \371\345\004\000\302\307\034(pM\322\001\374"
  34      20F9E504 
  34      00C2C71C 
  34      28704DD2 
  34      01FC
  35 0012 B18A97C4 		.ascii	"\261\212\227\304z<S\302\033k\327I\203\343W\377\017\263"
  35      7A3C53C2 
  35      1B6BD749 
  35      83E357FF 
  35      0FB3
  36 0024 6DAA87AA 		.ascii	"m\252\207\252\252\252;b!\350\3069\266\2667I\001\357"
  36      AAAA3B62 
  36      21E8C639 
  36      B6B63749 
  36      01EF
  37 0036 DEEE0DD2 		.ascii	"\336\356\015\322\222\360\033\026xR$'t\351\030\0202\362"
  37      92F01B16 
  37      78522427 
  37      74E91810 
  37      32F2
  38 0048 64D4D2EE 		.ascii	"d\324\322\356=Ar<(\032D\006\302|\252\023\333\026\300"
  38      3D41723C 
  38      281A4406 
  38      C27CAA13 
  38      DB16C0
  39 005b 685B5DB9 		.ascii	"h[]\271\2104$\205q\367\332O!\216VV\332\012\376BQ\333"
  39      88342485 
  39      71F7DA4F 
  39      218E5656 
  39      DA0AFE42 
  40 0071 04FE89ED 		.ascii	"\004\376\211\355v\303\322\222\331L\016?\035\012\017"
  40      76C3D292 
  40      D94C0E3F 
  40      1D0A0F
  41 0080 00560428 		.ascii	"\000V\004(0\310\\\007\335\320:\200\233\324\373\001c"
  41      30C85C07 
  41      DDD03A80 
  41      9BD4FB01 
  41      63
  42 0091 61E0F553 		.ascii	"a\340\365S\203\001X\260\012\2153\244\025*\240*\224\015"
  42      830158B0 
  42      0A8D33A4 
  42      152AA02A 
  42      940D
ARM GAS  C:\Users\PUBLIC~1.LAP\AppData\Local\Temp\ccZJHB7U.s 			page 3


  43 00a3 B401     		.ascii	"\264\001"
  44              		.text
  45              		.section	.gnu.lto_.jmpfuncs.83ad09e5,"e",%progbits
  46 0000 28B52FFD 		.ascii	"(\265/\375 \255\315\002\0002\205\017\027\300%\035\377"
  46      20ADCD02 
  46      0032850F 
  46      17C0251D 
  46      FF
  47 0011 BFCB79D0 		.ascii	"\277\313y\320\337\275\252\252b\007\205\220\346\033i"
  47      DFBDAAAA 
  47      62078590 
  47      E61B69
  48 0020 64139964 		.ascii	"d\023\231d\244mU\372\350\302\227\220uq+\350\375q\016"
  48      A46D55FA 
  48      E8C29790 
  48      75712BE8 
  48      FD710E
  49 0033 59A2BBBB 		.ascii	"Y\242\273\273+\221\264*y%s\245i\036\200\266\324F\015"
  49      2B91B42A 
  49      792573A5 
  49      691E80B6 
  49      D4460D
  50 0046 7D494804 		.ascii	"}IH\004\011\000v\330\260\242t\005!-\235F\301\011h\327"
  50      090076D8 
  50      B0A27405 
  50      212D9D46 
  50      C10968D7 
  51 005a 52F235F3 		.ascii	"R\3625\363\276\015`\001"
  51      BE0D6001 
  52              		.text
  53              		.section	.gnu.lto_.pureconst.83ad09e5,"e",%progbits
  54 0000 28B52FFD 		.ascii	"(\265/\375 \024\241\000\000\020\000\000\000\005\000"
  54      2014A100 
  54      00100000 
  54      000500
  55 000f BA05029A 		.ascii	"\272\005\002\232\004\003\232\004\004\232\004\005\272"
  55      04039A04 
  55      049A0405 
  55      BA
  56 001c 05       		.ascii	"\005"
  57              		.text
  58              		.section	.gnu.lto_.ipa_modref.83ad09e5,"e",%progbits
  59 0000 28B52FFD 		.ascii	"(\265/\375 \230\245\001\000$\002\214\000\003\002\003"
  59      2098A501 
  59      0024028C 
  59      00030203 
  60 0010 02090001 		.ascii	"\002\011\000\001\002\003\001\000\002\012\000\001\002"
  60      02030100 
  60      020A0001 
  60      02
  61 001d 05010002 		.ascii	"\005\001\000\002\013\000\002\002\012\001\000\000\000"
  61      0B000202 
  61      0A010000 
  61      00
  62 002a 03040006 		.ascii	"\003\004\000\006\000\002S\030\2251-\017_\301\340b\333"
  62      00025318 
  62      95312D0F 
ARM GAS  C:\Users\PUBLIC~1.LAP\AppData\Local\Temp\ccZJHB7U.s 			page 4


  62      5FC1E062 
  62      DB
  63 003b 06DA     		.ascii	"\006\332"
  64              		.text
  65              		.section	.gnu.lto_.lto.83ad09e5,"e",%progbits
  66 0000 0C000000 		.ascii	"\014\000\000\000\001\000\001\000"
  66      01000100 
  67              		.text
  68              		.section	.gnu.lto_chMsgSend.263.83ad09e5,"e",%progbits
  69 0000 28B52FFD 		.ascii	"(\265/\375`#\005E\036\000vs\273J\220ZU:\004\2003\275"
  69      60230545 
  69      1E007673 
  69      BB4A905A 
  69      553A0480 
  70 0016 F7E23193 		.ascii	"\367\3421\223\306\264h\243\035+\351\273\343\353T_\326"
  70      C6B468A3 
  70      1D2BE9BB 
  70      E3EB545F 
  70      D6
  71 0027 4D397595 		.ascii	"M9u\225\337\005h\363\"\270y\2507\252d\313\301K\323\220"
  71      DF0568F3 
  71      22B879A8 
  71      37AA64CB 
  71      C14BD390 
  72 003b 7D44149A 		.ascii	"}D\024\232\335\346\020\241;\362\004\211\3210\016\245"
  72      DDE610A1 
  72      3BF20489 
  72      D1300EA5 
  73 004b 9E356034 		.ascii	"\2365`40\015\335\"!do\231\002\236\000\243\000\251\000"
  73      300DDD22 
  73      21646F99 
  73      029E00A3 
  73      00A900
  74 005e 7D3C51D6 		.ascii	"}<Q\326\211\253\2526\262M\374ECfJ\310\376-\325S\275"
  74      89ABAA36 
  74      B24DFC45 
  74      43664AC8 
  74      FE2DD553 
  75 0073 56F20357 		.ascii	"V\362\003WNWL]|\321\217d0E\023\317 \314\221\2343O\357"
  75      4E574C5D 
  75      7CD18F64 
  75      304513CF 
  75      20CC919C 
  76 008a E769B3FC 		.ascii	"\347i\263\374W\374<\302\366\211U\316Y\350D\367vT\323"
  76      57FC3CC2 
  76      F68955CE 
  76      59E844F7 
  76      7654D3
  77 009d 5F390B93 		.ascii	"_9\013\223X\345\\\024z\003W\233\377\337F\372\310\212"
  77      58E55C14 
  77      7A03579B 
  77      FFDF46FA 
  77      C88A
  78 00af B765B183 		.ascii	"\267e\261\2030\315\225*79g\024\250\177\3166\313&p\266"
  78      30CD952A 
  78      37396714 
  78      A87FCE36 
ARM GAS  C:\Users\PUBLIC~1.LAP\AppData\Local\Temp\ccZJHB7U.s 			page 5


  78      CB2670B6 
  79 00c3 897D74DB 		.ascii	"\211}t\333%\276\355\273\207]\022\011j\375\200,\272\234"
  79      25BEEDBB 
  79      875D1209 
  79      6AFD802C 
  79      BA9C
  80 00d5 D1B874D0 		.ascii	"\321\270t\320\302M\320\007\370T\302\336\270\310\352"
  80      C24DD007 
  80      F854C2DE 
  80      B8C8EA
  81 00e4 615F1840 		.ascii	"a_\030@\247{u&\344\234\177\177@\031}\263\377g\370\373"
  81      A77B7526 
  81      E49C7F7F 
  81      40197DB3 
  81      FF67F8FB 
  82 00f8 E92F8F02 		.ascii	"\351/\217\002Yh `[@\232\3166{\330\003\266\314\200\031"
  82      59682060 
  82      5B409ACE 
  82      367BD803 
  82      B6CC8019 
  83 010c 061B4B08 		.ascii	"\006\033K\010\027\324=\006Qi+\377\353]\345\377\253M"
  83      17D43D06 
  83      51692BFF 
  83      EB5DE5FF 
  83      AB4D
  84 011e 112EA85B 		.ascii	"\021.\250[\025\324\346P\2178\333\274C\272I\277\274D"
  84      15D4E650 
  84      8F38DBBC 
  84      43BA49BF 
  84      BC44
  85 0130 E110A2C6 		.ascii	"\341\020\242\306w\347\274\215'\321R\232\214Oj+%W\316"
  85      77E7BC8D 
  85      27D1529A 
  85      8C4F6A2B 
  85      2557CE
  86 0143 1902948E 		.ascii	"\031\002\224\216\222\276\201\264\371\232\355\366\317"
  86      92BE81B4 
  86      F99AEDF6 
  86      CF
  87 0150 76B6D983 		.ascii	"v\266\331\203\333\330?\\\214\\n\020}W\316_t\272\270"
  87      DBD83F5C 
  87      8C5C6E10 
  87      7D57CE5F 
  87      74BAB8
  88 0163 C7DF65C6 		.ascii	"\307\337e\306<\336\323\302>\254\243\272_-\354\326\341"
  88      3CDED3C2 
  88      3EACA3BA 
  88      5F2DECD6 
  88      E1
  89 0174 B93F77EE 		.ascii	"\271?w\356\315\235\373r\347\036\027p\255\021j1p&\347"
  89      CD9DFB72 
  89      E71E1770 
  89      AD116A31 
  89      7026E7
  90 0187 1873E064 		.ascii	"\030s\340d,sJ\220\267\223F\256M\274\316\027\\\2330\371"
  90      2C734A90 
  90      B79346AE 
ARM GAS  C:\Users\PUBLIC~1.LAP\AppData\Local\Temp\ccZJHB7U.s 			page 6


  90      4DBCCE17 
  90      5C9B30F9 
  91 019b 8123952E 		.ascii	"\201#\225.\304\240\013k\004\347\337\016i\213\364\021"
  91      C4A00B6B 
  91      04E7DF0E 
  91      698BF411 
  92 01ab 5826B82F 		.ascii	"X&\270/\374\267H\332$\267\177\367\201\212\203\365\204"
  92      FCB748DA 
  92      24B77FF7 
  92      818A83F5 
  92      84
  93 01bc F3B5AC88 		.ascii	"\363\265\254\210:0\356q\237n\245\316\023\033\240\022"
  93      3A30EE71 
  93      9F6EA5CE 
  93      131BA012 
  94 01cc F37493FF 		.ascii	"\363t\223\377\333a\243i\245N\334\303\026\300\344\314"
  94      DB61A369 
  94      A54EDCC3 
  94      16C0E4CC 
  95 01dc 8E21D134 		.ascii	"\216!\3214\203\273[\311\240Y\006\327\243Bv\032G$A\214"
  95      83BB5BC9 
  95      A05906D7 
  95      A342761A 
  95      4724418C 
  96 01f0 C7DC273F 		.ascii	"\307\334'?5\215<\205\336\302\271\264r\262?h\0346\255"
  96      358D3C85 
  96      DEC2B9B4 
  96      72B23F68 
  96      1C36AD
  97 0203 2C49124B 		.ascii	",I\022K\334\310\033u\030\334\355,\232\3548d+\240\261"
  97      DCC81B75 
  97      18DCED2C 
  97      9AEC3864 
  97      2BA0B1
  98 0216 04468E61 		.ascii	"\004F\216a\020\214\205\376r\014\215uD3q\377jt\301\271"
  98      108C85FE 
  98      720C8D75 
  98      443371FF 
  98      6A74C1B9 
  99 022a 7EBF86BE 		.ascii	"~\277\206\276\222\345@\270J|\332\320\372\325\360]9\327"
  99      92E540B8 
  99      4A7CDAD0 
  99      FAD5F05D 
  99      39D7
 100 023c C13F87DE 		.ascii	"\301?\207\336\322\372\374\370=\264\226YWc,\217\275\345"
 100      D2FAFCF8 
 100      3DB49659 
 100      57632C8F 
 100      BDE5
 101 024e 88DEDBE9 		.ascii	"\210\336\333\351\326\332\252\363\335\375\220\002\240"
 101      D6DAAAF3 
 101      DDFD9002 
 101      A0
 102 025b 05B7DD52 		.ascii	"\005\267\335R\215U*\001\364a&\013p5\226\246\266$\366"
 102      8D552A01 
 102      F461260B 
 102      703596A6 
ARM GAS  C:\Users\PUBLIC~1.LAP\AppData\Local\Temp\ccZJHB7U.s 			page 7


 102      B624F6
 103 026e C6AE4768 		.ascii	"\306\256Ghm\2473BgG3\231\021\312SQ\333@S\252\355T^\321"
 103      6DA73342 
 103      67473399 
 103      11CA5351 
 103      DB4053AA 
 104 0286 D5586DA7 		.ascii	"\325Xm\247K\325\024\225\011\025\241\220}\240\200\262"
 104      4BD51495 
 104      0915A190 
 104      7DA080B2 
 105 0296 BC9D6E09 		.ascii	"\274\235n\0115\241[W]*\341j\214\355\261j\212\326hL\271"
 105      35A15B57 
 105      5D2AE16A 
 105      8CEDB16A 
 105      8AD6684C 
 106 02ab D4C4CD81 		.ascii	"\324\304\315\201\215]\361\022\357>\215\331\330UM\321"
 106      8D5DF112 
 106      EF3E8DD9 
 106      D8554DD1 
 107 02bb 74C7A2BC 		.ascii	"t\307\242\274\035\312\352\320\031\207[\211\233j\204"
 107      1DCAEAD0 
 107      19875B89 
 107      9B6A84
 108 02ca 04A10183 		.ascii	"\004\241\001\203\245\265\306C\352\251L\267\\\222\322"
 108      A5B5C643 
 108      EAA94CB7 
 108      5C92D2
 109 02d9 D0105284 		.ascii	"\320\020R\204\012h\321\327e\306<`\027\250\220/\320\370"
 109      0A68D1D7 
 109      65C63C60 
 109      17A8902F 
 109      D0F8
 110 02eb B02F3915 		.ascii	"\260/9\025\244\333\264?l\000\300\360\211\254dc\250\201"
 110      A4DBB43F 
 110      6C00C0F0 
 110      89AC6463 
 110      A881
 111 02fd 30051153 		.ascii	"0\005\021S\244FF&Ha\012\012mp\"\031t\266\003\022\000"
 111      A4464626 
 111      48610A0A 
 111      6D702219 
 111      74B60312 
 112 0312 F7404541 		.ascii	"\367@EA\223\230\377e\031\306\320\204\246E\034\257g\200"
 112      9398FF65 
 112      19C6D084 
 112      A6451CAF 
 112      6780
 113 0324 3ABF6CD7 		.ascii	":\277l\327ua\232\276\207;\322\377%\202<\231\373\011"
 113      75619ABE 
 113      873BD2FF 
 113      25823C99 
 113      FB09
 114 0336 5B18489A 		.ascii	"[\030H\232\023\204d\303+ \213\"\222\006\003\257\355"
 114      138464C3 
 114      2B208B22 
 114      920603AF 
 114      ED
ARM GAS  C:\Users\PUBLIC~1.LAP\AppData\Local\Temp\ccZJHB7U.s 			page 8


 115 0347 A6C8BCC4 		.ascii	"\246\310\274\304\203\216\322`t \026\253\356d\346\020"
 115      838ED260 
 115      742016AB 
 115      EE64E610 
 116 0357 841416F8 		.ascii	"\204\024\026\370\357J\007\340\345\274bok7)\006e\367"
 116      EF4A07E0 
 116      E5BC626F 
 116      6B372906 
 116      65F7
 117 0369 C42D746E 		.ascii	"\304-tn\341\027b)\223\233$\203VV\242Z\000&\036-%\253"
 117      E1176229 
 117      939B2483 
 117      5656A25A 
 117      00261E2D 
 118 037f E44ACF44 		.ascii	"\344J\317D!\334q\313\374\254\263\302\371\016*\340\375"
 118      21DC71CB 
 118      FCACB3C2 
 118      F90E2AE0 
 118      FD
 119 0390 05289494 		.ascii	"\005(\224\224\373\014\2305\342\017KJ\010\350j\267H\270"
 119      FB0C9835 
 119      E20F4B4A 
 119      08E86AB7 
 119      48B8
 120 03a2 BA6E2533 		.ascii	"\272n%3\011\012\011\352\376\031\353\331\014X\263l\355"
 120      090A09EA 
 120      FE19EBD9 
 120      0C58B36C 
 120      ED
 121 03b3 29F6E334 		.ascii	")\366\3434h\005\306\334\352\267u\211\346\"\306\001\376"
 121      6805C6DC 
 121      EAB77589 
 121      E622C601 
 121      FE
 122 03c4 0430B303 		.ascii	"\0040\263\003\322F\360heu\234\3425j"
 122      D246F068 
 122      65759CE2 
 122      356A
 123              		.text
 124              		.section	.gnu.lto_chMsgWaitS.264.83ad09e5,"e",%progbits
 125 0000 28B52FFD 		.ascii	"(\265/\375`\022\003\015\025\000\306\344\206J\300RRc"
 125      6012030D 
 125      1500C6E4 
 125      864AC052 
 125      5263
 126 0012 73810BB7 		.ascii	"s\201\013\267o\032\334\223\242\227\251\354\301\307\016"
 126      6F1ADC93 
 126      A297A9EC 
 126      C1C70E
 127 0021 B749CB12 		.ascii	"\267I\313\022\2236\201\254\266y\321_\241y\353\233\264"
 127      933681AC 
 127      B679D15F 
 127      A179EB9B 
 127      B4
 128 0032 92CC8584 		.ascii	"\222\314\205\204\355*cBY18\262\274\3336\234\\}R%Cu\275"
 128      ED2A6342 
 128      593138B2 
ARM GAS  C:\Users\PUBLIC~1.LAP\AppData\Local\Temp\ccZJHB7U.s 			page 9


 128      BCDB369C 
 128      5C7D5225 
 129 0049 BE05C502 		.ascii	"\276\005\305\002:0\215X\3416\262\267\224)\005m\000i"
 129      3A308D58 
 129      E136B2B7 
 129      9429056D 
 129      0069
 130 005b 0074003E 		.ascii	"\000t\000>\341\275\227\347\013\015;\311\373\013\024"
 130      E1BD97E7 
 130      0B0D3BC9 
 130      FB0B14
 131 006a E547BC3B 		.ascii	"\345G\274;\015\240\252\234\014\2344Ky\322\33266\314"
 131      0DA0AA9C 
 131      0C9C344B 
 131      79D2DA36 
 131      36CC
 132 007c 6F711736 		.ascii	"oq\0276\356E\340\340:b!\004\011\353^\242\211r\223\326"
 132      EE45E0E0 
 132      3A622104 
 132      09EB5EA2 
 132      897293D6 
 133 0090 C9F1035A 		.ascii	"\311\361\003Z'-\212\367>\332\332\363\037\374\030\364"
 133      272D8AF7 
 133      3EDADAF3 
 133      1FFC18F4 
 134 00a0 2395026F 		.ascii	"#\225\002o>\206\270\035[\254\200$J\200\277\021\226\323"
 134      3E86B81D 
 134      5BAC8024 
 134      4A80BF11 
 134      96D3
 135 00b2 63C783AF 		.ascii	"c\307\203\257\036\2008\265\272\034\334{]S \210\233\274"
 135      1E8038B5 
 135      BA1CDC7B 
 135      5D532088 
 135      9BBC
 136 00c4 6D09B69B 		.ascii	"m\011\266\233\354\312#\217\201+\357\275.I\2071\343\003"
 136      ECCA238F 
 136      812BEFBD 
 136      2E498731 
 136      E303
 137 00d6 9DF486B3 		.ascii	"\235\364\206\263>=[']\366F7\211:\202*1\364\325,\233"
 137      3E3D5B27 
 137      5DF64637 
 137      893A822A 
 137      31F4D52C 
 138 00eb 8853AD8F 		.ascii	"\210S\255\217\375\361\332\036\273V\277>\274KW\273j\365"
 138      FDF1DA1E 
 138      BB56BF3E 
 138      BC4B57BB 
 138      6AF5
 139 00fd 58AB2D80 		.ascii	"X\253-\200W\217\216\360\344\310\275\037\216\024\271"
 139      578F8EF0 
 139      E4C8BD1F 
 139      8E14B9
 140 010c 5324938A 		.ascii	"S$\223\212\017\177\373>\322\213\273\013\331\336da\355"
 140      0F7FFB3E 
 140      D28BBB0B 
ARM GAS  C:\Users\PUBLIC~1.LAP\AppData\Local\Temp\ccZJHB7U.s 			page 10


 140      D9DE6461 
 140      ED
 141 011d 8A6E5473 		.ascii	"\212nTs!W\037Y5\366\207>\364\211\014\023\332\360.\344"
 141      21571F59 
 141      35F6873E 
 141      F4890C13 
 141      DAF02EE4 
 142 0131 17F1042F 		.ascii	"\027\361\004/K\336x\032\016\035\273\015\224\000\225"
 142      4BDE781A 
 142      0E1DBB0D 
 142      940095
 143 0140 DF949BB5 		.ascii	"\337\224\233\265\034m\235,\355\211^M\244\010\262\032"
 143      1C6D9D2C 
 143      ED895E4D 
 143      A408B21A 
 144 0150 1A05D492 		.ascii	"\032\005\324\222\027h\331\030`\352S\327$#S?{\375\264"
 144      1768D918 
 144      60EA53D7 
 144      2423533F 
 144      7BFDB4
 145 0163 136485B5 		.ascii	"\023d\205\265>\243\265\366\301\303:\020\311\321Q\365"
 145      3EA3B5F6 
 145      C1C33A10 
 145      C9D151F5 
 146 0173 AB43FCE2 		.ascii	"\253C\374\342k\240)?\367\336\2474f\007\254\035\201\244"
 146      6BA0293F 
 146      F7DEA734 
 146      6607AC1D 
 146      81A4
 147 0185 228A8E7D 		.ascii	"\"\212\216}\006zBU\264\3542f&TK9\232\017\324\263/>\205"
 147      067A4255 
 147      B4EC3266 
 147      26544B39 
 147      9A0FD4B3 
 148 019c E9AAA834 		.ascii	"\351\252\2504t#\333\256\3243\262\206\256\251\320N\\"
 148      7423DBAE 
 148      D433B286 
 148      AEA9D04E 
 148      5C
 149 01ad 8298D88C 		.ascii	"\202\230\330\214\246\246[\340\232\312\251;m\267\232"
 149      A6A65BE0 
 149      9ACAA93B 
 149      6DB79A
 150 01bc CC9CC5EC 		.ascii	"\314\234\305\354n2\031\233\202\334-S\241\235\270\232"
 150      6E32199B 
 150      82DC2D53 
 150      A19DB89A 
 151 01cc CC94D19C 		.ascii	"\314\224\321\234\246\216\306<gL\012\023l\031l\265\007"
 151      A68EC63C 
 151      674C0A13 
 151      6C196CB5 
 151      07
 152 01dd 2F2E2C08 		.ascii	"/.,\010r\270\231\356\205W\333\331n0\261\225\225\027"
 152      72B899EE 
 152      8557DBD9 
 152      6E30B195 
 152      9517
ARM GAS  C:\Users\PUBLIC~1.LAP\AppData\Local\Temp\ccZJHB7U.s 			page 11


 153 01ef 06104CA2 		.ascii	"\006\020L\242\357\343\265=\245%IGL\371\254\317$\025"
 153      EFE3B53D 
 153      A5254947 
 153      4CF9ACCF 
 153      2415
 154 0201 2E65A15C 		.ascii	".e\241\\\222\241\325\007\037\240\212\207Gxe/<\007J\342"
 154      92A1D507 
 154      1FA08A87 
 154      4778652F 
 154      3C074AE2 
 155 0215 74234F44 		.ascii	"t#OD\005u^\026\007ZkS\372\343\011-\235d\0349 `\002\031"
 155      05755E16 
 155      075A6B53 
 155      FAE3092D 
 155      9D641C39 
 156 022d 69640732 		.ascii	"id\0072\261\255\24593\214\272h\013\373\332\267\015h"
 156      B1ADA539 
 156      338CBA68 
 156      0BFBDAB7 
 156      0D68
 157 023f 4D2AC4A3 		.ascii	"M*\304\243p\222\305\010\311\270\307-h2.\033\235\262"
 157      7092C508 
 157      C9B8C72D 
 157      68322E1B 
 157      9DB2
 158 0251 C0BE0662 		.ascii	"\300\276\006b'\35128\3200\345\203\246vl\263\336\302"
 158      27E93238 
 158      D030E583 
 158      A6766CB3 
 158      DEC2
 159 0263 05702F45 		.ascii	"\005p/ETa\322\036\317v\315\021\306t\226_\270\357\362"
 159      5461D21E 
 159      CF76CD11 
 159      C674965F 
 159      B8EFF2
 160 0276 9E6A525C 		.ascii	"\236jR\\\262\004*\364\232\253\361\014\243\352'\010g"
 160      B2042AF4 
 160      9AABF10C 
 160      A3EA2708 
 160      67
 161 0287 A21D195B 		.ascii	"\242\035\031[\030\342D\014s\030\336\232\341\216}\273"
 161      18E2440C 
 161      7318DE9A 
 161      E18E7DBB 
 162 0297 53765AA6 		.ascii	"SvZ\246\235\322\022q\253>u\242\216O[\215N\321\336\036"
 162      9DD21271 
 162      AB3E75A2 
 162      8E4F5B8D 
 162      4ED1DE1E 
 163              		.text
 164              		.section	.gnu.lto_chMsgWaitTimeoutS.265.83ad09e5,"e",%progbits
 165 0000 28B52FFD 		.ascii	"(\265/\375`\206\003\005\030\000\246\252\232L\260\324"
 165      60860305 
 165      1800A6AA 
 165      9A4CB0D4 
 166 0010 513AE2C6 		.ascii	"Q:\342\306\331\3014\215\314\273\251k\244\240\026\331"
 166      D9C1348D 
ARM GAS  C:\Users\PUBLIC~1.LAP\AppData\Local\Temp\ccZJHB7U.s 			page 12


 166      CCBBA96B 
 166      A4A016D9 
 167 0020 AFA9B8A5 		.ascii	"\257\251\270\245+-\220\211\233\302,\310\217\207p\243"
 167      2B2D9089 
 167      9BC22CC8 
 167      8F8770A3 
 168 0030 3A629B9F 		.ascii	":b\233\237\2463\260EH\275,\241\351O5z\30699{\346\360"
 168      A633B045 
 168      48BD2CA1 
 168      E94F357A 
 168      C639397B 
 169 0046 04992ED9 		.ascii	"\004\231.\331n\267\007R\374k\332\216\037!\022B6\331"
 169      6EB70752 
 169      FC6BDA8E 
 169      1F211242 
 169      36D9
 170 0058 3BC98200 		.ascii	";\311\202\000z\000\211\000\2735+5\350q\205\325r\334"
 170      7A008900 
 170      BB352B35 
 170      E87185D5 
 170      72DC
 171 006a 32E6F1ED 		.ascii	"2\346\361\355\036\352>\273\333\332\273\250\320(9\373"
 171      1EEA3EBB 
 171      DBDABBA8 
 171      D02839FB 
 172 007a 8A38725E 		.ascii	"\2128r^\0214\214y\334\335\375\025g1\324\271\007Ee\360"
 172      11348C79 
 172      DCDDFD15 
 172      6731D4B9 
 172      074565F0 
 173 008e C48F1D56 		.ascii	"\304\217\035V\316\353k\345*\344\361x\001\344\361\025"
 173      CEEB6BE5 
 173      2AE4F178 
 173      01E4F115 
 174 009e F1DCF178 		.ascii	"\361\334\361xm\256o\341\270\234\3119\303\234v\360z\032"
 174      6DAE6FE1 
 174      B89CC939 
 174      C39C76F0 
 174      7A1A
 175 00b0 3E8EB023 		.ascii	">\216\260#I/\216\252\200g\257\310\336\021V\244\327!"
 175      492F8EAA 
 175      8067AFC8 
 175      DE1156A4 
 175      D721
 176 00c2 A5B71B4F 		.ascii	"\245\267\033O$#B\376tk\324#\262\266\234\3119\267\345"
 176      242342FE 
 176      746BD423 
 176      B2B69CC9 
 176      39B7E5
 177 00d5 F530BCC9 		.ascii	"\3650\274\311w\367Mw\373\350\2764\0012>cB\277\351\270"
 177      77F74D77 
 177      FBE8BE34 
 177      01323E63 
 177      42BFE9B8 
 178 00e9 6B367B9E 		.ascii	"k6{\236\215<>\357\205W\231\012\022I\372\351\254\223"
 178      8D3C3EEF 
 178      8557990A 
ARM GAS  C:\Users\PUBLIC~1.LAP\AppData\Local\Temp\ccZJHB7U.s 			page 13


 178      1249FAE9 
 178      AC93
 179 00fb EE95C85E 		.ascii	"\356\225\310^\246\356\217\371.u_\333\256\257\357V\333"
 179      A6EE8FF9 
 179      2E755FDB 
 179      AEAFEF56 
 179      DB
 180 010c 3EEFE237 		.ascii	">\357\3427\257\355\362\332&\333\266-m\037\000\212\212"
 180      AFEDF2DA 
 180      26DBB62D 
 180      6D1F008A 
 180      8A
 181 011d AC222D43 		.ascii	"\254\"-Cr>z\222\225\251\260T\211\257\177\367\3731>L"
 181      723E7A92 
 181      95A9B054 
 181      89AF7FF7 
 181      FB313E4C 
 182 0131 EFEBAB0B 		.ascii	"\357\353\253\013\302\"\015^\210\273\257-\222\022 p\375"
 182      C2220D5E 
 182      88BBAF2D 
 182      92122070 
 182      FD
 183 0142 175FFBC0 		.ascii	"\027_\373\300>\177CB\367\365\201(\252|9g\241\376\257"
 183      3E7F4342 
 183      F7F58128 
 183      AA7C3967 
 183      A1FEAF
 184 0155 CFE3163A 		.ascii	"\317\343\026:\224\272\022\256\213w\020\177k\347\234"
 184      94BA12AE 
 184      8B77107F 
 184      6BE79C
 185 0164 A812B0EA 		.ascii	"\250\022\260\352\363@c\260\253\344q\353\036x\373\301"
 185      F34063B0 
 185      ABE471EB 
 185      1E78FBC1 
 186 0174 294516D4 		.ascii	")E\026\324=\362#^\030#\220\277;A\"\003\254yS^\200\354"
 186      3DF2235E 
 186      182390BF 
 186      3B412203 
 186      AC79535E 
 187 018a BE91705B 		.ascii	"\276\221p[48P\025\335\334D%&&\356e\352\362\222\367O"
 187      34385015 
 187      DDDC4425 
 187      2626EE65 
 187      EAF292F7 
 188 019f 3F8D3220 		.ascii	"?\2152 \001\271\332\331&\375\341s\250,#r\316\347I\305"
 188      01B9DAD9 
 188      26FDE173 
 188      A82C2372 
 188      CEE749C5 
 189 01b3 0E90775C 		.ascii	"\016\220w\\\302\3330\354\234\343P\015X\015[\3477b*V"
 189      C2DB30EC 
 189      9CE3500D 
 189      580D5BE7 
 189      37622A56 
 190 01c7 51A8ACDF 		.ascii	"Q\250\254\337\224#\217\313\373\341Y\244\224\300\350"
 190      94238FCB 
ARM GAS  C:\Users\PUBLIC~1.LAP\AppData\Local\Temp\ccZJHB7U.s 			page 14


 190      FBE159A4 
 190      94C0E8
 191 01d6 017561CF 		.ascii	"\001ua\317^#'l\237\323\240\2319\347\230\215\272\370"
 191      5E23276C 
 191      9FD3A099 
 191      39E7988D 
 191      BAF8
 192 01e8 A435053C 		.ascii	"\2445\005<\261Y\020zc\320\250KzKi?\250\3545\343\301"
 192      B159107A 
 192      63D0A84B 
 192      7A4B693F 
 192      A8EC35E3 
 193 01fd FDC828D0 		.ascii	"\375\310(\320\026\000\375\206\263\315j\264[\3312\027"
 193      1600FD86 
 193      B3CD6AB4 
 193      5BD93217 
 194 020d 9FB486CA 		.ascii	"\237\264\206\312^\262\240\364u\013z\245\266\227M\015"
 194      5EB2A0F4 
 194      750B7AA5 
 194      B6974D0D 
 195 021d 6D87863A 		.ascii	"m\207\206:\300\211\201I\000T\233\335pT\024G\373\321"
 195      C0898149 
 195      00549BDD 
 195      70541447 
 195      FBD1
 196 022f 89BDBCE0 		.ascii	"\211\275\274\340\310\320\274V\335\307|\227\032-\222"
 196      C8D0BC56 
 196      DDC77C97 
 196      1A2D92
 197 023e 185B2616 		.ascii	"\030[&\0261\352\336\306\355\345\335\236\321]\035v\325"
 197      31EADEC6 
 197      EDE5DD9E 
 197      D15D1D76 
 197      D5
 198 024f BC0A8219 		.ascii	"\274\012\202\031\325#\263\177z\200+\025:\237\022\322"
 198      D523B37F 
 198      7A802B15 
 198      3A9F12D2 
 199 025f E654AAAB 		.ascii	"\346T\252\253\310\203CL\265\360\340\272?Tku\360\222"
 199      C883434C 
 199      B5F0E0BA 
 199      3F546B75 
 199      F092
 200 0271 4CA966B1 		.ascii	"L\251f\261\247\003? `\002\2319;\017bb\277\226\346\230"
 200      A7033F20 
 200      60029939 
 200      3B0F6262 
 200      BF96E698 
 201 0285 6175D36E 		.ascii	"au\323n`\237\343\2157{'\270,\210\035\024\351\345\226"
 201      609FE38D 
 201      377B27B8 
 201      2C881D14 
 201      E9E596
 202 0298 B99AA221 		.ascii	"\271\232\242!\237\005H\3061\256\203&\343\262\321\367"
 202      9F0548C6 
 202      31AE8326 
 202      E3B2D1F7 
ARM GAS  C:\Users\PUBLIC~1.LAP\AppData\Local\Temp\ccZJHB7U.s 			page 15


 203 02a8 81790D04 		.ascii	"\201y\015\004\235$\313\370\300\206)\036\304\335\361"
 203      9D24CBF8 
 203      C086291E 
 203      C4DDF1
 204 02b7 9FF55E26 		.ascii	"\237\365^&\220@X^i7\260d\215\347\246\342\213K\243pY"
 204      9040585E 
 204      6937B064 
 204      8DE7A6E2 
 204      8B4BA370 
 205 02cc B8AE3139 		.ascii	"\270\25619\313W\270\377\362\036*\246Q\013\277\373:\236"
 205      CB57B8FF 
 205      F21E2AA6 
 205      510BBFFB 
 205      3A9E
 206 02de 1D95E283 		.ascii	"\035\225\342\203\260&\016\200E\024\015,a\243\351\014"
 206      B0260E80 
 206      45140D2C 
 206      61A3E90C 
 207 02ee B071B85A 		.ascii	"\260q\270Z\341\223\004\230\320^\27545q(\245\357\340"
 207      E1930498 
 207      D05EBD34 
 207      357128A5 
 207      EFE0
 208 0300 C0C23F9B 		.ascii	"\300\302?\233\304\325\305\272\336\036"
 208      C4D5C5BA 
 208      DE1E
 209              		.text
 210              		.section	.gnu.lto_chMsgPollS.266.83ad09e5,"e",%progbits
 211 0000 28B52FFD 		.ascii	"(\265/\375`\356\002\345\024\000\206%\210I\300\324Qc"
 211      60EE02E5 
 211      14008625 
 211      8849C0D4 
 211      5163
 212 0012 A8BB9A29 		.ascii	"\250\273\232)\277\016\021\365\324\310\376sF\027\305"
 212      BF0E11F5 
 212      D4C8FE73 
 212      4617C5
 213 0021 3F60EE89 		.ascii	"?`\356\211e\326<B\331\315\322\273$;\347\336\330\331"
 213      65D63C42 
 213      D9CDD2BB 
 213      243BE7DE 
 213      D8D9
 214 0033 97F241FA 		.ascii	"\227\362A\372\313\322=\2336\203\311\210\020iv\323Y\006"
 214      CBD23D9B 
 214      3683C988 
 214      106976D3 
 214      5906
 215 0045 25F08237 		.ascii	"%\360\2027\376&0\230\004\000M\367\227\020\271\245L)"
 215      FE263098 
 215      04004DF7 
 215      9710B9A5 
 215      4C29
 216 0057 71006800 		.ascii	"q\000h\000x\000\272\363\226h\260\004\325c\212e\274\255"
 216      7800BAF3 
 216      9668B004 
 216      D5638A65 
 216      BCAD
ARM GAS  C:\Users\PUBLIC~1.LAP\AppData\Local\Temp\ccZJHB7U.s 			page 16


 217 0069 B68DDF33 		.ascii	"\266\215\3373\353C\270\361\346C\200\015)8\004\271\367"
 217      EB43B8F1 
 217      E643800D 
 217      293804B9 
 217      F7
 218 007a 3470EB95 		.ascii	"4p\353\225\361\326w\361 \033\343\"hX\375\200\206\272"
 218      F1D677F1 
 218      201BE322 
 218      6858FD80 
 218      86BA
 219 008c A97B4FF2 		.ascii	"\251{O\362\344&\252[\361\003T\267\025\305q\027+\305"
 219      E426AA5B 
 219      F10354B7 
 219      15C57117 
 219      2BC5
 220 009e F9EF5D6C 		.ascii	"\371\357]l\0214\334\361n.\352\274\212$1\202P\000x:\261"
 220      1134DCF1 
 220      6E2EEABC 
 220      8A243182 
 220      5000783A 
 221 00b3 A50734E2 		.ascii	"\245\0074\342\275\323\016<\034JW\016\356\275\246;\036"
 221      BDD30E3C 
 221      1C4A570E 
 221      EEBDA63B 
 221      1E
 222 00c4 88DBDEB6 		.ascii	"\210\333\336\266\004\333J6=\003\276\317\2553\230\364"
 222      04DB4A36 
 222      3D03BECF 
 222      AD3398F4 
 223 00d4 3B5375BB 		.ascii	";Su\273\252\377\335\204\351\307\203DQ\216\036\261O\034"
 223      AAFFDD84 
 223      E9C78344 
 223      518E1EB1 
 223      4F1C
 224 00e6 5A7BEC8B 		.ascii	"Z{\354\213\267\362\330\224z4\365\212R[J-~\350>\213\304"
 224      B7F2D894 
 224      7A34F58A 
 224      525B4A2D 
 224      7EE83E8B 
 225 00fb C78E8F24 		.ascii	"\307\216\217$r\257\207\241\221\333d\221V|\350\267\357"
 225      72AF87A1 
 225      91DB6491 
 225      567CE8B7 
 225      EF
 226 010c 1B1D58BB 		.ascii	"\033\035X\273\317\246QP\015\306\1775\367\331:\015\247"
 226      CFA65150 
 226      0DC67F35 
 226      F7D93A0D 
 226      A7
 227 011d 6AECBFF8 		.ascii	"j\354\277\370i\263l\273\317?rr\362\335{m~\221Y\267\266"
 227      69B36CBB 
 227      CF3F7272 
 227      F2DD7B6D 
 227      7E9159B7 
 228 0132 13DD4E02 		.ascii	"\023\335N\0022\366\004\223\320\316X\225nT\250c\246\200"
 228      32F60493 
 228      D0CE5895 
ARM GAS  C:\Users\PUBLIC~1.LAP\AppData\Local\Temp\ccZJHB7U.s 			page 17


 228      6E54A863 
 228      A680
 229 0144 26ED849C 		.ascii	"&\355\204\234n=\351\346\347\240\275|\237\233\352v\254"
 229      6E3DE9E6 
 229      E7A0BD7C 
 229      9F9BEA76 
 229      AC
 230 0155 3F4F7F7E 		.ascii	"?O\177~|@\210*\213\035<\241Z{l\253X\337;+G'\304\323"
 230      7C40882A 
 230      8B1D3CA1 
 230      5A7B6CAB 
 230      58DF3B2B 
 231 016d 0F1D2DE2 		.ascii	"\017\035-\342\003\217tCQ\261;z\035\020\2538d'\002\350"
 231      038F7443 
 231      51B13B7A 
 231      1D10AB38 
 231      642702E8 
 232 0181 D671DC0A 		.ascii	"\326q\334\012\010\201v\375\306\313D\030\234\301|\037"
 232      088176FD 
 232      C6CB4418 
 232      9CC17C1F 
 233 0191 9CEAD6D6 		.ascii	"\234\352\326\326\003\217\202$e\024$\372\317\261\327"
 233      038F8224 
 233      651424FA 
 233      CFB1D7
 234 01a0 C0FD8CE1 		.ascii	"\300\375\214\3414d\343\275\267E\306g\314\004.S`\246"
 234      3464E3BD 
 234      B745C667 
 234      CC042E53 
 234      60A6
 235 01b2 2C014CEB 		.ascii	",\001L\353ES\322\026\270L1if,\246t\221/\230Z\214K&\306"
 235      4553D216 
 235      B84C3169 
 235      662CA674 
 235      912F985A 
 236 01ca 32FB8C46 		.ascii	"2\373\214F\355J\201\231\262\322E\272hL\222FC\2323$\205"
 236      ED4A8199 
 236      B2D245BA 
 236      684C9246 
 236      439A3324 
 237 01df 09B10BB1 		.ascii	"\011\261\013\261\362\201K\313\012\202\231\354Es\261"
 237      F2814BCB 
 237      0A8299EC 
 237      4573B1
 238 01ee 95B558CC 		.ascii	"\225\265X\314KKE\305\205\001\004\362\314]\274\225\307"
 238      4B4B45C5 
 238      850104F2 
 238      CC5DBC95 
 238      C7
 239 01ff 655451B5 		.ascii	"eTQ\265\225\026\225Co\343\257\273Z\222c\242)Wsb\311"
 239      95169543 
 239      6FE3AFBB 
 239      5A9263A2 
 239      29577362 
 240 0214 09A8EC0A 		.ascii	"\011\250\354\012g\2620\006i\260\372\336\005\024y\312"
 240      67B23006 
 240      69B0FADE 
ARM GAS  C:\Users\PUBLIC~1.LAP\AppData\Local\Temp\ccZJHB7U.s 			page 18


 240      051479CA 
 241 0224 F9A4C497 		.ascii	"\371\244\304\227/\335J\204\0014 P\0021\344\31562\261"
 241      2FDD4A84 
 241      01342050 
 241      0231E4CD 
 241      3632B1
 242 0237 ADA59919 		.ascii	"\255\245\231\031\014&m5\356\313\304\265\200rE@A\021"
 242      0C266D35 
 242      EECBC4B5 
 242      80724540 
 242      4111
 243 0249 237CFB90 		.ascii	"#|\373\220Y\200\264\270q\313BU\276IF\217\005F\277\244"
 243      5980B4B8 
 243      71CB4255 
 243      BE49468F 
 243      0546BFA4 
 244 025d 030D3B5E 		.ascii	"\003\015;^\006\274\025d\2053\020\252\364W\014\016\274"
 244      06BC1564 
 244      853310AA 
 244      F4570C0E 
 244      BC
 245 026e BC10AF31 		.ascii	"\274\020\2571\235\345\027\356_\336Q1)j\241w\177\216"
 245      9DE517EE 
 245      5FDE5131 
 245      296AA177 
 245      7F8E
 246 0280 6745B5B1 		.ascii	"gE\265\261 <\023\355\350\330AaA\230t\202\215\203\221"
 246      203C13ED 
 246      E8D84161 
 246      41987482 
 246      8D8391
 247 0293 B311B76E 		.ascii	"\263\021\267n\354\024\205\221?\"\266\015Z\261\005\235"
 247      EC148591 
 247      3F22B60D 
 247      5AB1059D 
 248 02a3 529C3D   		.ascii	"R\234="
 249              		.text
 250              		.section	.gnu.lto_chMsgRelease.267.83ad09e5,"e",%progbits
 251 0000 28B52FFD 		.ascii	"(\265/\375`L\002}\021\000F`uI\360\320&\035\360\367*"
 251      604C027D 
 251      11004660 
 251      7549F0D0 
 251      261DF0F7 
 252 0015 950D2BC9 		.ascii	"\225\015+\311\013\266\3212\246\304c\244\035\315\334"
 252      0BB6D132 
 252      A6C463A4 
 252      1DCDDC
 253 0024 A3323DC7 		.ascii	"\2432=\307\344uqZ\241\373{\023\021O\\\321\216D\311\310"
 253      E475715A 
 253      A1FB7B13 
 253      114F5CD1 
 253      8E44C9C8 
 254 0038 006912E0 		.ascii	"\000i\022\340\262\024\2556E\377\216\351\371\253\322"
 254      B214AD36 
 254      45FF8EE9 
 254      F9ABD2
 255 0047 6CB37712 		.ascii	"l\263w\022\351\342\301\"\267r\321\220\266wJ\001X\000"
ARM GAS  C:\Users\PUBLIC~1.LAP\AppData\Local\Temp\ccZJHB7U.s 			page 19


 255      E9E2C122 
 255      B772D190 
 255      B6774A01 
 255      5800
 256 0059 62006400 		.ascii	"b\000d\0006\314F}\233(\333rf\201\250hwI|b\372\346K\373"
 256      36CC467D 
 256      9B28DB72 
 256      6681A868 
 256      77497C62 
 257 0071 3CEF897D 		.ascii	"<\357\211}\274\340\323\356\314\247h\227F\342\022\323"
 257      BCE0D3EE 
 257      CCA76897 
 257      46E212D3 
 258 0081 37910BF0 		.ascii	"7\221\013\360\370V:\210\3077\307l\032\247=X\031G\031"
 258      F8563A88 
 258      C737C76C 
 258      1AA73D58 
 258      194719
 259 0094 70EC2E9D 		.ascii	"p\354.\235!\036\273\214\371\367\371\311\006\007\303"
 259      211EBB8C 
 259      F9F7F9C9 
 259      0607C3
 260 00a3 E58782DD 		.ascii	"\345\207\202\335\265\264\301\351p\317\333\036`\277\201"
 260      B5B4C1E9 
 260      70CFDB1E 
 260      60BF81
 261 00b2 7D16013F 		.ascii	"}\026\001?\301\030sl\334\220\311\0356\215F\316\017\366"
 261      C118736C 
 261      DC90C91D 
 261      368D46CE 
 261      0FF6
 262 00c4 4B3B3DD8 		.ascii	"K;=\330\237\375\363\343/?@j=<\243j\207\2667;tl\214\315"
 262      9FFDF3E3 
 262      2F3F406A 
 262      3D3CA36A 
 262      87B6373B 
 263 00dc 6884ED0F 		.ascii	"h\204\355\017\241pH\215\246\026^\310(\"\222$\374\307"
 263      A170488D 
 263      A6165EC8 
 263      28229224 
 263      FCC7
 264 00ee F3858BDD 		.ascii	"\363\205\213\335=\361\240\372\037\277\206L\247\332("
 264      3DF1A0FA 
 264      1FBF864C 
 264      A7DA28
 265 00fd 120782BD 		.ascii	"\022\007\202\275\204C\204L\324fN\363\311\214$\035\012"
 265      8443844C 
 265      D4664EF3 
 265      C98C241D 
 265      0A
 266 010e FFB1490B 		.ascii	"\377\261I\013\236\335E}\013\364%\322\032R\226\203\017"
 266      9EDD457D 
 266      0BF425D2 
 266      1A529683 
 266      0F
 267 011f E6F3525A 		.ascii	"\346\363RZ\016\224\030p\201\335\253\005\346\315|1./"
 267      0E941870 
ARM GAS  C:\Users\PUBLIC~1.LAP\AppData\Local\Temp\ccZJHB7U.s 			page 20


 267      81DDAB05 
 267      E6CD7C31 
 267      2E2F
 268 0131 2A550B02 		.ascii	"*U\013\002\006\224&\273\317K;\343\006$\331\224\031\015"
 268      069426BB 
 268      CF4B3BE3 
 268      0624D994 
 268      190D
 269 0143 DD65CC41 		.ascii	"\335e\314A\002 \347\224\323\017\352Z\3626~\320W\216"
 269      0220E794 
 269      D30FEA5A 
 269      F2367ED0 
 269      578E
 270 0155 40CC9034 		.ascii	"@\314\2204\314\265O\364\231j\344\315H\212\257\260O\276"
 270      CCB54FF4 
 270      996AE4CD 
 270      488AAFB0 
 270      4FBE
 271 0167 0ADBA76F 		.ascii	"\012\333\247o\021L5\222\303\3107\325A\217o\317\341\373"
 271      114C3592 
 271      C3C837D5 
 271      418F6FCF 
 271      E1FB
 272 0179 070AF652 		.ascii	"\007\012\366R\255\012\032&\206`\007~X\224V\021\020)"
 272      AD0A1A26 
 272      8660077E 
 272      58945611 
 272      1029
 273 018b F089AEAE 		.ascii	"\360\211\256\256\276\300\210\260\260V\001\354\2458\256"
 273      BEC088B0 
 273      B05601EC 
 273      A538AE
 274 019a E552BF0A 		.ascii	"\345R\277\012\252\320N\014S(K\205\265J\241\257\012\335"
 274      AAD04E0C 
 274      53284B85 
 274      B54AA1AF 
 274      0ADD
 275 01ac 8ABD5427 		.ascii	"\212\275T'\206\234\307\321\025\011\312\204\025\313\002"
 275      869CC7D1 
 275      1509CA84 
 275      15CB02
 276 01bb 5A5F62E8 		.ascii	"Z_b\350\2422!\010\206\\\002{\251\012\253\036G;\0103"
 276      A2322108 
 276      865C027B 
 276      A90AAB1E 
 276      473B0833 
 277 01cf 319CCC67 		.ascii	"1\234\314g\322\252\340t\275\244\271T\253\202\036G9\261"
 277      D2AAE074 
 277      BDA4B954 
 277      AB821E47 
 277      39B1
 278 01e1 06232050 		.ascii	"\006# P\0021\214\255\007?L\3634\374\007\\\307\204\226"
 278      02318CAD 
 278      073F4CF3 
 278      34FC075C 
 278      C78496
 279 01f4 EE1DBE90 		.ascii	"\356\035\276\220\226\240`\341\221]2\253\324\260\300"
ARM GAS  C:\Users\PUBLIC~1.LAP\AppData\Local\Temp\ccZJHB7U.s 			page 21


 279      96A060E1 
 279      915D32AB 
 279      D4B0C0
 280 0203 06535C73 		.ascii	"\006S\\s\010\236\\\374\322N\275e\204\264\240\025r\352"
 280      089E5CFC 
 280      D24EBD65 
 280      84B4A015 
 280      72EA
 281 0215 C4BEBD97 		.ascii	"\304\276\275\227G\221\023\203D\210\033\002\313\001\210"
 281      47911383 
 281      44881B02 
 281      CB0188
 282 0224 98C7F809 		.ascii	"\230\307\370\011\\N\270\230\255r\323VL@4(\224\261\270"
 282      5C4EB898 
 282      AD72D356 
 282      4C403428 
 282      94B1B8
 283 0237 1E19     		.ascii	"\036\031"
 284              		.text
 285              		.section	.gnu.lto_.symbol_nodes.83ad09e5,"e",%progbits
 286 0000 28B52FFD 		.ascii	"(\265/\375`1\000\235\004\000b\307\033&\200M:\213\001"
 286      6031009D 
 286      040062C7 
 286      1B26804D 
 286      3A8B01
 287 0013 F14073D0 		.ascii	"\361@s\320\223\010n\231\032\020\343\010\030\252\036"
 287      93086E99 
 287      1A10E308 
 287      18AA1E
 288 0022 A3116D61 		.ascii	"\243\021ma\034y\204\264\000\000\340H6!D&\231\002m\334"
 288      1C7984B4 
 288      0000E048 
 288      36214426 
 288      99026DDC 
 289 0036 949909A0 		.ascii	"\224\231\011\240,\304\273\256\"\015\211S\031\331\247"
 289      2CC4BBAE 
 289      220D8953 
 289      19D9A7
 290 0045 2AB2EB3A 		.ascii	"*\262\353:\012y6\254\250\2703\211\033\203\270+\227-"
 290      0A7936AC 
 290      A8B83389 
 290      1B83B82B 
 290      972D
 291 0057 DB45E970 		.ascii	"\333E\351p[\316pS\012\367\304\204[\342\301\035q\010"
 291      5BCE7053 
 291      0AF7C484 
 291      5BE2C11D 
 291      7108
 292 0069 7CA1DAFA 		.ascii	"|\241\332\372\321:\355[P\273)33pC\334\366\030\001\015"
 292      D13AED5B 
 292      50BB2933 
 292      337043DC 
 292      F618010D 
 293 007d 005C6571 		.ascii	"\000\\eq\231A\201\232\000\220\374\200^\374R\206\021"
 293      9941819A 
 293      0090FC80 
 293      5EFC5286 
ARM GAS  C:\Users\PUBLIC~1.LAP\AppData\Local\Temp\ccZJHB7U.s 			page 22


 293      11
 294 008e 0C974140 		.ascii	"\014\227A@g\236\237\356\212\326\200\310\010\253\236"
 294      679E9FEE 
 294      8AD680C8 
 294      08AB9E
 295              		.text
 296              		.section	.gnu.lto_.refs.83ad09e5,"e",%progbits
 297 0000 28B52FFD 		.ascii	"(\265/\375 \035\351\000\000\031\000\000\000\001\000"
 297      201DE900 
 297      00190000 
 297      000100
 298 000f 00010100 		.ascii	"\000\001\001\000\001\002\000\001\001\000\001\003\000"
 298      01020001 
 298      01000103 
 298      00
 299 001c 01010001 		.ascii	"\001\001\000\001\004\000\001\001\000\000"
 299      04000101 
 299      0000
 300              		.text
 301              		.section	.gnu.lto_.decls.83ad09e5,"e",%progbits
 302 0000 28B52FFD 		.ascii	"(\265/\375`\355\"%\227\000\332\361\3005Q0\320J\352\326"
 302      60ED2225 
 302      9700DAF1 
 302      C0355130 
 302      D04AEAD6 
 303 0014 E7E420BF 		.ascii	"\347\344 \277\2560\214G\035\331'\317\362\303\252\037"
 303      AE308C47 
 303      1DD927CF 
 303      F2C3AA1F 
 304 0024 820A10F7 		.ascii	"\202\012\020\367\234S\030\370\034\037\271\035\366\207"
 304      9C5318F8 
 304      1C1FB91D 
 304      F687
 305 0032 6088E703 		.ascii	"`\210\347\003x\260\302\244}B\314\205V\215\243y8z,\333"
 305      78B0C2A4 
 305      7D42CC85 
 305      568DA379 
 305      387A2CDB 
 306 0046 E96C1128 		.ascii	"\351l\021(@\251>\217\213\342\240\012\024\2110MQ\270"
 306      40A93E8F 
 306      8BE2A00A 
 306      1489304D 
 306      51B8
 307 0058 1551765B 		.ascii	"\025Qv[)SJ\001\004\003D\003f\003^t|\216,1\302X\371\013"
 307      29534A01 
 307      04034403 
 307      66035E74 
 307      7C8E2C31 
 308 0070 7D3AAFA7 		.ascii	"}:\257\247\031\177\237\352\237\012\00189#\375\215\307"
 308      197F9FEA 
 308      9F0A0138 
 308      3923FD8D 
 308      C7
 309 0081 D14FF536 		.ascii	"\321O\3656\334E\270\213\350\331\011CB3#\275m\325p\333"
 309      DC45B88B 
 309      E8D90943 
 309      423323BD 
ARM GAS  C:\Users\PUBLIC~1.LAP\AppData\Local\Temp\ccZJHB7U.s 			page 23


 309      6DD570DB 
 310 0095 2C38842D 		.ascii	",8\204-\303\335/\3657\364\252\312\266D\377~\324\317"
 310      C3DD2FF5 
 310      37F4AACA 
 310      B644FF7E 
 310      D4CF
 311 00a7 F027034F 		.ascii	"\360'\003O#eNA3\034\036\226\221;:/\334\316@j\2033\220"
 311      23654E41 
 311      331C1E96 
 311      913B3A2F 
 311      DCCE406A 
 312 00be B67D8213 		.ascii	"\266}\202\023p\2374\306\355A\346\207\016%\270\255\023"
 312      709F34C6 
 312      ED41E687 
 312      0E25B8AD 
 312      13
 313 00cf 86CFA989 		.ascii	"\206\317\251\211\030+@p\333*\374K\317\344\317\003~\331"
 313      182B4070 
 313      DB2AFC4B 
 313      CFE4CF03 
 313      7ED9
 314 00e1 104CD036 		.ascii	"\020L\3206\031%\307\345\324\331%I\363\267\255\015\334"
 314      1925C7E5 
 314      D4D92549 
 314      F3B7AD0D 
 314      DC
 315 00f2 7E40EA77 		.ascii	"~@\352w~@\332\366\006\354\301A\244u]\346\011\215\263"
 315      7E40DAF6 
 315      06ECC141 
 315      A4755DE6 
 315      098DB3
 316 0105 B921C6CB 		.ascii	"\271!\306\313<\235a\334\313&\231=Q`bq9C\335LA\343\346"
 316      3C9D61DC 
 316      CB26993D 
 316      51606271 
 316      3943DD4C 
 317 011c 70419C60 		.ascii	"pA\234`\034\014l\213\335\347Oz\234G\372$\177\343w\376"
 317      1C0C6C8B 
 317      DDE74F7A 
 317      9C47FA24 
 317      7FE377FE 
 318 0130 74380DC7 		.ascii	"t8\015\307\3338\034\000?\342H\271\371!\340'\347L\032"
 318      DB381C00 
 318      3FE248B9 
 318      F921E027 
 318      E74C1A
 319 0143 1637006E 		.ascii	"\0267\000n?\026\334?\206\373\245\260Y\303\205C)\354"
 319      3F16DC3F 
 319      86FBA5B0 
 319      59C38543 
 319      29EC
 320 0155 AFD3A573 		.ascii	"\257\323\245sP\200t\035\231S\303\303\203\307\2326\177"
 320      5080741D 
 320      9953C3C3 
 320      83C79A36 
 320      7F
 321 0166 D3F0D6E8 		.ascii	"\323\360\326\350\240\023\"\347q`5\230\224M\334o\003"
ARM GAS  C:\Users\PUBLIC~1.LAP\AppData\Local\Temp\ccZJHB7U.s 			page 24


 321      A01322E7 
 321      71603598 
 321      944DDC6F 
 321      03
 322 0177 FB9B9BF1 		.ascii	"\373\233\233\361g\317\317\344\236\2534%\016\233\277"
 322      67CFCFE4 
 322      9EAB3425 
 322      0E9BBF
 323 0186 FD34B00B 		.ascii	"\3754\260\013\357\245\275^\332\357T\206L\017\232\256"
 323      EFA5BD5E 
 323      DAEF5486 
 323      4C0F9AAE 
 324 0196 242D647C 		.ascii	"$-d|\014\217y\026&z\207\333\353p\273\034nw\303\355d"
 324      0C8F7916 
 324      267A87DB 
 324      EB70BB1C 
 324      6E77C3ED 
 325 01ab F008F749 		.ascii	"\360\010\367I\325B\350P\331\321\246\343o\027'\363\265"
 325      D542E850 
 325      D9D1A6E3 
 325      6F1727F3 
 325      B5
 326 01bc 1D5FCE5B 		.ascii	"\035_\316[m\374\351]\\K\376\011\301+\313bF\311\275\335"
 326      6DFCE95D 
 326      5C4BFE09 
 326      C12BCB62 
 326      46C9BDDD 
 327 01d0 BEC60567 		.ascii	"\276\306\005gE\325\030\363W\2557c\316\031d\015oq-\326"
 327      45D518F3 
 327      57AD3763 
 327      CE19640D 
 327      6F712DD6 
 328 01e4 AD8E4714 		.ascii	"\255\216G\024\013n'\303f!\322;23\262\376\266\243\371"
 328      0B6E27C3 
 328      6621D23B 
 328      3233B2FE 
 328      B6A3F9
 329 01f7 D3B37895 		.ascii	"\323\263x\225v1\247\322\027\232\2632\347\334\256u\305"
 329      7631A7D2 
 329      179AB332 
 329      E7DCAE75 
 329      C5
 330 0208 4366EA92 		.ascii	"Cf\352\222\341\314\031\332\021t\233\310\342d~\266\243"
 330      E1CC19DA 
 330      11749BC8 
 330      E2647EB6 
 330      A3
 331 0219 84E61C1D 		.ascii	"\204\346\034\035\272b4\305\205\370\371\361u=\331z\222"
 331      BA6234C5 
 331      85F8F9F1 
 331      753DD97A 
 331      92
 332 022a DEF619B8 		.ascii	"\336\366\031\270\333\317\254\370\2317\255\344_\263\234"
 332      DBCFACF8 
 332      9937ADE4 
 332      5FB39C
 333 0239 B7176133 		.ascii	"\267\027a3\376\266/q\231W\371\037C\346\276\374m\033"
ARM GAS  C:\Users\PUBLIC~1.LAP\AppData\Local\Temp\ccZJHB7U.s 			page 25


 333      FEB62F71 
 333      9957F91F 
 333      43E6BEFC 
 333      6D1B
 334 024b 70D3807B 		.ascii	"p\323\200{\006\020)v\237\264\204\373\244_>\262\255\261"
 334      06102976 
 334      9FB484FB 
 334      A45F3EB2 
 334      ADB1
 335 025d A9BFADE2 		.ascii	"\251\277\255\342~\001[\340\325\036\275Q\232\037\036"
 335      7E015BE0 
 335      D51EBD51 
 335      9A1F1E
 336 026c EB4D47F2 		.ascii	"\353MG\362\357\323\243\336\005\315!z\346\260\324\200"
 336      EFD3A3DE 
 336      05CD217A 
 336      E6B0D480 
 337 027c F9DB41B8 		.ascii	"\371\333A\270E\300\316\345O\3749\302\241\355K\\\253"
 337      45C0CEE5 
 337      4FFC39C2 
 337      A1ED4B5C 
 337      AB
 338 028d 7D4A68AE 		.ascii	"}Jh\256\313\031\332\3633n\010\203\373\333'p\373\210"
 338      CB19DAF3 
 338      336E0883 
 338      FBDB2770 
 338      FB88
 339 029f B4C747A4 		.ascii	"\264\307G\244\215\001n\350\227\373\244\005T\345\011"
 339      8D016EE8 
 339      97FBA405 
 339      54E509
 340 02ae FA71020E 		.ascii	"\372q\002\016\"\275\356\223v\373\327\357\274\016[\367"
 340      22BDEE93 
 340      76FBD7EF 
 340      BC0E5BF7 
 341 02be 74DB1951 		.ascii	"t\333\031Q\237n\373\002\355}iS\023\320m\225\036\177"
 341      9F6EFB02 
 341      ED7D6953 
 341      13D06D95 
 341      1E7F
 342 02d0 DB1ABA3B 		.ascii	"\333\032\272;N\267S\201\323\355eo\272=\204n\357\320"
 342      4EB75381 
 342      D3ED656F 
 342      BA3D846E 
 342      EFD0
 343 02e2 DD68DD7D 		.ascii	"\335h\335}\245\3339\350\366\024\335~\242\333Sh\273n"
 343      A5DB39E8 
 343      F614DD7E 
 343      A2DB5368 
 343      BB6E
 344 02f4 3FA1BBDF 		.ascii	"?\241\273\337\270\351v\272n\347\322\3559\272\335G\267"
 344      B8E976BA 
 344      6EE7D2ED 
 344      39BADD47 
 344      B7
 345 0305 37D574B7 		.ascii	"7\325t\267\001i\272\335\255\333\311t\273\230no\353v"
 345      0169BADD 
ARM GAS  C:\Users\PUBLIC~1.LAP\AppData\Local\Temp\ccZJHB7U.s 			page 26


 345      ADDBC974 
 345      BB986E6F 
 345      EB76
 346 0317 B666A0DB 		.ascii	"\266f\240\333\"\273=\255\333\261t\273Y\267\217u;X\267"
 346      22BB3DAD 
 346      DBB174BB 
 346      59B78F75 
 346      3B58B7
 347 032a 47BB3D4A 		.ascii	"G\273=J\267su{\223ng\322\335Y\272\235\205n/\322\355"
 347      B773757B 
 347      936E67D2 
 347      DD59BA9D 
 347      856E2FD2 
 348 033f 4DDD7DA6 		.ascii	"M\335}\246\333\235\335\236\325\355D\272\275\205n\037"
 348      DB9DDD9E 
 348      D5ED44BA 
 348      BD856E1F 
 349 034f D2ED58DD 		.ascii	"\322\355X\335\356Bw\013\320\335g\335\235\336\335\335"
 349      EE42770B 
 349      D0DD67DD 
 349      9DDEDDDD 
 350 035f DD75FFDA 		.ascii	"\335u\377\332\335\003\321]\000\012\001\\\260~\355\303"
 350      DD03D15D 
 350      000A015C 
 350      B07EEDC3 
 351 036f 308DC139 		.ascii	"0\215\3019\231\026\353\337\330<\204+\256\007J\034/\034"
 351      9916EBDF 
 351      D83C842B 
 351      AE074A1C 
 351      2F1C
 352 0381 005CDC74 		.ascii	"\000\\\334t\020\251+\335'm\322\340F\327d\015\026\263"
 352      10A92BDD 
 352      276DD2E0 
 352      46D7640D 
 352      16B3
 353 0393 39EC0D9F 		.ascii	"9\354\015\237\023\323\242\303\342\360\247\315a\251l"
 353      13D3A2C3 
 353      E2F0A7CD 
 353      61A96C
 354 03a2 8E2B32E7 		.ascii	"\216+2\347O\316\331\333\022\226\3646\206\303\215\331"
 354      4FCED9DB 
 354      1296F436 
 354      86C38DD9 
 355 03b2 70632D78 		.ascii	"pc-xj\355\015\311G\024[)\233d\231Vi7X\034\374i\245,"
 355      6AED0DC9 
 355      47145B29 
 355      9B649956 
 355      6937581C 
 356 03ca 54BF0F9B 		.ascii	"T\277\017\233\264R6\312\322\260\342\"\345\346'\304\217"
 356      B45236CA 
 356      D2B0E222 
 356      E5E627C4 
 356      8F
 357 03db 9D2285F6 		.ascii	"\235\"\205\366\224\316`\353\341A\263j\263{\342\306F"
 357      94CE60EB 
 357      E141B36A 
 357      B37BE2C6 
ARM GAS  C:\Users\PUBLIC~1.LAP\AppData\Local\Temp\ccZJHB7U.s 			page 27


 357      46
 358 03ec 70632ABC 		.ascii	"pc*\274\304\273Q$\207\324_'\263\313\256\2618\373d\235"
 358      C4BB5124 
 358      87D45F27 
 358      B3CBAEB1 
 358      38FB649D 
 359 0400 AC0C7FDA 		.ascii	"\254\014\177\332\030Vi_X\030U\342l\014\277b\227dMq\337"
 359      1856695F 
 359      581855E2 
 359      6C0CBF62 
 359      97644D71 
 360 0415 5525F702 		.ascii	"U%\367\002_\333\304;\322\024\246\365\267\361\023n\314"
 360      5FDBC43B 
 360      D214A6F5 
 360      B7F1136E 
 360      CC
 361 0426 84BBEDD2 		.ascii	"\204\273\355\3222qY\311\240\361w)\235\262\304\355\010"
 361      327159C9 
 361      A0F17729 
 361      9DB2C4ED 
 361      08
 362 0437 1BAB6495 		.ascii	"\033\253d\225\236\006\314\212\2242\270{m\270{j \322"
 362      9E06CC8A 
 362      9432B87B 
 362      6DB87B6A 
 362      20D2
 363 0449 3B1C3734 		.ascii	";\03474q\232a\273\005\234\244\334h\305\361\347\333="
 363      719A61BB 
 363      059CA4DC 
 363      68C5F1E7 
 363      DB3D
 364 045b 1CE510AB 		.ascii	"\034\345\020\253\273%\367v\317\013w\317\011~6_\347\317"
 364      BB25F776 
 364      CF0B77CF 
 364      097E365F 
 364      E7CF
 365 046d DEF26D74 		.ascii	"\336\362mt\226\324\224\240\216\340\356\351-i\367\256"
 365      96D494A0 
 365      8EE0EEE9 
 365      2D69F7AE 
 366 047d E678DA8E 		.ascii	"\346x\332\216Hq\373\333=\036i\374\371j\036N\315\243"
 366      4871FBDB 
 366      3D1E69FC 
 366      F96A1E4E 
 366      CDA3
 367 048f 7939058E 		.ascii	"y9\005\216d6\\_Uf\031v\357\307Y\033mk\226\264\341N\327"
 367      64365C5F 
 367      55661976 
 367      EFC7591B 
 367      6D6B96B4 
 368 04a6 70A75870 		.ascii	"p\247Xp\247ff\376\015G\323\025\253\277n\320L@\026\222"
 368      A76666FE 
 368      0D47D315 
 368      ABBF6ED0 
 368      4C401692 
 369 04ba E816FE32 		.ascii	"\350\026\3762O\306o\234I\245\371\300\235\352\300\235"
 369      4FC66F9C 
ARM GAS  C:\Users\PUBLIC~1.LAP\AppData\Local\Temp\ccZJHB7U.s 			page 28


 369      49A5F9C0 
 369      9DEAC09D 
 370 04ca D200F33B 		.ascii	"\322\000\363;\330\306\230\375\355T\011\177\361\347\267"
 370      D8C698FD 
 370      ED54097F 
 370      F1E7B7
 371 04d9 7D97B667 		.ascii	"}\227\266g{/`J\024a\203\343\252\313\331K\210\037\337"
 371      7B2F604A 
 371      146183E3 
 371      AACBD94B 
 371      881FDF
 372 04ec 5B1B8C22 		.ascii	"[\033\214\"\367\346`\373\300\323\361\245\013\312\013"
 372      F7E660FB 
 372      C0D3F1A5 
 372      0BCA0B
 373 04fb 372F096E 		.ascii	"7/\011n^\021\354Ym\013\027$\263\033\177\267h\331\211"
 373      5E11EC59 
 373      6D0B1724 
 373      B31B7FB7 
 373      68D989
 374 050e F2E60C94 		.ascii	"\362\346\014\224\277iz_NMvZP/5%\307+\225\376\205\315"
 374      BF697A5F 
 374      4E4D765A 
 374      502F3525 
 374      C72B95FE 
 375 0524 CE0E513F 		.ascii	"\316\016Q?\266\2308\274T\2150\037\363\264\034\244n\313"
 375      B69838BC 
 375      548D301F 
 375      F3B41CA4 
 375      6ECB
 376 0536 49D4558D 		.ascii	"I\324U\215o~\017\2577U\336\310G\035\372\305\353\301"
 376      6F7E0FAF 
 376      3755DEC8 
 376      471DFAC5 
 376      EBC1
 377 0548 25EEA7BE 		.ascii	"%\356\247\276\306\353\230\262\214\373\322\346p\2708"
 377      C6EB98B2 
 377      8CFBD2E6 
 377      70B838
 378 0557 817C5699 		.ascii	"\201|V\231\257G\373\261\017{,\017\366f\237\366T^\354"
 378      AF47FBB1 
 378      0F7B2C0F 
 378      F6669FF6 
 378      545EEC
 379 056a 73F82C6F 		.ascii	"s\370,o\345\257<\331\227\375\231?\277\212\307\365{\275"
 379      E5AF3CD9 
 379      97FD993F 
 379      BF8AC7F5 
 379      7BBD
 380 057c 94F751E5 		.ascii	"\224\367Q\345\177x\232M2S\364\200\333\362(\356\365\024"
 380      7F789A4D 
 380      3253F480 
 380      DBF228EE 
 380      F514
 381 058e 3741D33B 		.ascii	"7A\323;\021\371\322\015\301\004_\345\237^\306N\322C"
 381      11F9D20D 
 381      C1045FE5 
ARM GAS  C:\Users\PUBLIC~1.LAP\AppData\Local\Temp\ccZJHB7U.s 			page 29


 381      9F5EC64E 
 381      D243
 382 05a0 6662BA72 		.ascii	"fb\272r)S\034,N\230\347\340^\202\270\305}\225\237\322"
 382      29531C2C 
 382      4E98E7E0 
 382      5E82B8C5 
 382      7D959FD2 
 383 05b4 65C480FC 		.ascii	"e\304\200\374\374\374\\5o^\250\024\270\315\273\302\227"
 383      FCFC5C35 
 383      6F5EA814 
 383      B8CDBBC2 
 383      97
 384 05c5 8D8AFBA4 		.ascii	"\215\212\373\244P\276\353\243\370\363\243\375\321\177"
 384      50BEEBA3 
 384      F8F3A3FD 
 384      D17F
 385 05d3 E269B947 		.ascii	"\342i\271G\2323\347\374\321\207\272\027/*\316\217\376"
 385      9A33E7FC 
 385      D187BA17 
 385      2F2ACE8F 
 385      FE
 386 05e4 91E74A02 		.ascii	"\221\347J\002\320C\215\200\237\237\237_2\353\226>p\363"
 386      D0438D80 
 386      9F9F9F5F 
 386      32EB963E 
 386      70F3
 387 05f6 9A5809F6 		.ascii	"\232X\011\366\222\203\025\233\277.\366L\034J\014+\255"
 387      9283159B 
 387      BF2EF64C 
 387      1C4A0C2B 
 387      AD
 388 0607 38B2D7EA 		.ascii	"8\262\327\352\312r\255\247_y\255^\027\221\2468-'\337"
 388      CA72ADA7 
 388      5F79AD5E 
 388      1791A638 
 388      2D27DF
 389 061a E4B7FCF9 		.ascii	"\344\267\374\371\317G\322\357\374\"???!:8\211\210E\341"
 389      CF47D2EF 
 389      FC223F3F 
 389      3F213A38 
 389      898845E1 
 390 062e DB3C2AAD 		.ascii	"\333<*\255_\242\206K-\310_%nF\212\0201\177\233\307\204"
 390      5FA2864B 
 390      2DC85F25 
 390      6E468A10 
 390      317F9BC7 
 391 0643 3FC923C9 		.ascii	"?\311#\311f\234P\321\341\276p\270\257\033n6\007\221"
 391      669C50D1 
 391      E1BE70B8 
 391      AF1B6E36 
 391      0791
 392 0655 EEB84FFA 		.ascii	"\356\270O\372Y\037\344\261\034\372\225\223\332\030h"
 392      591FE4B1 
 392      1CFA9593 
 392      DA1868
 393 0664 93DB94D4 		.ascii	"\223\333\224\324=\021\177~\326\017\321\241\0322e\354"
 393      3D117F7E 
ARM GAS  C:\Users\PUBLIC~1.LAP\AppData\Local\Temp\ccZJHB7U.s 			page 30


 393      D60FD1A1 
 393      1A3265EC 
 394 0674 DEBE39B0 		.ascii	"\336\2769\260\256r\324\322\222\326\374\275z!\005\274"
 394      AE72D4D2 
 394      92D6FCBD 
 394      7A2105BC 
 395 0684 A179F1B7 		.ascii	"\241y\361\267o\024\356+\003\367\205\201\373*\261\207"
 395      6F14EE2B 
 395      03F78581 
 395      FB2AB187 
 396 0694 EFC1E38C 		.ascii	"\357\301\343\214\012\014\265\277V\226\254IWs\315W\375"
 396      0A0CB5BF 
 396      5696AC49 
 396      5773CD57 
 396      FD
 397 06a5 8ECBC349 		.ascii	"\216\313\303I\011\326\030\3346_\177\333\276\351\266"
 397      09D618DC 
 397      365F7FDB 
 397      BEE9B6
 398 06b4 6DAC1B1E 		.ascii	"m\254\033\0369-V[\177-p\020i\217\215\211\266u\035\256"
 398      392D565B 
 398      7F2D7010 
 398      698F8D89 
 398      B6751DAE 
 399 06c8 76487DFD 		.ascii	"vH}\375M\355\232\247\202a\000\237\334\330\026+\177!"
 399      4DED9AA7 
 399      8261009F 
 399      DCD8162B 
 399      7F21
 400 06da 30D196AE 		.ascii	"0\321\226\256}x;\21245\315Y#6\260\354\312\374E\203\306"
 400      7D783B8A 
 400      3435CD59 
 400      2336B0EC 
 400      CAFC4583 
 401 06ef A6F12575 		.ascii	"\246\361%u`45\311\265M\203\321|\3000\362\327\306\371"
 401      603435C9 
 401      B54D83D1 
 401      7CC030F2 
 401      D7C6F9
 402 0702 198F1D16 		.ascii	"\031\217\035\026\224\244\237\021\241\232\243Q\303L\333"
 402      94A49F11 
 402      A19AA351 
 402      C34CDB
 403 0711 3366BAF0 		.ascii	"3f\272\360\310psC\223\313J\303\243D\246\233\214\345"
 403      C8707343 
 403      93CB4AC3 
 403      A344A69B 
 403      8CE5
 404 0723 F22D9044 		.ascii	"\362-\220DN\314s\347I\230\266b\302\330\266N\201\224"
 404      4ECC73E7 
 404      4998B662 
 404      C2D8B64E 
 404      8194
 405 0735 B352CE5B 		.ascii	"\263R\316[MR\272\2706%G\276t\177\261m\376\305D\016f"
 405      4D52BAB8 
 405      362547BE 
 405      747FB16D 
ARM GAS  C:\Users\PUBLIC~1.LAP\AppData\Local\Temp\ccZJHB7U.s 			page 31


 405      FEC5440E 
 406 074a 5969DA76 		.ascii	"Yi\332v\356\336\300\354\374\320\322VM\213e\3431\231"
 406      EEDEC0EC 
 406      FCD0D256 
 406      4D8B65E3 
 406      3199
 407 075c 6D0FBC29 		.ascii	"m\017\274)\302\025W\227\247\230#\272m\227\266lma[\332"
 407      C2155797 
 407      A79823BA 
 407      6D97B66C 
 407      6D615BDA 
 408 0770 AC296570 		.ascii	"\254)epq>\0278T\256\230\251\262\245\333\227\336\350"
 408      713E1738 
 408      54AE98A9 
 408      B2A5DB97 
 408      DEE8
 409 0782 8A02030A 		.ascii	"\212\002\003\012n\235#ii\026L\351\331\363Fm-\206\217"
 409      6E9D2369 
 409      69164CE9 
 409      D9F3466D 
 409      2D868F
 410 0795 B3338B65 		.ascii	"\2633\213e\251\007\223\224l\312I\034\264\266XxC\240"
 410      A9079394 
 410      6CCA491C 
 410      B4B65878 
 410      43A0
 411 07a7 A0AEF418 		.ascii	"\240\256\364\030\301\301\010T\225*\326\354\004\3172"
 411      C1C10854 
 411      952AD6EC 
 411      04CF32
 412 07b6 987A1089 		.ascii	"\230z\020\211+\341\251l\251\254\255\031O\212\312\216"
 412      2BE1A96C 
 412      A9ACAD19 
 412      4F8ACA8E 
 413 07c6 395757C4 		.ascii	"9WW\304\012\316\337\326Q\302"
 413      0ACEDFD6 
 413      51C2
 414 07d0 2D2666C7 		.ascii	"-&f\307F4\223\274$\220%\251\244l\304\0037\230\334Pi"
 414      463493BC 
 414      249025A9 
 414      A46CC403 
 414      3798DC50 
 415 07e5 3BE61586 		.ascii	";\346\025\206\353\355e(\360\244F.\212\024)\026\354h"
 415      EBED6528 
 415      F0A4462E 
 415      8A142916 
 415      EC68
 416 07f7 0A56DCCD 		.ascii	"\012V\334\315v^k\276\332\202\265\233N\227\025\346\215"
 416      765E6BBE 
 416      DA82B59B 
 416      4E9715E6 
 416      8D
 417 0808 BF764A92 		.ascii	"\277vJ\222h\324r\305\341\021\366\344F\010\024j\243l"
 417      68D472C5 
 417      E111F6E4 
 417      4608146A 
 417      A36C
ARM GAS  C:\Users\PUBLIC~1.LAP\AppData\Local\Temp\ccZJHB7U.s 			page 32


 418 081a 393F6B8D 		.ascii	"9?k\215\211\032\224\266Q\346\2060\305,\014\035+f\312"
 418      891A94B6 
 418      51E68630 
 418      C52C0C1D 
 418      2B66CA
 419 082d B24C3971 		.ascii	"\262L9qb\271\034HN\362\342\200\023\271\277\302\242q"
 419      62B91C48 
 419      4EF2E280 
 419      13B9BFC2 
 419      A271
 420 083f A6E5DA72 		.ascii	"\246\345\332r\315]\2605'\264\277\235\363\324\244\375"
 420      CD5DB035 
 420      27B4BF9D 
 420      F3D4A4FD 
 421 084f 699B5823 		.ascii	"i\233X# 4s\324\005E\240\262\322\324\345<\325@/\012\232"
 421      203473D4 
 421      0545A0B2 
 421      D2D4E53C 
 421      D5402F0A 
 422 0864 9442C36D 		.ascii	"\224B\303m\217X$m\223\264Mb\231\340\2343\0224\3470 "
 422      8F58246D 
 422      93B44D62 
 422      99E09C33 
 422      1234E730 
 423 0879 89D9958D 		.ascii	"\211\331\225\215\272<55\302G\227\204l\314\222\266L\272"
 423      BA3C3535 
 423      C2479784 
 423      6CCC92B6 
 423      4CBA
 424 088b ADD62B1D 		.ascii	"\255\326+\035.\200\234\347r\316\006x\227\035c\306\374"
 424      2E809CE7 
 424      72CE0678 
 424      971D63C6 
 424      FC
 425 089c 7DF749AD 		.ascii	"}\367I\255\022\237Cr\227\365\267\345\034\256\273}>\252"
 425      129F4372 
 425      97F5B7E5 
 425      1CAEBB7D 
 425      3EAA
 426 08ae AA316EFE 		.ascii	"\2521n\376\266\217\012{p\250\267\006L\020\355\235\203"
 426      B68F0A7B 
 426      70A8B706 
 426      4C10ED9D 
 426      83
 427 08bf 8674656B 		.ascii	"\206tek\216\007\251\251\354\361\327\263\0069\007\220"
 427      8E07A9A9 
 427      ECF1D7B3 
 427      06390790 
 428 08cf 33565641 		.ascii	"3VVA\3712Z\225\314\312\252\270\017\313h\223)b\011\255"
 428      F9325A95 
 428      CCCAAAB8 
 428      0FCB6893 
 428      296209AD 
 429 08e3 8ACACA26 		.ascii	"\212\312\312&\323\263\022)/\2419\177\310\271\231\227"
 429      D3B31229 
 429      2FA1397F 
 429      C8B99997 
ARM GAS  C:\Users\PUBLIC~1.LAP\AppData\Local\Temp\ccZJHB7U.s 			page 33


 430 08f3 5024A66B 		.ascii	"P$\246k)\233y\231\233L_\346\252\346\207\245\262\231"
 430      299B7999 
 430      9B4C5FE6 
 430      AAE687A5 
 430      B299
 431 0905 CCD12AA8 		.ascii	"\314\321*\250\0179Z\305\\F\253\230\037\226P\244\234"
 431      0F395AC5 
 431      5C46AB98 
 431      1F9650A4 
 431      9C
 432 0916 A1484911 		.ascii	"\241HI\0219#1\227\321,\346\207\254\254J.\243HP\032\344"
 432      39233197 
 432      D12CE687 
 432      ACAC4A2E 
 432      A348501A 
 433 092b 9C142295 		.ascii	"\234\024\"\225\364dR\327\217\034Erz\3462\333\3109\327"
 433      F46452D7 
 433      8F1C4572 
 433      7AE632DB 
 433      C839D7
 434 093e 70A8324F 		.ascii	"p\2502O\345\254l\022\220\273\232K\265\244fO\326\212"
 434      E5AC6C12 
 434      90BB9A4B 
 434      B5A4664F 
 434      D68A
 435 0950 E17C9173 		.ascii	"\341|\221sN\215\330\370P\226\221\234\231m\012\251\000"
 435      4E8DD8F8 
 435      5096919C 
 435      996D0AA9 
 435      00
 436 0961 66CE3692 		.ascii	"f\3166\222\320l#\205\346\\@fK\2629\224-'\313\2249{Y"
 436      D06C2385 
 436      E65C4066 
 436      4BB23994 
 436      2D27CB94 
 437 0978 CE534B39 		.ascii	"\316SK9g\0179g\236\254\214rJ\262j\356,%5\2312\222\035"
 437      670F3967 
 437      9EAC8C72 
 437      4AB26AEE 
 437      2C253599 
 438 098f 0EB58C5A 		.ascii	"\016\265\214Z5M\230I\211:s\0224\351K\247fvf2UL\034M"
 438      354D9849 
 438      893A7312 
 438      34E94BA7 
 438      66766632 
 439 09a7 42F3979A 		.ascii	"B\363\227\232\016\\\270~\304Y\361|\221\013R\246\310"
 439      0E5CB87E 
 439      C459F17C 
 439      910B52A6 
 439      C8
 440 09b8 01393F9A 		.ascii	"\0019?\232\224\341\341\264Dx\254\220\226\334 \222\206"
 440      94E1E1B4 
 440      4478AC90 
 440      96DC2092 
 440      86
 441 09c9 9F5CE4BA 		.ascii	"\237\\\344\272d\3315Zt3\354\020\254\032JC\346\376\366"
 441      64D9355A 
ARM GAS  C:\Users\PUBLIC~1.LAP\AppData\Local\Temp\ccZJHB7U.s 			page 34


 441      7433EC10 
 441      AC1A4A43 
 441      E6FEF6
 442 09dc B041AC0F 		.ascii	"\260A\254\017+\304\002\261<\354\225\375\341O\213\365"
 442      2BC402B1 
 442      3CEC95FD 
 442      E14F8BF5 
 443 09ec 3BDA5659 		.ascii	";\332VY+$[\203\310\231\247\313\301i\261^\314k\031\342"
 443      2B245B83 
 443      C899A7CB 
 443      C169B15E 
 443      CC6B19E2 
 444 0a00 E6FCB2E6 		.ascii	"\346\374\262\346\335\214\211Y,k\303\356\270\012\033"
 444      DD8C8959 
 444      2C6BC3EE 
 444      B80A1B
 445 0a0f F366C6D6 		.ascii	"\363f\306\326\002A<-$2\0329\370\361P\234\200D\321\243"
 445      02413C2D 
 445      24321A39 
 445      F8F1509C 
 445      8044D1A3 
 446 0a23 B23012D5 		.ascii	"\2620\022\325\343\317\270b\270\"\200\365\250\"\213\303"
 446      E3CFB862 
 446      B82280F5 
 446      A8228BC3 
 447 0a33 9E9F4F86 		.ascii	"\236\237O\206\240q\004\344Q\2200\350[a\005\221\032\264"
 447      A07104E4 
 447      519030E8 
 447      5B610591 
 447      1AB4
 448 0a45 AA1F0809 		.ascii	"\252\037\010\011Q\020\006y\214d\010\032\211\212) \217"
 448      51100679 
 448      8C64081A 
 448      898A2920 
 448      8F
 449 0a56 82C1A11F 		.ascii	"\202\301\241\037r\210$\242\000R\217\306\023@A(\202H"
 449      728824A2 
 449      00528FC6 
 449      13404128 
 449      8248
 450 0a68 3801B4BA 		.ascii	"8\001\264\272PKX\177\020D\260\026\207FX-\016\211\216"
 450      504B587F 
 450      1044B016 
 450      8746582D 
 450      0E898E
 451 0a7b 802D8880 		.ascii	"\200-\210\200<(R\234\340A\320\006\034\374V\025\371\373"
 451      3C28529C 
 451      E041D006 
 451      1CFC5615 
 451      F9FB
 452 0a8d F1041519 		.ascii	"\361\004\025\031\2512\000U\330\011\000\305\221\020P"
 452      A9320055 
 452      D80900C5 
 452      911050
 453 0a9c 4DA1D342 		.ascii	"M\241\323B\022B\302 2\250HU\211\202\214\037\010\203"
 453      1242C220 
 453      32A84855 
ARM GAS  C:\Users\PUBLIC~1.LAP\AppData\Local\Temp\ccZJHB7U.s 			page 35


 453      89828C1F 
 453      0883
 454 0aae 41C2208F 		.ascii	"A\302 \217\212\004\252Dj\212\235 \"\"\343\011A\253\221"
 454      8A04AA44 
 454      6A8A9D20 
 454      2222E309 
 454      41AB91
 455 0ac1 51250E51 		.ascii	"Q%\016Q\370\020\264\016\201*\344\034!#(!\014\332\006"
 455      F810B40E 
 455      812AE41C 
 455      21232821 
 455      0CDA06
 456 0ad4 122AAA41 		.ascii	"\022*\252ACH\022\204A_G@|\300\205\272\036\215\301\234"
 456      43481284 
 456      415F4740 
 456      7CC085BA 
 456      1E8DC19C 
 457 0ae8 263E5001 		.ascii	"&>P\001\013\342\021\210\233\002\023v\375\355\254E\365"
 457      0BE21188 
 457      9B021376 
 457      FDEDAC45 
 457      F5
 458 0af9 78340A1E 		.ascii	"x4\012\036\035y\353\017\304\372\363\251\304a\017yT\211"
 458      1D79EB0F 
 458      C4FAF3A9 
 458      C4610F79 
 458      5489
 459 0b0b 43A3F538 		.ascii	"C\243\3658d\361\023\006\005X\177D@\026Gu-\016\221GH"
 459      64F11306 
 459      05587F44 
 459      40164775 
 459      2D0E9147 
 460 0b20 1EDEFAEB 		.ascii	"\036\336\372\353Y\221+\221*\364\023\006y\204x+\213t"
 460      59912B91 
 460      2AF41306 
 460      7984782B 
 460      8B74
 461 0b32 FDE51C1D 		.ascii	"\375\345\034\035W\344pH=\376\204A\235!\365\330[\177"
 461      57E47048 
 461      3DFE8441 
 461      9D21F5D8 
 461      5B7F
 462 0b44 3EA1E1AF 		.ascii	">\241\341\257\267\376\322\026\222\220`\375\375t\256"
 462      B7FED216 
 462      929060FD 
 462      FD74AE
 463 0b53 5170C5F1 		.ascii	"Qp\305\361\256\277\000\206\206+@\014\015W\024\215\301"
 463      AEBF0086 
 463      862B400C 
 463      0D57148D 
 463      C1
 464 0b64 B4380412 		.ascii	"\2648\004\022s\326_\207\026\222\030B\022\177\301a\021"
 464      73D65F87 
 464      16921842 
 464      127FC161 
 464      11
 465 0b75 58E41B32 		.ascii	"X\344\0332R\241\012\375\210\352\212<\352\031R!d\211"
ARM GAS  C:\Users\PUBLIC~1.LAP\AppData\Local\Temp\ccZJHB7U.s 			page 36


 465      52A10AFD 
 465      88EA8A3C 
 465      EA195221 
 465      6489
 466 0b87 8CC62222 		.ascii	"\214\306\"\"\357\362\214C\237\243ux\374\011\203\037"
 466      EFF28C43 
 466      9FA37578 
 466      FC09831F 
 467 0b97 8AD2A390 		.ascii	"\212\322\243\220\320\266\220\204z4\006\205A \022\036"
 467      D0B69084 
 467      7A340685 
 467      4120121E 
 468 0ba7 A8800509 		.ascii	"\250\200\005\011)6\000B\002\025\215D\2421\230\301\352"
 468      29360042 
 468      02158D44 
 468      A23198C1 
 468      EA
 469 0bb8 425D8BC6 		.ascii	"B]\213\306\340\216\2135\270\026\207\277\365h,\322)B"
 469      E08E8B35 
 469      B81687BF 
 469      F5682CD2 
 469      2942
 470 0bca BE8B3568 		.ascii	"\276\2135h\217\351\372\343Q\203E\340\212,\016\177H\343"
 470      8FE9FAE3 
 470      518345E0 
 470      8A2C0E7F 
 470      48E3
 471 0bdc 4F18EC70 		.ascii	"O\030\354pT\213-\214\274#P\030\274*\021X\274*\022\250"
 471      548B2D8C 
 471      BC235018 
 471      BC2A1158 
 471      BC2A12A8 
 472 0bf0 02581C1A 		.ascii	"\002X\034\032\022\001eX\2219BE\025\270bu\005\256H\336"
 472      12016558 
 472      91394245 
 472      15B86275 
 472      05AE48DE 
 473 0c04 FA53858C 		.ascii	"\372S\205\214\304\265\207\034\002\022\255\340\255\277"
 473      C4B5871C 
 473      0212ADE0 
 473      ADBF
 474 0c12 B5875CA1 		.ascii	"\265\207\\\241\036oP\215A\205\261\202!$\361H\350\230"
 474      1E6F508D 
 474      4185B182 
 474      2124F148 
 474      E898
 475 0c24 AA42C6E0 		.ascii	"\252B\306\340:t\241\342\242\030T\030\327\026\351\372"
 475      3A74A1E2 
 475      A2185418 
 475      D716E9FA 
 476 0c34 538345F5 		.ascii	"S\203E\365\250\256P\217\000\254?,\004T\217\302\265\350"
 476      A8AE508F 
 476      00AC3F2C 
 476      04548FC2 
 476      B5E8
 477 0c46 B8AE2D78 		.ascii	"\270\256-x\353o\010I\344\015!\221=\365h\024\026\001"
 477      EB6F0849 
ARM GAS  C:\Users\PUBLIC~1.LAP\AppData\Local\Temp\ccZJHB7U.s 			page 37


 477      E40D2191 
 477      3DF56814 
 477      1601
 478 0c58 892AF227 		.ascii	"\211*\362'\014\356\024\021U\344\332\"-r\261\022\327"
 478      0CEE1411 
 478      55E4DA22 
 478      2D72B112 
 478      D7
 479 0c69 16690B35 		.ascii	"\026i\01355\362\365\347\373\011\203\275\241\342p\035"
 479      35F2F5E7 
 479      FB0983BD 
 479      A1E2701D 
 480 0c79 025BF45A 		.ascii	"\002[\364ZH\002)\014\002\251BFD\301\342p\002\026\352"
 480      4802290C 
 480      02A94246 
 480      44C1E270 
 480      0216EA
 481 0c8c B1E8AEBF 		.ascii	"\261\350\256\277\034\027j\361\252F\252\321\014CH\"^"
 481      1C176AF1 
 481      AA46AAD1 
 481      0C434822 
 481      5E
 482 0c9d 7F322081 		.ascii	"\1772 \201\304\265\250\262Pu\206\212C\241\242Z\244b"
 482      C4B5A8B2 
 482      5075868A 
 482      43A1A25A 
 482      A462
 483 0caf 17EA6A44 		.ascii	"\027\352jD\374\011\203xE\016\211\\\254\304\336\372["
 483      FC098378 
 483      450E895C 
 483      ACC4DEFA 
 483      5B
 484 0cc0 7BC6E1B1 		.ascii	"{\306\341\261\210\010\250\036qW`\342D\002)\224\360\001"
 484      8808A81E 
 484      715760E2 
 484      44022994 
 484      F001
 485 0cd2 0E921842 		.ascii	"\016\222\030B\022\205A\240\340\021\011\264\036\201\220"
 485      128541A0 
 485      E01109B4 
 485      1E8190
 486 0ce1 46A02013 		.ascii	"F\240 \023\206*\206\302\023/P\000\201\211\"\242\272"
 486      862A86C2 
 486      132F5000 
 486      818922A2 
 486      BA
 487 0cf2 BE702434 		.ascii	"\276p$4\032\022\375\200%J\274\200A\007$\272\373>\201"
 487      1A12FD80 
 487      254ABC80 
 487      410724BA 
 487      FB3E81
 488 0d05 B9589427 		.ascii	"\271X\224'O0`X0_2g$\035\316\016K\334}\233\260t\330Q"
 488      4F306058 
 488      305F3267 
 488      241DCE0E 
 488      4BDC7D9B 
 489 0d1d 630DCCDF 		.ascii	"c\015\314\337\213t\221\356\322Wb\213\031\\Z\335M\352"
ARM GAS  C:\Users\PUBLIC~1.LAP\AppData\Local\Temp\ccZJHB7U.s 			page 38


 489      8B7491EE 
 489      D257628B 
 489      195C5ADD 
 489      4DEA
 490 0d2f BBBC4BA9 		.ascii	"\273\274K\251\235\016!A\376\336\245\277J\227\251\357"
 490      9D0E2141 
 490      FEDEA5BF 
 490      4A97A9EF 
 491 0d3f D255EE28 		.ascii	"\322U\356(\363]\2729#\271\213\350\340.\302:\215y\255"
 491      F35DBA39 
 491      23B98BE8 
 491      E02EC23A 
 491      8D79AD
 492 0d52 496FF390 		.ascii	"Io\363\220a\036\2568\335qn\376f3\347\262\236\030oXq"
 492      611EAE38 
 492      DD716EFE 
 492      6633E7B2 
 492      9E186F58 
 493 0d67 F6AE6FF6 		.ascii	"\366\256o\366\263\277\243\372b\022\304n\014\272\244"
 493      B3BFA3FA 
 493      6212C46E 
 493      0CBAA4
 494 0d76 E9058E99 		.ascii	"\351\005\216\231\001c\300\002\202\262\250B\3414\013"
 494      0163C002 
 494      82B2A842 
 494      E1340B
 495 0d85 C38E2133 		.ascii	"\303\216!3#22#M\322\001r\012\020\212\242q\"\267\330"
 495      23323223 
 495      4DD20172 
 495      0A108AA2 
 495      7122B7D8 
 496 0d99 0312C053 		.ascii	"\003\022\300SE\314\242\012)D3\"E\005I\031\225B\007\326"
 496      45CCA20A 
 496      29443322 
 496      45054919 
 496      954207D6 
 497 0dad F96C8391 		.ascii	"\371l\203\221\373kmM=\224:\253&4\012\265i\013\004\342"
 497      FB6B6D4D 
 497      3D943AAB 
 497      26340AB5 
 497      690B04E2 
 498 0dc1 BFA06C69 		.ascii	"\277\240li\242\347\331\375-A\202#K\027\277\214\320\256"
 498      A2E7D9FD 
 498      2D418223 
 498      4B17BF8C 
 498      D0AE
 499 0dd3 EB0E3B85 		.ascii	"\353\016;\205o\301\215{_\021\277\371\325U\372Y\243`"
 499      6FC18D7B 
 499      5F11BFF9 
 499      D555FA59 
 499      A360
 500 0de5 C9C969B9 		.ascii	"\311\311i\271\015x\021W\3250\012\301\016\"\276\251."
 500      0D781157 
 500      D5300AC1 
 500      0E22BEA9 
 500      2E
 501 0df6 A84D41B6 		.ascii	"\250MA\266\242r\020\245v\367\367\230\330V'i\223\225"
ARM GAS  C:\Users\PUBLIC~1.LAP\AppData\Local\Temp\ccZJHB7U.s 			page 39


 501      A27210A5 
 501      76F7F798 
 501      D8562769 
 501      9395
 502 0e08 AD00A6B7 		.ascii	"\255\000\246\267\027\340\205+\372\005!N`\357\251\254"
 502      17E0852B 
 502      FA05214E 
 502      60EFA9AC 
 503 0e18 0802B6B4 		.ascii	"\010\002\266\264\275\303\350\233\307\244yC\341\300\254"
 503      BDC3E89B 
 503      C7A47943 
 503      E1C0AC
 504 0e27 A302E77A 		.ascii	"\243\002\347z\352\224mH\014B\306VsR\246\302x\025\232"
 504      EA946D48 
 504      0C42C656 
 504      7352A6C2 
 504      78159A
 505 0e3a 0B7AEA40 		.ascii	"\013z\352@\201\000\273D\256#U\271\033\320\231\320\347"
 505      8100BB44 
 505      AE2355B9 
 505      1BD099D0 
 505      E7
 506 0e4b 0B484375 		.ascii	"\013HCu>\337\303\033\004Y+\374\372\303Fc$>\325P_l\217"
 506      3EDFC31B 
 506      04592BFC 
 506      FAC34663 
 506      243ED550 
 507 0e62 690D5F94 		.ascii	"i\015_\224\347\204\260;`\224.\211'\322\227\210\255\302"
 507      E784B03B 
 507      60942E89 
 507      27D29788 
 507      ADC2
 508 0e74 CDC58496 		.ascii	"\315\305\204\226*\241@\354\212\261#\023\275\012O\006"
 508      2AA140EC 
 508      8AB12313 
 508      BD0A4F06 
 509 0e84 92C43222 		.ascii	"\222\3042\"\212z\010-\222,\363\347J\"\332\327x\325\200"
 509      8A7A082D 
 509      922CF3E7 
 509      4A22DAD7 
 509      78D580
 510 0e97 FC19CF7E 		.ascii	"\374\031\317~\247\341\006\227\344S2\240\004\377\342"
 510      A7E10697 
 510      E45332A0 
 510      04FFE2
 511 0ea6 4BED10EC 		.ascii	"K\355\020\354\334t\000I{\327\264\014|/\261\250\362\341"
 511      DC740049 
 511      7BD7B40C 
 511      7C2FB1A8 
 511      F2E1
 512 0eb8 76587935 		.ascii	"vXy5r\322.\3205\327G\006\013\267\254\210\252\252\026"
 512      72D22ED0 
 512      35D74706 
 512      0BB7AC88 
 512      AAAA16
 513 0ecb 1C489B89 		.ascii	"\034H\233\211/\342\301\3764!K\036\230\024\253\032\233"
 513      2FE2C1FE 
ARM GAS  C:\Users\PUBLIC~1.LAP\AppData\Local\Temp\ccZJHB7U.s 			page 40


 513      34214B1E 
 513      9814AB1A 
 513      9B
 514 0edc 142B18D4 		.ascii	"\024+\030\324W\237Xy$V\250H\227\007\006I\230\320\226"
 514      579F5879 
 514      2456A848 
 514      97070649 
 514      98D096
 515 0eef 41722108 		.ascii	"Ar!\010\205\274u\001\206,GI\244\214C\211-w\\C|WX\346"
 515      85BC7501 
 515      862C4749 
 515      A48C4389 
 515      2D775C43 
 516 0f07 D7D695E6 		.ascii	"\327\326\225\346x(?\322\235\343\347\373\350\305\354"
 516      78283FD2 
 516      9DE3E7FB 
 516      E8C5EC
 517 0f16 47835E44 		.ascii	"G\203^DR\204\006T\305R[},\365\2510\317\376`\203\246"
 517      52840654 
 517      C5525B7D 
 517      2CF5A930 
 517      CFFE6083 
 518 0f2b 6E2DCED7 		.ascii	"n-\316\327_\0069${L\355M\255\236*\340\016:s\254)\357"
 518      5F063924 
 518      7B4CED4D 
 518      AD9E2AE0 
 518      0E3A73AC 
 519 0f41 F0004660 		.ascii	"\360\000F`\245\263\240Jk)~\254}\230\223\377!\017c\267"
 519      A5B3A04A 
 519      6B297EAC 
 519      7D9893FF 
 519      210F63B7 
 520 0f55 3D45C111 		.ascii	"=E\301\021\"-\"\322\005\331\200\227\246\211\033Q\245"
 520      222D22D2 
 520      05D98097 
 520      A6891B51 
 520      A5
 521 0f66 ED5ECA5B 		.ascii	"\355^\312[\311\215r\250h'\027\341\335\006\274\313)\356"
 521      C98D72A8 
 521      682717E1 
 521      DD06BCCB 
 521      29EE
 522 0f78 F25D6FE3 		.ascii	"\362]o\343VuIm\304\252\256a:\227\352O\332Zm/*\031X\217"
 522      5675496D 
 522      C4AAAE61 
 522      3A97EA4F 
 522      DA5A6D2F 
 523 0f90 8A7E41D2 		.ascii	"\212~A\322\242\017r\342\360\301\223 \010G>\023"
 523      A20F72E2 
 523      F0C19320 
 523      08473E13 
 524 0fa0 83D4774C 		.ascii	"\203\324wL\305\035\015\242\036H\210!/\034\345\000\025"
 524      C51D0DA2 
 524      1E488821 
 524      2F1CE500 
 524      15
 525 0fb1 A672104C 		.ascii	"\246r\020L\234\000\350+\330\027\323BK_\217\336d\327"
ARM GAS  C:\Users\PUBLIC~1.LAP\AppData\Local\Temp\ccZJHB7U.s 			page 41


 525      9C00E82B 
 525      D817D342 
 525      4B5F8FDE 
 525      64D7
 526 0fc3 628F8FA3 		.ascii	"b\217\217\243\024\250A\344\014\306\320\343uv\010\215"
 526      14A841E4 
 526      0CC6D0E3 
 526      7576088D 
 527 0fd3 46A35805 		.ascii	"F\243X\005\234\275\023\002\352\037\306\312 \376}$\223"
 527      9CBD1302 
 527      EA1FC6CA 
 527      20FE7D24 
 527      93
 528 0fe4 959552FE 		.ascii	"\225\225R\376\303\232\342\006\300W\376\332\341\222\223"
 528      C39AE206 
 528      C057FEDA 
 528      E19293
 529 0ff3 F3B1BC82 		.ascii	"\363\261\274\202\215\025\3109R\023\373\261\330\273#"
 529      8D15C839 
 529      5213FBB1 
 529      D8BB23
 530 1002 ED396B4D 		.ascii	"\3559kM\266e\265\243\247\004\020S]2q#\334'n`\203\022"
 530      B665B5A3 
 530      A7041053 
 530      5D327123 
 530      DC276E60 
 531 1018 E8D73E18 		.ascii	"\350\327>\030\213U\2739\307\244\240tV\200\234w\212\353"
 531      8B55BB39 
 531      C7A4A074 
 531      56809C77 
 531      8AEB
 532 102a C5CAD293 		.ascii	"\305\312\322\223,\211\260-\226\222\370\243i\024sgX'"
 532      2C89B02D 
 532      9692F8A3 
 532      69147367 
 532      5827
 533 103c 17220240 		.ascii	"\027\"\002@\216\344\255\307\214\365k\207\261\307>\324"
 533      8EE4ADC7 
 533      8CF56B87 
 533      B1C73ED4 
 534 104c B6E8219A 		.ascii	"\266\350!\232W\326n\\\0015\250\325\236$\324\372\215"
 534      57D66E5C 
 534      0135A8D5 
 534      9E24D4FA 
 534      8D
 535 105d 0190CA13 		.ascii	"\001\220\312\023iG\0155\361\020\217\251\366D\254\203"
 535      69470D35 
 535      F1108FA9 
 535      F644AC83 
 536 106d 59FFDC1F 		.ascii	"Y\377\334\037\247\247\334\036O\3722\312\2746\214\254"
 536      A7A7DC1E 
 536      4FFA32CA 
 536      BC368CAC 
 537 107d FF840240 		.ascii	"\377\204\002@\\\345\323\355\375\327\344&\347R\235d\325"
 537      5CE5D3ED 
 537      FDD7E426 
 537      E7529D64 
ARM GAS  C:\Users\PUBLIC~1.LAP\AppData\Local\Temp\ccZJHB7U.s 			page 42


 537      D5
 538 108e 7E34B62C 		.ascii	"~4\266,\262\214\"\256\221\252\273\331>\036o\337%EF\033"
 538      B28C22AE 
 538      91AABBD9 
 538      3E1E6FDF 
 538      2545461B 
 539 10a2 D8BD0DB0 		.ascii	"\330\275\015\260s\350~fh\201\351m\024\205\027\371\237"
 539      73E87E66 
 539      6881E96D 
 539      148517F9 
 539      9F
 540 10b3 E637804B 		.ascii	"\3467\200K\177ES\355\015a\220<\016_\236\306sg\247F\306"
 540      7F4553ED 
 540      0D61903C 
 540      0E5F9EC6 
 540      7367A746 
 541 10c8 EEF5988B 		.ascii	"\356\365\230\213\206\225\344y\012G\247\011<D7\342Y\331"
 541      8695E479 
 541      0A47A709 
 541      3C4437E2 
 541      59D9
 542 10da 179340DA 		.ascii	"\027\223@\332c/\365\331\213)\304\344\305\320@ !8\363"
 542      632FF5D9 
 542      8B29C4E4 
 542      C5D04020 
 542      2138F3
 543 10ed B9C7555B 		.ascii	"\271\307U[\241o\260\201S\267\0138\265\244\025\203_A"
 543      A16FB081 
 543      53B70B38 
 543      B5A41583 
 543      5F41
 544 10ff 0F8FDA96 		.ascii	"\017\217\332\226P\321\331[j\306\215\2446P\301i\302#"
 544      50D1D95B 
 544      6AC68DA4 
 544      3650C169 
 544      C223
 545 1111 67E6707B 		.ascii	"g\346p{K\210\202\220:\3171u\253\276\260\316_\372\301"
 545      4B888290 
 545      3ACF3175 
 545      ABBEB0CE 
 545      5FFAC1
 546 1124 6C2B32FF 		.ascii	"l+2\377\254\360$5\270\366j\206\0173$\006:\375\024\210"
 546      ACF02435 
 546      B8F66A86 
 546      0F332406 
 546      3AFD1488 
 547 1138 A553AA98 		.ascii	"\245S\252\230\375\000\247\376g\302`)*/2<-KNA\340\302"
 547      FD00A7FE 
 547      67C26029 
 547      2A2F323C 
 547      2D4B4E41 
 548 114e 9B41015A 		.ascii	"\233A\001Z\007\340\330@\263\036\344\371\303h\330\002"
 548      07E0D840 
 548      B31EE4F9 
 548      C368D802 
 549 115e D16EECA3 		.ascii	"\321n\354\243\270(#`(\323\363I\233\273\226\015\214D"
 549      B8282360 
ARM GAS  C:\Users\PUBLIC~1.LAP\AppData\Local\Temp\ccZJHB7U.s 			page 43


 549      28D3F349 
 549      9BBB960D 
 549      8C44
 550 1170 91C265BC 		.ascii	"\221\302e\274\357\274\330\311\357\317.\331xt\347\267"
 550      EFBCD8C9 
 550      EFCF2ED9 
 550      7874E7B7 
 551 1180 81220CA0 		.ascii	"\201\"\014\240\177\000f\260e\345I\221\341\003\374\313"
 551      7F0066B0 
 551      65E54991 
 551      E103FCCB 
 552 1190 3938E0CE 		.ascii	"98\340\316\320J\372\020\362b'\037\014\347\235\032g("
 552      D04AFA10 
 552      F262271F 
 552      0CE79D1A 
 552      6728
 553 11a2 B53407C2 		.ascii	"\2654\007\302{\210\\A\306\244\357\026u_#\345\315P\012"
 553      7B885C41 
 553      C6A4EF16 
 553      755F23E5 
 553      CD500A
 554 11b5 4515B3CD 		.ascii	"E\025\263\315\360\347\230E(\014\3015\001\303\\\332\350"
 554      F0E79845 
 554      280CC135 
 554      01C35CDA 
 554      E8
 555 11c6 9F4536EF 		.ascii	"\237E6\357`\302\220=R\256\"\220dC\263\322\322\245\367"
 555      60C2903D 
 555      52AE2290 
 555      6443B3D2 
 555      D2A5F7
 556 11d9 2E470383 		.ascii	".G\003\203>\246\255\013\350a6\377\275\036\331\243\304"
 556      3EA6AD0B 
 556      E86136FF 
 556      BD1ED9A3 
 556      C4
 557 11ea B74A6D3D 		.ascii	"\267Jm=\003h\330\261\303\".\366\336\271\006\024\236"
 557      0368D8B1 
 557      C3222EF6 
 557      DEB90614 
 557      9E
 558 11fb CB2A87D3 		.ascii	"\313*\207\323\361\023\304\337\277\335\205 S\373\252"
 558      F113C4DF 
 558      BFDD8520 
 558      53FBAA
 559 120a E30FF9A5 		.ascii	"\343\017\371\245\222-@\024\325\007\310\021\003f\300"
 559      922D4014 
 559      D507C811 
 559      0366C0
 560 1219 12118598 		.ascii	"\022\021\205\230\374\030\003\340s\344G\271T\301R\006"
 560      FC1803E0 
 560      73E447B9 
 560      54C15206 
 561 1229 1279D86A 		.ascii	"\022y\330jD\254\032o\017\2110|iJ\204\023\343\031\001"
 561      44AC1A6F 
 561      0F89307C 
 561      694A8413 
ARM GAS  C:\Users\PUBLIC~1.LAP\AppData\Local\Temp\ccZJHB7U.s 			page 44


 561      E31901
 562 123c 8A990E19 		.ascii	"\212\231\016\031\024\007\364\257\377\375\0241\330\325"
 562      1407F4AF 
 562      FFFD1431 
 562      D8D5
 563 124a 60F6CC2C 		.ascii	"`\366\314,\035\006\360\222\264U\034\350\234HC+\011f"
 563      1D06F092 
 563      B4551CE8 
 563      9C48432B 
 563      0966
 564 125c E561C47C 		.ascii	"\345a\304|\361\206P\202\323\017F\310o\363]\277\020\247"
 564      F1865082 
 564      D30F46C8 
 564      6FF35DBF 
 564      10A7
 565 126e 1BDE450E 		.ascii	"\033\336E\016m\235\273\265S\225;\030k1\015\224\215\321"
 565      6D9DBBB5 
 565      53953B18 
 565      6B310D94 
 565      8DD1
 566 1280 16B26F87 		.ascii	"\026\262o\207\006\330\212\3535TI\345\302?\207\205\324"
 566      06D88AEB 
 566      355449E5 
 566      C23F8785 
 566      D4
 567 1291 08F3819E 		.ascii	"\010\363\201\236\253$m;\240a\2607\370\250\330u\351\206"
 567      AB246D3B 
 567      A061B037 
 567      F8A8D875 
 567      E986
 568 12a3 5EF8D30F 		.ascii	"^\370\323\017\254\023y\305\270\346\031bl\015v\327$\371"
 568      AC1379C5 
 568      B8E61962 
 568      6C0D76D7 
 568      24F9
 569 12b5 CFE17979 		.ascii	"\317\341yy3\233\007\251\375\301\336L\314\274?\251\213"
 569      339B07A9 
 569      FDC1DE4C 
 569      CCBC3FA9 
 569      8B
 570 12c6 3EF892E9 		.ascii	">\370\222\351\204| \273\375x2\374\007+fMDF,\275\231"
 570      847C20BB 
 570      FD7832FC 
 570      072B664D 
 570      44462CBD 
 571 12db 621F5638 		.ascii	"b\037V8\307\263\356\256xr\374\002\267b\325\017M\241"
 571      C7B3EEAE 
 571      7872FC02 
 571      B762D50F 
 571      4DA1
 572 12ed 15       		.ascii	"\025"
 573              		.text
 574              		.section	.gnu.lto_.symtab.83ad09e5,"e",%progbits
 575 0000 63684D73 		.ascii	"chMsgSend\000"
 575      6753656E 
 575      6400
 576 000a 00       		.ascii	"\000"
ARM GAS  C:\Users\PUBLIC~1.LAP\AppData\Local\Temp\ccZJHB7U.s 			page 45


 577 000b 00       		.ascii	"\000"
 578 000c 00       		.ascii	"\000"
 579 000d 00000000 		.ascii	"\000\000\000\000\000\000\000\000"
 579      00000000 
 580 0015 B9010000 		.ascii	"\271\001\000\000"
 581 0019 63684D73 		.ascii	"chMsgWaitS\000"
 581      67576169 
 581      745300
 582 0024 00       		.ascii	"\000"
 583 0025 00       		.ascii	"\000"
 584 0026 00       		.ascii	"\000"
 585 0027 00000000 		.ascii	"\000\000\000\000\000\000\000\000"
 585      00000000 
 586 002f BE010000 		.ascii	"\276\001\000\000"
 587 0033 63684D73 		.ascii	"chMsgWaitTimeoutS\000"
 587      67576169 
 587      7454696D 
 587      656F7574 
 587      5300
 588 0045 00       		.ascii	"\000"
 589 0046 00       		.ascii	"\000"
 590 0047 00       		.ascii	"\000"
 591 0048 00000000 		.ascii	"\000\000\000\000\000\000\000\000"
 591      00000000 
 592 0050 C2010000 		.ascii	"\302\001\000\000"
 593 0054 63684D73 		.ascii	"chMsgPollS\000"
 593      67506F6C 
 593      6C5300
 594 005f 00       		.ascii	"\000"
 595 0060 00       		.ascii	"\000"
 596 0061 00       		.ascii	"\000"
 597 0062 00000000 		.ascii	"\000\000\000\000\000\000\000\000"
 597      00000000 
 598 006a C4010000 		.ascii	"\304\001\000\000"
 599 006e 63684D73 		.ascii	"chMsgRelease\000"
 599      6752656C 
 599      65617365 
 599      00
 600 007b 00       		.ascii	"\000"
 601 007c 00       		.ascii	"\000"
 602 007d 00       		.ascii	"\000"
 603 007e 00000000 		.ascii	"\000\000\000\000\000\000\000\000"
 603      00000000 
 604 0086 C9010000 		.ascii	"\311\001\000\000"
 605 008a 63683000 		.ascii	"ch0\000"
 606 008e 00       		.ascii	"\000"
 607 008f 02       		.ascii	"\002"
 608 0090 00       		.ascii	"\000"
 609 0091 00000000 		.ascii	"\000\000\000\000\000\000\000\000"
 609      00000000 
 610 0099 BB010000 		.ascii	"\273\001\000\000"
 611 009d 63685363 		.ascii	"chSchGoSleepS\000"
 611      68476F53 
 611      6C656570 
 611      5300
 612 00ab 00       		.ascii	"\000"
 613 00ac 02       		.ascii	"\002"
ARM GAS  C:\Users\PUBLIC~1.LAP\AppData\Local\Temp\ccZJHB7U.s 			page 46


 614 00ad 00       		.ascii	"\000"
 615 00ae 00000000 		.ascii	"\000\000\000\000\000\000\000\000"
 615      00000000 
 616 00b6 CD010000 		.ascii	"\315\001\000\000"
 617 00ba 63685363 		.ascii	"chSchReadyI\000"
 617      68526561 
 617      64794900 
 618 00c6 00       		.ascii	"\000"
 619 00c7 02       		.ascii	"\002"
 620 00c8 00       		.ascii	"\000"
 621 00c9 00000000 		.ascii	"\000\000\000\000\000\000\000\000"
 621      00000000 
 622 00d1 D1010000 		.ascii	"\321\001\000\000"
 623 00d5 63685363 		.ascii	"chSchGoSleepTimeoutS\000"
 623      68476F53 
 623      6C656570 
 623      54696D65 
 623      6F757453 
 624 00ea 00       		.ascii	"\000"
 625 00eb 02       		.ascii	"\002"
 626 00ec 00       		.ascii	"\000"
 627 00ed 00000000 		.ascii	"\000\000\000\000\000\000\000\000"
 627      00000000 
 628 00f5 D6010000 		.ascii	"\326\001\000\000"
 629 00f9 63685363 		.ascii	"chSchWakeupS\000"
 629      6857616B 
 629      65757053 
 629      00
 630 0106 00       		.ascii	"\000"
 631 0107 02       		.ascii	"\002"
 632 0108 00       		.ascii	"\000"
 633 0109 00000000 		.ascii	"\000\000\000\000\000\000\000\000"
 633      00000000 
 634 0111 D8010000 		.ascii	"\330\001\000\000"
 635              		.text
 636              		.section	.gnu.lto_.ext_symtab.83ad09e5,"e",%progbits
 637 0000 01       		.ascii	"\001"
 638 0001 01       		.ascii	"\001"
 639 0002 00       		.ascii	"\000"
 640 0003 01       		.ascii	"\001"
 641 0004 00       		.ascii	"\000"
 642 0005 01       		.ascii	"\001"
 643 0006 00       		.ascii	"\000"
 644 0007 01       		.ascii	"\001"
 645 0008 00       		.ascii	"\000"
 646 0009 01       		.ascii	"\001"
 647 000a 00       		.ascii	"\000"
 648 000b 02       		.ascii	"\002"
 649 000c 01       		.ascii	"\001"
 650 000d 01       		.ascii	"\001"
 651 000e 00       		.ascii	"\000"
 652 000f 01       		.ascii	"\001"
 653 0010 00       		.ascii	"\000"
 654 0011 01       		.ascii	"\001"
 655 0012 00       		.ascii	"\000"
 656 0013 01       		.ascii	"\001"
 657 0014 00       		.ascii	"\000"
ARM GAS  C:\Users\PUBLIC~1.LAP\AppData\Local\Temp\ccZJHB7U.s 			page 47


 658              		.text
 659              		.section	.gnu.lto_.opts,"e",%progbits
 660 0000 272D666E 		.ascii	"'-fno-openmp' '-fno-openacc' '-fno-pie' '-fcf-prote"
 660      6F2D6F70 
 660      656E6D70 
 660      2720272D 
 660      666E6F2D 
 661 0033 6374696F 		.ascii	"ction=none' '-mcpu=cortex-m3' '-mthumb' '-mfloat-ab"
 661      6E3D6E6F 
 661      6E652720 
 661      272D6D63 
 661      70753D63 
 662 0066 693D736F 		.ascii	"i=soft' '-mlibarch=armv7-m' '-march=armv7-m' '-Os' "
 662      66742720 
 662      272D6D6C 
 662      69626172 
 662      63683D61 
 663 0099 272D666F 		.ascii	"'-fomit-frame-pointer' '-falign-functions=16' '-ffu"
 663      6D69742D 
 663      6672616D 
 663      652D706F 
 663      696E7465 
 664 00cc 6E637469 		.ascii	"nction-sections' '-fdata-sections' '-fno-common' '-"
 664      6F6E2D73 
 664      65637469 
 664      6F6E7327 
 664      20272D66 
 665 00ff 666C746F 		.ascii	"flto' '-Xassembler' '-alms=./build/lst/chmsg.lst'\000"
 665      2720272D 
 665      58617373 
 665      656D626C 
 665      65722720 
 666              		.text
 667              		.comm	__gnu_lto_slim,1,1
 668              		.ident	"GCC: (GNU) 12.2.0"
ARM GAS  C:\Users\PUBLIC~1.LAP\AppData\Local\Temp\ccZJHB7U.s 			page 48


DEFINED SYMBOLS
                            *ABS*:00000000 chmsg.c
                            *COM*:00000001 __gnu_lto_slim

NO UNDEFINED SYMBOLS
