ARM GAS  C:\Users\PUBLIC~1.LAP\AppData\Local\Temp\cces1TLh.s 			page 1


   1              		.cpu cortex-m3
   2              		.arch armv7-m
   3              		.fpu softvfp
   4              		.eabi_attribute 20, 1
   5              		.eabi_attribute 21, 1
   6              		.eabi_attribute 23, 3
   7              		.eabi_attribute 24, 1
   8              		.eabi_attribute 25, 1
   9              		.eabi_attribute 26, 1
  10              		.eabi_attribute 30, 4
  11              		.eabi_attribute 34, 1
  12              		.eabi_attribute 18, 4
  13              		.file	"chregistry.c"
  14              		.section	.gnu.lto_.profile.83ad45f6,"e",%progbits
  15 0000 28B52FFD 		.ascii	"(\265/\375 \0061\000\000\002\000\000\000\000\000"
  15      20063100 
  15      00020000 
  15      000000
  16              		.text
  17              		.section	.gnu.lto_.icf.83ad45f6,"e",%progbits
  18 0000 28B52FFD 		.ascii	"(\265/\375 VE\002\000\264\003J\000\006\000\325\232\270"
  18      20564502 
  18      00B4034A 
  18      000600D5 
  18      9AB8
  19 0012 AA040602 		.ascii	"\252\004\006\002\000\002\001\002\002\002\003\246\332"
  19      00020102 
  19      020203A6 
  19      DA
  20 001f E2F80203 		.ascii	"\342\370\002\003\003\371\205\217\344\005\002\002\004"
  20      03F9858F 
  20      E4050202 
  20      04
  21 002c 02030499 		.ascii	"\002\003\004\231\220\223\212\012\000\005\324\311\211"
  21      90938A0A 
  21      0005D4C9 
  21      89
  22 0039 45020205 		.ascii	"E\002\002\005\002\003\006\324\251\262\226\016\000\004"
  22      020306D4 
  22      A9B2960E 
  22      0004
  23 0047 008084CD 		.ascii	"\000\200\204\315\320vwm\000\013"
  23      D076776D 
  23      000B
  24              		.text
  25              		.section	.gnu.lto_.ipa_sra.83ad45f6,"e",%progbits
  26 0000 28B52FFD 		.ascii	"(\265/\375 O\315\001\000T\002C\000\005\000\000\003\002"
  26      204FCD01 
  26      00540243 
  26      00050000 
  26      0302
  27 0012 01000000 		.ascii	"\001\000\000\000\004\003\001\001\200\004\000\000\001"
  27      04030101 
  27      80040000 
  27      01
  28 001f 03010004 		.ascii	"\003\001\000\004\000\007\003\000\000\002\000\000\010"
  28      00070300 
ARM GAS  C:\Users\PUBLIC~1.LAP\AppData\Local\Temp\cces1TLh.s 			page 2


  28      00020000 
  28      08
  29 002c 04030500 		.ascii	"\004\003\005\000\007\000.+6\355\336l\264S\000J\214n"
  29      07002E2B 
  29      36EDDE6C 
  29      B453004A 
  29      8C6E
  30 003e 86B18136 		.ascii	"\206\261\2016"
  31              		.text
  32              		.section	.gnu.lto_.inline.83ad45f6,"e",%progbits
  33 0000 28B52FFD 		.ascii	"(\265/\375`\004\000\355\004\000\322\207\035*pk\322\001"
  33      600400ED 
  33      0400D287 
  33      1D2A706B 
  33      D201
  34 0012 F1207503 		.ascii	"\361 u\003L\252b\327 \240L\014Y 8\037\372M\001\037$"
  34      4CAA62D7 
  34      20A04C0C 
  34      5920381F 
  34      FA4D011F 
  35 0027 D7F0C7FD 		.ascii	"\327\360\307\375\377\377\377\007t\367Fc\267F$I\001\377"
  35      FFFFFF07 
  35      74F74663 
  35      B7462449 
  35      01FF
  36 0039 5795382E 		.ascii	"W\2258.\336u\264\350t\223\311\320\006\206\222\261\206"
  36      DE75B4E8 
  36      7493C9D0 
  36      068692B1 
  36      86
  37 004a 9E186BDB 		.ascii	"\236\030k\333\005A+\"\244/T\363}\033\352P\216\343t\331"
  37      05412B22 
  37      A42F54F3 
  37      7D1BEA50 
  37      8EE374D9 
  38 005e 716D837F 		.ascii	"qm\203\177\005\370h\"\226\254\017\011\255<\274\004v"
  38      05F86822 
  38      96AC0F09 
  38      AD3CBC04 
  38      76
  39 006f FF7B03CD 		.ascii	"\377{\003\315\314\224^\020!\231\211\365\341\240\212"
  39      CC945E10 
  39      219989F5 
  39      E1A08A
  40 007e CCA43EDA 		.ascii	"\314\244>\332\023\016\000u\300\000`\263:\000!\204\346"
  40      130E0075 
  40      C00060B3 
  40      3A002184 
  40      E6
  41 008f 59A8C0A8 		.ascii	"Y\250\300\250\223\262\030\3520\250\300>Tv\301\002Tv"
  41      93B218EA 
  41      30A8C03E 
  41      5476C102 
  41      5476
  42 00a1 EF280B37 		.ascii	"\357(\0137\200\005"
  42      8005
  43              		.text
ARM GAS  C:\Users\PUBLIC~1.LAP\AppData\Local\Temp\cces1TLh.s 			page 3


  44              		.section	.gnu.lto_.jmpfuncs.83ad45f6,"e",%progbits
  45 0000 28B52FFD 		.ascii	"(\265/\375 \233]\002\000d\003\217\000\005\000\000\000"
  45      209B5D02 
  45      0064038F 
  45      00050000 
  45      00
  46 0011 02010103 		.ascii	"\002\001\001\003\001\002\003\002\004\177\000\000\000"
  46      01020302 
  46      047F0000 
  46      00
  47 001e 01C00401 		.ascii	"\001\300\004\001\000\300\004\001\377\377\377\377\017"
  47      00C00401 
  47      FFFFFFFF 
  47      0F
  48 002b 00030101 		.ascii	"\000\003\001\001\002\001\002\006\002\004\000\004\001"
  48      02010206 
  48      02040004 
  48      01
  49 0038 01037F02 		.ascii	"\001\003\177\002\003\000\005\007\000\007\000\300\005"
  49      03000507 
  49      000700C0 
  49      05
  50 0045 4F8B013C 		.ascii	"O\213\001<\363W^\320\234\357w\242\267\001,"
  50      F3575ED0 
  50      9CEF77A2 
  50      B7012C
  51              		.text
  52              		.section	.gnu.lto_.pureconst.83ad45f6,"e",%progbits
  53 0000 28B52FFD 		.ascii	"(\265/\375 \024\241\000\000\020\000\000\000\005\000"
  53      2014A100 
  53      00100000 
  53      000500
  54 000f BA0502BA 		.ascii	"\272\005\002\272\005\003\271\004\004\270\004\005\271"
  54      0503B904 
  54      04B80405 
  54      B9
  55 001c 04       		.ascii	"\004"
  56              		.text
  57              		.section	.gnu.lto_.ipa_modref.83ad45f6,"e",%progbits
  58 0000 28B52FFD 		.ascii	"(\265/\375 P\355\001\000\264\002<\000\000\000\010\000"
  58      2050ED01 
  58      00B4023C 
  58      00000008 
  58      00
  59 0011 030301FC 		.ascii	"\003\003\001\374\007\000\000\000\001\002\010\000\001"
  59      07000000 
  59      01020800 
  59      01
  60 001e 02060182 		.ascii	"\002\006\001\202\214\201\202\377\215\001\004\002\005"
  60      8C8182FF 
  60      8D010402 
  60      05
  61 002b 07020007 		.ascii	"\007\002\000\007.cR R \000\006\000@\020I1\342l\3509"
  61      2E635220 
  61      52200006 
  61      00401049 
  61      31E26CE8 
ARM GAS  C:\Users\PUBLIC~1.LAP\AppData\Local\Temp\cces1TLh.s 			page 4


  62 0040 1CCEB006 		.ascii	"\034\316\260\006P\004"
  62      5004
  63              		.text
  64              		.section	.gnu.lto_.lto.83ad45f6,"e",%progbits
  65 0000 0C000000 		.ascii	"\014\000\000\000\001\000\001\000"
  65      01000100 
  66              		.text
  67              		.section	.gnu.lto_ch_debug.263.83ad45f6,"e",%progbits
  68 0000 28B52FFD 		.ascii	"(\265/\375 \372=\006\000\004\012\343\000\000\000\013"
  68      20FA3D06 
  68      00040AE3 
  68      0000000B 
  69 0010 00050106 		.ascii	"\000\005\001\006\035\001,( \020\000\014\005\001'\002"
  69      1D012C28 
  69      2010000C 
  69      05012702 
  70 0020 027F0401 		.ascii	"\002\177\004\001$*)\034\024\010\314'\001\300\360\000"
  70      242A291C 
  70      1408CC27 
  70      01C0F000 
  71 0030 05012707 		.ascii	"\005\001'\007\002}?\202\210\200\310\004{y\311\001w\273"
  71      027D3F82 
  71      8880C804 
  71      7B79C901 
  71      77BB
  72 0042 0175B701 		.ascii	"\001u\267\001s\310\001q\276\001o\276\001m\307\001k\306"
  72      73C80171 
  72      BE016FBE 
  72      016DC701 
  72      6BC6
  73 0054 0169BC01 		.ascii	"\001i\274\001g\272\001e\305\001c\304\001a\271\001_\270"
  73      67BA0165 
  73      C50163C4 
  73      0161B901 
  73      5FB8
  74 0066 015DC301 		.ascii	"\001]\303\001[\302\001Y\273\001W\273\001U\301\001S\300"
  74      5BC20159 
  74      BB0157BB 
  74      0155C101 
  74      53C0
  75 0078 0151BE01 		.ascii	"\001Q\276\001O\277\001M\273\001K\276\001I\273\001G\273"
  75      4FBF014D 
  75      BB014BBE 
  75      0149BB01 
  75      47BB
  76 008a 0145BD01 		.ascii	"\001E\275\001C\274\001A\273\001\277\177\272\001\275"
  76      43BC0141 
  76      BB01BF7F 
  76      BA01BD
  77 0099 7FB901BB 		.ascii	"\177\271\001\273\177\270\001\271\177\267\001\000\004"
  77      7FB801B9 
  77      7FB70100 
  77      04
  78 00a6 046D6169 		.ascii	"\004main\021\000{\333\"\230\020\014\234\200vM\011\003"
  78      6E11007B 
  78      DB229810 
  78      0C9C8076 
ARM GAS  C:\Users\PUBLIC~1.LAP\AppData\Local\Temp\cces1TLh.s 			page 5


  78      4D0903
  79 00b9 27A0DDCE 		.ascii	"'\240\335\316\310\200\010\270{T3 \007\216\201&@n\312"
  79      C88008B8 
  79      7B543320 
  79      078E8126 
  79      406ECA
  80 00cc 2D032802 		.ascii	"-\003(\002"
  81              		.text
  82              		.section	.gnu.lto_chRegFirstThread.264.83ad45f6,"e",%progbits
  83 0000 28B52FFD 		.ascii	"(\265/\375`\302\002\215\024\000\026\345\207J\260\326"
  83      60C2028D 
  83      140016E5 
  83      874AB0D6 
  84 0010 5163E2C6 		.ascii	"Qc\342\306\347\300m\021\005(\236\330\321*\240B\015\210"
  84      E7C06D11 
  84      05289ED8 
  84      D12AA042 
  84      0D88
  85 0022 1536E24C 		.ascii	"\0256\342L\274\360\374\262\367\031\036\005\003\024\201"
  85      BCF0FCB2 
  85      F7191E05 
  85      031481
  86 0031 9E141383 		.ascii	"\236\024\023\203\274\000S\337n\335.\012\3109\310T\206"
  86      BC0053DF 
  86      6EDD2E0A 
  86      C839C854 
  86      86
  87 0042 3E6F6DAE 		.ascii	">om\256nP\036\302\201w\357+\027\310Q\356\035\224m\313"
  87      6E501EC2 
  87      8177EF2B 
  87      17C851EE 
  87      1D946DCB 
  88 0056 94026E00 		.ascii	"\224\002n\000l\000y\000;\027\232A\222,\024=O\362\213"
  88      6C007900 
  88      3B179A41 
  88      922C143D 
  88      4FF28B
  89 0069 12AC7B2F 		.ascii	"\022\254{/\354\326\336\331\260\333j\373\3709\0364\014"
  89      ECD6DED9 
  89      B0DB6AFB 
  89      F8391E34 
  89      0C
  90 007a 89C7E2A9 		.ascii	"\211\307\342\251\301x{\240\210\361\247D\312\210 (\253"
  90      C1787BA0 
  90      88F1A744 
  90      CA882028 
  90      AB
  91 008b 7B85066E 		.ascii	"{\205\006n\0353\336\3726~\303\307\274\012A(K3\246\230"
  91      1D33DEFA 
  91      367EC3C7 
  91      BC0A4128 
  91      4B33A698 
  92 009f B0EE1592 		.ascii	"\260\356\025\222-_q\335\266\256\342\272\025[\234\367"
  92      2D5F71DD 
  92      B6AEE2BA 
  92      155B9CF7 
  93 00af CAF31F7C 		.ascii	"\312\363\037|\353(F\325o\350\347\025%\302\275\327\365"
ARM GAS  C:\Users\PUBLIC~1.LAP\AppData\Local\Temp\cces1TLh.s 			page 6


  93      EB2846D5 
  93      6FE8E715 
  93      25C2BDD7 
  93      F5
  94 00c0 3744748B 		.ascii	"7Dt\213\267]\300\376\000\273\366\004\225\310\345\351"
  94      B75DC0FE 
  94      00BBF604 
  94      95C8E5E9 
  95 00d0 3DEC970F 		.ascii	"=\354\227\017e\373u\373a\364U!\227[\331o\256\333?\361"
  95      65FB75FB 
  95      61F45521 
  95      975BD96F 
  95      AEDB3FF1 
  96 00e4 FD2BFD35 		.ascii	"\375+\3755\005<\341\344\252W\207\266\020\250\212+\354"
  96      053CE1E4 
  96      AA5787B6 
  96      10A88A2B 
  96      EC
  97 00f5 B7AEA8C2 		.ascii	"\267\256\250\302>\322m\017\274[cu\035\253\377\022P\205"
  97      3ED26D0F 
  97      BC5B6375 
  97      1DABFF12 
  97      5085
  98 0107 C3048C07 		.ascii	"\303\004\214\007.\204Wh\230u\217\330(\031\007\376H\257"
  98      2E845768 
  98      98758FD8 
  98      281907FE 
  98      48AF
  99 0119 F69D9ACC 		.ascii	"\366\235\232\314\"\005D\005\342L\216)\312J\237\344\327"
  99      22054405 
  99      E24C8E29 
  99      CA4A9FE4 
  99      D7
 100 012a 40721D57 		.ascii	"@r\035W\262a\336}\207Yx,Q\005\246\256fw\356\330rlnd"
 100      B261DE7D 
 100      8759782C 
 100      5105A6AE 
 100      6677EED8 
 101 0142 B21A0713 		.ascii	"\262\032\007\023\026\010{\267-\205&)\022V=\261g\304"
 101      16087BB7 
 101      2D852629 
 101      12563DB1 
 101      67C4
 102 0154 A98A452A 		.ascii	"\251\212E*\325\177W?\315u\261\212\227\362\245\300p\""
 102      D57F573F 
 102      CD75B18A 
 102      97F2A5C0 
 102      7022
 103 0166 B4D11FC2 		.ascii	"\264\321\037\302\223a\274\367\362D\232%MR\206\303\241"
 103      9361BCF7 
 103      F2449A25 
 103      4D5286C3 
 103      A1
 104 0177 D5555C2D 		.ascii	"\325U\\-\321\212\000\214\230\370\216\200\254\341Q\033"
 104      D18A008C 
 104      98F88E80 
 104      ACE1511B 
ARM GAS  C:\Users\PUBLIC~1.LAP\AppData\Local\Temp\cces1TLh.s 			page 7


 105 0187 469BC385 		.ascii	"F\233\303\205tp\261\315\203\334\254\024\335{a~\034H"
 105      7470B1CD 
 105      83DCAC14 
 105      DD7B617E 
 105      1C48
 106 0199 E91BDDDA 		.ascii	"\351\033\335\332\254\325\377j\342\203\377\013\032\275"
 106      ACD5FF6A 
 106      E283FF0B 
 106      1ABD
 107 01a7 6052AF3E 		.ascii	"`R\257>\261\357\3036\372\002\336\241\270\233yC1Z-#\320"
 107      B1EFC336 
 107      FA02DEA1 
 107      B89B7943 
 107      315A2D23 
 108 01bc 72C086E6 		.ascii	"r\300\206\346\314\364\006\247\205\2066\013\3403V\226"
 108      CCF406A7 
 108      8586360B 
 108      E0335696 
 109 01cc 359BD496 		.ascii	"5\233\324\226\336fH\023\305\311\220\264\031\332L\206"
 109      DE664813 
 109      C5C990B4 
 109      19DA4C86 
 110 01dc D485302D 		.ascii	"\324\2050-\370\214\231(\256<Kr\206 \206gF#\201Lu(.G"
 110      F88C9928 
 110      AE3C4B72 
 110      86208667 
 110      4623814C 
 111 01f4 EAE06E37 		.ascii	"\352\340n7\\\011\301g,\335\245gI\232\036vrJ\035\233"
 111      5C09C167 
 111      2CDDA567 
 111      499A1E76 
 111      724A1D9B 
 112 0208 829CAEE6 		.ascii	"\202\234\256\346\3562\266Cu\251\255f\242gI\226hJ\352"
 112      EE32B643 
 112      75A9AD66 
 112      A2674996 
 112      684AEA
 113 021b 5032C591 		.ascii	"P2\305\221\264\0136\034\333)S\003\363\222 w\013/ `\002"
 113      B40B361C 
 113      DB295303 
 113      F3922077 
 113      0B2F2060 
 114 0230 1175C503 		.ascii	"\021u\305\003\015\322\007\020\214\011)\335;\276V\207"
 114      0DD20710 
 114      8C0929DD 
 114      3BBE5687 
 115 0240 A0B89091 		.ascii	"\240\270\220\221]\305\034\333,\332\244\255IH\335\003"
 115      5DC51CDB 
 115      2CDAA4AD 
 115      4948DD03 
 116 0250 945F0319 		.ascii	"\224_\003\031\026\330\204i\362t\237\226\022\231\327"
 116      16D88469 
 116      F2749F96 
 116      1299D7
 117 025f 108FB04E 		.ascii	"\020\217\260N#>\015\342\314\005I\203\215\3351yf\324"
 117      233E0DE2 
 117      CC054983 
ARM GAS  C:\Users\PUBLIC~1.LAP\AppData\Local\Temp\cces1TLh.s 			page 8


 117      8DDD3179 
 117      66D4
 118 0271 0321DE15 		.ascii	"\003!\336\025K\025ed-@k\270\340,\300\300\262\007\224"
 118      4B156564 
 118      2D406BB8 
 118      E02CC0C0 
 118      B20794
 119 0284 6C91189B 		.ascii	"l\221\030\233,\211p\004\363\3130/\036\023\202\300m\341"
 119      2C897004 
 119      F3CB302F 
 119      1E1382C0 
 119      6DE1
 120 0296 564CC222 		.ascii	"VL\302\"\003"
 120      03
 121              		.text
 122              		.section	.gnu.lto_chRegNextThread.265.83ad45f6,"e",%progbits
 123 0000 28B52FFD 		.ascii	"(\265/\375`\235\003-\031\000\346\355\244I\260\330\324"
 123      609D032D 
 123      1900E6ED 
 123      A449B0D8 
 123      D4
 124 0011 74B03201 		.ascii	"t\2602\001:\017\360\347.+\000\217\0214\272\314\204B"
 124      3A0FF0E7 
 124      2E2B008F 
 124      1134BACC 
 124      8442
 125 0023 8B78302F 		.ascii	"\213x0/@\351,\220|\031\300b\233\355\3137\035\375\252"
 125      40E92C90 
 125      7C19C062 
 125      9BEDCB37 
 125      1DFDAA
 126 0036 C01A334C 		.ascii	"\300\0323L\220\341\313\304'H\023\001\006aF\341\031J"
 126      90E1CBC4 
 126      27481301 
 126      066146E1 
 126      194A
 127 0048 18BFBA81 		.ascii	"\030\277\272\201\237\272\275\271\340!\243F\366N2\216"
 127      9FBABDB9 
 127      E021A346 
 127      F64E328E 
 128 0058 00870093 		.ascii	"\000\207\000\223\000dj,\216\023o\273A\225\"9g\223\254"
 128      00646A2C 
 128      8E136FBB 
 128      41952239 
 128      6793AC
 129 006b DB741177 		.ascii	"\333t\021w\247\350\037\271\257M\275\031\2173\021x@\244"
 129      A7E81FB9 
 129      AF4DBD19 
 129      8F331178 
 129      40A4
 130 007d 8A18362C 		.ascii	"\212\0306,\272\2409\312\271Ep\261!\334\357f]\312\231"
 130      BAA039CA 
 130      B94570B1 
 130      21DCEF66 
 130      5DCA99
 131 0090 271425E7 		.ascii	"'\024%\347VA? /vw\237\310\213\244\350Y\205\025\244_"
 131      56413F20 
ARM GAS  C:\Users\PUBLIC~1.LAP\AppData\Local\Temp\cces1TLh.s 			page 9


 131      2F76779F 
 131      C88BA4E8 
 131      598515A4 
 132 00a5 0E0DB04C 		.ascii	"\016\015\260L\316m\231s\234\361b\370\233\361\"\356\361"
 132      CE6D9973 
 132      9CF162F8 
 132      9BF122EE 
 132      F1
 133 00b6 D9437C67 		.ascii	"\331C|g\375\373\036\012\331\005Y\234\212\2073\216\303"
 133      FDFB1E0A 
 133      D905599C 
 133      8A87338E 
 133      C3
 134 00c7 1D23391B 		.ascii	"\035#9\033\001p\265\260\004\024\372r\337\257\013\234"
 134      0170B5B0 
 134      0414FA72 
 134      DFAF0B9C 
 135 00d7 ED5E9284 		.ascii	"\355^\222\204\234s_\026'\343-\276\273/t\277@7>\020\327"
 135      9C735F16 
 135      27E32DBE 
 135      BB2F74BF 
 135      40373E10 
 136 00ec 192539D2 		.ascii	"\031%9\322\243\3354\335\037J\311\333\275\241\343\344"
 136      A3DD34DD 
 136      1F4AC9DB 
 136      BDA1E3E4 
 137 00fc 42DDA5FE 		.ascii	"B\335\245\376\223\356.]\034A\336.\015\235\213\250\267"
 137      93EE2E5D 
 137      1C41DE2E 
 137      0D9D8BA8 
 137      B7
 138 010d C68BD7D6 		.ascii	"\306\213\327\326\357\237\311K\\v6\206\210\241\335`w"
 138      EF9FC94B 
 138      5C763686 
 138      88A1DD60 
 138      77
 139 011e 5BBB7847 		.ascii	"[\273xG\367\303\214ut\223\347\275I\337\375#y[$o\207"
 139      F7C38C75 
 139      7493E7BD 
 139      49DFFD23 
 139      795B246F 
 140 0133 EFBD5F73 		.ascii	"\357\275_sC\244\313\005%\360\321f\030\3013\271H\234"
 140      43A4CB05 
 140      25F0D166 
 140      18C133B9 
 140      489C
 141 0145 1274DEDF 		.ascii	"\022t\336\337\373\355~\367\333n\023\223%M`\311\017L"
 141      FBED7EF7 
 141      DB6E1393 
 141      254D60C9 
 141      0F4C
 142 0157 892BE991 		.ascii	"\211+\351\221\350\307\256o\373>\243#9\260\333\324\262"
 142      E8C7AE6F 
 142      FB3EA323 
 142      39B0DBD4 
 142      B2
 143 0168 FF9AC096 		.ascii	"\377\232\300\226\032\230\237'\3511a\240\334G\3711\213"
ARM GAS  C:\Users\PUBLIC~1.LAP\AppData\Local\Temp\cces1TLh.s 			page 10


 143      1A989F27 
 143      E93161A0 
 143      DC47F931 
 143      8B
 144 0179 6B5E7029 		.ascii	"k^p)\242aZ\017\270#\356Ne\270g\373\276\353\000iqd\303"
 144      A2615A0F 
 144      B823EE4E 
 144      65B867FB 
 144      BEEB0069 
 145 0190 D908188A 		.ascii	"\331\010\030\212\270\010\300\217\263b~\325\030b\021"
 145      B808C08F 
 145      B3627ED5 
 145      186211
 146 019f 9FCC2D47 		.ascii	"\237\314-G\2555|\213\212<\021\214\025b\\\0332c\023\014"
 146      AD357C8B 
 146      8A3C118C 
 146      15625C1B 
 146      3263130C 
 147 01b3 068F7E33 		.ascii	"\006\217~3\2220\211\337\344aN7t\023R\273ip\020-8\035"
 147      923089DF 
 147      E4614E37 
 147      741352BB 
 147      6970102D 
 148 01c9 CE0244E6 		.ascii	"\316\002D\346L;\333\315\341X\272\303\257x\260\371Q\345"
 148      4C3BDBCD 
 148      E158BAC3 
 148      AF78B0F9 
 148      51E5
 149 01db 563E3488 		.ascii	"V>4\210\325=\273\032q\004\375\276\330\256\231\356\366"
 149      D53DBB1A 
 149      7104FDBE 
 149      D8AE99EE 
 149      F6
 150 01ec 3915201C 		.ascii	"9\025 \034/\335\346\247\234d\316yG\212\312\252\361\002"
 150      2FDDE6A7 
 150      9C64CE79 
 150      478ACAAA 
 150      F102
 151 01fe 64365E24 		.ascii	"d6^$\341\373\036-S_\255\263Ej\3656\312@N\202T\205\235"
 151      E1FB1E2D 
 151      535FADB3 
 151      456AF536 
 151      CA404E82 
 152 0215 AB4F889C 		.ascii	"\253O\210\234\015\252\224\200FO\246\311Z\255\351\332"
 152      0DAA9480 
 152      464FA6C9 
 152      5AADE9DA 
 153 0225 B2509EEA 		.ascii	"\262P\236\352\213\247TYP\245x\312\030\212\023C\243\247"
 153      8BA75459 
 153      50A578CA 
 153      188A1343 
 153      A3A7
 154 0237 537D99A8 		.ascii	"S}\231\250Y\246\024<0\221\3320\241\\c\352\013V\272^"
 154      59A6143C 
 154      3091DA30 
 154      A15C63EA 
 154      0B56BA5E 
ARM GAS  C:\Users\PUBLIC~1.LAP\AppData\Local\Temp\cces1TLh.s 			page 11


 155 024b ADD6CB8C 		.ascii	"\255\326\313\214\320\350i\225\255\250Y\236\"~H\230\256"
 155      D0E86995 
 155      ADA8599E 
 155      227E4898 
 155      AE
 156 025c B4012CE6 		.ascii	"\264\001,\346\302\260\022.\014\213\3356O25\266\246\254"
 156      C2B0122E 
 156      0C8BDD36 
 156      4F3235B6 
 156      A6AC
 157 026e 5345CDD2 		.ascii	"SE\315\322T\3272\246\226\353\253TeHC\244(O\317\016\203"
 157      54D732A6 
 157      96EBAB54 
 157      654843A4 
 157      284FCF0E 
 158 0283 05B0D619 		.ascii	"\005\260\326\031\353\221\241?)\211\225\017\012\325\003"
 158      EB91A13F 
 158      2989950F 
 158      0AD503
 159 0292 81828396 		.ascii	"\201\202\203\226\3660c\035=\246\006&\261\210< P\242"
 159      F630631D 
 159      3DA60626 
 159      B1883C20 
 159      50A2
 160 02a4 61CECE03 		.ascii	"a\316\316\003\015\320\007\016\306\204\226\356\025\337"
 160      0DD0070E 
 160      C68496EE 
 160      15DF
 161 02b2 C050640C 		.ascii	"\300Pd\014\330\267\363\272\\\266^\326\225H$ks\005\212"
 161      D8B7F3BA 
 161      5CB65ED6 
 161      9548246B 
 161      73058A
 162 02c5 0380BB30 		.ascii	"\003\200\2730Q\246\200\264\202\2304X\232\003P\373_\254"
 162      51A680B4 
 162      82983458 
 162      9A0350FB 
 162      5FAC
 163 02d7 90D454EA 		.ascii	"\220\324T\352\202\374\002\\\200\353W\220\265\215\004"
 163      82FC025C 
 163      80EB5790 
 163      B58D04
 164 02e6 B436D601 		.ascii	"\2646\326\001\271\337\271\030\240\244\207\237b\354\206"
 164      B9DFB918 
 164      A0A4879F 
 164      62EC86
 165 02f5 06E6CED0 		.ascii	"\006\346\316\320\276\343\255p\266M\3332\304X\320\214"
 165      BEE3AD70 
 165      B64DDB32 
 165      C458D08C 
 166 0305 9C1123AB 		.ascii	"\234\021#\2530\270e\332\001\347$Jd\333\2235\221\023"
 166      30B865DA 
 166      01E7244A 
 166      64DB9335 
 166      9113
 167 0317 4FDF9A5D 		.ascii	"O\337\232]0\314\305\001\302\302\303*$A\230%\370\323"
 167      30CCC501 
ARM GAS  C:\Users\PUBLIC~1.LAP\AppData\Local\Temp\cces1TLh.s 			page 12


 167      C2C2C32A 
 167      24419825 
 167      F8D3
 168 0329 D8363A45 		.ascii	"\3306:E[{"
 168      5B7B
 169              		.text
 170              		.section	.gnu.lto_chRegFindThreadByName.266.83ad45f6,"e",%progbits
 171 0000 28B52FFD 		.ascii	"(\265/\375`\366\001\035\022\000\026\343{I\320\322(\035"
 171      60F6011D 
 171      120016E3 
 171      7B49D0D2 
 171      281D
 172 0012 6B520288 		.ascii	"kR\002\210\320\244z\240\370\330\226\235!\322\206P\275"
 172      D0A47AA0 
 172      F8D8969D 
 172      21D28650 
 172      BD
 173 0023 B4C4D4EE 		.ascii	"\264\304\324\356|\265H4\026\212\266\200\216oi\370\371"
 173      7CB54834 
 173      168AB680 
 173      8E6F69F8 
 173      F9
 174 0034 AD1CBF9C 		.ascii	"\255\034\277\234\231\316\305\362A\001>\200\026\027\311"
 174      99CEC5F2 
 174      41013E80 
 174      1617C9
 175 0043 CAA370F3 		.ascii	"\312\243p\363\003\332<h\302\260C\200?k$\226\020)S\012"
 175      03DA3C68 
 175      C2B04380 
 175      3F6B2496 
 175      1029530A 
 176 0057 67006100 		.ascii	"g\000a\000f\0003\227\243\306\234\345\0013\010\377\331"
 176      66003397 
 176      A3C69CE5 
 176      013308FF 
 176      D9
 177 0068 F65F1C87 		.ascii	"\366_\034\207\343\231\204\035p\327\202G\355h\3162E\340"
 177      E399841D 
 177      70D78247 
 177      ED68CE32 
 177      45E0
 178 007a 024AFFBC 		.ascii	"\002J\377\274\007(\375[\023^\235\275\004~\336\352\314"
 178      0728FD5B 
 178      135E9DBD 
 178      047EDEEA 
 178      CC
 179 008b CF790900 		.ascii	"\317y\011\000\213\236\203&c\206\323\310\243\237\212"
 179      8B9E8326 
 179      6386D3C8 
 179      A39F8A
 180 009a 0C228E22 		.ascii	"\014\"\216\"\356y*\022w\302d\334\361V'c\350\344\225"
 180      EE792A12 
 180      77C264DC 
 180      F1562763 
 180      E8E495
 181 00ad C358D325 		.ascii	"\303X\323%\031{\256\340\312\234\323*\216 \356\360\266"
 181      197BAEE0 
ARM GAS  C:\Users\PUBLIC~1.LAP\AppData\Local\Temp\cces1TLh.s 			page 13


 181      CA9CD32A 
 181      8E20EEF0 
 181      B6
 182 00be 6D6C63B0 		.ascii	"mlc\260\177\024\357 \344\202Hg\247]\352\350\336\354"
 182      7F14EF20 
 182      E4824867 
 182      A75DEAE8 
 182      DEEC
 183 00d0 ABE8B881 		.ascii	"\253\350\270\201\302k\263KP\007\372ITm\012\255\336\347"
 183      C26BB34B 
 183      5007FA49 
 183      546D0AAD 
 183      DEE7
 184 00e2 6EF5D437 		.ascii	"n\365\32471\021)R\244\0222\247\207#E&\321gc\305s\277"
 184      31112952 
 184      A41232A7 
 184      87234526 
 184      D16763C5 
 185 00f8 7D1FC64B 		.ascii	"}\037\306K\373d\331\203\274=@ps\316\223\314>\375\273"
 185      FB64D983 
 185      BC3D4070 
 185      73CE93CC 
 185      3EFDBB
 186 010b 8DE3933E 		.ascii	"\215\343\223>\331\316\315\302\234\017'<>BFs\226(\377"
 186      D9CECDC2 
 186      9C0F273C 
 186      3E424673 
 186      9628FF
 187 011e AC523DD0 		.ascii	"\254R=\320\215M3\250-Q\333\271;\212t4>ouKV\364\200\020"
 187      8D4D33A8 
 187      2D51DBB9 
 187      3B8A7434 
 187      3E6F754B 
 188 0136 24CEDB9B 		.ascii	"$\316\333\233a\220\222@\324\276 \375h\270\272\"\312"
 188      61909240 
 188      D4BE20FD 
 188      68B8BA22 
 188      CA
 189 0147 BF2E3B1F 		.ascii	"\277.;\0375\035b\224\222\254im\327\005\275\370\010>"
 189      351D6294 
 189      92AC696D 
 189      D705BDF8 
 189      083E
 190 0159 383618ED 		.ascii	"86\030\355\354\364K\307<\306M8\347T\361w63\276\212\177"
 190      ECF44BC7 
 190      3CC64D38 
 190      E754F177 
 190      3633BE8A 
 191 016e FEACF4CF 		.ascii	"\376\254\364\317\264/_@\227\244\243\201\014\242i\222"
 191      B42F5F40 
 191      97A4A381 
 191      0CA26992 
 192 017e 37E79C6B 		.ascii	"7\347\234kPmX\215^\014\367\344\003n\261^j`V2\256\006"
 192      506D588D 
 192      5E0CF7E4 
 192      036EB15E 
 192      6A605632 
ARM GAS  C:\Users\PUBLIC~1.LAP\AppData\Local\Temp\cces1TLh.s 			page 14


 193 0194 34B1D5B2 		.ascii	"4\261\325\262bZd<\257\020\310^1\230\313\002\353\325"
 193      625A643C 
 193      AF10C85E 
 193      3198CB02 
 193      EBD5
 194 01a6 5AA5562F 		.ascii	"Z\245V/X*\366J\301fR\024&\270\\\\\255\007,*\012\022"
 194      582AF64A 
 194      C1665214 
 194      26B85C5C 
 194      AD072C2A 
 195 01bc D0C4B062 		.ascii	"\320\304\260b,\262V\215\013\246BKJ\012\213\003\010\013"
 195      2CB2568D 
 195      0BA6424B 
 195      4A0A8B03 
 195      080B
 196 01ce 4CFBDA7C 		.ascii	"L\373\332|\362a\017#?\337u\267W\262\273\342z\205\266"
 196      F2610F23 
 196      3FDF75B7 
 196      57B2BBE2 
 196      7A85B6
 197 01e1 B414A5BD 		.ascii	"\264\024\245\275\371\337\031#nC\340\332\254;j\015\220"
 197      F9DF1923 
 197      6E43E0DA 
 197      AC3B6A0D 
 197      90
 198 01f2 B0ED7E9C 		.ascii	"\260\355~\234\250\256\275b\351\305\037\000Ep\006\010"
 198      A8AEBD62 
 198      E9C51F00 
 198      45700608 
 199 0202 828CC02C 		.ascii	"\202\214\300,\201\251\264\361\015\005\334hQ\356\035"
 199      81A9B4F1 
 199      0D05DC68 
 199      51EE1D
 200 0211 5AD89F5F 		.ascii	"Z\330\237_F\240\313\302\026O\207\264\366\026\203\252"
 200      46A0CBC2 
 200      164F87B4 
 200      F61683AA 
 201 0221 103BA983 		.ascii	"\020;\251\203#exKW\224\0251\027-k\241)\254\240\250g"
 201      2365784B 
 201      57941531 
 201      172D6BA1 
 201      29ACA0A8 
 202 0236 85C20D7F 		.ascii	"\205\302\015\177\346\035\267\025\344\321\204\321J\335"
 202      E61DB715 
 202      E4D184D1 
 202      4ADD
 203 0244 D0D9B446 		.ascii	"\320\331\264F\211\273Wq\002"
 203      89BB5771 
 203      02
 204              		.text
 205              		.section	.gnu.lto_chRegFindThreadByPointer.267.83ad45f6,"e",%progbits
 206 0000 28B52FFD 		.ascii	"(\265/\375`P\001\375\016\000\226\233dF\000\223\223\016"
 206      605001FD 
 206      0E00969B 
 206      64460093 
 206      930E
 207 0012 98039D6E 		.ascii	"\230\003\235n\341\021l\344\321\007\210@#\032\272\376"
ARM GAS  C:\Users\PUBLIC~1.LAP\AppData\Local\Temp\cces1TLh.s 			page 15


 207      E1116CE4 
 207      D1078840 
 207      231ABAFE 
 208 0022 049BF5F3 		.ascii	"\004\233\365\3638r\240\276\355\334O.\216\362o\250+\020"
 208      3872A0BE 
 208      EDDC4F2E 
 208      8EF26FA8 
 208      2B10
 209 0034 B0B74174 		.ascii	"\260\267At\002\014\215(\337\275n\270t\302b2\207\340"
 209      020C8D28 
 209      DFBD6EB8 
 209      74C26232 
 209      87E0
 210 0046 099FE6AC 		.ascii	"\011\237\346\254n\242B\016\331\204l\271S\012O\000Q\000"
 210      6EA2420E 
 210      D9846CB9 
 210      530A4F00 
 210      5100
 211 0058 4D003340 		.ascii	"M\0003@v[\035\004/\220\035\223'\220\035\323\025\326"
 211      765B1D04 
 211      2F901D93 
 211      27901DD3 
 211      15D6
 212 006a D83D9B98 		.ascii	"\330=\233\230\324\330\371\250g\003b\250>E\276\017\334"
 212      D4D8F9A8 
 212      670362A8 
 212      3E45BE0F 
 212      DC
 213 007b E7123193 		.ascii	"\347\0221\223\032\032\357;q)M\302\025\214\310\327\""
 213      1A1AEF3B 
 213      71294DC2 
 213      158CC8D7 
 213      22
 214 008c 5586E6E6 		.ascii	"U\206\346\346\341#\210/\025u\373T\217\363dw\035\275"
 214      E123882F 
 214      1575FB54 
 214      8FF36477 
 214      1DBD
 215 009e AFC4ADDD 		.ascii	"\257\304\255\3356\007\333\021\354\213\010>\211\016\034"
 215      3607DB11 
 215      EC8B083E 
 215      890E1C
 216 00ad 2DAC2F36 		.ascii	"-\254/6\267=\346\327\246\243\343Y\367\003l,r\360@\261"
 216      B73DE6D7 
 216      A6A3E359 
 216      F7036C2C 
 216      72F040B1 
 217 00c1 B13B6288 		.ascii	"\261;b\210\220\305\301l`\234\365\333+~h\3166\253\323"
 217      90C5C16C 
 217      609CF5DB 
 217      2B7E68CE 
 217      36ABD3
 218 00d4 502404B8 		.ascii	"P$\004\270\300x?v[\012\216\271$>\2463\200]\326\353\306"
 218      C0783F76 
 218      5B0A8EB9 
 218      243EA633 
 218      805DD6EB 
ARM GAS  C:\Users\PUBLIC~1.LAP\AppData\Local\Temp\cces1TLh.s 			page 16


 219 00e9 6E6B8121 		.ascii	"nk\201!h\307>\343\253\025w(-\323%c&\240\017\027\217"
 219      68C73EE3 
 219      AB157728 
 219      2DD32563 
 219      26A00F17 
 220 00fe 19AF7649 		.ascii	"\031\257vI%\336\333TEJWw\364\220\251\201)hK\275r\352"
 220      25DEDB54 
 220      454A5777 
 220      F490A981 
 220      29684BBD 
 221 0114 F9808970 		.ascii	"\371\200\211p%\025t\212\352\305\334\024\364\275\342"
 221      2515748A 
 221      EAC5DC14 
 221      F4BDE2
 222 0123 D4ABA7E9 		.ascii	"\324\253\247\351\325\000H\303\225\223\212A\344\356\256"
 222      D50048C3 
 222      95938A41 
 222      E4EEAE
 223 0132 5A46FBD4 		.ascii	"ZF\373\324!\336\233\372\360\017a\203\002\307\203\256"
 223      21DE9BFA 
 223      F00F6183 
 223      02C783AE 
 224 0142 DD424505 		.ascii	"\335BE\005\035#\323GG\246\350\017\203\023\311T\022e"
 224      1D23D347 
 224      47A6E80F 
 224      8313C954 
 224      1265
 225 0154 0091429F 		.ascii	"\000\221B\237\316\207T\352\230H\235\322\206N\005\012"
 225      CE8754EA 
 225      98489DD2 
 225      864E050A 
 226 0164 220CA290 		.ascii	"\"\014\242\220\004\017\211\203\006\243\024\220\311s"
 226      040F8983 
 226      06A31490 
 226      C973
 227 0172 0AA98834 		.ascii	"\012\251\2104X\27002\342)\231\360\300{}\361\303k9\252"
 227      58B83032 
 227      E22999F0 
 227      C07B7DF1 
 227      C36B39AA 
 228 0186 17F6D62D 		.ascii	"\027\366\326-9\215\352\251OX\224\305E\246\240\177\255"
 228      398DEAA9 
 228      4F5894C5 
 228      45A6A07F 
 228      AD
 229 0197 4901DECC 		.ascii	"I\001\336\314.\3334A\035\000\003\023\002\323k-k\013"
 229      2EDB3441 
 229      1D000313 
 229      02D36B2D 
 229      6B0B
 230 01a9 96D1AF2C 		.ascii	"\226\321\257,\002\312\336\301\205\375\303e\204\316\026"
 230      02CADEC1 
 230      85FDC365 
 230      84CE16
 231 01b8 3E15F130 		.ascii	">\025\3610A\223:8R\206\267tEY\321\262%\254}j\263\216"
 231      41933A38 
 231      5286B774 
ARM GAS  C:\Users\PUBLIC~1.LAP\AppData\Local\Temp\cces1TLh.s 			page 17


 231      4559D1B2 
 231      25AC7D6A 
 232 01ce A25E10CA 		.ascii	"\242^\020\312\211?=\204\251E\342\240\0027\232\200Z\251"
 232      893F3D84 
 232      A945E2A0 
 232      02379A80 
 232      5AA9
 233 01e0 36748AD6 		.ascii	"6t\212\326\250s\267-N"
 233      A873B72D 
 233      4E
 234              		.text
 235              		.section	.gnu.lto_chRegFindThreadByWorkingArea.268.83ad45f6,"e",%progbits
 236 0000 28B52FFD 		.ascii	"(\265/\375`\333\001\255\021\000\006byI\340\322&\035"
 236      60DB01AD 
 236      11000662 
 236      7949E0D2 
 236      261D
 237 0012 A35E20F4 		.ascii	"\243^ \364\215\010W8\236\237\243\317e\023\343\031R\\"
 237      8D085738 
 237      9E9FA3CF 
 237      6513E319 
 237      525C
 238 0024 33CF09D9 		.ascii	"3\317\011\331\013\3313\337\212\276\270\340[-88\366x"
 238      0BD933DF 
 238      8ABEB8E0 
 238      5B2D3838 
 238      F678
 239 0036 77E5AB19 		.ascii	"w\345\253\031\256\033\016A\031\032e\2403\026^'\226\034"
 239      AE1B0E41 
 239      191A65A0 
 239      33165E27 
 239      961C
 240 0048 A5A138A4 		.ascii	"\245\2418\244\347\020\006\306'\204\020\"wJ\001b\000"
 240      E71006C6 
 240      27841022 
 240      774A0162 
 240      00
 241 0059 5E006200 		.ascii	"^\000b\000[&p\012\370\316\266\357\3425\033\303\036\344"
 241      5B26700A 
 241      F8CEB6EF 
 241      E2351BC3 
 241      1EE4
 242 006b 7C454138 		.ascii	"|EA8dJ\273\245\311\300\011x\357\270\017\360\336\251"
 242      644ABBA5 
 242      C9C00978 
 242      EFB80FF0 
 242      DEA9
 243 007d 8F75C2EE 		.ascii	"\217u\302\356}\035\247\023\346\337\334\023\300b\366"
 243      7D1DA713 
 243      E6DFDC13 
 243      C062F6
 244 008c AF64DC10 		.ascii	"\257d\334\020\216:\263[\231\341C\034E\234\343V\310\332"
 244      8E3AB35B 
 244      99E1431C 
 244      459CE356 
 244      C8DA
 245 009e 4FC998C3 		.ascii	"O\311\230\303\351\015\206\321\311O\016\243l\352\310"
ARM GAS  C:\Users\PUBLIC~1.LAP\AppData\Local\Temp\cces1TLh.s 			page 18


 245      E90D86D1 
 245      C94F0EA3 
 245      6CEAC8
 246 00ad 38FBFC58 		.ascii	"8\373\374Xv\327S\034A\334\340mg\260\355\262\177\024"
 246      76D7531C 
 246      41DCE06D 
 246      67B0EDB2 
 246      7F14
 247 00bf BA768933 		.ascii	"\272v\2113\225f\037%\307\015\024\326\036\233$\274\320"
 247      95661F25 
 247      C70D14D6 
 247      1E9B24BC 
 247      D0
 248 00d0 2F32A7C1 		.ascii	"/2\247\301\317\323\363\266\373\000FZ\010Q\202\000d\327"
 248      CFD3F3B6 
 248      FB00465A 
 248      08518200 
 248      64D7
 249 00e2 C310217B 		.ascii	"\303\020!{\324\325Xq\333o\337'zi\207~}\310\272\243\243"
 249      D4D55871 
 249      DB6FDF27 
 249      7A69877E 
 249      7DC8BAA3 
 250 00f7 B6BBE1CB 		.ascii	"\266\273\341\313\016\337\335\266\361I\207\266m0\360"
 250      0EDFDDB6 
 250      F14987B6 
 250      6D30F0
 251 0106 E643009D 		.ascii	"\346C\000\235\037\242\037\273%\202wV\231\363B5\026\331"
 251      1FA21FBB 
 251      25827756 
 251      99F34235 
 251      16D9
 252 0118 B5F5A0B1 		.ascii	"\265\365\240\261\001\341\274\332\026b\346\305p\236\220"
 252      01E1BCDA 
 252      1662E6C5 
 252      709E90
 253 0127 E92A128F 		.ascii	"\351*\022\217\233\214\216\323+\211\212.\260C\3268\245"
 253      9B8C8ED3 
 253      2B898A2E 
 253      B043D638 
 253      A5
 254 0138 398667E9 		.ascii	"9\206g\351\013\025\305\0034?\275\212\"\012\316F\314"
 254      0B15C503 
 254      343FBD8A 
 254      220ACE46 
 254      CC
 255 0149 90926433 		.ascii	"\220\222d3\210_Z\346/j\300\335E\361\2134`\360U\274\363"
 255      885F5AE6 
 255      2F6AC0DD 
 255      45F18B34 
 255      60F055BC 
 256 015e 61DE3B50 		.ascii	"a\336;P_~\226\010\252-\221C\261\271\304\355\356\252"
 256      5F7E9608 
 256      AA2D9143 
 256      B1B9C4ED 
 256      EEAA
 257 0170 BD69BB68 		.ascii	"\275i\273h\346\305OO\376\035l\2048\302\011N\231\260"
ARM GAS  C:\Users\PUBLIC~1.LAP\AppData\Local\Temp\cces1TLh.s 			page 19


 257      E6C54F4F 
 257      FE1D6C84 
 257      38C2094E 
 257      99B0
 258 0182 5E5C50AB 		.ascii	"^\\P\253T+u2\241^\\0\247\013\252\224\231\326I]h\246"
 258      542B7532 
 258      A15E5C30 
 258      A70BAA94 
 258      99D6495D 
 259 0198 4F26AF55 		.ascii	"O&\257U\213\245\252\200Z\245N\246\323\212ej\255L,\031"
 259      8BA5AA80 
 259      5AA54EA6 
 259      D38A656A 
 259      AD4C2C19 
 260 01ac 9384082A 		.ascii	"\223\204\010*\012\252T\203\026\224\005\012fbP\255\226"
 260      0AAA5483 
 260      1694050A 
 260      666250AD 
 260      96
 261 01bd 57CAA582 		.ascii	"W\312\245\202\231\340rr\322\242\342\200\201c\327\036"
 261      99E07272 
 261      D2A2E280 
 261      8163D71E 
 262 01cd 9F3C9844 		.ascii	"\237<\230D\002\250\373\355\346Ht\252\250f\211i,\205"
 262      02A8FBED 
 262      E64874AA 
 262      A8668969 
 262      2C85
 263 01df A734FF1A 		.ascii	"\2474\377\032\303\004\315\350\323\036\337\036\352\001"
 263      C304CDE8 
 263      D31EDF1E 
 263      EA01
 264 01ed 1FA4A21D 		.ascii	"\037\244\242\035\001\036\000\356+\201\300,\206\251\210"
 264      011E00EE 
 264      2B81C02C 
 264      86A988
 265 01fc BF0D10D7 		.ascii	"\277\015\020\327\010\360\355\3110\214\032\301\0364\274"
 265      08F0EDC9 
 265      308C1AC1 
 265      1E34BC
 266 020b 63C56088 		.ascii	"c\305`\210\030[pt\205\331I\035\034)\303[\272\242\254"
 266      185B7074 
 266      85D9491D 
 266      1C29C35B 
 266      BAA2AC
 267 021e 88B9E858 		.ascii	"\210\271\350X\013Ma\005E=+\024n\3703\357\270\255 \217"
 267      0B4D6105 
 267      453D2B14 
 267      6EF833EF 
 267      B8AD208F 
 268 0232 268C56EA 		.ascii	"&\214V\352\206\316\2465J\334\275\212\023"
 268      86CEA635 
 268      4ADCBD8A 
 268      13
 269              		.text
 270              		.section	.gnu.lto_.symbol_nodes.83ad45f6,"e",%progbits
 271 0000 28B52FFD 		.ascii	"(\265/\375`\034\000\335\004\000\322\207\034%\220+\035"
ARM GAS  C:\Users\PUBLIC~1.LAP\AppData\Local\Temp\cces1TLh.s 			page 20


 271      601C00DD 
 271      0400D287 
 271      1C25902B 
 271      1D
 272 0011 7FEF52CA 		.ascii	"\177\357R\312\314\361\303\305\207CM\273.\332rD\024f"
 272      CCF1C3C5 
 272      87434DBB 
 272      2EDA7244 
 272      1466
 273 0023 16753737 		.ascii	"\026u77\223\220\365\373\276\357\333'{\313$SF\212\261"
 273      9390F5FB 
 273      BEEFDB27 
 273      7BCB2453 
 273      468AB1
 274 0036 C4CC5A89 		.ascii	"\304\314Z\211\017\363\003\242:\317D)\220\331\300\366"
 274      0FF303A2 
 274      3ACF4429 
 274      90D9C0F6 
 275 0046 AAC99911 		.ascii	"\252\311\231\021\007\360T\3501h\373\353\326f\204\022"
 275      07F054E8 
 275      3168FBEB 
 275      D6668412 
 276 0056 FA0B4A1B 		.ascii	"\372\013J\033\304!\354\240\257\030\364\224\267WM\005"
 276      C421ECA0 
 276      AF18F494 
 276      B7574D05 
 277 0066 FDE404BD 		.ascii	"\375\344\004\275\3041\270\205\331\376\303il\265=\016"
 277      C431B885 
 277      D9FEC369 
 277      6CB53D0E 
 278 0076 D7EEAE40 		.ascii	"\327\356\256@\037\271m\\\004\017\000 \013@\350f\276"
 278      1FB96D5C 
 278      040F0020 
 278      0B40E866 
 278      BE
 279 0087 8422F5CD 		.ascii	"\204\"\365\315P\3057\014?U5,.\236\345a\254\002\022\262"
 279      50C5370C 
 279      3F55352C 
 279      2E9EE561 
 279      AC0212B2 
 280 009b 93D65C75 		.ascii	"\223\326\\u\007\020\031a\325\023"
 280      07101961 
 280      D513
 281              		.text
 282              		.section	.gnu.lto_.refs.83ad45f6,"e",%progbits
 283 0000 28B52FFD 		.ascii	"(\265/\375 \021\211\000\000\015\000\000\000\001\000"
 283      20118900 
 283      000D0000 
 283      000100
 284 000f 00010200 		.ascii	"\000\001\002\000\001\002\002\001\003\000\000"
 284      01020201 
 284      030000
 285              		.text
 286              		.section	.gnu.lto_.decls.83ad45f6,"e",%progbits
 287 0000 28B52FFD 		.ascii	"(\265/\375`\201)-\261\000j\031\025>X \016%\244t\252"
 287      6081292D 
 287      B1006A19 
ARM GAS  C:\Users\PUBLIC~1.LAP\AppData\Local\Temp\cces1TLh.s 			page 21


 287      153E5820 
 287      0E25A474 
 288 0015 8A6BA711 		.ascii	"\212k\247\021\2743\372\25381\216\213\033j0*M\313\210"
 288      BC33FAAB 
 288      38318E8B 
 288      1B6A302A 
 288      4DCB88
 289 0028 C80E9E6D 		.ascii	"\310\016\236mB\334\211\320x\012\276\256T7\326o\301I"
 289      42DC89D0 
 289      780ABEAE 
 289      5437D66F 
 289      C149
 290 003a F79057FE 		.ascii	"\367\220W\376\325\365\016\250\265\352(N\216\3659\205"
 290      D5F50EA8 
 290      B5EA284E 
 290      8EF53985 
 291 004a 29CC6ED5 		.ascii	")\314n\325\015\225\247pr)=\371\204p\301\345+\036\265"
 291      0D95A770 
 291      72293DF9 
 291      8470C1E5 
 291      2B1EB5
 292 005d CFEDEC0D 		.ascii	"\317\355\354\015\337%\177o\271Si\003\334\003\325\003"
 292      DF257F6F 
 292      B9536903 
 292      DC03D503 
 293 006d 1E9C2FA8 		.ascii	"\036\234/\250\036\234\277Ep\001\352\317\031us\204\321"
 293      1E9CBF45 
 293      7001EACF 
 293      19757384 
 293      D1
 294 007e 71E307FE 		.ascii	"q\343\007\376\335q#G\211\371\245L\211\177g\340\236\321"
 294      DD712347 
 294      89F9A54C 
 294      897F67E0 
 294      9ED1
 295 0090 342A9383 		.ascii	"4*\223\203\256\321\243\343\006g\310\013}\177\231\360"
 295      AED1A3E3 
 295      0667C80B 
 295      7D7F99F0 
 296 00a0 2B07677D 		.ascii	"+\007g}\253\034\234\277.0\206\252\341T\272\030\027\215"
 296      AB1C9CBF 
 296      2E3086AA 
 296      E154BA18 
 296      178D
 297 00b2 D42D6AB4 		.ascii	"\324-j\264\251p\216\260\251`\2541\331\303$\266\244_"
 297      A9708EB0 
 297      A960AC31 
 297      D9C324B6 
 297      A45F
 298 00c4 809989D3 		.ascii	"\200\231\211\323G<\226\325\255\256\211\235-\265\214"
 298      473C96D5 
 298      ADAE899D 
 298      2DB58C
 299 00d3 5EA199BA 		.ascii	"^\241\231\272\251Yh\030\035\2432;\371N\266\213>\312"
 299      A9596818 
 299      1DA3323B 
 299      F94EB68B 
ARM GAS  C:\Users\PUBLIC~1.LAP\AppData\Local\Temp\cces1TLh.s 			page 22


 299      3ECA
 300 00e5 A0230E94 		.ascii	"\240#\016\224\225\240\014\202t\310P\231\242\226\341"
 300      95A00C82 
 300      74C85099 
 300      A296E1
 301 00f4 DE92E15B 		.ascii	"\336\222\341[%\370v\253E\263\330\262\221b\254o\2578"
 301      25F876AB 
 301      45B3D8B2 
 301      9162AC6F 
 301      AF38
 302 0106 D124D9D1 		.ascii	"\321$\331\321\345\003\377\215l\025SSj\330\364M\302\251"
 302      E503FF8D 
 302      6C155353 
 302      6AD8F44D 
 302      C2A9
 303 0118 B99126AA 		.ascii	"\271\221&\252S\364Q\354I\305\321\011\3372\341\372\326"
 303      53F451EC 
 303      49C5D109 
 303      DF32E1FA 
 303      D6
 304 0129 B932736D 		.ascii	"\2712sm\314=7\005X\2345}o\225\360\211\232;s\271\363"
 304      CC3D3705 
 304      589C357D 
 304      6F95F089 
 304      9A3B73B9 
 305 013e F688DFF4 		.ascii	"\366\210\337\364\230\351B\262\362\246\272\301%\315\274"
 305      98E942B2 
 305      F2A6BAC1 
 305      25CDBC
 306 014d 78ADC16F 		.ascii	"x\255\301o6\374\026\203\337\\\360\033\015o\250?'\333"
 306      36FC1683 
 306      DF5CF01B 
 306      0D6FA83F 
 306      27DB
 307 015f 0E131C69 		.ascii	"\016\023\034i7\372\236\251F\352\013)\233\2446h*\263"
 307      37FA9EA9 
 307      46EA0B29 
 307      9BA43668 
 307      2AB3
 308 0171 9EA96582 		.ascii	"\236\251e\202\200pO\\\030C\344\276\320\366\203\351\011"
 308      80704F5C 
 308      1843E4BE 
 308      D0F683E9 
 308      09
 309 0182 4C5FB65C 		.ascii	"L_\266\\\0144K\036S\260\231Z\306\252\271My\221\341\367"
 309      0C344B1E 
 309      53B0995A 
 309      C6AAB94D 
 309      7991E1F7 
 310 0196 177E6BA9 		.ascii	"\027~k\251\345\220e5q\272\302\357\035\270\0040_\232"
 310      E5906535 
 310      71BAC2EF 
 310      1DB80430 
 310      5F9A
 311 01a8 6AEDC697 		.ascii	"j\355\306\227\352\245\007\015\325\231.7\360\233\005"
 311      EAA5070D 
 311      D5992E37 
ARM GAS  C:\Users\PUBLIC~1.LAP\AppData\Local\Temp\cces1TLh.s 			page 23


 311      F09B05
 312 01b7 5CD1EA96 		.ascii	"\\\321\352\226\312\334P\271\344\034\233\331-\306\012"
 312      CADC50B9 
 312      E41C9BD9 
 312      2DC60A
 313 01c6 6365FABE 		.ascii	"ce\372\276a\340\327\015gO\335p\276\223\360\233a\325"
 313      61E0D70D 
 313      674FDD70 
 313      BE93F09B 
 313      61D5
 314 01d8 0DBE6855 		.ascii	"\015\276hU\303y&\365\347\354P\177N\027p\240\201\201"
 314      C37926F5 
 314      E7EC507F 
 314      4E1770A0 
 314      8181
 315 01ea D2F7750C 		.ascii	"\322\367u\014\226R\231uJe\222\247\324&5\312\017\322"
 315      96529975 
 315      4A6592A7 
 315      D42635CA 
 315      0FD2
 316 01fc 8B1657DC 		.ascii	"\213\026W\334r\336\002\024\224\263\226\326\342\352\226"
 316      72DE0214 
 316      94B396D6 
 316      E2EA96
 317 020b A1F9E06E 		.ascii	"\241\371\340np\351Z2+s\341\205\227\262\276\315\236N"
 317      70E95A32 
 317      2B73E185 
 317      97B2BECD 
 317      9E4E
 318 021d A3C4458C 		.ascii	"\243\304E\214\276\325IW'\004x\223\363Q}R\241\274:\251"
 318      BED54957 
 318      27047893 
 318      F3517D52 
 318      A1BC3AA9 
 319 0231 640FE1C3 		.ascii	"d\017\341\303\255\221+\263\345\334\254\265\203Z;\350"
 319      AD912BB3 
 319      E5DCACB5 
 319      835A3BE8 
 320 0241 D18D1D99 		.ascii	"\321\215\035\231\211q\336\327+\374\252\003\277\262\200"
 320      8971DED7 
 320      2BFCAA03 
 320      BFB280
 321 0250 5F63E09A 		.ascii	"_c\340\232\305\302vRGEj\204\201\341#X\332\264l\001\235"
 321      C5C27652 
 321      47456A84 
 321      81E12358 
 321      DAB46C01 
 322 0265 6F6162FC 		.ascii	"oab\374\350\253\244zUf\375\252Y\257I*\327o3\347c\316"
 322      E8ABA47A 
 322      5566FDAA 
 322      59AF492A 
 322      D76F33E7 
 323 027b F915AB0B 		.ascii	"\371\025\253\013CV\321\005c\231s\363\"\374\036\276\252"
 323      4356D105 
 323      639973F3 
 323      22FC1EBE 
 323      AA
ARM GAS  C:\Users\PUBLIC~1.LAP\AppData\Local\Temp\cces1TLh.s 			page 24


 324 028c 91DAD41D 		.ascii	"\221\332\324\035\233\031\212\247\353ER\033\240\240\240"
 324      9B198AA7 
 324      EB45521B 
 324      A0A0A0
 325 029b 9C2E2459 		.ascii	"\234.$YH\316\373\022\3407\253\206\023\327\237\363\257"
 325      48CEFB12 
 325      E037AB86 
 325      13D79FF3 
 325      AF
 326 02ac 452A5645 		.ascii	"E*VEr\271\224\331-\347\246O%\263\206e\354\273\245\263"
 326      72B994D9 
 326      2DE7A64F 
 326      25B38665 
 326      ECBBA5B3 
 327 02c0 B6622C46 		.ascii	"\266b,F\337\247\200\231U\253f53P\353\250B\303\245\357"
 327      DFA78099 
 327      55AB6635 
 327      3350EBA8 
 327      42C3A5EF 
 328 02d4 2B805F8F 		.ascii	"+\200_\217|\000\\\362\207\347\360\033\027\240j8o\375"
 328      7C005CF2 
 328      87E7F01B 
 328      17A06A38 
 328      6FFD
 329 02e6 3945F408 		.ascii	"9E\364\010t\277\205\201\177\253\342\257Y\015\342o\020"
 329      74BF8581 
 329      7FABE2AF 
 329      590DE26F 
 329      10
 330 02f7 40F05714 		.ascii	"@\360W\024\014\351\017\374?\301\337\036\300\360[\244"
 330      0CE90FFC 
 330      3FC1DF1E 
 330      C0F05BA4 
 331 0307 BF3BD8C0 		.ascii	"\277;\330\300MP\202\000~\333\202\277\372\376\272\301"
 331      4D508200 
 331      7EDB82BF 
 331      FAFEBAC1 
 332 0317 BBFEBBE0 		.ascii	"\273\376\273\340\377\327_\245\376\372\202\277b\265\006"
 332      FFD75FA5 
 332      FEFA82BF 
 332      62B506
 333 0326 FE46E16F 		.ascii	"\376F\341o\013\374\375\341\377\006\177\237\360\267\011"
 333      0BFCFDE1 
 333      FF067F9F 
 333      F0B709
 334 0335 7F4BE0EF 		.ascii	"\177K\340\357\007\374]\302\337\035\016\364\333\340\337"
 334      07FC5DC2 
 334      DF1D0EF4 
 334      DBE0DF
 335 0344 1AFEC6F0 		.ascii	"\032\376\306\3607\317_\341\374\255\363\267\006\177g"
 335      37CF5FE1 
 335      FCADF3B7 
 335      067F67
 336 0353 F0F7FD6B 		.ascii	"\360\367\375k\234\277\001\360\267\317_\335\374\235\373"
 336      9CBF01F0 
 336      B7CF5FDD 
 336      FC9DFB
ARM GAS  C:\Users\PUBLIC~1.LAP\AppData\Local\Temp\cces1TLh.s 			page 25


 337 0362 FBFC1BFF 		.ascii	"\373\374\033\377\365\315\337\377{\347o\335\337\002\370"
 337      F5CDDFFF 
 337      7BE76FDD 
 337      DF02F8
 338 0371 1B83BFEB 		.ascii	"\033\203\277\353\337\001\370;\303\337=\177\357\376\306"
 338      DF01F83B 
 338      C3DF3D7F 
 338      EFFEC6
 339 0380 FD9DF377 		.ascii	"\375\235\363w\377\365\347o\373\3276\177s\360W\267\277"
 339      FFF5E76F 
 339      FBD7367F 
 339      73F057B7 
 339      BF
 340 0391 52F97F80 		.ascii	"R\371\177\200\377F\340o\016\177\033\340\357\001\374"
 340      FF46E06F 
 340      0E7F1BE0 
 340      EF01FC
 341 03a0 15ECAF5D 		.ascii	"\025\354\257]\177M\362W\255\277\032\371+\221\277\242"
 341      7F4DF257 
 341      ADBF1AF9 
 341      2B91BFA2 
 342 03b0 7FF5E07F 		.ascii	"\177\365\340\177\331_\227\177\265\372\353\217\277V\375"
 342      D95F977F 
 342      B5FAEB8F 
 342      BF56FD
 343 03bf 95EA7FD8 		.ascii	"\225\352\177\330\377\014\377\315\376\347\336\336\336"
 343      FF0CFFCD 
 343      FEE7DEDE 
 343      DE
 344 03cc DEFE2EFA 		.ascii	"\336\376.\372\261\222\237\000\020\0109\347\023\310\014"
 344      B1929F00 
 344      100839E7 
 344      13C80C
 345 03db 9F27F968 		.ascii	"\237'\371h\231\321\234\2164H\346<\303\330\3143\316f"
 345      99D19C8E 
 345      3448E63C 
 345      C3D8CC33 
 345      CE66
 346 03ed CE1A6434 		.ascii	"\316\032d4#Zm\242e\343\223c\316\365I\316NI9g\0149\347"
 346      235A6DA2 
 346      65E39363 
 346      CEF549CE 
 346      4E493967 
 347 0404 5D3E3229 		.ascii	"]>2)!I)uIHJ\025Y\010\216\272\204\364\222Rz\200\362\345"
 347      21492975 
 347      49484A15 
 347      59088EBA 
 347      84F49252 
 348 041c B5CC484D 		.ascii	"\265\314HMcE*)\3632\207\211Jb/c3\207\235\341\301\262"
 348      63452A29 
 348      F3328789 
 348      4A622F63 
 348      33879DE1 
 349 0432 A583EDAA 		.ascii	"\245\203\355\252\207\345\312\012\373\2614\3139{J\262"
 349      87E5CA0A 
 349      FBB134CB 
 349      397B4AB2 
ARM GAS  C:\Users\PUBLIC~1.LAP\AppData\Local\Temp\cces1TLh.s 			page 26


 350 0442 D4D7EA8B 		.ascii	"\324\327\352\213\216\313\015\231$?8\320\301\0243e\253"
 350      8ECB0D99 
 350      243F38D0 
 350      C1143365 
 350      AB
 351 0453 A89E5254 		.ascii	"\250\236RT\241\351\233\303\362\260-\330\036v\207\235"
 351      A1E99BC3 
 351      F2B02DD8 
 351      1E76879D 
 352 0463 B23EAC8E 		.ascii	"\262>\254\216\312\264Tmu\033e\245\216\354\223\025\231"
 352      CAB4546D 
 352      751B65A5 
 352      8EEC9315 
 352      99
 353 0474 4E536569 		.ascii	"NSei\251\352\225\376R\245\266T\243\246\3334Yb\251\354"
 353      A9EA95FE 
 353      52A5B654 
 353      A3A6DB34 
 353      5962A9EC 
 354 0488 0C8BC307 		.ascii	"\014\213\303\007[\316\271J\203\3511M\262\260\215Q\325"
 354      5BCEB94A 
 354      83E9314D 
 354      B2B08D51 
 354      D5
 355 0499 25958A8A 		.ascii	"%\225\212\212&e\226S\226\252\335\330\\\265\305\326\223"
 355      26659653 
 355      96AADDD8 
 355      5CB5C5D6 
 355      93
 356 04aa 248E121B 		.ascii	"$\216\022\033\031.VV\015g=\326\237S\311\002\2654L78"
 356      192E5656 
 356      0D673DD6 
 356      9F53C902 
 356      B5344C37 
 357 04bf 8985B235 		.ascii	"\211\205\2625\032\271\304\312\015k\2432-\224\245a\241"
 357      1AB9C4CA 
 357      0D6BA332 
 357      2D94A561 
 357      A1
 358 04d0 7C902D83 		.ascii	"|\220-\203t\314\326\222\246\234\367\370\014>\366\202"
 358      74CCD692 
 358      A69CF7F8 
 358      0C3EF682 
 359 04e0 8FB560A7 		.ascii	"\217\265`\247,kG-\210a\333d\221lR\212\312\012\226\205"
 359      2C6B472D 
 359      8861DB64 
 359      916C528A 
 359      CA0A9685 
 360 04f4 CAB44D76 		.ascii	"\312\264Mv\351-\304\032m\223e\26222Ha\201\262\022\004"
 360      E92DC41A 
 360      6D9365B2 
 360      32324861 
 360      81B21204 
 361 0508 1464C19A 		.ascii	"\024d\301\232\244\2708c\240\365\354\244H\245\301A\202"
 361      A4B83863 
 361      A0F5ECA4 
 361      48A5C141 
ARM GAS  C:\Users\PUBLIC~1.LAP\AppData\Local\Temp\cces1TLh.s 			page 27


 361      82
 362 0519 8F8BE063 		.ascii	"\217\213\340c%N\302\325\270\202j2b\221]M\330\254\013"
 362      254EC2D5 
 362      B8826A32 
 362      62915D4D 
 362      D8AC0B
 363 052c AB646154 		.ascii	"\253daT\246}a\217v\205m\341\204\315\276\250]\026I\226"
 363      A67D618F 
 363      76856DE1 
 363      84CDBEA8 
 363      5D164996 
 364 0540 D4A6BBA2 		.ascii	"\324\246\273\242\332V\340kY\340\202\260\030\303\352"
 364      DA56E06B 
 364      59E082B0 
 364      18C3EA
 365 054f 7BCC848F 		.ascii	"{\314\204\217\225\220V\305\226\024\014\031}\223N\260"
 365      959056C5 
 365      96140C19 
 365      7D934EB0 
 366 055f 226A41DE 		.ascii	"\"jA\336\330\024\366X_\020+\373*\203\237\013\203\237"
 366      D814F658 
 366      5F102BFB 
 366      2A839F0B 
 366      839F
 367 0571 DBA2E17C 		.ascii	"\333\242\341|\263\261\002s9\005\303A\200\022\224\025"
 367      B3B10273 
 367      3905C341 
 367      80129415 
 368 0581 AC3895D9 		.ascii	"\2548\225\331p\372\315\261J\352\255\310\275\317\215"
 368      70FACDB1 
 368      4AEAADC8 
 368      BDCF8D
 369 0590 E1E7B870 		.ascii	"\341\347\270p\257i\267\312\374Y\263\331I\272\222b\011"
 369      AF69B7CA 
 369      FC59B3D9 
 369      49BA9262 
 369      09
 370 05a1 0BBFE767 		.ascii	"\013\277\347g\347sK4\273\264 _j}\237\343\201_\250\314"
 370      E7734B34 
 370      BBB4205F 
 370      6A7D9FE3 
 370      815FA8CC 
 371 05b5 3ED365CE 		.ascii	">\323e\316\264\231n\353r\200 y\015\025\240\240\216\022"
 371      B4996EEB 
 371      72802079 
 371      0D15A0A0 
 371      8E12
 372 05c7 831CBBB7 		.ascii	"\203\034\273\267\331\354\21445E\302\340\237i\370\347"
 372      D9EC8C34 
 372      3545C2E0 
 372      9F69F8E7 
 373 05d7 19FE3965 		.ascii	"\031\3769eL\257\331`\021E\252\257Z3g\360C\210W\022,"
 373      4CAFD960 
 373      1145AAAF 
 373      5A3367F0 
 373      43885712 
 374 05ec A6C3D430 		.ascii	"\246\303\3240k\242\322\367\247\017\374s\012'\035saJ"
ARM GAS  C:\Users\PUBLIC~1.LAP\AppData\Local\Temp\cces1TLh.s 			page 28


 374      6BA2D2F7 
 374      A70FFC73 
 374      0A271D73 
 374      614A
 375 05fe 2CE060E5 		.ascii	",\340`\345\350\036`P\355\364\3246l^\3620\351\310\232"
 375      E81E6050 
 375      EDF4D436 
 375      6C5EF230 
 375      E9C89A
 376 0611 F2D13D9E 		.ascii	"\362\321=\236\252\3241\025,\363p\313\242\205\311\307"
 376      AAD43115 
 376      2CF370CB 
 376      A285C9C7 
 377 0621 53FFE820 		.ascii	"S\377\350 J\334\234u\263\313j3\014\227\003\013[SuU5"
 377      4ADC9C75 
 377      B3CB6A33 
 377      0C97030B 
 377      5B537555 
 378 0636 0343B2A9 		.ascii	"\003C\262\251Y\323I,K\"\235%&Jo\351*=\245\271\264\224"
 378      59D3492C 
 378      4B229D25 
 378      264A6FE9 
 378      2A3DA5B9 
 379 064c C6D25D9A 		.ascii	"\306\322]\232J\273\320^:\255\2634Z[\351+\255\2452\373"
 379      4ABBD05E 
 379      3AADB334 
 379      5A5BE92B 
 379      ADA532FB 
 380 0660 AC8FAF56 		.ascii	"\254\217\257V\352Y\0139\353!\025\314\032\223 r\224\311"
 380      EA590B39 
 380      EB2115CC 
 380      1A932072 
 380      94C9
 381 0672 52BB5430 		.ascii	"R\273T0.\330>@\265\322J\315\037\302\207>k\034-\2453"
 381      2ED83E40 
 381      B5D24ACD 
 381      1FC2873E 
 381      6B1C2DA5 
 382 0687 62C82A54 		.ascii	"b\310*T\370\250a\304\324\2658U*\231\232\206\207\032"
 382      F8A861C4 
 382      D4B53855 
 382      2A999A86 
 382      871A
 383 0699 5BCE19CB 		.ascii	"[\316\031\313Y\233]\314\222\035AAA\367\314\332\026\032"
 383      599B5DCC 
 383      921D4141 
 383      41F7CCDA 
 383      161A
 384 06ab 07B83FA1 		.ascii	"\007\270?\241\260\223\206\322O*\263\313\336e\335\244"
 384      B09386D2 
 384      4F2AB3CB 
 384      DE65DDA4 
 385 06bb 82E51C54 		.ascii	"\202\345\034T\2269\347\262&\253i\2240YvY'i&\306\014"
 385      9639E7B2 
 385      26AB6994 
 385      30597659 
 385      276926C6 
ARM GAS  C:\Users\PUBLIC~1.LAP\AppData\Local\Temp\cces1TLh.s 			page 29


 386 06d0 39AE6410 		.ascii	"9\256d\020\024\024\324\310\244\033\362\011\377\214\201"
 386      1414D4C8 
 386      A41BF209 
 386      FF8C81
 387 06df BDF0962A 		.ascii	"\275\360\226*R\"\2045XM{!\205\305f\244\277\272~T\254"
 387      52228435 
 387      584D7B21 
 387      85C566A4 
 387      BFBA7E54 
 388 06f4 B0DAD55F 		.ascii	"\260\332\325_\271.\253\2446XKZ\254\307*\263\303\232"
 388      B92EABA4 
 388      36584B5A 
 388      ACC72AB3 
 388      C39A
 389 0706 EBBDD548 		.ascii	"\353\275\325H\202\202\202\200x\226VK\230\360\375\371"
 389      82828280 
 389      7896564B 
 389      98F0FDF9 
 390 0716 E24BC999 		.ascii	"\342K\311\231\255+<\372z\3251_=\276\264\301\335\325"
 390      AD2B3CFA 
 390      7AD5315F 
 390      3DBEB4C1 
 390      DDD5
 391 0728 5C798C16 		.ascii	"\\y\214\026\2150\370\270-\3708,\370\272\372sfu\221>"
 391      8D30F8B8 
 391      2DF8382C 
 391      F8BAFA73 
 391      6675913E 
 392 073c 529B6119 		.ascii	"R\233a\031)\315\0036Y\355MkUfg5s\207F\025X\223{\217"
 392      29CD0336 
 392      59ED4D6B 
 392      55666735 
 392      73874615 
 393 0754 5B3A6244 		.ascii	"[:bD\347\012\025$5}\2154\226\006kfV\364=.\005>\356\010"
 393      E70A1524 
 393      357D8D34 
 393      96066B66 
 393      56F43D2E 
 394 076c FFC6C1BF 		.ascii	"\377\306\301\277k0\206\372\023\244\201\2301iq\245\357"
 394      6B3086FA 
 394      13A48198 
 394      316971A5 
 394      EF
 395 077d 95256376 		.ascii	"\225%cv)\305,\333\352N)\021\241\262\202\177\243\340"
 395      29C52CDB 
 395      EA4E2911 
 395      A1B2827F 
 395      A3E0
 396 078f 5F2718E8 		.ascii	"_'\030\350\206\365\340\221\213zr\346\325\267[h\035\225"
 396      86F5E091 
 396      8B7A72E6 
 396      D5B75B68 
 396      1D95
 397 07a1 E941EF38 		.ascii	"\351A\3578\223N\315\374\006G\005\344-\215\026~\015\\"
 397      934ECDFC 
 397      064705E4 
 397      2D8D167E 
ARM GAS  C:\Users\PUBLIC~1.LAP\AppData\Local\Temp\cces1TLh.s 			page 30


 397      0D5C
 398 07b3 3C4869B3 		.ascii	"<Hi\263\022r\231\277\232\356m\255\313\212\266\013\344"
 398      127299BF 
 398      9AEE6DAD 
 398      CB8AB60B 
 398      E4
 399 07c4 57C80572 		.ascii	"W\310\005r\261p\311d\332\007n\200"
 399      B170C964 
 399      DA076E80 
 400 07d0 48C970CB 		.ascii	"H\311p\313N\311\015\377-\362\213u\323\306\316\330\\"
 400      4EC90DFF 
 400      2DF28B75 
 400      D3C6CED8 
 400      5C
 401 07e1 223D4718 		.ascii	"\"=G\030X\226}\207\274a\022e\314S\220\032]\\-\372\036"
 401      58967D87 
 401      BC611265 
 401      CC53901A 
 401      5D5C2DFA 
 402 07f6 430BFC1E 		.ascii	"C\013\374\0368W<_/\244\215\365\235\372\3551u\255,\031"
 402      38573C5F 
 402      2FA48DF5 
 402      9DFAED31 
 402      75AD2C19 
 403 080a 13B2523E 		.ascii	"\023\262R>\342\312PUL,\016\020\267\214t\332\300#\305"
 403      E2CA5055 
 403      4C2C0E10 
 403      B78C74DA 
 403      C023C5
 404 081d 4B8E4CF5 		.ascii	"K\216L\365k\365\373\343J\235Z3\263Q\365\347\264\030"
 404      6BF5FBE3 
 404      4A9D5A33 
 404      B351F5E7 
 404      B418
 405 082f 96345A49 		.ascii	"\2264ZI\360\365Q\315N\246\024\346\324\335\361\313\343"
 405      F0F551CD 
 405      4EA614E6 
 405      D4DDF1CB 
 405      E3
 406 0840 CFD9D992 		.ascii	"\317\331\331\222\222\224f\004\337\026~u\3749\265\205"
 406      92946604 
 406      DF167E75 
 406      FC39B585 
 407 0850 17685C84 		.ascii	"\027h\\\204\340\377\346\370stmTM=\372\276\307\012\277"
 407      E0FFE6F8 
 407      73746D54 
 407      4D3DFABE 
 407      C70ABF
 408 0863 6707BEF2 		.ascii	"g\007\276\362*o\324\006%\322\226\016l,\255y\262\241"
 408      2A6FD406 
 408      25D2960E 
 408      6C2CAD79 
 408      B2A1
 409 0875 C7898553 		.ascii	"\307\211\205S\322\305\361\033u\265\250%ZH\2364\374:"
 409      D2C5F11B 
 409      75B5A825 
 409      5A489E34 
ARM GAS  C:\Users\PUBLIC~1.LAP\AppData\Local\Temp\cces1TLh.s 			page 31


 409      FC3A
 410 0887 A45AB1CA 		.ascii	"\244Z\261\312\264b\027jC\316L\035\202@I\326P\000\346"
 410      B462176A 
 410      43CE4C1D 
 410      824049D6 
 410      5000E6
 411 089a A1A5A9EC 		.ascii	"\241\245\251\354{m4\201r\266\214\345@\253\202\377\001"
 411      7B6D3481 
 411      72B68CE5 
 411      40AB82FF 
 411      01
 412 08ab 0C8B2929 		.ascii	"\014\213))<\246\354X\336\246\273ta\3308\267\305\245"
 412      3CA6EC58 
 412      DEA6BB74 
 412      61D838B7 
 412      C5A5
 413 08bd 7167DC14 		.ascii	"qg\334\024\366\355\262p\231\354\233\213\274*\356\012"
 413      F6EDB270 
 413      99EC9B8B 
 413      BC2AEE0A 
 414 08cd 0BE71AAF 		.ascii	"\013\347\032\257\322uqk\334\025\356\321u\2721n\362\276"
 414      D275716B 
 414      DC15EED1 
 414      75BA316E 
 414      F2BE
 415 08df B84997C5 		.ascii	"\270I\227\305E\272\371\312\270G\353\2462\357\323o\307"
 415      45BAF9CA 
 415      B847EBA6 
 415      32EFD36F 
 415      C7
 416 08f0 EC92B72D 		.ascii	"\354\222\267-S{\273RCM\033+!aVxPcf-\016\025\026\032"
 416      537BBB52 
 416      434D1B2B 
 416      21615678 
 416      5063662D 
 417 0908 1F98FC18 		.ascii	"\037\230\374\030\003\307I\025\2317_Zh\361\2424e\346"
 417      03C74915 
 417      99375F5A 
 417      68F1A234 
 417      65E6
 418 091a E3839936 		.ascii	"\343\203\2316\\l\025\235\021\306\322jA{\332\342\264"
 418      5C6C159D 
 418      11C6D26A 
 418      417BDAE2 
 418      B4
 419 092b 2CE36669 		.ascii	",\343fi\345\206\2075e\226l\226Lgs\306b#\006)\244\213"
 419      E5868735 
 419      65966C96 
 419      4C6773C6 
 419      62230629 
 420 0941 8BB2DFC3 		.ascii	"\213\262\337\303}\262m6\215\016\227\363\0217\2523\250"
 420      7DB26D36 
 420      8D0E97F3 
 420      1137AA33 
 420      A8
 421 0952 2750A86C 		.ascii	"'P\250l\224\264\027\313\373d\263X2\244\031\367\311\272"
 421      94B417CB 
ARM GAS  C:\Users\PUBLIC~1.LAP\AppData\Local\Temp\cces1TLh.s 			page 32


 421      FB64B358 
 421      32A419F7 
 421      C9BA
 422 0964 59363A63 		.ascii	"Y6:c3\033sUP\316$1\030\264)\026*p\317\303\304\246:\261"
 422      331B7355 
 422      50CE2431 
 422      18B42916 
 422      2A70CFC3 
 423 097c C8239252 		.ascii	"\310#\222R\337\363\250\300\3479\302\337\301\301\366"
 423      DFF3A8C0 
 423      E739C2DF 
 423      C1C1F6
 424 098b 057BA632 		.ascii	"\005{\2462\023`\321\034w\324l\366\354\314(\233f\372"
 424      1360D11C 
 424      77D46CF6 
 424      ECCC289B 
 424      66FA
 425 099d 7E8706BF 		.ascii	"~\207\006\277&\340\264oo5\001\347wc\360w]\360wg\370"
 425      26E0B46F 
 425      6F3501E7 
 425      7763F077 
 425      5DF07767 
 426 09b2 BB27F83B 		.ascii	"\273'\370;0\374\035\022\374\335\020\374\235\017\374"
 426      30FC1D12 
 426      FCDD10FC 
 426      9D0FFC
 427 09c1 5D14FE6E 		.ascii	"]\024\376n\005\374]\013\374\235\021_\347\206\257\033"
 427      05FC5D0B 
 427      FC9D115F 
 427      E786AF1B 
 428 09d1 83AF4BC3 		.ascii	"\203\257K\303\327M\301\327-\301\327ma \335\025\276N"
 428      D74DC1D7 
 428      2DC1D76D 
 428      6120DD15 
 428      BE4E
 429 09e3 0A5FB784 		.ascii	"\012_\267\204\2573\342\357\240\301\267d)\010\000\256"
 429      AF33E2EF 
 429      A0C1B764 
 429      290800AE 
 430 09f3 6AA281D6 		.ascii	"j\242\201\326\327\272\340\341\226\312\177t,\200x\221"
 430      D7BAE0E1 
 430      96CA7F74 
 430      2C807891 
 431 0a03 D1D7EEA4 		.ascii	"\321\327\356\244\341\3570\301\033\264p\207*\\\302N\015"
 431      E1EF30C1 
 431      1BB47087 
 431      2A5CC24E 
 431      0D
 432 0a14 DBA42A0C 		.ascii	"\333\244*\014\232,}\277#\003\177\007\0117Z\325p.@\247"
 432      9A2C7DBF 
 432      23037F07 
 432      09375AD5 
 432      702E40A7 
 433 0a28 8D122516 		.ascii	"\215\022%\026Ll\013\037\225\245\201\371\272\005\333"
 433      4C6C0B1F 
 433      95A581F9 
 433      BA05DB
ARM GAS  C:\Users\PUBLIC~1.LAP\AppData\Local\Temp\cces1TLh.s 			page 33


 434 0a37 85990169 		.ascii	"\205\231\001iv\217]\326\01615\260tuY-\261\025Ke\023"
 434      768F5DD6 
 434      0E3135B0 
 434      7475592D 
 434      B1154B65 
 435 0a4c 155E5E48 		.ascii	"\025^^H\220\330$8\347|D\266\334)a\023\313\322\274Mr"
 435      90D82438 
 435      E77C44B6 
 435      DC296113 
 435      CBD2BC4D 
 436 0a61 AE2DE132 		.ascii	"\256-\3412V\263*dIn~0\231VK\313\325\251\004\306W\232"
 436      56B32A64 
 436      496E7E30 
 436      99564BCB 
 436      D5A904C6 
 437 0a77 CDBAD5C2 		.ascii	"\315\272\325\3025\321\200\223\354\373\266F\376\317\311"
 437      35D18093 
 437      ECFBB646 
 437      FECFC9
 438 0a86 71BB927A 		.ascii	"q\273\222z\323\367:PX\257L\213e\215d@\231\231\032p\265"
 438      D3F73A50 
 438      58AF4C8B 
 438      658D6440 
 438      99991A70 
 439 0a9b 6425C42D 		.ascii	"d%\304-g'\005\344\230\232\306\246\253\035\2276\036b"
 439      672705E4 
 439      989AC6A6 
 439      AB1D9736 
 439      1E62
 440 0aad FA3EE70B 		.ascii	"\372>\347\013\276\005b\203\334\012\371/\304\022\251"
 440      BE056283 
 440      DC0AF92F 
 440      C412A9
 441 0abc 3B32D296 		.ascii	";2\322\226\005\270\320\346\243\314-;9m\200\200\021)"
 441      05B8D0E6 
 441      A3CC2D3B 
 441      396D8080 
 441      1129
 442 0ace 5C6FBB25 		.ascii	"\\o\273%\362\333!\355\324H\014rF\223s\336\340\212eQ"
 442      F2DB21ED 
 442      D4480C72 
 442      469373DE 
 442      E08A6551 
 443 0ae2 92D2B773 		.ascii	"\222\322\267s\224\030Cm\326\233\220\324\360z\035)eQ"
 443      9418436D 
 443      D69B90D4 
 443      F07A1D29 
 443      6551
 444 0af4 D8D0EC8E 		.ascii	"\330\320\354\216\224\307\034}k6!g\014r\306\307\250\245"
 444      94C71C7D 
 444      6B362167 
 444      0C72C6C7 
 444      A8A5
 445 0b06 8AF48A32 		.ascii	"\212\364\2122\346c\024\233\017\322K\231\354\000\331"
 445      E663149B 
 445      0FD24B99 
 445      EC00D9
ARM GAS  C:\Users\PUBLIC~1.LAP\AppData\Local\Temp\cces1TLh.s 			page 34


 446 0b15 8C62CA47 		.ascii	"\214b\312Ge\262\346\343QF6s\366\311Y\231\221\315\243"
 446      65B2E6E3 
 446      51463673 
 446      F6C95999 
 446      91CDA3
 447 0b28 64C53A2A 		.ascii	"d\305:*32+\223\025\231\243\224>\310\243\322\230\275"
 447      33322B93 
 447      1599A394 
 447      3EC8A3D2 
 447      98BD
 448 0b3a A2967CB2 		.ascii	"\242\226|\262WT\022\351\025\225\364A6\217rn\036\031"
 448      575412E9 
 448      1595F441 
 448      368F726E 
 448      1E19
 449 0b4c 3BC8F928 		.ascii	";\310\371(\211\364\372\221\364\311\307(#\322\353h\311"
 449      89F4FA91 
 449      F4C9C728 
 449      23D2EB68 
 449      C9
 450 0b5d 849C8D3D 		.ascii	"\204\234\215=\226\306jD\352\322\221\275\216\224:\211"
 450      96C66A44 
 450      EAD291BD 
 450      8E943A89 
 451 0b6d CC3372CE 		.ascii	"\3143r\316O\265y\314N9\037\225\031\344.%\362\012\222"
 451      4FB579CC 
 451      4E391F95 
 451      19E42E25 
 451      F20A92
 452 0b80 B22763BD 		.ascii	"\262'c\275X\256\010%HQ\014`P\002\024\003?FB\021\354"
 452      58AE0825 
 452      48510C60 
 452      50021403 
 452      3F464211 
 453 0b95 90F00D89 		.ascii	"\220\360\015\211x9$|C\016\024Q\250\340\363\015\361\212"
 453      7839247C 
 453      430E1451 
 453      A8E0F30D 
 453      F18A
 454 0ba7 C0621005 		.ascii	"\300b\020\005\016(qx\002\007\025PP!\205\0238\244'\320"
 454      0E287178 
 454      02071550 
 454      50218513 
 454      38A427D0 
 455 0bbb 0EA4BC10 		.ascii	"\016\244\274\020D@\205@\242\236\011\242\336\016\005"
 455      44408540 
 455      A29E09A2 
 455      DE0E05
 456 0bca 101FB080 		.ascii	"\020\037\260\200\012\023\240\000/E\213<\336N\010$\246"
 456      0A13A000 
 456      2F458B3C 
 456      DE4E0824 
 456      A6
 457 0bdb C5102180 		.ascii	"\305\020!\200\"z\350\007\250p(\374 H\354\205`\300\010"
 457      227AE807 
 457      A87028FC 
 457      2048EC85 
ARM GAS  C:\Users\PUBLIC~1.LAP\AppData\Local\Temp\cces1TLh.s 			page 35


 457      60C008
 458 0bee 268684C0 		.ascii	"&\206\204\300`\210\"\212b\220G\"\270\202\020\016\020"
 458      6088228A 
 458      62904722 
 458      B882100E 
 458      10
 459 0bff 128188C8 		.ascii	"\022\201\210\310H(\034\012s&\206\304_:\024\346F\364"
 459      48281C0A 
 459      732686C4 
 459      5F3A14E6 
 459      46F4
 460 0c11 50A28B12 		.ascii	"P\242\213\022\215\212nQ\320GL\213h\261\207\022\241 "
 460      8D8A6E51 
 460      D0474C8B 
 460      68B18712 
 460      A120
 461 0c23 847E21F8 		.ascii	"\204~!\370\371t)/\347?\020J0\362\215\330\021Q\340\010"
 461      F974292F 
 461      E73F104A 
 461      30F28DD8 
 461      1151E008 
 462 0c37 602A4485 		.ascii	"`*D\205\200:C\"\312\202{S\336\010\036\260p\010,\022"
 462      803A4322 
 462      CA827B53 
 462      DE081EB0 
 462      70082C12 
 463 0c4b D112C4B4 		.ascii	"\321\022\304\264(\207uN\244\276\034\0215\201\012\211"
 463      2887754E 
 463      A4BE1C11 
 463      35810A89 
 464 0c5b A810D110 		.ascii	"\250\020\321\020\030\004\022\221\310I\213\202(J,\332"
 464      18041291 
 464      C8498B82 
 464      284A2CDA 
 465 0c6b C13A280B 		.ascii	"\301:(\013\200E]\320H\250\333\025}z\214|#tBh\011\"Z"
 465      80455DD0 
 465      48A8DB15 
 465      7D7A8C7C 
 465      23744268 
 466 0c82 4489BC22 		.ascii	"D\211\274\"\212\"\017\000<=)\257\204T\0104\312\361F"
 466      8A220F00 
 466      3C3D29AF 
 466      84540834 
 466      CAF146
 467 0c95 8C1862E8 		.ascii	"\214\030b\350\241\304\011\014\011\201$\210C\022l0\374"
 467      A1C4090C 
 467      09812488 
 467      43126C30 
 467      FC
 468 0ca6 00101AEC 		.ascii	"\000\020\032\354u\000\005\005\204\204\300\013h8\201"
 468      75000505 
 468      8484C00B 
 468      683881
 469 0cb5 76A00745 		.ascii	"v\240\007E\261\303\317g\037\202\264H\004^`\010\005\361"
 469      B1C3CF67 
 469      1F82B448 
 469      045E6008 
ARM GAS  C:\Users\PUBLIC~1.LAP\AppData\Local\Temp\cces1TLh.s 			page 36


 469      05F1
 470 0cc7 F361B808 		.ascii	"\363a\270\010\301\017N\240)q\350\323y\360\003\022J\004"
 470      C10F4EA0 
 470      2971E8D3 
 470      79F00312 
 470      4A04
 471 0cd9 893DFC11 		.ascii	"\211=\374\021<\330\224\247K\205(\221h\344CA\304\245"
 471      3CD894A7 
 471      4B852891 
 471      68E44341 
 471      C4A5
 472 0ceb 3C0D292F 		.ascii	"<\015)/\007\015\002sE\"\032\004\032\245D`\011\336\317"
 472      070D0273 
 472      45221A04 
 472      1AA54460 
 472      09DECF
 473 0cfe 07809447 		.ascii	"\007\200\224G\324+ADS!\260\210\242\270\303\245\274\236"
 473      D42B4144 
 473      5321B088 
 473      A2B8C3A5 
 473      BC9E
 474 0d10 B49812A1 		.ascii	"\264\230\022\241B\274\237o'\204KK\234)O\207\367\363"
 474      42BC9F6F 
 474      27844B4B 
 474      9C294F87 
 474      F7F3
 475 0d22 ED0CA1C4 		.ascii	"\355\014\241\304\\\312\313\021\002\362r)\357\374\017"
 475      5CCACB11 
 475      02F27229 
 475      EFFC0F
 476 0d31 0406A43C 		.ascii	"\004\006\244<\336\3165\362\215 \336\224\207\301\020"
 476      DECE35F2 
 476      8D20DE94 
 476      87C110
 477 0d40 70848621 		.ascii	"p\204\206!\340\010\341\320w\022\015\207EA\334\305\015"
 477      E008E1D0 
 477      77120D87 
 477      4541DCC5 
 477      0D
 478 0d51 813F2852 		.ascii	"\201?(R \221\367\363\371\024\235D\241\037J\034\372~"
 478      2091F7F3 
 478      F9149D44 
 478      A11F4A1C 
 478      FA7E
 479 0d63 3E0E297C 		.ascii	">\016)|@B\211\024@L\200C\221\203p\030\014\016}\022H"
 479      40428914 
 479      404C8043 
 479      91837018 
 479      0C0E7D12 
 480 0d78 4FA0A970 		.ascii	"O\240\251p\350\323\235H}\251\020\310K\211\303\242\235"
 480      E8D39D48 
 480      7DA910C8 
 480      4B89C3A2 
 480      9D
 481 0d89 A2629F48 		.ascii	"\242b\237H}\226x\246\274\035\352\023\366\322\242\020"
 481      7D9678A6 
 481      BC1DEA13 
ARM GAS  C:\Users\PUBLIC~1.LAP\AppData\Local\Temp\cces1TLh.s 			page 37


 481      F6D2A210 
 482 0d99 C82B0E79 		.ascii	"\310+\016y?\037\017\021\025\232\030\342\320`Ox\321b"
 482      3F1F0F11 
 482      159A18E2 
 482      D0604F78 
 482      D162
 483 0dab 4F444F38 		.ascii	"ODO8\004$\352\221H\213:BB\264\227b4\355\245E\\\312C"
 483      0424EA91 
 483      488B3A42 
 483      42B49762 
 483      34EDA545 
 484 0dc2 8586C134 		.ascii	"\205\206\3014W\034\352\021\215\300\245\2744W\034\201"
 484      571CEA11 
 484      8DC0A5BC 
 484      34571C81 
 485 0dd2 12AF0F55 		.ascii	"\022\257\017U\201\210!\011C\305 \012!\342\211\012\015"
 485      81882109 
 485      43C5200A 
 485      21E2890A 
 485      0D
 486 0de3 7D29F004 		.ascii	"})\360\004\212\213T b\230\2328S\036\352\023\242Dt\004"
 486      8A8B5420 
 486      62989A38 
 486      531EEA13 
 486      A2447404 
 487 0df7 4ACC90F2 		.ascii	"J\314\220\362\212\210ij\002\227\362\206\212A\334P\261"
 487      8A88696A 
 487      0297F286 
 487      8A41DC50 
 487      B1
 488 0e08 984389C3 		.ascii	"\230C\211\303_Q/\210\352\212\202h15q\026\235H\203\251"
 488      5F512F88 
 488      EA8A8268 
 488      31357116 
 488      9D4883A9 
 489 0e1c 89D3047A 		.ascii	"\211\323\004z\032\325\224\227\303\373\371rCB`\012\354"
 489      1AD59497 
 489      C3FBF972 
 489      4342600A 
 489      EC
 490 0e2d 99C80D15 		.ascii	"\231\310\015\025\2038\345\221(\366\202\251\020-\201"
 490      8338E591 
 490      28F682A9 
 490      102D81
 491 0e3c EE0C0981 		.ascii	"\356\014\011\201BB\264\010\305'\320\324(x\"\015\346"
 491      4242B408 
 491      C527D0D4 
 491      2878220D 
 491      E6
 492 0e4d 525E9A1B 		.ascii	"R^\232\033\002\211ED=\224\210\205z(\361\227\012\201"
 492      02894544 
 492      3D948885 
 492      7A28F197 
 492      0A81
 493 0e5f BDA04ECA 		.ascii	"\275\240N\312\343\371\017\004b\357\347\273C\305 \317"
 493      E3F90F04 
 493      62EFE7BB 
ARM GAS  C:\Users\PUBLIC~1.LAP\AppData\Local\Temp\cces1TLh.s 			page 38


 493      43C520CF 
 494 0e6f 0714F68A 		.ascii	"\007\024\366\212r\206\214D\240B\274 \232\026Q\024y?"
 494      72868C44 
 494      A042BC20 
 494      9A165114 
 494      793F
 495 0e81 5FCF9008 		.ascii	"_\317\220\010!\373\037\010\305\264\010$\372\3718\240"
 495      21FB1F08 
 495      C5B40824 
 495      FAF938A0 
 496 0e91 4246443E 		.ascii	"BFD>!\360C\011\224XtS\236\016j\204\032\255\200\367\363"
 496      21F04309 
 496      94587453 
 496      9E0E6A84 
 496      1AAD80F7 
 497 0ea6 E193E0E1 		.ascii	"\341\223\340\341\204\002\210\240\003\030\300>\020P\020"
 497      840288A0 
 497      0318C03E 
 497      105010
 498 0eb5 D3227008 		.ascii	"\323\"p\010%\376|\034|\304\"\207\224\310\2418\344\240"
 498      25FE7C1C 
 498      7CC42287 
 498      94C8A138 
 498      E4A0
 499 0ec7 82078022 		.ascii	"\202\007\200\"\200\277\023B\214\020\202\207\242 \232"
 499      80BF1342 
 499      8C108287 
 499      A2209A
 500 0ed6 8640F133 		.ascii	"\206@\3613\002\022\361z\035:\204p@\005DHO\240\302\373"
 500      0212F17A 
 500      1D3A8470 
 500      40054448 
 500      4FA0C2FB 
 501 0eea 2851EE94 		.ascii	"(Q\356\224\012%\311\232'R~\247t\017\034\245\213\013"
 501      0A25C99A 
 501      27527EA7 
 501      740F1CA5 
 501      8B0B
 502 0efc E59599D6 		.ascii	"\345\225\231\326\006`\304\302\312\254r\324v\000I^(D"
 502      0660C4C2 
 502      CAAC72D4 
 502      7600495E 
 502      2844
 503 0f0e 5A48B354 		.ascii	"ZH\263Tk\3627\271NP0\346|\324\314P\274\2453I,\262_'"
 503      6BF237B9 
 503      4E5030E6 
 503      7CD4CC50 
 503      BCA53349 
 504 0f26 D56C97CB 		.ascii	"\325l\227\313\272\364\360\261\301\344F\355\266\312\244"
 504      BAF4F0B1 
 504      C1E446ED 
 504      B6CAA4
 505 0f35 9A965823 		.ascii	"\232\226X#3\250\340\334\261\377\212\331'\2736+RY}s\365"
 505      33A8E0DC 
 505      B1FF8AD9 
 505      27BB362B 
 505      52597D73 
ARM GAS  C:\Users\PUBLIC~1.LAP\AppData\Local\Temp\cces1TLh.s 			page 39


 506 0f4a E7BC601E 		.ascii	"\347\274`\036~\303x|\340h\012\353{\336\257\234\266&"
 506      7EC3787C 
 506      E0680AEB 
 506      7BDEAF9C 
 506      B626
 507 0f5c 67657D43 		.ascii	"ge}C\360\360\253\004\207\343\212\005\213\276\\\277]"
 507      F0F0AB04 
 507      87E38A05 
 507      8BBE5CBF 
 507      5D
 508 0f6d 5C697C96 		.ascii	"\\i|\226\232\315*P\254\204\370\244\320\372\335\322\272"
 508      9ACD2A50 
 508      AC84F8A4 
 508      D0FADDD2 
 508      BA
 509 0f7e CC8338CA 		.ascii	"\314\2038\3129E\316Y\314S\013\233\332\0337G\376#\227"
 509      3945CE59 
 509      CC530B9B 
 509      DA1B3747 
 509      FE2397
 510 0f91 59038356 		.ascii	"Y\003\203V\250\202\0115\211\262\016\231\031\221\021"
 510      A8820935 
 510      89B20E99 
 510      199111
 511 0fa0 194993A4 		.ascii	"\031I\223\244\003\202\012\020\212\204i\232\246\232\017"
 511      03820A10 
 511      8A84699A 
 511      A69A0F
 512 0faf 12204435 		.ascii	"\022 D5\020\203\014!\242\031IIJ\312\251T\232\003Ng\243"
 512      10830C21 
 512      A2194949 
 512      4ACAA954 
 512      9A034E67 
 513 0fc4 0ABCCD5C 		.ascii	"\012\274\315\\\340\305P\266\216L*\35688=\313\215\214"
 513      E0C550B6 
 513      8E4C2AEE 
 513      38383DCB 
 513      8D8C
 514 0fd6 6F7470A9 		.ascii	"otp\251\011\012\263\341\260\371Q\223\010\012\030\315"
 514      090AB3E1 
 514      B0F95193 
 514      080A18CD 
 515 0fe6 4F3C8A2B 		.ascii	"O<\212+\240!\334\222\000\"\240\217N\367Ld{\262\243\267"
 515      A021DC92 
 515      0022A08F 
 515      4EF74C64 
 515      7BB2A3B7 
 516 0ffa 3A628EEB 		.ascii	":b\216\353n\222\302\324\3051\260\3322\214\273\007\210"
 516      6E92C2D4 
 516      C531B0DA 
 516      328CBB07 
 516      88
 517 100b 0428311B 		.ascii	"\004(1\033?\253\024%\003K\325\242\266V\210s6Rl\334\230"
 517      3FAB1425 
 517      034BD5A2 
 517      B6568873 
 517      36526CDC 
ARM GAS  C:\Users\PUBLIC~1.LAP\AppData\Local\Temp\cces1TLh.s 			page 40


 518 1020 C20B1B79 		.ascii	"\302\013\033y\031\253\214\017\014\341\230\334\264\234"
 518      19AB8C0F 
 518      0CE198DC 
 518      B49C
 519 102e D92E105F 		.ascii	"\331.\020_1\0136v\334\377?\025i\274\353\002B}f\374 "
 519      310B3676 
 519      DCFF3F15 
 519      69BCEB02 
 519      427D66FC 
 520 1043 1E658040 		.ascii	"\036e\200@\331[3\202\264\250i2\252\303\206\220\336\314"
 520      D95B3382 
 520      B4A86932 
 520      AAC38690 
 520      DECC
 521 1055 EDFB5C70 		.ascii	"\355\373\\p\255R#n:\251d/r0\367Y\244K\235\376\207\230"
 521      AD52236E 
 521      3AA9642F 
 521      7230F759 
 521      A44B9DFE 
 522 106b BA00C701 		.ascii	"\272\000\307\001FGN6\017Fi\216\320\265B\016\201\234"
 522      46474E36 
 522      0F46698E 
 522      D0B5420E 
 522      819C
 523 107d 79BB160F 		.ascii	"y\273\026\017\015\323\257\356\013\177\335\305\226^\271"
 523      0DD3AFEE 
 523      0B7FDDC5 
 523      965EB9
 524 108c 65A7A1F2 		.ascii	"e\247\241\362B-d\345\211s\204\202=\033A6<\304e\003\035"
 524      422D64E5 
 524      89738482 
 524      3D1B4136 
 524      3CC46503 
 525 10a1 E80535C3 		.ascii	"\350\0055\303\323K\372m\342\032\325\270\230g\317\317"
 525      D34BFA6D 
 525      E21AD5B8 
 525      9867CFCF 
 526 10b1 F517B07E 		.ascii	"\365\027\260~~\016a's\315\333\263\323\350\001\365\275"
 526      7E0E6127 
 526      73CDDBB3 
 526      D3E801F5 
 526      BD
 527 10c2 5C74AA90 		.ascii	"\\t\252\220\253z\325<\235\272\343\255\230v}4\321\374"
 527      AB7AD53C 
 527      9DBAE3AD 
 527      98767D34 
 527      D1FC
 528 10d4 16E067DA 		.ascii	"\026\340g\332\340\334\224\235\306\206x\0246xQ\342)\302"
 528      E0DC949D 
 528      C6867814 
 528      367851E2 
 528      29C2
 529 10e6 EC60B9EF 		.ascii	"\354`\271\357,\327\024\241\012\306\276P|\370\264x\307"
 529      2CD714A1 
 529      0AC6BE50 
 529      7CF8B478 
 529      C7
ARM GAS  C:\Users\PUBLIC~1.LAP\AppData\Local\Temp\cces1TLh.s 			page 41


 530 10f7 8A12C6B3 		.ascii	"\212\022\306\263\035\365\234\207h\266J\276\321\253\225"
 530      1DF59C87 
 530      68B64ABE 
 530      D1AB95
 531 1106 C92B238E 		.ascii	"\311+#\216[!(X\"\327\\\264\207\314\023\256!\360q\210"
 531      5B212858 
 531      22D75CB4 
 531      87CC13AE 
 531      21F07188 
 532 111a ABF26AF7 		.ascii	"\253\362j\367\362xJ\205%\225\376\366\337\017\341\276"
 532      F2784A85 
 532      2595FEF6 
 532      DF0FE1BE 
 533 112a 6C9BEB2A 		.ascii	"l\233\353*\2321`\2147*\307\013\023\327\341\237\246C"
 533      9A31608C 
 533      372AC70B 
 533      13D7E19F 
 533      A643
 534 113c 1884CCFF 		.ascii	"\030\204\314\377\013\246\034\265\332\206G\355\305\321"
 534      0BA61CB5 
 534      DA8647ED 
 534      C5D1
 535 114a 960DE724 		.ascii	"\226\015\347$\352\032\210\013a\373\224H\335\235U-\030"
 535      EA1A880B 
 535      61FB9448 
 535      DD9D552D 
 535      18
 536 115b EEDD7595 		.ascii	"\356\335u\225Vp&\225\006;\326\325\241\301\370ZFiD\005"
 536      56702695 
 536      063BD6D5 
 536      A1C1F85A 
 536      46694405 
 537 116f 455EA9B9 		.ascii	"E^\251\271\0053\201\241FQ\377\316\263\206\236\224Pb"
 537      053381A1 
 537      4651FFCE 
 537      B3869E94 
 537      5062
 538 1181 26980FC3 		.ascii	"&\230\017\3032\246\020\006\020\007\023\326\360T\314"
 538      32A61006 
 538      100713D6 
 538      F054CC
 539 1190 0F2B2703 		.ascii	"\017+'\0032\031\002\036?TD\262S\304\272\"J.\350D|o\031"
 539      3219021E 
 539      3F5444B2 
 539      53C4BA22 
 539      4A2EE844 
 540 11a7 8550EEA5 		.ascii	"\205P\356\245\307\304}\330\2035\0175\320\256 8\346*"
 540      C7C47DD8 
 540      83350F35 
 540      D0AE2038 
 540      E62A
 541 11b9 91B4F72D 		.ascii	"\221\264\367-\000\301\301\333\341\344\026\317\344\366"
 541      00C1C1DB 
 541      E1E416CF 
 541      E4F6
 542 11c7 841F20C6 		.ascii	"\204\037 \306s\263\263j@\207#\001\024\276s\206\341N"
 542      73B3B36A 
ARM GAS  C:\Users\PUBLIC~1.LAP\AppData\Local\Temp\cces1TLh.s 			page 42


 542      40872301 
 542      14BE7386 
 542      E14E
 543 11d9 EE669F5B 		.ascii	"\356f\237[\026\222\022N\215\243q\1775\036\253\356w\004"
 543      1692124E 
 543      8DA3717F 
 543      351EABEE 
 543      7704
 544 11eb 52FE1BB2 		.ascii	"R\376\033\262\213\200\343S\350BfP\322\264\206\202C\000"
 544      8B80E353 
 544      E8426650 
 544      D2B48682 
 544      4300
 545 11fd A629A96A 		.ascii	"\246)\251jHE&Z\213\020\373\362\325u\212\300\232\353"
 545      4845265A 
 545      8B10FBF2 
 545      D5758AC0 
 545      9AEB
 546 120f 1A6C4CF8 		.ascii	"\032lL\370\275\206\364\022\367aU\011\236\217\341\253"
 546      BD86F412 
 546      F7615509 
 546      9E8FE1AB 
 547 121f 51B2572C 		.ascii	"Q\262W,\303\344\315\331Z\037\037\015\311\376\372\235"
 547      C3E4CDD9 
 547      5A1F1F0D 
 547      C9FEFA9D 
 548 122f 43859195 		.ascii	"C\205\221\225a\232 A\277\200?\257{:Q\321\351\031\206"
 548      619A2041 
 548      BF803FAF 
 548      7B3A51D1 
 548      E91986
 549 1242 B6A1ACF8 		.ascii	"\266\241\254\370s4\2341\270\237\366\232w\246Xt+z\372"
 549      73349C31 
 549      B89FF69A 
 549      77A65874 
 549      2B7AFA
 550 1255 9CAD7785 		.ascii	"\234\255w\205\225\334G\261y\320\346\300\305S\005\220"
 550      95DC47B1 
 550      79D0E6C0 
 550      C5530590 
 551 1265 053F7DAB 		.ascii	"\005?}\253b\331\020o1\316\315\256\337\215\015J+G\030"
 551      62D9106F 
 551      31CECDAE 
 551      DF8D0D4A 
 551      2B4718
 552 1278 6D5A0697 		.ascii	"mZ\006\227\346=\214\366\270q\216'=\035\021W\004|\274"
 552      E63D8CF6 
 552      B8718E27 
 552      3D1D1157 
 552      047CBC
 553 128b 308781E8 		.ascii	"0\207\201\350\324\366\035T!\264D\300!\016\216\240\223"
 553      D4F61D54 
 553      21B444C0 
 553      210E8EA0 
 553      93
 554 129c 02508CD4 		.ascii	"\002P\214\3248Q\313\310\224\317o\303\327\311\245m\007"
 554      3851CBC8 
ARM GAS  C:\Users\PUBLIC~1.LAP\AppData\Local\Temp\cces1TLh.s 			page 43


 554      94CF6FC3 
 554      D7C9A56D 
 554      07
 555 12ad 9678FA11 		.ascii	"\226x\372\021\266\030rn^\320\223\307ov\353C\010\010"
 555      B618726E 
 555      5ED093C7 
 555      6F76EB43 
 555      0808
 556 12bf DAED264F 		.ascii	"\332\355&O\022\006\207\023\022\224\0218\314\255\275"
 556      12068713 
 556      12941138 
 556      CCADBD
 557 12ce 0AA70BC0 		.ascii	"\012\247\013\300<\010\032\341d\263\270*\016H\267d\323"
 557      3C081AE1 
 557      64B3B82A 
 557      0E48B764 
 557      D3
 558 12df 717B1C03 		.ascii	"q{\034\003\247\350d\024\201<K\274Y|\335\273o\310\221"
 558      A7E86414 
 558      813C4BBC 
 558      597CDDBB 
 558      6FC891
 559 12f2 A37A914C 		.ascii	"\243z\221L\205B\025x\311\177KI\"\026?\247\200\364\201"
 559      85421578 
 559      C97F4B49 
 559      22163FA7 
 559      80F481
 560 1305 8AE9ACD1 		.ascii	"\212\351\254\321\030G\375\321\010G\243OJ\202\335_{\367"
 560      1847FDD1 
 560      0847A34F 
 560      4A82DD5F 
 560      7BF7
 561 1317 43B848D1 		.ascii	"C\270H\321\2279\365C[\333\333\320\035\315\224\273\303"
 561      9739F543 
 561      5BDBDBD0 
 561      1DCD94BB 
 561      C3
 562 1328 C83B59EE 		.ascii	"\310;Y\356\035_\234\365\315\376+\206\\7\202\177\377"
 562      1D5F9CF5 
 562      CDFE2B86 
 562      5C37827F 
 562      FF
 563 1339 23024C38 		.ascii	"#\002L8\356E\254\007\031FD \301\230L\307~g\237\343\375"
 563      EE45AC07 
 563      19464420 
 563      C1984CC7 
 563      7E679FE3 
 564 134e DE32A920 		.ascii	"\3362\251 \313\225\005$ \010\310/\373\357\341j\030\326"
 564      CB950524 
 564      2008C82F 
 564      FBEFE16A 
 564      18D6
 565 1360 A2E3DE63 		.ascii	"\242\343\336c\014\2443}\3161o)\252+\313\263jnS\341\210"
 565      0CA4337D 
 565      CE316F29 
 565      AA2BCBB3 
 565      6A6E53E1 
ARM GAS  C:\Users\PUBLIC~1.LAP\AppData\Local\Temp\cces1TLh.s 			page 44


 566 1375 F749A5C3 		.ascii	"\367I\245\303EJ'\025b\005\377q\353\030U\227\243\200"
 566      454A2715 
 566      6205FF71 
 566      EB185597 
 566      A380
 567 1387 B88852FC 		.ascii	"\270\210R\374Y\354/\327\265~\366v\225\003\260\366\370"
 567      59EC2FD7 
 567      B57EF676 
 567      9503B0F6 
 567      F8
 568 1398 84D47B2A 		.ascii	"\204\324{*\205\237\252\003\"\344\224\335\265\006\015"
 568      859FAA03 
 568      22E494DD 
 568      B5060D
 569 13a7 2EEF480B 		.ascii	".\357H\013\013\263\014Kl\366w\253\001\254\244\375}\006"
 569      0BB30C4B 
 569      6CF677AB 
 569      01ACA4FD 
 569      7D06
 570 13b9 C2E0395A 		.ascii	"\302\3409ZKq\012T\010r\231\001\247@\371\227-/T7M\210"
 570      4B710A54 
 570      08729901 
 570      A740F997 
 570      2D2F5437 
 571 13cf 0F93C78F 		.ascii	"\017\223\307\2172lI\241\252\340T4\263H<\004\237\327"
 571      326C49A1 
 571      AAE05434 
 571      B3483C04 
 571      9FD7
 572 13e1 8FABDF62 		.ascii	"\217\253\337bA\307\337L\0370\365\357\016M`\263\243\367"
 572      41C7DF4C 
 572      1F30F5EF 
 572      0E4D60B3 
 572      A3F7
 573 13f3 6351D762 		.ascii	"cQ\327b\254\215\343\222\350$\342L\372\322\327\242 \226"
 573      AC8DE392 
 573      E824E24C 
 573      FAD2D7A2 
 573      2096
 574 1405 BF9B6A3C 		.ascii	"\277\233j<\314\337\327d\250\270t-C=\004d\202\363p\005"
 574      CCDFD764 
 574      A8B8742D 
 574      433D0464 
 574      82F37005 
 575 1419 0163CCFA 		.ascii	"\001c\314\372\225\250\262\200\265O\377\330\264f\244"
 575      95A8B280 
 575      B54FFFD8 
 575      B466A4
 576 1428 B6675CDC 		.ascii	"\266g\\\334\242\366\252*S*\313\2248c^\257W\212I(\312"
 576      A2F6AA2A 
 576      532ACB94 
 576      38635EAF 
 576      578A4928 
 577 143d CFDA43BD 		.ascii	"\317\332C\275[\223\257\007\203\3238\005\253!1\323\357"
 577      5B93AF07 
 577      83D33805 
 577      AB2131D3 
ARM GAS  C:\Users\PUBLIC~1.LAP\AppData\Local\Temp\cces1TLh.s 			page 45


 577      EF
 578 144e FAB85921 		.ascii	"\372\270Y!\222\341L\342\311)B51=k\235O\014\\\241\243"
 578      92E14CE2 
 578      C9294235 
 578      313D6B9D 
 578      4F0C5CA1 
 579 1463 C2C24582 		.ascii	"\302\302E\202\324\220\214\232\237\216\022\330>Ij\244"
 579      D4908C9A 
 579      9F8E12D8 
 579      3E496AA4 
 580 1473 2F87178E 		.ascii	"/\207\027\216k\340\265\317\005\035\300\234\300\237\025"
 580      6BE0B5CF 
 580      051DC09C 
 580      C09F15
 581 1482 814A4003 		.ascii	"\201J@\003\235\315\023\375r#\027,\005sHF!\3752\260\235"
 581      9DCD13FD 
 581      7223172C 
 581      05734846 
 581      21FD32B0 
 582 1497 2264957E 		.ascii	"\"d\225~\270\363\213U\373\326\254@\241\207\026\015\003"
 582      B8F38B55 
 582      FBD6AC40 
 582      A187160D 
 582      03
 583 14a8 881E16B7 		.ascii	"\210\036\026\267\030P\373\350C\227R\344,`4Wl\010\022"
 583      1850FBE8 
 583      439752E4 
 583      2C603457 
 583      6C0812
 584 14bb 00AF2A18 		.ascii	"\000\257*\030P\365\361.3\337Trm\237\034\271c'\304\025"
 584      50F5F12E 
 584      33DF5472 
 584      6D9F1CB9 
 584      6327C415 
 585 14cf 4EFA068E 		.ascii	"N\372\006\2162rhI\0173\012\305zN\322\226:|\271\032\357"
 585      32726849 
 585      0F330AC5 
 585      7A4ED296 
 585      3A7CB91A 
 586 14e4 E783F2C2 		.ascii	"\347\203\362\302\027\334\006!G;\243\261|=\270\010\330"
 586      17DC0621 
 586      473BA3B1 
 586      7C3DB808 
 586      D8
 587 14f5 03F2C941 		.ascii	"\003\362\311AL\374>\202a1\205\236\316\335\255\353\207"
 587      4CFC3E82 
 587      6131859E 
 587      CEDDADEB 
 587      87
 588 1506 ECDF7372 		.ascii	"\354\337sr\241\224\036\036\372\260\207\314\330\353\014"
 588      A1941E1E 
 588      FAB087CC 
 588      D8EB0C
 589 1515 F963E6C1 		.ascii	"\371c\346\301&\274\230\245\344\253\211\002\236D\314"
 589      26BC98A5 
 589      E4AB8902 
 589      9E44CC
ARM GAS  C:\Users\PUBLIC~1.LAP\AppData\Local\Temp\cces1TLh.s 			page 46


 590 1524 6896FF0B 		.ascii	"h\226\377\013Z@_w\002+T\\ ?\241\221fH\\\265d1M\340\307"
 590      5A405F77 
 590      022B545C 
 590      203FA191 
 590      66485CB5 
 591 153d DD2C0E4D 		.ascii	"\335,\016M\376m,\033x\221\253lA\245'$\014\261\266\031"
 591      FE6D2C1B 
 591      7891AB6C 
 591      41A52724 
 591      0CB1B619 
 592 1551 8845DD63 		.ascii	"\210E\335c\227\0123\350\326\035z\332\364\215!8\346\223"
 592      970A33E8 
 592      D61D7ADA 
 592      F48D2138 
 592      E693
 593 1563 9ACE8482 		.ascii	"\232\316\204\202\264\320\3615D\253g\032\363\254\221"
 593      B4D0F135 
 593      44AB671A 
 593      F3AC91
 594 1572 82D73A3D 		.ascii	"\202\327:=2tKBB\214\336Y\010\234\331\316\274\234B\272"
 594      32744B42 
 594      428CDE59 
 594      089CD9CE 
 594      BC9C42BA 
 595 1586 0C0F6AE3 		.ascii	"\014\017j\343@,\212\252\012\226\2235\367hoC\026\016"
 595      402C8AAA 
 595      0A969335 
 595      F7686F43 
 595      160E
 596 1598 B8B01C00 		.ascii	"\270\260\034\000a\025\000\202\330X\177\005\034\015+"
 596      61150082 
 596      D8587F05 
 596      1C0D2B
 597 15a7 666C6495 		.ascii	"fld\225\227_S\366P\223l\006#\262\306\362P7\227\315>"
 597      975F53F6 
 597      50936C06 
 597      23B2C6F2 
 597      503797CD 
 598 15bc FCC867E7 		.ascii	"\374\310g\347\265\177\025\"$\230\025\227\205\331\324"
 598      B57F1522 
 598      24981597 
 598      85D9D4
 599 15cb 7D3ABA9E 		.ascii	"}:\272\236]\223\025\012\376t}\210X\007\314=\325\342"
 599      5D93150A 
 599      FE747D88 
 599      5807CC3D 
 599      D5E2
 600 15dd 66946893 		.ascii	"f\224h\223\230\262\326$?\302}\000\002H\026{\376\231"
 600      98B2D624 
 600      3FC27D00 
 600      0248167B 
 600      FE99
 601 15ef 6F12BC70 		.ascii	"o\022\274p;\335\333\353\340\343w\263Kr\013\336,\370"
 601      3BDDDBEB 
 601      E0E377B3 
 601      4B720BDE 
 601      2CF8
ARM GAS  C:\Users\PUBLIC~1.LAP\AppData\Local\Temp\cces1TLh.s 			page 47


 602 1601 BBE71D12 		.ascii	"\273\347\035\022\353\363M\205{hK\347\2669l\335\272l"
 602      EBF34D85 
 602      7B684BE7 
 602      B6396CDD 
 602      BA6C
 603 1613 86C7D877 		.ascii	"\206\307\330wNWb\177U\300\307t\376S\034\335e\226\015"
 603      4E57627F 
 603      55C0C774 
 603      FE531CDD 
 603      65960D
 604 1626 BFFF06DA 		.ascii	"\277\377\006\332\300\336e\264\002"
 604      C0DE65B4 
 604      02
 605              		.text
 606              		.section	.gnu.lto_.symtab.83ad45f6,"e",%progbits
 607 0000 63685265 		.ascii	"chRegFirstThread\000"
 607      67466972 
 607      73745468 
 607      72656164 
 607      00
 608 0011 00       		.ascii	"\000"
 609 0012 00       		.ascii	"\000"
 610 0013 00       		.ascii	"\000"
 611 0014 00000000 		.ascii	"\000\000\000\000\000\000\000\000"
 611      00000000 
 612 001c B6010000 		.ascii	"\266\001\000\000"
 613 0020 63685265 		.ascii	"chRegNextThread\000"
 613      674E6578 
 613      74546872 
 613      65616400 
 614 0030 00       		.ascii	"\000"
 615 0031 00       		.ascii	"\000"
 616 0032 00       		.ascii	"\000"
 617 0033 00000000 		.ascii	"\000\000\000\000\000\000\000\000"
 617      00000000 
 618 003b BD010000 		.ascii	"\275\001\000\000"
 619 003f 63685265 		.ascii	"chRegFindThreadByName\000"
 619      6746696E 
 619      64546872 
 619      65616442 
 619      794E616D 
 620 0055 00       		.ascii	"\000"
 621 0056 00       		.ascii	"\000"
 622 0057 00       		.ascii	"\000"
 623 0058 00000000 		.ascii	"\000\000\000\000\000\000\000\000"
 623      00000000 
 624 0060 C1010000 		.ascii	"\301\001\000\000"
 625 0064 63685265 		.ascii	"chRegFindThreadByPointer\000"
 625      6746696E 
 625      64546872 
 625      65616442 
 625      79506F69 
 626 007d 00       		.ascii	"\000"
 627 007e 00       		.ascii	"\000"
 628 007f 00       		.ascii	"\000"
 629 0080 00000000 		.ascii	"\000\000\000\000\000\000\000\000"
 629      00000000 
ARM GAS  C:\Users\PUBLIC~1.LAP\AppData\Local\Temp\cces1TLh.s 			page 48


 630 0088 C3010000 		.ascii	"\303\001\000\000"
 631 008c 63685265 		.ascii	"chRegFindThreadByWorkingArea\000"
 631      6746696E 
 631      64546872 
 631      65616442 
 631      79576F72 
 632 00a9 00       		.ascii	"\000"
 633 00aa 00       		.ascii	"\000"
 634 00ab 00       		.ascii	"\000"
 635 00ac 00000000 		.ascii	"\000\000\000\000\000\000\000\000"
 635      00000000 
 636 00b4 C7010000 		.ascii	"\307\001\000\000"
 637 00b8 63685F64 		.ascii	"ch_debug\000"
 637      65627567 
 637      00
 638 00c1 00       		.ascii	"\000"
 639 00c2 00       		.ascii	"\000"
 640 00c3 00       		.ascii	"\000"
 641 00c4 00000000 		.ascii	"\000\000\000\000\000\000\000\000"
 641      00000000 
 642 00cc 1E020000 		.ascii	"\036\002\000\000"
 643 00d0 63683000 		.ascii	"ch0\000"
 644 00d4 00       		.ascii	"\000"
 645 00d5 02       		.ascii	"\002"
 646 00d6 00       		.ascii	"\000"
 647 00d7 00000000 		.ascii	"\000\000\000\000\000\000\000\000"
 647      00000000 
 648 00df B9010000 		.ascii	"\271\001\000\000"
 649 00e3 63685468 		.ascii	"chThdRelease\000"
 649      6452656C 
 649      65617365 
 649      00
 650 00f0 00       		.ascii	"\000"
 651 00f1 02       		.ascii	"\002"
 652 00f2 00       		.ascii	"\000"
 653 00f3 00000000 		.ascii	"\000\000\000\000\000\000\000\000"
 653      00000000 
 654 00fb 22020000 		.ascii	"\"\002\000\000"
 655              		.text
 656              		.section	.gnu.lto_.ext_symtab.83ad45f6,"e",%progbits
 657 0000 01       		.ascii	"\001"
 658 0001 01       		.ascii	"\001"
 659 0002 00       		.ascii	"\000"
 660 0003 01       		.ascii	"\001"
 661 0004 00       		.ascii	"\000"
 662 0005 01       		.ascii	"\001"
 663 0006 00       		.ascii	"\000"
 664 0007 01       		.ascii	"\001"
 665 0008 00       		.ascii	"\000"
 666 0009 01       		.ascii	"\001"
 667 000a 00       		.ascii	"\000"
 668 000b 02       		.ascii	"\002"
 669 000c 00       		.ascii	"\000"
 670 000d 02       		.ascii	"\002"
 671 000e 01       		.ascii	"\001"
 672 000f 01       		.ascii	"\001"
 673 0010 00       		.ascii	"\000"
ARM GAS  C:\Users\PUBLIC~1.LAP\AppData\Local\Temp\cces1TLh.s 			page 49


 674              		.text
 675              		.section	.gnu.lto_.opts,"e",%progbits
 676 0000 272D666E 		.ascii	"'-fno-openmp' '-fno-openacc' '-fno-pie' '-fcf-prote"
 676      6F2D6F70 
 676      656E6D70 
 676      2720272D 
 676      666E6F2D 
 677 0033 6374696F 		.ascii	"ction=none' '-mcpu=cortex-m3' '-mthumb' '-mfloat-ab"
 677      6E3D6E6F 
 677      6E652720 
 677      272D6D63 
 677      70753D63 
 678 0066 693D736F 		.ascii	"i=soft' '-mlibarch=armv7-m' '-march=armv7-m' '-Os' "
 678      66742720 
 678      272D6D6C 
 678      69626172 
 678      63683D61 
 679 0099 272D666F 		.ascii	"'-fomit-frame-pointer' '-falign-functions=16' '-ffu"
 679      6D69742D 
 679      6672616D 
 679      652D706F 
 679      696E7465 
 680 00cc 6E637469 		.ascii	"nction-sections' '-fdata-sections' '-fno-common' '-"
 680      6F6E2D73 
 680      65637469 
 680      6F6E7327 
 680      20272D66 
 681 00ff 666C746F 		.ascii	"flto' '-Xassembler' '-alms=./build/lst/chregistry.l"
 681      2720272D 
 681      58617373 
 681      656D626C 
 681      65722720 
 682 0132 73742700 		.ascii	"st'\000"
 683              		.text
 684              		.comm	__gnu_lto_slim,1,1
 685              		.ident	"GCC: (GNU) 12.2.0"
ARM GAS  C:\Users\PUBLIC~1.LAP\AppData\Local\Temp\cces1TLh.s 			page 50


DEFINED SYMBOLS
                            *ABS*:00000000 chregistry.c
                            *COM*:00000001 __gnu_lto_slim

NO UNDEFINED SYMBOLS
