ARM GAS  C:\Users\PUBLIC~1.LAP\AppData\Local\Temp\cc6Kcumc.s 			page 1


   1              		.cpu cortex-m3
   2              		.arch armv7-m
   3              		.fpu softvfp
   4              		.eabi_attribute 20, 1
   5              		.eabi_attribute 21, 1
   6              		.eabi_attribute 23, 3
   7              		.eabi_attribute 24, 1
   8              		.eabi_attribute 25, 1
   9              		.eabi_attribute 26, 1
  10              		.eabi_attribute 30, 4
  11              		.eabi_attribute 34, 1
  12              		.eabi_attribute 18, 4
  13              		.file	"chrfcu.c"
  14              		.section	.gnu.lto_.profile.83ad4eb8,"e",%progbits
  15 0000 28B52FFD 		.ascii	"(\265/\375 \0061\000\000\002\000\000\000\000\000"
  15      20063100 
  15      00020000 
  15      000000
  16              		.text
  17              		.section	.gnu.lto_.icf.83ad4eb8,"e",%progbits
  18 0000 28B52FFD 		.ascii	"(\265/\375 +\355\000\000\230\037\000\002\000\320\323"
  18      202BED00 
  18      00981F00 
  18      0200D0D3 
  19 0010 9B190402 		.ascii	"\233\031\004\002\000\002\001\214\254\335\252\011\000"
  19      0002018C 
  19      ACDDAA09 
  19      00
  20 001d 0300324B 		.ascii	"\003\0002K\357\256\337\000\026"
  20      EFAEDF00 
  20      16
  21              		.text
  22              		.section	.gnu.lto_.ipa_sra.83ad4eb8,"e",%progbits
  23 0000 28B52FFD 		.ascii	"(\265/\375 \034\265\000\000p\020\000\002\000\001\001"
  23      201CB500 
  23      00701000 
  23      02000101 
  24 0010 02010000 		.ascii	"\002\001\000\000\000\000\003\000\002\000/al\000\013"
  24      00000300 
  24      02002F61 
  24      6C000B
  25              		.text
  26              		.section	.gnu.lto_.inline.83ad4eb8,"e",%progbits
  27 0000 28B52FFD 		.ascii	"(\265/\375 V\275\001\000\024\002J\000\002\000\000\006"
  27      2056BD01 
  27      0014024A 
  27      00020000 
  27      06
  28 0011 808080C0 		.ascii	"\200\200\200\300\002e\001\000\000\002\200\003d\200\002"
  28      02650100 
  28      00028003 
  28      648002
  29 0020 64020000 		.ascii	"d\002\000\000\002\000\010\003\012\002e\000\010\000G"
  29      02000803 
  29      0A026500 
  29      080047
  30 002f 21BA0403 		.ascii	"!\272\004\003'\2162=\224%7gp\011j\003X"
ARM GAS  C:\Users\PUBLIC~1.LAP\AppData\Local\Temp\cc6Kcumc.s 			page 2


  30      278E323D 
  30      94253767 
  30      70096A03 
  30      58
  31              		.text
  32              		.section	.gnu.lto_.jmpfuncs.83ad4eb8,"e",%progbits
  33 0000 28B52FFD 		.ascii	"(\265/\375 \034\305\000\000\220\020\000\002\000\001"
  33      201CC500 
  33      00901000 
  33      020001
  34 000f 01037F02 		.ascii	"\001\003\177\002\002\002\001\001\003\177\002\002\000"
  34      02020101 
  34      037F0202 
  34      00
  35 001c 01001BC0 		.ascii	"\001\000\033\300\002"
  35      02
  36              		.text
  37              		.section	.gnu.lto_.pureconst.83ad4eb8,"e",%progbits
  38 0000 28B52FFD 		.ascii	"(\265/\375 \013Y\000\000\007\000\000\000\002\000\230"
  38      200B5900 
  38      00070000 
  38      00020098 
  39 0010 04029804 		.ascii	"\004\002\230\004"
  40              		.text
  41              		.section	.gnu.lto_.ipa_modref.83ad4eb8,"e",%progbits
  42 0000 28B52FFD 		.ascii	"(\265/\375 B\375\000\000p6\000\002\000\001\002\003\000"
  42      2042FD00 
  42      00703600 
  42      02000102 
  42      0300
  43 0012 01020201 		.ascii	"\001\002\002\001\000\000\006\000-\033fn\3609\200\026"
  43      00000600 
  43      2D1B666E 
  43      F0398016 
  44 0022 E6C0E20D 		.ascii	"\346\300\342\015`\001"
  44      6001
  45              		.text
  46              		.section	.gnu.lto_.lto.83ad4eb8,"e",%progbits
  47 0000 0C000000 		.ascii	"\014\000\000\000\001\000\001\000"
  47      01000100 
  48              		.text
  49              		.section	.gnu.lto_chRFCUCollectFaultsI.263.83ad4eb8,"e",%progbits
  50 0000 28B52FFD 		.ascii	"(\265/\375`\204\000\325\011\000\366QC<\020%)\035\220"
  50      608400D5 
  50      0900F651 
  50      433C1025 
  50      291D90
  51 0013 6782E95D 		.ascii	"g\202\351]\240\252\305\002\320\032jU\011(\310\364\024"
  51      A0AAC502 
  51      D01A6A55 
  51      0928C8F4 
  51      14
  52 0024 C4E904E0 		.ascii	"\304\351\004\340Y\331\206\275\345\374\362Ya/~\322\242"
  52      59D986BD 
  52      E5FCF259 
  52      612F7ED2 
  52      A2
ARM GAS  C:\Users\PUBLIC~1.LAP\AppData\Local\Temp\cc6Kcumc.s 			page 3


  53 0035 72AE1623 		.ascii	"r\256\026#\020\232C\035\247\004\355t\031\244\3103\262"
  53      109A431D 
  53      A704ED74 
  53      19A4C833 
  53      B2
  54 0046 C9962905 		.ascii	"\311\226)\005.\000/\0002\000\013G\350>\271\033t\237"
  54      2E002F00 
  54      32000B47 
  54      E83EB91B 
  54      749F
  55 0058 0EED9E84 		.ascii	"\016\355\236\204\271%5\022\240\335\365d\313\303k\350"
  55      B9253512 
  55      A0DDF564 
  55      CBC36BE8 
  56 0068 5FE62151 		.ascii	"_\346!Q\006\273\012P\354\256U\224\245\334\362\266E\266"
  56      06BB0A50 
  56      ECAE5594 
  56      A5DCF2B6 
  56      45B6
  57 007a 25EC2B04 		.ascii	"%\354+\004\222\305>\267rf\237\366s\252VU\277\023\235"
  57      92C53EB7 
  57      72669FF6 
  57      73AA5655 
  57      BF139D
  58 008d 7CC76717 		.ascii	"|\307g\027e\000\200\275M\235\027\002\333W\3730\217\011"
  58      650080BD 
  58      4D9D1702 
  58      DB57FB30 
  58      8F09
  59 009f 4F7B39B4 		.ascii	"O{9\264;\203\223\263;68b\3403765\027\1778y\251R\003"
  59      3B8393B3 
  59      3B363862 
  59      E0333736 
  59      35177F38 
  60 00b7 98A88C58 		.ascii	"\230\250\214X\365\361u`\207\334\006\026\360\354.\211"
  60      F5F17560 
  60      87DC0616 
  60      F0EC2E89 
  61 00c7 E6B596EF 		.ascii	"\346\265\226\357\362i\021\227^\374\364]\335\347%\203"
  61      F2691197 
  61      5EFCF45D 
  61      DDE72583 
  62 00d7 2DA81653 		.ascii	"-\250\026S\001\366\010\323\036\240)\305\371sh}\035\253"
  62      01F608D3 
  62      1EA029C5 
  62      F973687D 
  62      1DAB
  63 00e9 D3E77D2B 		.ascii	"\323\347}+\320c\255<P\345e`\2406P\247\212\022\011\342"
  63      D063AD3C 
  63      50E56560 
  63      A03650A7 
  63      8A1209E2 
  64 00fd 0124C5C1 		.ascii	"\001$\305\301*\271N-\324\207\206i4*MX\214\306=\267r"
  64      2AB94E2D 
  64      D4878669 
  64      342A4D58 
  64      8CC63DB7 
ARM GAS  C:\Users\PUBLIC~1.LAP\AppData\Local\Temp\cc6Kcumc.s 			page 4


  65 0112 E68B955B 		.ascii	"\346\213\225[L\306\2542\021\0002\241Eh`\\ \010\007\014"
  65      4CC6AC32 
  65      110032A1 
  65      4568605C 
  65      2008070C 
  66 0126 06872842 		.ascii	"\006\207(B\206\023\354\201\260\312\213$\332\014\317"
  66      8613EC81 
  66      B0CA8B24 
  66      DA0CCF
  67 0135 353C0C13 		.ascii	"5<\014\023\357\022\000\261\232\022\356\360\242\235d"
  67      EF1200B1 
  67      9A12EEF0 
  67      A29D64
  68              		.text
  69              		.section	.gnu.lto_chRFCUGetAndClearFaultsI.264.83ad4eb8,"e",%progbits
  70 0000 28B52FFD 		.ascii	"(\265/\375`\327\000\345\013\000\026\226QA\020S\224\016"
  70      60D700E5 
  70      0B001696 
  70      51411053 
  70      940E
  71 0012 F3B06650 		.ascii	"\363\260fPn\010\242\222\353\037`{\235\035\354#\210H"
  71      6E08A292 
  71      EB1F607B 
  71      9D1DEC23 
  71      8848
  72 0024 A0877642 		.ascii	"\240\207vB\316\034\266$Z\202\275\205i\345\263.\354c"
  72      CE1CB624 
  72      5A82BD85 
  72      69E5B32E 
  72      EC63
  73 0036 91B31084 		.ascii	"\221\263\020\204 \306\2210\344X'\007\004\202 C)\344"
  73      20C69130 
  73      E4582707 
  73      04822043 
  73      29E4
  74 0048 209F6C22 		.ascii	" \237l\"eJ\001<\000<\000=\000\241\305\015\262G\333~"
  74      654A013C 
  74      003C003D 
  74      00A1C50D 
  74      B247DB7E 
  75 005c 8BBB20B9 		.ascii	"\213\273 \271\243\020\2022\003\207\215\226\311n\250"
  75      A3108232 
  75      03878D96 
  75      C96EA8
  76 006b 1D7801EC 		.ascii	"\035x\001\354\361\372\000\354QS\274{v\376Y\277X\234"
  76      F1FA00EC 
  76      5153BC7B 
  76      76FE59BF 
  76      589C
  77 007d 28F94EDE 		.ascii	"(\371N\336\223\022aw\235\337\251\304\255\267\215\300"
  77      93126177 
  77      9DDFA9C4 
  77      ADB78DC0 
  78 008d F603FB9D 		.ascii	"\366\003\373\235\232\262\017\336\330W\177\314\264f:"
  78      9AB20FDE 
  78      D8577FCC 
  78      B4663A
ARM GAS  C:\Users\PUBLIC~1.LAP\AppData\Local\Temp\cc6Kcumc.s 			page 5


  79 009c 33FD2C2B 		.ascii	"3\375,+\341ab\340dw\304\011\221%\2119V\034\374m\222"
  79      E16162E0 
  79      6477C409 
  79      91258939 
  79      561CFC6D 
  80 00b1 CF3200DB 		.ascii	"\3172\000\333`\227y$\004\230z\250~\354\206\011\036\355"
  80      60977924 
  80      04987AA8 
  80      7EEC8609 
  80      1EED
  81 00c3 20BFEA3C 		.ascii	" \277\352<\262\013\372\270\261\033zUM\035\230\246^@"
  81      B20BFAB8 
  81      B11B7A55 
  81      4D1D98A6 
  81      5E40
  82 00d5 0531A1A2 		.ascii	"\0051\241\242^1\265\230L\200\360\3472:\002\266\207\307"
  82      5E31B598 
  82      4C80F0E7 
  82      323A02B6 
  82      87C7
  83 00e7 E02AAADD 		.ascii	"\340*\252\335\305\300x(\362U<\372\303(\377=\372#\354"
  83      C5C07828 
  83      F2553CFA 
  83      C328FF3D 
  83      FA23EC
  84 00fa F11ABD1D 		.ascii	"\361\032\275\035B^\224\262\210\035z\251(\354_\033\236"
  84      425E94B2 
  84      881D7AA9 
  84      28EC5F1B 
  84      9E
  85 010b 73E0349E 		.ascii	"s\3404\236\313\233\002\321\266\001\264\331\264\015\304"
  85      CB9B02D1 
  85      B601B4D9 
  85      B40DC4
  86 011a 692190C6 		.ascii	"i!\220\306}4\013\0258\0318\033\011\031\014\203\005\035"
  86      7D340B15 
  86      3819381B 
  86      09190C83 
  86      051D
  87 012c 3C1A4299 		.ascii	"<\032B\231\321F\304\351`\320\\.\031\010\023.\341\376"
  87      D146C4E9 
  87      60D05C2E 
  87      1908132E 
  87      E1FE
  88 013e 5A4D615A 		.ascii	"ZMaZ\0211\204\244\244%\253\326\350\002\320\340\264\365"
  88      113184A4 
  88      A425ABD6 
  88      E802D0E0 
  88      B4F5
  89 0150 0F480614 		.ascii	"\017H\006\024\0002\241\341(p\377E\002a\2002`\334/\310"
  89      0032A1E1 
  89      2870FF45 
  89      02618032 
  89      60DC2FC8 
  90 0164 F0C9780F 		.ascii	"\360\311x\017\036\007\015\005\330\312K\247\332\\\317"
  90      1E070D05 
  90      D8CA4BA7 
ARM GAS  C:\Users\PUBLIC~1.LAP\AppData\Local\Temp\cc6Kcumc.s 			page 6


  90      DA5CCF
  91 0173 853C8066 		.ascii	"\205<\200f\320b\354Q\024\011Be\361?\023\232\332\371"
  91      D062EC51 
  91      14094265 
  91      F13F139A 
  91      DAF9
  92 0185 04       		.ascii	"\004"
  93              		.text
  94              		.section	.gnu.lto_.symbol_nodes.83ad4eb8,"e",%progbits
  95 0000 28B52FFD 		.ascii	"(\265/\375 @\215\001\000\204\002<\000\000\000\000\002"
  95      20408D01 
  95      0084023C 
  95      00000000 
  95      02
  96 0011 87027F04 		.ascii	"\207\002\177\004\200\200\200\200\004\001\220\316\000"
  96      80808080 
  96      040190CE 
  96      00
  97 001e 007F0000 		.ascii	"\000\177\000\000\272\220\202\002\000\000\000\005\211"
  97      BA908202 
  97      00000005 
  97      89
  98 002b 02056088 		.ascii	"\002\005`\210\002\177\006\000\002\000\200\310\010\253"
  98      027F0600 
  98      020080C8 
  98      08AB
  99 0039 9E       		.ascii	"\236"
 100              		.text
 101              		.section	.gnu.lto_.refs.83ad4eb8,"e",%progbits
 102 0000 28B52FFD 		.ascii	"(\265/\375 \031\311\000\000\025\000\000\000\002\000"
 102      2019C900 
 102      00150000 
 102      000200
 103 000f 00010100 		.ascii	"\000\001\001\000\001\001\003\000\002\002\000\001\001"
 103      01010300 
 103      02020001 
 103      01
 104 001c 00010105 		.ascii	"\000\001\001\005\000\000"
 104      0000
 105              		.text
 106              		.section	.gnu.lto_.decls.83ad4eb8,"e",%progbits
 107 0000 28B52FFD 		.ascii	"(\265/\375`\207\030=p\000\372\266\304(TP\020&u\272\012"
 107      6087183D 
 107      7000FAB6 
 107      C4285450 
 107      102675BA 
 108 0015 24EBFF00 		.ascii	"$\353\377\000\311/\177\204\263\367\234}\216\204\226"
 108      C92F7F84 
 108      B3F79C7D 
 108      8E8496
 109 0024 2DE494C5 		.ascii	"-\344\224\305\272\243\232\352\247\356r\236?\020eu\020"
 109      BAA39AEA 
 109      A7EE729E 
 109      3F106575 
 109      10
 110 0035 044272C3 		.ascii	"\004Br\303\231r\205A\323\204\020+\252a\334b\020\003"
 110      99728541 
ARM GAS  C:\Users\PUBLIC~1.LAP\AppData\Local\Temp\cc6Kcumc.s 			page 7


 110      D384102B 
 110      AA61DC62 
 110      1003
 111 0047 0F1D80CA 		.ascii	"\017\035\200\312~\273}\260E.\327\223w\320Q\245\376\002"
 111      7EBB7DB0 
 111      452ED793 
 111      77D051A5 
 111      FE02
 112 0059 7187524F 		.ascii	"q\207ROv[)SJ\001X\002s\002y\0027KG\304\036\351\313\215"
 112      765B2953 
 112      4A015802 
 112      73027902 
 112      374B47C4 
 113 0071 CC1BA996 		.ascii	"\314\033\251\226.\306\321\216H\371\344\303\370\030\257"
 113      2EC6D18E 
 113      48F9E4C3 
 113      F818AF
 114 0080 F4327EC6 		.ascii	"\3642~\306'\375\2227\377E\377\213?z\343\207\2512Od<"
 114      27FD9237 
 114      FF45FF8B 
 114      3F7AE387 
 114      A9324F64 
 115 0095 0178345C 		.ascii	"\001x4\\\312\236\260}\270m\303p[.\334VH\213g\261e\243"
 115      CA9EB07D 
 115      B86DC370 
 115      5B2EDC56 
 115      488B67B1 
 116 00ab 28ECEF23 		.ascii	"(\354\357#\3218.\035]S\270\373\215~\205M\216\034aj\370"
 116      D1382E1D 
 116      5D53B8FB 
 116      8D7E854D 
 116      8E1C616A 
 117 00c0 5BA40B73 		.ascii	"[\244\013s\003\314\323\037\237\350\010\015\243c\014"
 117      03CCD31F 
 117      9FE8080D 
 117      A3630C
 118 00cf DC36097B 		.ascii	"\3346\011{\031\237\363\346\356s\276\271E_e\304\374m"
 118      199FF3E6 
 118      EE73BEB9 
 118      455F65C4 
 118      FC6D
 119 00e1 8BC442BE 		.ascii	"\213\304B\276Cw;\264m\036s\303\215[\027Q\224\033\334"
 119      43773BB4 
 119      6D1E73C3 
 119      8D5B1751 
 119      941BDC
 120 00f4 065DB289 		.ascii	"\006]\262\211\225'\034\356\337\202\373\255\340\376)"
 120      95271CEE 
 120      DF82FBAD 
 120      E0FE29
 121 0103 B8FF0C83 		.ascii	"\270\377\014\203\360\034\324\215\003\022\034Un\374\375"
 121      F01CD48D 
 121      03121C55 
 121      6EFCFD
 122 0112 E26AEEA5 		.ascii	"\342j\356\245f&\347!5\300y\323\2778\027\336\216n\014"
 122      6626E721 
 122      35C079D3 
ARM GAS  C:\Users\PUBLIC~1.LAP\AppData\Local\Temp\cc6Kcumc.s 			page 8


 122      BF3817DE 
 122      8E6E0C
 123 0125 CA1619AE 		.ascii	"\312\026\031\256\2277\214\265D\003\313_\267\035\214"
 123      97378CB5 
 123      4403CB5F 
 123      B71D8C
 124 0134 B8251559 		.ascii	"\270%\025Y\027\347b\331\344r<\377\366\207\341\376\""
 124      17E762D9 
 124      E4723CFF 
 124      F687E1FE 
 124      22
 125 0145 786D079D 		.ascii	"xm\007\235\313\002\003K\213g\361\246\2639\225\366)N"
 125      CB02034B 
 125      8B67F1A6 
 125      B33995F6 
 125      294E
 126 0157 C3D19958 		.ascii	"\303\321\231X<d\243\256\027\313\234\235l\256\346Wj\216"
 126      3C64A3AE 
 126      17CB9C9D 
 126      6CAEE657 
 126      6A8E
 127 0169 4E0C842C 		.ascii	"N\014\204,1\313rv\356\360x3]D\206\020Ao\277\021\356"
 127      31CB7276 
 127      EEF07833 
 127      5D448610 
 127      416FBF11 
 128 017e F62B56B8 		.ascii	"\366+V\270\2641\215\177\327h\332X\204\301\030\203\253"
 128      B4318D7F 
 128      D768DA58 
 128      84C11883 
 128      AB
 129 018f 38959FBA 		.ascii	"8\225\237\272\212\243\002\207\333\273\340v+:(\366\034"
 129      8AA30287 
 129      DBBBE076 
 129      2B3A28F6 
 129      1C
 130 01a0 F46C46C9 		.ascii	"\364lF\311\220$Lf\270}\014W\320nV\366Vm7\214\177\233"
 130      90244C66 
 130      B87D0C57 
 130      D06E56F6 
 130      566D378C 
 131 01b6 5EE650DA 		.ascii	"^\346P\332\231s\276\211\263\202[\373\302\355D\260\223"
 131      9973BE89 
 131      B3825BFB 
 131      C2ED44B0 
 131      93
 132 01c7 79136F82 		.ascii	"y\023o\202\360\031f\216\316,\007CFX\027 \270\035\004"
 132      F019668E 
 132      CE2C0743 
 132      46581720 
 132      B81D04
 133 01da 7AE320D0 		.ascii	"z\343 \320v,\334N0\217\3027\315u\320F\3429\250\010\317"
 133      762CDC4E 
 133      308FC237 
 133      CD75D046 
 133      E239A808 
 134 01ef 418FEC3C 		.ascii	"A\217\354<\2164,L\376\266\307\300_\336t0\337\352\353"
ARM GAS  C:\Users\PUBLIC~1.LAP\AppData\Local\Temp\cc6Kcumc.s 			page 9


 134      8E342C4C 
 134      FEB6C7C0 
 134      5FDE7430 
 134      DFEAEB
 135 0202 CCB923E8 		.ascii	"\314\271#\350\036\001\346D\334H\315\321\231\237r\210"
 135      1E01E644 
 135      DC48CDD1 
 135      999F7288 
 136 0212 92568C91 		.ascii	"\222V\214\221\313Ym\2077\323V\305E\217\233\206\243\273"
 136      CB596D87 
 136      37D356C5 
 136      458F9B86 
 136      A3BB
 137 0224 41A54BE9 		.ascii	"A\245K\351o\267{\371\023J\222\025\262\277\316\233\007"
 137      6FB77BF9 
 137      134A9215 
 137      B2BFCE9B 
 137      07
 138 0235 E38504E3 		.ascii	"\343\205\004\343\257s\275s\0350&\347!/\342]\355\\\356"
 138      AF73BD73 
 138      1D3026E7 
 138      212FE25D 
 138      ED5CEE
 139 0248 6C0848B4 		.ascii	"l\010H\2645\026\311o9;\335\023pO\340\246&l\310\015\006"
 139      3516C96F 
 139      393BDD13 
 139      704FE0A6 
 139      266CC80D 
 140 025d 7A1B05DC 		.ascii	"z\033\005\334$\340\326\000\267\017i\002\212d\022\215"
 140      24E0D600 
 140      B70F6902 
 140      8A64128D 
 141 026d E27EECD9 		.ascii	"\342~\354\331sP \316\004q\213(\263\\\316N\034'\203f"
 141      735020CE 
 141      04718B28 
 141      B35CCE4E 
 141      1C278366 
 142 0281 1CFA8B80 		.ascii	"\034\372\213\200\353\240\327s\320 \305n\007\352v\035"
 142      EBA0D773 
 142      D020C56E 
 142      07EA761D 
 143 0291 DD5E14D2 		.ascii	"\335^\024\322\335\014\364L\267\365\351\366 \335\376"
 143      DD0CF44C 
 143      B7F5E9F6 
 143      20DDFE
 144 02a0 A3DBB3BA 		.ascii	"\243\333\263\272\335\252\333\207\335^\325\335\314\356"
 144      DDAADB87 
 144      DD5ED5DD 
 144      CCEE
 145 02ae DE757793 		.ascii	"\336uw\223\356\266ssss\335\235\273u\020t\347x\005@\356"
 145      EEB67373 
 145      7373DD9D 
 145      BB751074 
 145      E7780540 
 146 02c3 ED9D11DC 		.ascii	"\355\235\021\334\273-\374a^\2147[\312\313qXqV\244\024"
 146      BB2DFC61 
 146      5E8C375B 
ARM GAS  C:\Users\PUBLIC~1.LAP\AppData\Local\Temp\cc6Kcumc.s 			page 10


 146      CACB7158 
 146      7156A414 
 147 02d7 03EE9B96 		.ascii	"\003\356\233\226\202\366\316\012\316\246J\226\021\266"
 147      82F6CE0A 
 147      CEA64A96 
 147      11B6
 148 02e5 BFBD93C2 		.ascii	"\277\275\223\302^\274\371_\236\313\227\357\362ok\012"
 148      5EBCF95F 
 148      9ECB97EF 
 148      F26F6B0A 
 149 02f5 64653163 		.ascii	"de1cr\017\245\005\031v\357\273\331\246*a\200\254\341"
 149      720FA505 
 149      1976EFBB 
 149      D9A62A61 
 149      80ACE1
 150 0308 4669C08D 		.ascii	"Fi\300\215B\301\215\222\265=\233\215\0263D\375\325\342"
 150      42C18D92 
 150      B53D9B8D 
 150      163344FD 
 150      D5E2
 151 031a CC0260C5 		.ascii	"\314\002`\305\360l\342,\217\305\251\311\214\262\277"
 151      F06CE22C 
 151      8FC5A9C9 
 151      8CB2BF
 152 0329 8D4EE146 		.ascii	"\215N\341F\225\270h\007v\324\202\0143\307S}=\375\013"
 152      95B86807 
 152      76D4820C 
 152      33C7537D 
 152      3DFD0B
 153 033c 4CEF64F3 		.ascii	"L\357d\363\262\303\322\324\220\250\035OEC\314\323\274"
 153      B2C3D2D4 
 153      90A81D4F 
 153      4543CCD3 
 153      BC
 154 034d 2D53C98D 		.ascii	"-S\311\2151Y\252\242\361W\357\303\353\206(O\344\231"
 154      3159AAA2 
 154      F157EFC3 
 154      EB86284F 
 154      E499
 155 035f B8134C27 		.ascii	"\270\023L'\205\366\366Uo\345^_\31070a\376\005\332\362"
 155      85F6F655 
 155      6FE55E5F 
 155      C8373061 
 155      FE05DAF2 
 156 0373 C76B6969 		.ascii	"\307kii\362i_\366N^\355g\370\263\257\362P\376\311\257"
 156      F2695FF6 
 156      4E5EED67 
 156      F8B3AFF2 
 156      50FEC9AF 
 157 0387 3D95477B 		.ascii	"=\225G{\032\336\354\245\374\024o~\224'jG\342I\216\237"
 157      1ADEECA5 
 157      FC146F7E 
 157      94276A47 
 157      E2498E9F 
 158 039b 15E563F0 		.ascii	"\025\345c\3606kL\226 \325e\314\237\270\031\322\033\011"
 158      366B4C96 
 158      20D565CC 
ARM GAS  C:\Users\PUBLIC~1.LAP\AppData\Local\Temp\cc6Kcumc.s 			page 11


 158      9FB819D2 
 158      1B09
 159 03ad 1B7F8307 		.ascii	"\033\177\203\007\230n\010H|\224W>T\215\321C62\252\362"
 159      986E0848 
 159      7C94573E 
 159      548DD143 
 159      3632AAF2 
 160 03c1 28521CAD 		.ascii	"(R\034\255\214\230o\3618*\266\267\234\363\222(O\326"
 160      8C986FF1 
 160      382AB6B7 
 160      9CF39228 
 160      4FD6
 161 03d3 5AC474F0 		.ascii	"Z\304t\360x\274\013\327\246VC\201\333h\023V\362c\277"
 161      78BC0BD7 
 161      A6564381 
 161      DB681356 
 161      F263BF
 162 03e6 C49BCFA4 		.ascii	"\304\233\317\244\237\311#\361\266,U\266\31493\371$\036"
 162      9FC923F1 
 162      B62C55B6 
 162      CC3933F9 
 162      241E
 163 03f8 E78564F9 		.ascii	"\347\205d\371L\336\371b\306\017Rg\002\360x\274G&\345"
 163      4CDEF962 
 163      C60F5267 
 163      02F078BC 
 163      4726E5
 164 040b 903270A3 		.ascii	"\2202p\243/p\027V3\213\022\363\327\247|\275\021w\222"
 164      2F701756 
 164      338B12F3 
 164      D7A77CBD 
 164      117792
 165 041e 14C57C53 		.ascii	"\024\305|S{\257.,g~9\226\367\332u\361Xb2\303\036\354"
 165      7BAF2E2C 
 165      677E3996 
 165      F7DA75F1 
 165      586232C3 
 166 0434 8F78F3BF 		.ascii	"\217x\363\277\236\253\277\371[<\036o\247\303\222\207"
 166      9EABBFF9 
 166      5B3C1E6F 
 166      A7C39287 
 167 0444 D812BE8D 		.ascii	"\330\022\276\215\266\360z\302m\235Q\375\355\362-Fv\\"
 167      B6F07AC2 
 167      6D9D51FD 
 167      EDF22D46 
 167      765C
 168 0456 0983BFC8 		.ascii	"\011\203\277\310s\345-\315\032k\270uh\270uf\270k<\007"
 168      73E52DCD 
 168      1A6BB875 
 168      68B87566 
 168      B86B3C07 
 169 046a D57A193E 		.ascii	"\325z\031>\210;\3012Q\225\006j\310lqr?\304\233\257\365"
 169      883BC132 
 169      5195066A 
 169      C86C7172 
 169      3FC49BAF 
 170 047f 4238D4B8 		.ascii	"B8\324\270\372Jro\353\220\2020i\316\312\210\302\374"
ARM GAS  C:\Users\PUBLIC~1.LAP\AppData\Local\Temp\cc6Kcumc.s 			page 12


 170      FA4A726F 
 170      EB908230 
 170      69CECA88 
 170      C2FC
 171 0491 653E9001 		.ascii	"e>\220\001\332\334X\374m\235\021\367-\203\373\332\200"
 171      DADC58FC 
 171      6D9D11F7 
 171      2D83FBDA 
 171      80
 172 04a2 FBC2610F 		.ascii	"\373\302a\017\357\343{4A\342\342\354\357\322*\321\352"
 172      EFE37B34 
 172      41E2E2EC 
 172      EFD22AD1 
 172      EA
 173 04b3 525AE1F1 		.ascii	"RZ\341\361X7\307\221\014VOp\3371\334W\014\357\334'\225"
 173      5837C791 
 173      0C564F70 
 173      DF31DC57 
 173      0CEFDC27 
 174 04c8 8E1DD498 		.ascii	"\216\035\324\230\224\347\337\227z\030\274\331\300O\241"
 174      94E7DF97 
 174      7A18BCD9 
 174      C04FA1
 175 04d7 4926671E 		.ascii	"I&g\036\243\263\3621\007&\010no\000u\301\033@\373fa"
 175      A3B3F231 
 175      0726086E 
 175      6F0075C1 
 175      1B40FB66 
 176 04ec 043C07C5 		.ascii	"\004<\007\305q\245\262L\335\330\201\373\346x\2329\322"
 176      71A5B24C 
 176      DDD881FB 
 176      E6789A39 
 176      D2
 177 04fd BA42E684 		.ascii	"\272B\346\204\373\316\300O\343\233\274i\300\327\270"
 177      FBCEC04F 
 177      E39BBC69 
 177      C0D7B8
 178 050c A19123F3 		.ascii	"\241\221#\363\343\313\337\276I\270\335\000\324\347\334"
 178      E3CBDFBE 
 178      49B8DD00 
 178      D4E7DC
 179 051b 00B42F0B 		.ascii	"\000\264/\013\354\301uP\027\255\005\351\207\276\205"
 179      ECC17550 
 179      17AD05E9 
 179      87BE85
 180 052a 530D3E46 		.ascii	"S\015>F\210\234\233Yc2\275\264Y8\347<\344\314O\276\204"
 180      889C9B59 
 180      6332BDB4 
 180      5938E73C 
 180      E4CC4FBE 
 181 053f AB8A4C2E 		.ascii	"\253\212L.31\201@\245\014\201\"\244G\333\254n\353\343"
 181      33318140 
 181      A50C8122 
 181      A447DBAC 
 181      6EEBE3
 182 0552 5F683600 		.ascii	"_h6\000r\216\3139\0270S\344L\2062\177\337\313\277\355"
 182      728ECB39 
ARM GAS  C:\Users\PUBLIC~1.LAP\AppData\Local\Temp\cc6Kcumc.s 			page 13


 182      173053E4 
 182      4C86327F 
 182      DFCBBFED 
 183 0566 D65C1CDD 		.ascii	"\326\\\034\335\376\366\214\023\366\340N\357\015\222"
 183      FEF68C13 
 183      F6E04EEF 
 183      0D92
 184 0574 3AED4DE3 		.ascii	":\355M\343di\206\2648\233!\345Q\352\257\347\015r\006"
 184      646986B4 
 184      389B21E5 
 184      51EAAFE7 
 184      0D7206
 185 0587 20677C84 		.ascii	" g|\204Rr\344\023\312\230\217Po8\310\2472\231\000\322"
 185      5272E413 
 185      CA988F50 
 185      6F38C8A7 
 185      329900D2 
 186 059b 09B5948F 		.ascii	"\011\265\224\217\312\244\347\343PF:s\306\311Y\231\221"
 186      CAA4E7E3 
 186      50463A73 
 186      C6C95999 
 186      91
 187 05ac CEA1A433 		.ascii	"\316\241\2443\217\312\214\314\312\244#3\224\022\007"
 187      8FCA8CCC 
 187      CAA42333 
 187      941207
 188 05bb 79541AF3 		.ascii	"yT\032\363\023J\011'?\241\222\310'T\022\007\351\034"
 188      134A0927 
 188      3FA192C8 
 188      27541207 
 188      E91C
 189 05cd CAD93964 		.ascii	"\312\3319dL \347\241$\362\211\225\304\311G(#\3629\244"
 189      4C20E7A1 
 189      24F28995 
 189      C4C94728 
 189      23F239A4 
 190 05e1 B441CEC6 		.ascii	"\264A\316\306\035LF7\022uM\345\347\320\321'\221\271"
 190      1D4C4637 
 190      12754DE5 
 190      E7D0D127 
 190      91B9
 191 05f3 29E74CC3 		.ascii	")\347L\303\235\307\314\224\363Q)@\356R\"\317\210\224"
 191      9DC7CC94 
 191      F3512940 
 191      EE5222CF 
 191      8894
 192 0605 379999B4 		.ascii	"7\231\231\264d\221sF}4\341\214\345\241eNc\032\032 \231"
 192      64917346 
 192      7D34E18C 
 192      E5A1654E 
 192      631A1A20 
 193 061a 7393D199 		.ascii	"s\223\321\231\233Pg\316\003\3444c\232;\323\262q\354"
 193      9B5067CE 
 193      03E43463 
 193      9A3BD3B2 
 193      71EC
 194 062c 98B38FE5 		.ascii	"\230\263\217\345\314\264\"\347\354!\347l\223\217KGD"
ARM GAS  C:\Users\PUBLIC~1.LAP\AppData\Local\Temp\cc6Kcumc.s 			page 14


 194      CCB422E7 
 194      EC21E76C 
 194      938F4B47 
 194      44
 195 063d 51CA9A15 		.ascii	"Q\312\232\025DJ\243\034\003\016WB>\243\224#\230\030"
 195      444AA31C 
 195      030E5742 
 195      3EA39423 
 195      9818
 196 064f 792E3391 		.ascii	"y.3\221\323\350\310#e^\346,PI\3744:3\030\\\007\264\255"
 196      D3E8C823 
 196      655EE62C 
 196      5049FC34 
 196      3A33185C 
 197 0666 A9B7A50D 		.ascii	"\251\267\245\015\025/TZ\254U\025\215\242\253\270\277"
 197      152F545A 
 197      AC55158D 
 197      A2ABB8BF 
 198 0676 39AC0E2B 		.ascii	"9\254\016+e\251\354\224\215\262;,\014\336\264U\217\325"
 198      65A9EC94 
 198      8DB23B2C 
 198      0CDEB455 
 198      8FD5
 199 0688 16878532 		.ascii	"\026\207\2052Z&\036[>\316li\253\\\311[\271b[\202\001"
 199      5A261E5B 
 199      3ECE6C69 
 199      AB5CC95B 
 199      B9625B82 
 200 069d F3352411 		.ascii	"\3635$\021\263U\226\206UV\211\375\225oK2\345MH\225k"
 200      B3559686 
 200      555689FD 
 200      956F4B32 
 200      E54D4895 
 201 06b2 79985192 		.ascii	"y\230Q\222.\313([\3656\374\334\325\326\333\015W\031"
 201      2ECB285B 
 201      F536FCDC 
 201      D5D6DB0D 
 201      5719
 202 06c4 2F1B1F2E 		.ascii	"/\033\037.V\272\016\352G\317Ao\264\300\006FK\014\266"
 202      56BA0EEA 
 202      47CF416F 
 202      B4C00646 
 202      4B0CB6
 203 06d7 366C8D37 		.ascii	"6l\2157\212\362d\235\274im\330&k\243J\311\222G\323\244"
 203      8AF2649D 
 203      BC696DD8 
 203      266BA34A 
 203      C99247D3 
 204 06ec 6DC513F4 		.ascii	"m\305\023\3646v\303\215\325pc)\370\205)mC0xa+\303\016"
 204      3676C38D 
 204      D5706329 
 204      F885296D 
 204      43307861 
 205 0703 D9175165 		.ascii	"\331\027Qe1\354\014oZ\0316\331\237e\263\225a\225,\214"
 205      31EC0C6F 
 205      5A1936D9 
 205      9F65B395 
ARM GAS  C:\Users\PUBLIC~1.LAP\AppData\Local\Temp\cc6Kcumc.s 			page 15


 205      61952C8C 
 206 0717 0F51684F 		.ascii	"\017QhOd\274\035\236\375\232\341\004\011]J\273\261q"
 206      64BC1D9E 
 206      FD9AE104 
 206      095D4ABB 
 206      B171
 207 0729 1255858C 		.ascii	"\022U\205\214\026n\234\205\033;\341\"\235S\217\247\031"
 207      166E9C85 
 207      1B3BE122 
 207      9D538FA7 
 207      19
 208 073a 6AD628A9 		.ascii	"j\326(\251+\311\221ua\223\274i\221,\221E\332\026K\336"
 208      2BC99175 
 208      6193BC69 
 208      912C9145 
 208      DA164BDE 
 209 074e 2C9263B1 		.ascii	",\222c\261F\035\272\224,1\345vx\274\357\202\362\302"
 209      461DBA94 
 209      2C31E576 
 209      78BCEF82 
 209      F2C2
 210 0760 025FCB42 		.ascii	"\002_\313B\227\325\"\214\371\267q\022n\214\304\335\326"
 210      97D5228C 
 210      F9B77112 
 210      6E8CC4DD 
 210      D6
 211 0771 C8AED88A 		.ascii	"\310\256\330\212z\021\343o\021\372\005\204-K\016\333"
 211      7A11E36F 
 211      11FA0584 
 211      2D4B0EDB 
 212 0781 A325F22F 		.ascii	"\243%\362/G\310\214\260\341\336\255\341\336\241\351"
 212      47C88CB0 
 212      E1DEADE1 
 212      DEA1E9
 213 0790 A0656CC8 		.ascii	"\240el\310\320Z\222\3411\356\004\313\013\034=\2211s"
 213      D05A92E1 
 213      31EE04CB 
 213      0B1C3D91 
 213      3173
 214 07a2 CE64BCF9 		.ascii	"\316d\274\371c\376\206\343U\324\\!\024\327\237\240\236"
 214      63FE86E3 
 214      55D45C21 
 214      14D79FA0 
 214      9E
 215 07b3 07C49EFA 		.ascii	"\007\304\236\372S\242G\310\301\252~\260\243\242\030"
 215      53A247C8 
 215      C1AA7EB0 
 215      A3A218
 216 07c2 81889FCF 		.ascii	"\201\210\237\317\266\210\020\212\353OP\317\203\325"
 216      B688108A 
 216      EB4F50CF 
 216      83D5
 217 07d0 A7FEFC0C 		.ascii	"\247\376\374\014K\234P\302\203\022~>\000:\202\340\003"
 217      4B9C50C2 
 217      83127E3E 
 217      003A82E0 
 217      03
ARM GAS  C:\Users\PUBLIC~1.LAP\AppData\Local\Temp\cc6Kcumc.s 			page 16


 218 07e1 42EA4A1C 		.ascii	"B\352J\034\372h:\370\000\005(\202\304\036\356\011F\330"
 218      FA683AF8 
 218      00052882 
 218      C41EEE09 
 218      46D8
 219 07f3 35AD5985 		.ascii	"5\255Y\205*\221\030\344SA\324\255\251\316\232\316\250"
 219      2A9118E4 
 219      5341D4AD 
 219      A9CE9ACE 
 219      A8
 220 0804 41E0AE48 		.ascii	"A\340\256HT\203\300\240\225\010D\221\376|\001\254\351"
 220      5483C0A0 
 220      95084491 
 220      FE7C01AC 
 220      E9
 221 0815 4F0F0551 		.ascii	"O\017\005Q]\205\300\242\212\242\215nMo\326\342\372\243"
 221      5D85C0A2 
 221      8AA28D6E 
 221      4D6FD6E2 
 221      FAA3
 222 0827 F6A43F9F 		.ascii	"\366\244?\237M\217nE\201\256)\215\012\342Z\004\372\250"
 222      4D8F6E45 
 222      81AE298D 
 222      0AE25A04 
 222      FAA8
 223 0839 C4F4E7E3 		.ascii	"\304\364\347\343\340\243\022wk:\323\003Lwk\212\366/"
 223      E0A31277 
 223      6B3AD303 
 223      4C776B8A 
 223      F62F
 224 084b 84046B9A 		.ascii	"\204\004k\232r\270wM\001\360\001\236\320\361\001\236"
 224      72B8774D 
 224      01F0019E 
 224      D0F1019E 
 225 085b 100E7DE8 		.ascii	"\020\016}\350\317p\010\024\324]\335\020\230\243b\005"
 225      CF700814 
 225      D45DDD10 
 225      98A36205 
 226 086b 12D39F0F 		.ascii	"\022\323\237\017\007\010%\366\374l\377B\250\304\241"
 226      070825F6 
 226      FC6CFF42 
 226      A8C4A1
 227 087a EFE7E311 		.ascii	"\357\347\343\021\341\001\012P\210P\002\007<E\036\341"
 227      E1010A50 
 227      88500207 
 227      3C451EE1 
 228 088a 30181CFA 		.ascii	"0\030\034\3722X\205\324U8\364\325\010\255\276U\010L"
 228      325885D4 
 228      5538F4D5 
 228      08ADBE55 
 228      084C
 229 089c 57E21088 		.ascii	"W\342\020\210\003P\361\205V\237%\242kj\243\372\204\275"
 229      0350F185 
 229      569F25A2 
 229      6B6AA3FA 
 229      84BD
 230 08ae B52804A6 		.ascii	"\265(\004\246\305a\372\363u \252\302\024C\235\032\354"
ARM GAS  C:\Users\PUBLIC~1.LAP\AppData\Local\Temp\cc6Kcumc.s 			page 17


 230      C561FAF3 
 230      7520AAC2 
 230      14439D1A 
 230      EC
 231 08bf 09AF5AEC 		.ascii	"\011\257Z\354\231\350\011}\200?\275\025\326\"M\217P"
 231      99E8097D 
 231      803FBD15 
 231      D6224D8F 
 231      50
 232 08d0 EDAD585D 		.ascii	"\355\255X]{kQ\267\246j\3170\270\356\212>\275\237\023"
 232      7B6B51B7 
 232      A66ACF30 
 232      B8EE8A3E 
 232      BD9F13
 233 08e3 BA355D77 		.ascii	"\2725]w\305\023*\361\372T\025L\014)\360)\006U\364\020"
 233      C5132AF1 
 233      FA54154C 
 233      0C29F029 
 233      0655F410 
 234 08f7 51B567E8 		.ascii	"Q\265g\350[\201B*\006R\301\304pM\201\256\251\352\023"
 234      5B81422A 
 234      0652C1C4 
 234      704D81AE 
 234      A9EA13
 235 090a AA44F584 		.ascii	"\252D\365\204J\374\260\246@\304uM\241[S\237bP\347S,"
 235      4AFCB0A6 
 235      40C4754D 
 235      A15B539F 
 235      6250E753 
 236 091f EE54E2F0 		.ascii	"\356T\342\360\007\324\013\2525@A\265\270\246@\201\204"
 236      07D40BAA 
 236      354041B5 
 236      B8A64081 
 236      84
 237 0930 D6E09A02 		.ascii	"\326\340\232\002M\241\242A\276\2463\351\317\267\363"
 237      4DA1A241 
 237      BEA633E9 
 237      CFB7F3
 238 093f 11025760 		.ascii	"\021\002W`/\305\256\177!\212(T\"\320]S\032!Ux\325 5"
 238      2FC5AE7F 
 238      218A2854 
 238      22D05D53 
 238      1A215578 
 239 0956 88059F62 		.ascii	"\210\005\237b\020\257\351\012\305^p\025\252(T\016>B"
 239      10AFE90A 
 239      C55E7015 
 239      AA28540E 
 239      3E42
 240 0968 608F5005 		.ascii	"`\217P\005R\261\220\272\006\005\323\237\017\257E\340"
 240      52B190BA 
 240      0605D39F 
 240      0FAF45E0 
 241 0978 8FD01ADC 		.ascii	"\217\320\032\334\255\351\272\033\002\211@?=\225\210"
 241      ADE9BA1B 
 241      0289403F 
 241      3D9588
 242 0987 7B7A2AF1 		.ascii	"{z*\361\267\012\201\275 \315\232v\350_\210\237\217G"
ARM GAS  C:\Users\PUBLIC~1.LAP\AppData\Local\Temp\cc6Kcumc.s 			page 18


 242      B70A81BD 
 242      20CD9A76 
 242      E85F889F 
 242      8F47
 243 0999 ED09FAF1 		.ascii	"\355\011\372\361\011\201$\210\275\237\357\372\024\203"
 243      09812488 
 243      BD9FEFFA 
 243      1483
 244 09a7 A90F28EC 		.ascii	"\251\017(\354\001\315\370\004\231P{\322\240\272\026"
 244      01CDF804 
 244      99507BD2 
 244      A0BA16
 245 09b6 5514D39F 		.ascii	"U\024\323\237\357\246)\030Q\002\201\023F\370\000\373"
 245      EFA62918 
 245      51028113 
 245      46F800FB 
 246 09c6 4204F94E 		.ascii	"B\004\371N\020\177>\036\037\261\310\263\022y\212C\036"
 246      107F3E1E 
 246      1FB1C8B3 
 246      12798A43 
 246      1E
 247 09d7 1348009A 		.ascii	"\023H\000\232\000\376J\2440\001\004#\200\202\352\232"
 247      00FE4AA4 
 247      30010423 
 247      8082EA9A 
 248 09e7 828A5F10 		.ascii	"\202\212_\020\360'\355\211\020\221\302\005\035\360\370"
 248      F027ED89 
 248      1091C205 
 248      1DF0F8
 249 09f6 98E8B15A 		.ascii	"\230\350\261ZW\337dEF\313_ @l\020\327\221\211\324$\310"
 249      57DF6445 
 249      46CB5F20 
 249      406C10D7 
 249      9189D424 
 250 0a0b F2629196 		.ascii	"\362b\221\226\034)b\266\015\362o\377B\020\263\255\277"
 250      1C2962B6 
 250      0DF26FFF 
 250      4210B3AD 
 250      BF
 251 0a1c 344D3FDA 		.ascii	"4M?\332\233\366\207\275\002A\231\227,\350\241\304\303"
 251      9BF687BD 
 251      02419997 
 251      2CE8A1C4 
 251      C3
 252 0a2d 492E6726 		.ascii	"I.g&\007vKN\343\014*\270-\226\345\321v\031\201\331\250"
 252      07764B4E 
 252      E30C2AB8 
 252      2D96E5D1 
 252      761981D9 
 253 0a42 A120E718 		.ascii	"\241 \347\030SHDDDD\222&\351\021\005\004\031\350\244"
 253      53484444 
 253      44449226 
 253      E9110504 
 253      19E8A4
 254 0a55 BBDB1200 		.ascii	"\273\333\022\000%=\013Bf\030\253\221\244\234\224\221"
 254      253D0B42 
 254      6618AB91 
ARM GAS  C:\Users\PUBLIC~1.LAP\AppData\Local\Temp\cc6Kcumc.s 			page 19


 254      A49C9491 
 255 0a65 CA7201DA 		.ascii	"\312r\001\332\366;\313{S\340^]\361\037\000\210\340\251"
 255      F63BCB7B 
 255      53E05E5D 
 255      F11F0088 
 255      E0A9
 256 0a77 F6F9CF7C 		.ascii	"\366\371\317|\235l]\217\247\306Y\010\321\212{\237\011"
 256      9D6C5D8F 
 256      A7C65908 
 256      D18A7B9F 
 256      09
 257 0a88 07E8A722 		.ascii	"\007\350\247\"\256\227\336x\014\207\364\205\323^Ag\356"
 257      AE97DE78 
 257      0C87F485 
 257      D35E4167 
 257      EE
 258 0a99 5E36DBE0 		.ascii	"^6\333\340\302\\Q\204d\245C]\022\300\321\234\020\014"
 258      C25C5184 
 258      64A5435D 
 258      12C0D19C 
 258      100C
 259 0aab 9B0C8199 		.ascii	"\233\014\201\231\261\315<icT9\313?\264\231\001>FQJ\257"
 259      B1CD3C69 
 259      635439CB 
 259      3FB49901 
 259      3E46514A 
 260 0ac0 4A865C6B 		.ascii	"J\206\\kk\177\321p\230\315\307\327\016\324\027\210;"
 260      6B7FD170 
 260      98CDC7D7 
 260      0ED41788 
 260      3B
 261 0ad1 D52046B5 		.ascii	"\325 F\265,Z&Q*\177\011'\3626i\225&\314C\241\220Q\252"
 261      2C5A2651 
 261      2A7F0927 
 261      F2366995 
 261      26CC43A1 
 262 0ae8 9437CD0B 		.ascii	"\2247\315\013\342<c\341\376\372\335v,t\322\354\270\331"
 262      E23C63E1 
 262      FEFADD76 
 262      2C74D2EC 
 262      B8D9
 263 0afa 7A992233 		.ascii	"z\231\"3\257\354`\261W\331\331`e\325\341j%=\323%\022"
 263      AFEC60B1 
 263      57D9D960 
 263      65D5E16A 
 263      253DD325 
 264 0b0f A5CBA613 		.ascii	"\245\313\246\023\241c\010\362\210\321-Wv\027 Nc\021"
 264      A16308F2 
 264      88D12D57 
 264      7617204E 
 264      6311
 265 0b21 DA173181 		.ascii	"\332\0271\201\234\246:\011\272d\372\204\224Y\362H&\005"
 265      9CA63A09 
 265      BA64FA84 
 265      9459F248 
 265      2605
 266 0b33 6E499F08 		.ascii	"nI\237\010;\217\200<IM1\255+M7\004\011\023\331\217\367"
ARM GAS  C:\Users\PUBLIC~1.LAP\AppData\Local\Temp\cc6Kcumc.s 			page 20


 266      3B8F803C 
 266      494D31AD 
 266      2B4D3704 
 266      0913D98F 
 267 0b48 74BC29DD 		.ascii	"t\274)\335\272ho;\222S+\357A\236h\326E\370\217\301\271"
 267      BA686F3B 
 267      92532BEF 
 267      419E68D6 
 267      45F88FC1 
 268 0b5d 362FBEE3 		.ascii	"6/\276\343\027\012\222&\341I\\\217\021\2533\232\364"
 268      170A9226 
 268      E1495C8F 
 268      11AB339A 
 268      F4
 269 0b6e 98043077 		.ascii	"\230\0040w\323v\201v\306\320-1\001\232\325\244\005m"
 269      D3768176 
 269      C6D02D31 
 269      019AD5A4 
 269      056D
 270 0b80 3D084E50 		.ascii	"=\010NP\216\371r__X\003\003\304c\334\303\300\344\300"
 270      8EF9725F 
 270      5F580303 
 270      C463DCC3 
 270      C0E4C0
 271 0b93 4C297E14 		.ascii	"L)~\024w\312y\345\010\363`\223Z[\027\345eD\223\331\""
 271      77CA79E5 
 271      08F36093 
 271      5A5B17E5 
 271      654493D9 
 272 0ba8 23753515 		.ascii	"#u5\025$\002\377l\3776$p\256\217(\037RD\024\357\347"
 272      2402FF6C 
 272      FF362470 
 272      AE8F281F 
 272      524414EF 
 273 0bbd 6D0D1976 		.ascii	"m\015\031v\240\344\010<f\3118x\322\317\014I\235\\B\333"
 273      A0E4083C 
 273      66C93878 
 273      D2CF0C49 
 273      9D5C42DB 
 274 0bd1 15BB4303 		.ascii	"\025\273C\003\315\025;k\304\320\375CX\204\354\236\203"
 274      CD153B6B 
 274      C4D0FD43 
 274      5884EC9E 
 274      83
 275 0be2 03499196 		.ascii	"\003I\221\226\344\031\207\020\367K\324\346\223\211\332"
 275      E4198710 
 275      F74BD4E6 
 275      9389DA
 276 0bf1 A0464681 		.ascii	"\240FF\201\2435p\223F\323\234\021\363\233\364\237P,"
 276      A3357093 
 276      46D39C11 
 276      F39BF49F 
 276      502C
 277 0c03 55AA527D 		.ascii	"U\252R}|11\2526\257r\367\0222X\0007b\340\367\213\235"
 277      7C3131AA 
 277      36AF72F7 
 277      12325800 
ARM GAS  C:\Users\PUBLIC~1.LAP\AppData\Local\Temp\cc6Kcumc.s 			page 21


 277      3762E0F7 
 278 0c19 B0198EF9 		.ascii	"\260\031\216\371\254\351\251i\324q\010\027\242\254;"
 278      ACE9A969 
 278      D4710817 
 278      A2AC3B
 279 0c28 930F7648 		.ascii	"\223\017vH\023\207\010W\342n|\010\203\226_\304\200\372"
 279      13870857 
 279      E26E7C08 
 279      83965FC4 
 279      80FA
 280 0c3a 96657A99 		.ascii	"\226ez\231\354Z\215\011\322\035\364\345\323\263Y\265"
 280      EC5A8D09 
 280      D21DF4E5 
 280      D3B359B5 
 281 0c4a 88E1D16C 		.ascii	"\210\341\321l\177h\272\226\264\321\310\362\"\347\014"
 281      7F68BA96 
 281      B4D1C8F2 
 281      22E70C
 282 0c59 074C5626 		.ascii	"\007LV&\216-\317\312\021\016\340\320\212\201\011M9\263"
 282      8E2DCFCA 
 282      110EE0D0 
 282      8A81094D 
 282      39B3
 283 0c6b 00286FCF 		.ascii	"\000(o\317F\365D\271\316\353-jB,\275\273\177;\223D\376"
 283      46F544B9 
 283      CEEB2D6A 
 283      422CBDBB 
 283      7F3B9344 
 284 0c80 39D73BA9 		.ascii	"9\327;\251\313O>\362Op\245k\000-]*,$\020$\353\225\362"
 284      CB4F3EF2 
 284      4F70A56B 
 284      002D5D2A 
 284      2C241024 
 285 0c97 B5676C02 		.ascii	"\265gl\002.\364\334\024Y\342\313f\3749\340)q\265\000"
 285      2EF4DC14 
 285      59E2CB66 
 285      FC39E029 
 285      71B500
 286 0caa DCB0F12F 		.ascii	"\334\260\361/\305?|\220\013\235}\246~\223#\243\020\200"
 286      C53F7C90 
 286      0B9D7DA6 
 286      7E9323A3 
 286      1080
 287 0cbc 730029A4 		.ascii	"s\000)\244\203\014p\253\020\036\343P\334\2575a\254\211"
 287      830C70AB 
 287      101EE350 
 287      DCAF3561 
 287      AC89
 288 0cce F8108FB6 		.ascii	"\370\020\217\266\353\001\206\302d8\017\340`\361e\336"
 288      EB0186C2 
 288      64380FE0 
 288      60F165DE 
 289 0cde FD645E45 		.ascii	"\375d^E\323,\0005\234\007K\226/\217\330\360\225N\272"
 289      D32C0035 
 289      9C074B96 
 289      2F8FD8F0 
 289      954EBA
ARM GAS  C:\Users\PUBLIC~1.LAP\AppData\Local\Temp\cc6Kcumc.s 			page 22


 290 0cf1 3236C63A 		.ascii	"26\306:v\223\311\027\011\341N:f\327\026\207B\323*\327"
 290      7693C917 
 290      09E14E3A 
 290      66D71687 
 290      42D32AD7 
 291 0d05 D739D473 		.ascii	"\3279\324s\003^W\225I\357\331\376\361\302%D\013\273"
 291      035E5795 
 291      49EFD9FE 
 291      F1C22544 
 291      0BBB
 292 0d17 799D01E4 		.ascii	"y\235\001\344pK\242z\334\237\326e\032|\034\310\347&"
 292      704BA27A 
 292      DC9FD665 
 292      1A7C1CC8 
 292      E726
 293 0d29 D0E7CFBC 		.ascii	"\320\347\317\274\014gd\203\266\314uG\035\330(\231\257"
 293      0C676483 
 293      B6CC7547 
 293      1DD82899 
 293      AF
 294 0d3a B6643A08 		.ascii	"\266d:\010l\242\340\277\347\000\327\351\006\263\366"
 294      6CA2E0BF 
 294      E700D7E9 
 294      06B3F6
 295 0d49 9A0D2866 		.ascii	"\232\015(f\025,\274\264\177T\024?\230b6\036\263j\016"
 295      152CBCB4 
 295      7F54143F 
 295      9862361E 
 295      B36A0E
 296 0d5c 25C0A98E 		.ascii	"%\300\251\216\265\0025\360&]D*d\236\036\330\000\212"
 296      B50235F0 
 296      265D442A 
 296      649E1ED8 
 296      008A
 297 0d6e 30B76450 		.ascii	"0\267dP\363\371\204i7\311H\265\262\344\177\2601L:u."
 297      F3F98469 
 297      37C948B5 
 297      B2E47FB0 
 297      314C3A75 
 298 0d83 73DB4BDC 		.ascii	"s\333K\334\030\2017\031\025\277\363\223\303\344\364"
 298      18813719 
 298      15BFF393 
 298      C3E4F4
 299 0d92 01620C47 		.ascii	"\001b\014G\244\215xKsM\244\336\311pK\242z\334\251U\274"
 299      A48D784B 
 299      734DA4DE 
 299      C9704BA2 
 299      7ADCA955 
 300 0da7 35266B36 		.ascii	"5&k6Bbd\245p\015O\257\253\322\321q\276n:9\")\024\032"
 300      426264A5 
 300      700D4FAF 
 300      ABD2D171 
 300      BE6E3A39 
 301 0dbf FEC2AB74 		.ascii	"\376\302\253t\365`\213{\225E@\363\332\012\255 g=J\030"
 301      F5608B7B 
 301      954540F3 
 301      DA0AAD20 
ARM GAS  C:\Users\PUBLIC~1.LAP\AppData\Local\Temp\cc6Kcumc.s 			page 23


 301      673D4A18 
 302 0dd3 76C8A829 		.ascii	"v\310\250)\347s\270\333S@\276\375\025\333a]\036\343"
 302      E773B8DB 
 302      5340BEFD 
 302      15DB615D 
 302      1EE3
 303 0de5 A2B8A5A5 		.ascii	"\242\270\245\245}\253/\303\033\313\373\037\253\212\265"
 303      7DAB2FC3 
 303      1BCBFB1F 
 303      AB8AB5
 304 0df4 47B33902 		.ascii	"G\2639\002u\027\256\252\012\036\2012\361W\310k_\352"
 304      7517AEAA 
 304      0A1E8132 
 304      F157C86B 
 304      5FEA
 305 0e06 C5FC80B5 		.ascii	"\305\374\200\265\015J\300\357\310\251\001"
 305      0D4AC0EF 
 305      C8A901
 306              		.text
 307              		.section	.gnu.lto_.symtab.83ad4eb8,"e",%progbits
 308 0000 63685246 		.ascii	"chRFCUCollectFaultsI\000"
 308      4355436F 
 308      6C6C6563 
 308      74466175 
 308      6C747349 
 309 0015 00       		.ascii	"\000"
 310 0016 00       		.ascii	"\000"
 311 0017 00       		.ascii	"\000"
 312 0018 00000000 		.ascii	"\000\000\000\000\000\000\000\000"
 312      00000000 
 313 0020 B3010000 		.ascii	"\263\001\000\000"
 314 0024 63685246 		.ascii	"chRFCUGetAndClearFaultsI\000"
 314      43554765 
 314      74416E64 
 314      436C6561 
 314      72466175 
 315 003d 00       		.ascii	"\000"
 316 003e 00       		.ascii	"\000"
 317 003f 00       		.ascii	"\000"
 318 0040 00000000 		.ascii	"\000\000\000\000\000\000\000\000"
 318      00000000 
 319 0048 B9010000 		.ascii	"\271\001\000\000"
 320 004c 63683000 		.ascii	"ch0\000"
 321 0050 00       		.ascii	"\000"
 322 0051 02       		.ascii	"\002"
 323 0052 00       		.ascii	"\000"
 324 0053 00000000 		.ascii	"\000\000\000\000\000\000\000\000"
 324      00000000 
 325 005b B5010000 		.ascii	"\265\001\000\000"
 326              		.text
 327              		.section	.gnu.lto_.ext_symtab.83ad4eb8,"e",%progbits
 328 0000 01       		.ascii	"\001"
 329 0001 01       		.ascii	"\001"
 330 0002 00       		.ascii	"\000"
 331 0003 01       		.ascii	"\001"
 332 0004 00       		.ascii	"\000"
 333 0005 02       		.ascii	"\002"
ARM GAS  C:\Users\PUBLIC~1.LAP\AppData\Local\Temp\cc6Kcumc.s 			page 24


 334 0006 01       		.ascii	"\001"
 335              		.text
 336              		.section	.gnu.lto_.opts,"e",%progbits
 337 0000 272D666E 		.ascii	"'-fno-openmp' '-fno-openacc' '-fno-pie' '-fcf-prote"
 337      6F2D6F70 
 337      656E6D70 
 337      2720272D 
 337      666E6F2D 
 338 0033 6374696F 		.ascii	"ction=none' '-mcpu=cortex-m3' '-mthumb' '-mfloat-ab"
 338      6E3D6E6F 
 338      6E652720 
 338      272D6D63 
 338      70753D63 
 339 0066 693D736F 		.ascii	"i=soft' '-mlibarch=armv7-m' '-march=armv7-m' '-Os' "
 339      66742720 
 339      272D6D6C 
 339      69626172 
 339      63683D61 
 340 0099 272D666F 		.ascii	"'-fomit-frame-pointer' '-falign-functions=16' '-ffu"
 340      6D69742D 
 340      6672616D 
 340      652D706F 
 340      696E7465 
 341 00cc 6E637469 		.ascii	"nction-sections' '-fdata-sections' '-fno-common' '-"
 341      6F6E2D73 
 341      65637469 
 341      6F6E7327 
 341      20272D66 
 342 00ff 666C746F 		.ascii	"flto' '-Xassembler' '-alms=./build/lst/chrfcu.lst'\000"
 342      2720272D 
 342      58617373 
 342      656D626C 
 342      65722720 
 343              		.text
 344              		.comm	__gnu_lto_slim,1,1
 345              		.ident	"GCC: (GNU) 12.2.0"
ARM GAS  C:\Users\PUBLIC~1.LAP\AppData\Local\Temp\cc6Kcumc.s 			page 25


DEFINED SYMBOLS
                            *ABS*:00000000 chrfcu.c
                            *COM*:00000001 __gnu_lto_slim

NO UNDEFINED SYMBOLS
