ARM GAS  C:\Users\PUBLIC~1.LAP\AppData\Local\Temp\ccBwohJk.s 			page 1


   1              		.cpu cortex-m3
   2              		.arch armv7-m
   3              		.fpu softvfp
   4              		.eabi_attribute 20, 1
   5              		.eabi_attribute 21, 1
   6              		.eabi_attribute 23, 3
   7              		.eabi_attribute 24, 1
   8              		.eabi_attribute 25, 1
   9              		.eabi_attribute 26, 1
  10              		.eabi_attribute 30, 4
  11              		.eabi_attribute 34, 1
  12              		.eabi_attribute 18, 4
  13              		.file	"crt1.c"
  14              		.section	.gnu.lto_.profile.83acbc88,"e",%progbits
  15 0000 28B52FFD 		.ascii	"(\265/\375 \0061\000\000\002\000\000\000\000\000"
  15      20063100 
  15      00020000 
  15      000000
  16              		.text
  17              		.section	.gnu.lto_.icf.83acbc88,"e",%progbits
  18 0000 28B52FFD 		.ascii	"(\265/\375 S\315\001\000\204\002G\000\006\000\253\350"
  18      2053CD01 
  18      00840247 
  18      000600AB 
  18      E8
  19 0011 E4D30100 		.ascii	"\344\323\001\000\001\002\003\200\247\251\274\006\000"
  19      01020380 
  19      A7A9BC06 
  19      00
  20 001e 04BEEBBC 		.ascii	"\004\276\353\274\260\016\016\002\000\002\001\000\002"
  20      B00E0E02 
  20      00020100 
  20      02
  21 002b 0105DFDC 		.ascii	"\001\005\337\334\271\373\006\000\006\000/\004p\004\354"
  21      B9FB0600 
  21      06002F04 
  21      7004EC
  22 003a 6E0043A8 		.ascii	"n\000C\250\214\263\001,"
  22      8CB3012C 
  23              		.text
  24              		.section	.gnu.lto_.ipa_sra.83acbc88,"e",%progbits
  25 0000 28B52FFD 		.ascii	"(\265/\375 \035\315\000\000\230\021\000\005\000\000"
  25      201DCD00 
  25      00981100 
  25      050000
  26 000f 01010001 		.ascii	"\001\001\000\001\002\000\001\003\000\001\004\000\001"
  26      02000103 
  26      00010400 
  26      01
  27 001c 0001001B 		.ascii	"\000\001\000\033\300\002"
  27      C002
  28              		.text
  29              		.section	.gnu.lto_.inline.83acbc88,"e",%progbits
  30 0000 28B52FFD 		.ascii	"(\265/\375 \302\215\002\000D\003\266\000\005\000\000"
  30      20C28D02 
  30      004403B6 
  30      00050000 
ARM GAS  C:\Users\PUBLIC~1.LAP\AppData\Local\Temp\ccBwohJk.s 			page 2


  31 0010 03808080 		.ascii	"\003\200\200\200\200\002d\001\000\000\002\000\000\201"
  31      80026401 
  31      00000200 
  31      0081
  32 001e 8080807E 		.ascii	"\200\200\200~\000\000\006\002\000\000\001\002\003\000"
  32      00000602 
  32      00000102 
  32      0300
  33 002c 02040400 		.ascii	"\002\004\004\000\024\356\305\256\261\003l\"\356\305"
  33      14EEC5AE 
  33      B1036C22 
  33      EEC5
  34 003a AEB0036C 		.ascii	"\256\260\003l\000\013\000\023\203\006\204\003\031n\016"
  34      000B0013 
  34      83068403 
  34      196E0E
  35 0049 07279061 		.ascii	"\007'\220a\030\200\274\216\242\261\271.7\361\330@\033"
  35      1880BC8E 
  35      A2B1B92E 
  35      37F1D840 
  35      1B
  36              		.text
  37              		.section	.gnu.lto_.jmpfuncs.83acbc88,"e",%progbits
  38 0000 28B52FFD 		.ascii	"(\265/\375 \035\315\000\000\230\021\000\005\000\000"
  38      201DCD00 
  38      00981100 
  38      050000
  39 000f 00010000 		.ascii	"\000\001\000\000\002\000\000\003\000\000\004\000\000"
  39      02000003 
  39      00000400 
  39      00
  40 001c 0001001B 		.ascii	"\000\001\000\033\300\002"
  40      C002
  41              		.text
  42              		.section	.gnu.lto_.pureconst.83acbc88,"e",%progbits
  43 0000 28B52FFD 		.ascii	"(\265/\375 \024\241\000\000\020\000\000\000\005\000"
  43      2014A100 
  43      00100000 
  43      000500
  44 000f 98040198 		.ascii	"\230\004\001\230\004\002\230\004\003\264\004\004\232"
  44      04029804 
  44      03B40404 
  44      9A
  45 001c 04       		.ascii	"\004"
  46              		.text
  47              		.section	.gnu.lto_.ipa_modref.83acbc88,"e",%progbits
  48 0000 28B52FFD 		.ascii	"(\265/\375 X\275\001\000$\002L\000\005\000\001\000\002"
  48      2058BD01 
  48      0024024C 
  48      00050001 
  48      0002
  49 0012 00030002 		.ascii	"\000\003\000\002\004\002\002\003\000\001\002\004\001"
  49      04020203 
  49      00010204 
  49      01
  50 001f 00020500 		.ascii	"\000\002\005\000\001\002\005\001\000\001\000\000\002"
  50      01020501 
ARM GAS  C:\Users\PUBLIC~1.LAP\AppData\Local\Temp\ccBwohJk.s 			page 3


  50      00010000 
  50      02
  51 002c 000800BB 		.ascii	"\000\010\000\273\000Sb\255\004\0142\006\004\003\202"
  51      005362AD 
  51      040C3206 
  51      040382
  52 003b 41C11BC0 		.ascii	"A\301\033\300\002"
  52      02
  53              		.text
  54              		.section	.gnu.lto_.lto.83acbc88,"e",%progbits
  55 0000 0C000000 		.ascii	"\014\000\000\000\001\000\001\000"
  55      01000100 
  56              		.text
  57              		.section	.gnu.lto_ram_areas.65.83acbc88,"e",%progbits
  58 0000 28B52FFD 		.ascii	"(\265/\375`\332\001\335\014\0004\024\201\002\000\000"
  58      60DA01DD 
  58      0C003414 
  58      81020000 
  59 0010 4D000501 		.ascii	"M\000\005\001\212\001\202\200\200\274\302\373\320\007"
  59      8A018280 
  59      80BCC2FB 
  59      D007
  60 001e 7F7DE82C 		.ascii	"\177}\350,\177{\034\177y\250\002\177w\000\005\001?\202"
  60      7F7B1C7F 
  60      79A8027F 
  60      77000501 
  60      3F82
  61 0030 88802075 		.ascii	"\210\200 us\272\001q\271\001o\270\001m\267\001\005\001"
  61      73BA0171 
  61      B9016FB8 
  61      016DB701 
  61      0501
  62 0042 06150107 		.ascii	"\006\025\001\007\370\365\241\017\177k,\177i\350\034"
  62      F8F5A10F 
  62      7F6B2C7F 
  62      69E81C
  63 0051 7F67A802 		.ascii	"\177g\250\002\177e\300\001q\277\001o\276\001m\275\006"
  63      7F65C001 
  63      71BF016F 
  63      BE016DBD 
  63      06
  64 0062 B8F4A10F 		.ascii	"\270\364\241\017\177ca_]\306\001q\305\001o\304\001m"
  64      7F63615F 
  64      5DC60171 
  64      C5016FC4 
  64      016D
  65 0074 C305F8EE 		.ascii	"\303\005\370\356\241\017\177[YWU\314\001q\313\001o\312"
  65      A10F7F5B 
  65      595755CC 
  65      0171CB01 
  65      6FCA
  66 0086 016DC904 		.ascii	"\001m\311\004\270\355\241\017\177SQOM\322\001q\321\001"
  66      B8EDA10F 
  66      7F53514F 
  66      4DD20171 
  66      D101
  67 0098 6FD0016D 		.ascii	"o\320\001m\317\003\370\347\241\017\177KIGE\330\001q"
ARM GAS  C:\Users\PUBLIC~1.LAP\AppData\Local\Temp\ccBwohJk.s 			page 4


  67      CF03F8E7 
  67      A10F7F4B 
  67      494745D8 
  67      0171
  68 00aa D7016FD6 		.ascii	"\327\001o\326\001m\325\002\270\346\241\017\177CA\277"
  68      016DD502 
  68      B8E6A10F 
  68      7F4341BF 
  69 00ba 7FBD7FDE 		.ascii	"\177\275\177\336\001q\335\001o\334\001m\333\001\270"
  69      0171DD01 
  69      6FDC016D 
  69      DB01B8
  70 00c9 E5A10F7F 		.ascii	"\345\241\017\177\273\350,\177\271\350\034\177\267\250"
  70      BBE82C7F 
  70      B9E81C7F 
  70      B7A8
  71 00d7 027FB5E3 		.ascii	"\002\177\265\343\001q\342\001o\341\001m\340\300\001"
  71      0171E201 
  71      6FE1016D 
  71      E0C001
  72 00e6 B37F33E4 		.ascii	"\263\1773\344\0014\337\001\332\001\331\001\324\001\323"
  72      0134DF01 
  72      DA01D901 
  72      D401D3
  73 00f5 01CE01CD 		.ascii	"\001\316\001\315\001\310\001\307\001\302\001\301\001"
  73      01C801C7 
  73      01C201C1 
  73      01
  74 0102 BC01BB01 		.ascii	"\274\001\273\001\000KD:\\00a_liuhy\\temp126\\ChibiO"
  74      004B443A 
  74      5C303061 
  74      5F6C6975 
  74      68795C74 
  75 0123 532F6F73 		.ascii	"S/os/common/startup/ARMCMxpilers/GCC/crt1.c\0000 \200"
  75      2F636F6D 
  75      6D6F6E2F 
  75      73746172 
  75      7475702F 
  76 0152 9338C301 		.ascii	"\2238\303\001Y\"b\375\213\027\022\244%\215\242\177`"
  76      592262FD 
  76      8B1712A4 
  76      258DA27F 
  76      60
  77 0163 2D99544A 		.ascii	"-\231TJ$\331\007\312\215\001\0314\254\201Y\014\274\317"
  77      24D907CA 
  77      8D011934 
  77      AC81590C 
  77      BCCF
  78 0175 3046989A 		.ascii	"0F\230\232\357@\373\014c\204)\371\016\334\3270#\230"
  78      EF40FB0C 
  78      638429F9 
  78      0EDCD730 
  78      2398
  79 0187 CAF7C07D 		.ascii	"\312\367\300}\0143\202\251|\335@\317n\262\204`2\206"
  79      0C3382A9 
  79      7CDD40CF 
  79      6EB28460 
ARM GAS  C:\Users\PUBLIC~1.LAP\AppData\Local\Temp\ccBwohJk.s 			page 5


  79      3286
  80 0199 2DE5949D 		.ascii	"-\345\224\235'\343Q\010!j\300E"
  80      27E35108 
  80      216AC045 
  81              		.text
  82              		.section	.gnu.lto___cpu_init.66.83acbc88,"e",%progbits
  83 0000 28B52FFD 		.ascii	"(\265/\375 \342}\006\000t\013f\000\000\000M\000\000"
  83      20E27D06 
  83      00740B66 
  83      0000004D 
  83      0000
  84 0012 00230000 		.ascii	"\000#\000\000\000\001\003\000\001\222\221\212\002\000"
  84      00010300 
  84      0192918A 
  84      0200
  85 0020 80808040 		.ascii	"\200\200\200@\007\002\001\201\221\212\011\001\267\001"
  85      07020181 
  85      918A0901 
  85      B701
  86 002e 01007F02 		.ascii	"\001\000\177\002\001\177\001\246\003/\200\200\200\370"
  86      017F01A6 
  86      032F8080 
  86      80F8
  87 003c C4CEE280 		.ascii	"\304\316\342\200P\300\001\352\000\000\177\000\013\001"
  87      50C001EA 
  87      00007F00 
  87      0B01
  88 004a 000000AF 		.ascii	"\000\000\000\257\322\005\340\200\374\377\217\200\200"
  88      D205E080 
  88      FCFF8F80 
  88      80
  89 0057 FDE201AB 		.ascii	"\375\342\001\253%\002\000\000\243\003\000\200\200\200"
  89      25020000 
  89      A3030080 
  89      8080
  90 0065 80040100 		.ascii	"\200\004\001\000\000\244\003\002\201\300\000\000\202"
  90      00A40302 
  90      81C00000 
  90      82
  91 0072 038220A3 		.ascii	"\003\202 \243\003\001\200\300KD:\\00a_liuhy\\temp12"
  91      030180C0 
  91      4B443A5C 
  91      3030615F 
  91      6C697568 
  92 008e 365C4368 		.ascii	"6\\ChibiOS/os/common/startup/ARMCMxpilers/GCC/crt1."
  92      6962694F 
  92      532F6F73 
  92      2F636F6D 
  92      6D6F6E2F 
  93 00c0 63000800 		.ascii	"c\000\010\000\2263\340\314\200sf\004\370r\272\214\177"
  93      9633E0CC 
  93      80736604 
  93      F872BA8C 
  93      7F
  94 00d1 19575C8E 		.ascii	"\031W\\\216E;\311"
  94      453BC9
  95              		.text
ARM GAS  C:\Users\PUBLIC~1.LAP\AppData\Local\Temp\ccBwohJk.s 			page 6


  96              		.section	.gnu.lto___early_init.67.83acbc88,"e",%progbits
  97 0000 28B52FFD 		.ascii	"(\265/\375 \341u\006\000d\013e\000\000\000M\000\000"
  97      20E17506 
  97      00640B65 
  97      0000004D 
  97      0000
  98 0012 00230000 		.ascii	"\000#\000\000\000\001\003\000\001\222\221\212\002\000"
  98      00010300 
  98      0192918A 
  98      0200
  99 0020 80808040 		.ascii	"\200\200\200@\007\002\001\201\221\212\011\001\267\001"
  99      07020181 
  99      918A0901 
  99      B701
 100 002e 01007F02 		.ascii	"\001\000\177\002\001\177\001\246\003/\200\200\200\370"
 100      017F01A6 
 100      032F8080 
 100      80F8
 101 003c 84E4E280 		.ascii	"\204\344\342\200P\300\001\352\000\000\177\000\013\001"
 101      50C001EA 
 101      00007F00 
 101      0B01
 102 004a 000000AF 		.ascii	"\000\000\000\257\322\005\340\200\374\377\217\200\200"
 102      D205E080 
 102      FCFF8F80 
 102      80
 103 0057 CDA3013A 		.ascii	"\315\243\001:\002\000\000\243\003\000\200\200\200\200"
 103      020000A3 
 103      03008080 
 103      8080
 104 0065 04010000 		.ascii	"\004\001\000\000\244\003\002\201\300\000\000\202\003"
 104      A4030281 
 104      C0000082 
 104      03
 105 0072 8220A303 		.ascii	"\202 \243\003\001\200\300KD:\\00a_liuhy\\temp126\\C"
 105      0180C04B 
 105      443A5C30 
 105      30615F6C 
 105      69756879 
 106 0090 68696269 		.ascii	"hibiOS/os/common/startup/ARMCMxpilers/GCC/crt1.c\000"
 106      4F532F6F 
 106      732F636F 
 106      6D6D6F6E 
 106      2F737461 
 107 00c1 08009633 		.ascii	"\010\000\2263\340\314\200sf\000\370\362\271\214\177"
 107      E0CC8073 
 107      6600F8F2 
 107      B98C7F
 108 00d0 19575C8E 		.ascii	"\031W\\\216E;\311"
 108      453BC9
 109              		.text
 110              		.section	.gnu.lto___late_init.68.83acbc88,"e",%progbits
 111 0000 28B52FFD 		.ascii	"(\265/\375 \341u\006\000d\013e\000\000\000M\000\000"
 111      20E17506 
 111      00640B65 
 111      0000004D 
 111      0000
ARM GAS  C:\Users\PUBLIC~1.LAP\AppData\Local\Temp\ccBwohJk.s 			page 7


 112 0012 00230000 		.ascii	"\000#\000\000\000\001\003\000\001\222\221\212\002\000"
 112      00010300 
 112      0192918A 
 112      0200
 113 0020 80808040 		.ascii	"\200\200\200@\007\002\001\201\221\212\011\001\267\001"
 113      07020181 
 113      918A0901 
 113      B701
 114 002e 01007F02 		.ascii	"\001\000\177\002\001\177\001\246\003/\200\200\200\370"
 114      017F01A6 
 114      032F8080 
 114      80F8
 115 003c 84EFE280 		.ascii	"\204\357\342\200P\300\001\352\000\000\177\000\013\001"
 115      50C001EA 
 115      00007F00 
 115      0B01
 116 004a 000000AF 		.ascii	"\000\000\000\257\322\005\340\200\374\377\217\200\200"
 116      D205E080 
 116      FCFF8F80 
 116      80
 117 0057 C5A30139 		.ascii	"\305\243\0019\002\000\000\243\003\000\200\200\200\200"
 117      020000A3 
 117      03008080 
 117      8080
 118 0065 04010000 		.ascii	"\004\001\000\000\244\003\002\201\300\000\000\202\003"
 118      A4030281 
 118      C0000082 
 118      03
 119 0072 8220A303 		.ascii	"\202 \243\003\001\200\300KD:\\00a_liuhy\\temp126\\C"
 119      0180C04B 
 119      443A5C30 
 119      30615F6C 
 119      69756879 
 120 0090 68696269 		.ascii	"hibiOS/os/common/startup/ARMCMxpilers/GCC/crt1.c\000"
 120      4F532F6F 
 120      732F636F 
 120      6D6D6F6E 
 120      2F737461 
 121 00c1 08009633 		.ascii	"\010\000\2263\340\314\200sf\000\370\362\271\214\177"
 121      E0CC8073 
 121      6600F8F2 
 121      B98C7F
 122 00d0 19575C8E 		.ascii	"\031W\\\216E;\311"
 122      453BC9
 123              		.text
 124              		.section	.gnu.lto___default_exit.69.83acbc88,"e",%progbits
 125 0000 28B52FFD 		.ascii	"(\265/\375`\004\000\325\006\000\002L.3`M\323\001H\241"
 125      600400D5 
 125      0600024C 
 125      2E33604D 
 125      D30148A1 
 126 0014 94ADC57A 		.ascii	"\224\255\305z\350P\010\003#\375\001a=E\020\206\267^"
 126      E8500803 
 126      23FD0161 
 126      3D451086 
 126      B75E
 127 0026 6D7740CF 		.ascii	"mw@\317\0379\211\370\206\210~\225\335xZ\305h\355\010"
ARM GAS  C:\Users\PUBLIC~1.LAP\AppData\Local\Temp\ccBwohJk.s 			page 8


 127      1F3989F8 
 127      86887E95 
 127      DD785AC5 
 127      68ED08
 128 0039 00786004 		.ascii	"\000x`\004\310\226[\246\257\004\240\312UrN\004\331q"
 128      C8965BA6 
 128      AF04A0CA 
 128      55724E04 
 128      D971
 129 004b 16463709 		.ascii	"\026F7\011iJ\014\006r\243T\216\252\235\214\320\262L"
 129      694A0C06 
 129      72A3548E 
 129      AA9D8CD0 
 129      B24C
 130 005d AB64A7C9 		.ascii	"\253d\247\311\006\005\372@\2579\021\014@[f\325i\342"
 130      0605FA40 
 130      AF39110C 
 130      405B66D5 
 130      69E2
 131 006f A250CC81 		.ascii	"\242P\314\201z\236\251\340 \301\371F\376\366\030\212"
 131      7A9EA9E0 
 131      20C1F946 
 131      FEF6188A 
 132 007f 8DDDDDCC 		.ascii	"\215\335\335\314\337\0276\225\220\314\371\3737\240\262"
 132      DF173695 
 132      90CCF9FB 
 132      37A0B2
 133 008e 1F1CDD16 		.ascii	"\037\034\335\026%#\335\321lh\374_\200{?\310b\026\332"
 133      2523DDD1 
 133      6C68FC5F 
 133      807B3FC8 
 133      6216DA
 134 00a1 832423D2 		.ascii	"\203$#\322\335\2223\316\320\333\310\320\373B\227\215"
 134      DD9233CE 
 134      D0DBC8D0 
 134      FB42978D 
 135 00b1 18CB13CB 		.ascii	"\030\313\023\313e\241\023u\367a\205\345b\337\354\377"
 135      65A11375 
 135      F76185E5 
 135      62DFECFF 
 136 00c1 E8BFF41F 		.ascii	"\350\277\364\037\"\014\000\226\023\360\3021;\003\000"
 136      220C0096 
 136      13F0C231 
 136      3B0300
 137 00d0 73023851 		.ascii	"s\0028QK\363\027|\203\034p;m\266\014\334\270Bq\002"
 137      4BF3177C 
 137      831C703B 
 137      6DB60CDC 
 137      B8427102 
 138              		.text
 139              		.section	.gnu.lto___init_ram_areas.70.83acbc88,"e",%progbits
 140 0000 28B52FFD 		.ascii	"(\265/\375`\302\003\035\032\000\326\255\245K\240\326"
 140      60C2031D 
 140      1A00D6AD 
 140      A54BA0D6 
 141 0010 513A45C1 		.ascii	"Q:E\301\034\327\237\275\265\267\024^H\202@\341\225\366"
 141      1CD79FBD 
ARM GAS  C:\Users\PUBLIC~1.LAP\AppData\Local\Temp\ccBwohJk.s 			page 9


 141      B5B7145E 
 141      488240E1 
 141      95F6
 142 0022 C917C211 		.ascii	"\311\027\302\021KE\361\206\276@I\262\224\242m\315?\326"
 142      4B45F186 
 142      BE4049B2 
 142      94A26DCD 
 142      3FD6
 143 0034 976B172E 		.ascii	"\227k\027.\036\034\034\326\014\341U\204\317\035\320"
 143      1E1C1CD6 
 143      0CE15584 
 143      CF1DD0
 144 0043 3DAA2C1C 		.ascii	"=\252,\034\266\250\301J\271\205\327u\3323k\373\204\220"
 144      B6A8C14A 
 144      B985D775 
 144      DA336BFB 
 144      8490
 145 0055 4DE44E32 		.ascii	"M\344N2\214\000\212\000\222\000\367\246\010n9\002z\333"
 145      8C008A00 
 145      9200F7A6 
 145      086E3902 
 145      7ADB
 146 0067 F200E66D 		.ascii	"\362\000\346m\371\232y\313B\346#O'\334!I\206Q\356\275"
 146      F99A79CB 
 146      42E6234F 
 146      27DC2149 
 146      8651EEBD 
 147 007b B66E6294 		.ascii	"\266nb\224-\237/\323s\227\302\303d/\364\214\331\262"
 147      2D9F2FD3 
 147      7397C2C3 
 147      642FF48C 
 147      D9B2
 148 008d AB907FC6 		.ascii	"\253\220\177\306\024\300\361\203X\3749\214\346B\351"
 148      14C0F183 
 148      58FC398C 
 148      E642E9
 149 009c B2121582 		.ascii	"\262\022\025\202D\242\304I\235\300\013$\023\3655\202"
 149      44A2C449 
 149      9DC00B24 
 149      13F53582 
 150 00ac A8A24D49 		.ascii	"\250\242MI\"~\036H\304c\345)t\264\342B\220J\2248)ZW"
 150      227E1E48 
 150      C463E529 
 150      74B4E242 
 150      904A9438 
 151 00c3 4F5F8B8A 		.ascii	"O_\213\212\303j],\275|\372R\306Q\011\261\270\364\206"
 151      C36A5D2C 
 151      BD7CFA52 
 151      C65109B1 
 151      B8F486
 152 00d6 15955ECF 		.ascii	"\025\225^\317\230{/Wb1\351<;3#af\013\314\035\014\315"
 152      987B2F57 
 152      6231E93C 
 152      3B332361 
 152      660BCC1D 
 153 00ec C40914FF 		.ascii	"\304\011\024\377N\025D\357\035\302\360mx\330\021P\344"
 153      4E1544EF 
ARM GAS  C:\Users\PUBLIC~1.LAP\AppData\Local\Temp\ccBwohJk.s 			page 10


 153      1DC2F06D 
 153      78D81150 
 153      E4
 154 00fd DE7B15B7 		.ascii	"\336{\025\267|\037\363V\326Oo\200I\223\255#PM\342\234"
 154      7C1FF356 
 154      D64F6F80 
 154      4993AD23 
 154      504DE29C 
 155 0111 A4687533 		.ascii	"\244hu31\247?\225\333\310\\[\241\251\314d\347\247\316"
 155      31A73F95 
 155      DBC85C5B 
 155      A1A9CC64 
 155      E7A7CE
 156 0124 E69167FB 		.ascii	"\346\221g\373\250sY+w\255\\\273\362Y`MXS\013\210\334"
 156      A873592B 
 156      77AD5CBB 
 156      F259604D 
 156      58530B88 
 157 0139 7BD435E5 		.ascii	"{\3245\345f\331+\026\237\372\221\177\324\233\371\314"
 157      66D92B16 
 157      9FFA917F 
 157      D49BF9CC 
 158 0149 AFC13F3E 		.ascii	"\257\301?>\345\030\222\247eH\273DUFZT@o\247x\210\210"
 158      E51892A7 
 158      6548BB44 
 158      55465A54 
 158      406FA778 
 159 015f 1C99416F 		.ascii	"\034\231Ao\177)\216\361i\034J\370(\037\364\007\011\200"
 159      7F298EF1 
 159      691C4AF8 
 159      281FF407 
 159      0980
 160 0171 511510AD 		.ascii	"Q\025\020\255I(\364lZ\337\220P\206\236\202rL\276U\257"
 160      4928F46C 
 160      5ADF9050 
 160      869E8272 
 160      4CBE55AF 
 161 0185 8DC9284D 		.ascii	"\215\311(M\316X\033\031\003W\262\\\351\036\256\025="
 161      CE581B19 
 161      0357B25C 
 161      E91EAE15 
 161      3D
 162 0196 6BB3891A 		.ascii	"k\263\211\032\272\214\312Z\367p\235hY[\263k\207\240"
 162      BA8CCA5A 
 162      F7709D68 
 162      595BB36B 
 162      87A0
 163 01a8 0232AC5B 		.ascii	"\0022\254[\314\254{\016\264\266\205\361d\353X\336{\257"
 163      CCAC7B0E 
 163      B4B685F1 
 163      64EB58DE 
 163      7BAF
 164 01ba B55DEB17 		.ascii	"\265]\353\027d\325\214\233\275\322\267c\327\320SPM\362"
 164      64D58C9B 
 164      BDD2B763 
 164      D7D05350 
 164      4DF2
ARM GAS  C:\Users\PUBLIC~1.LAP\AppData\Local\Temp\ccBwohJk.s 			page 11


 165 01cc 9B6FE5CB 		.ascii	"\233o\345\313\351\036\304%\267\002\346\240|\036\363"
 165      E91EC425 
 165      B702E6A0 
 165      7C1EF3
 166 01db F68D3B42 		.ascii	"\366\215;B)\"\321U?\204\212e3\361\323\243A\212F2\225"
 166      2922D155 
 166      3F848A65 
 166      33F1D3A3 
 166      418A4632 
 167 01f0 BED40FA0 		.ascii	"\276\324\017\240\250\274\343\275\202\224\320\270w\350"
 167      A8BCE3BD 
 167      8294D0B8 
 167      77E8
 168 01fe C4B2891D 		.ascii	"\304\262\211\035~\303i\326\001=`\355\275W\343k\266I"
 168      7EC369D6 
 168      013D60ED 
 168      BD57E36B 
 168      B649
 169 0210 E002F4D9 		.ascii	"\340\002\364\331\330r9\007\266\237\357FG\327\373 \223"
 169      D8723907 
 169      B69FEF46 
 169      47D7FB20 
 169      93
 170 0221 93996160 		.ascii	"\223\231a`\353\005\201\276\032\340\317\306\201\267\333"
 170      EB0581BE 
 170      1AE0CFC6 
 170      81B7DB
 171 0230 F16C6C3F 		.ascii	"\361ll?\236\215\202\004]\006\035N\216\006\346\305\245"
 171      9E8D8204 
 171      5D061D4E 
 171      8E06E6C5 
 171      A5
 172 0241 B7BB01D2 		.ascii	"\267\273\001\322\200\300\011\352t.\324\334n4\012\032"
 172      80C009EA 
 172      742ED4DC 
 172      6E340A1A 
 173 0251 4048EFDB 		.ascii	"@H\357\333\31031\262\200\032\010\346bDbC\326Ff\366\341"
 173      C83331B2 
 173      801A08E6 
 173      62446243 
 173      D64666F6 
 174 0266 C3E274F5 		.ascii	"\303\342t\365\036;\003\234\356\035\342v\234\307M\271"
 174      1E3B039C 
 174      EE1DE276 
 174      9CC74DB9 
 175 0276 E39927F2 		.ascii	"\343\231'\362\314[\364\214e\336\326\023L)\250\260h\257"
 175      CC5BF48C 
 175      65DED613 
 175      4C29A8B0 
 175      68AF
 176 0288 9965ABF4 		.ascii	"\231e\253\364\003\252\241\247\240WVW\222\223\326\\\306"
 176      03AAA1A7 
 176      A0575657 
 176      9293D65C 
 176      C6
 177 0299 CC3ECFEE 		.ascii	"\314>\317\356\015\327\321ma\004L\250Q(\004\021d\310"
 177      0DD7D16D 
ARM GAS  C:\Users\PUBLIC~1.LAP\AppData\Local\Temp\ccBwohJk.s 			page 12


 177      61044CA8 
 177      51280411 
 177      64C8
 178 02ab 04343349 		.ascii	"\00443I\024\244\251\016\200\002!\262\261:\021\2001t"
 178      14A4A90E 
 178      800221B2 
 178      B13A1180 
 178      3174
 179 02bd 4CA8D266 		.ascii	"L\250\322f\226#\351\213\004\311C\030\226\"&\200\225"
 179      9623E98B 
 179      04C94318 
 179      96222680 
 179      95
 180 02ce 61E07205 		.ascii	"a\340r\005\327\3208\311\273\244n\353\320\263/ \322\335"
 180      D7D038C9 
 180      BBA46EEB 
 180      D0B32F20 
 180      D2DD
 181 02e0 A02A31F3 		.ascii	"\240*1\363\023X\005O\244!\013\010\011\020\366\356\246"
 181      1358054F 
 181      A4210B08 
 181      0910F6EE 
 181      A6
 182 02f1 E505F0B3 		.ascii	"\345\005\360\263\362\011\303\254a\3146Y\222\235x\253"
 182      F209C3AC 
 182      61CC3659 
 182      929D78AB 
 183 0301 680E5510 		.ascii	"h\016U\020\2341\017d\234\201`S\205\203\"\217i\007\023"
 183      9C310F64 
 183      9C816053 
 183      8583228F 
 183      690713
 184 0314 7A577D05 		.ascii	"zW}\005\021\335\342\025Ho\021L\263P\254\200Y\302<t\254"
 184      11DDE215 
 184      486F114C 
 184      B350AC80 
 184      59C23C74 
 185 0329 E4C09C3D 		.ascii	"\344\300\234=5\340\277q\224r-\302D\370\373\221\033\007"
 185      35E0BF71 
 185      94722DC2 
 185      44F8FB91 
 185      1B07
 186 033b 95D823E6 		.ascii	"\225\330#\346\233\34097*\0128\352\233D\335\0271h"
 186      9BE03937 
 186      2A0A38EA 
 186      9B44DD17 
 186      3168
 187              		.text
 188              		.section	.gnu.lto_.symbol_nodes.83acbc88,"e",%progbits
 189 0000 28B52FFD 		.ascii	"(\265/\375`\213\000-\007\000\224\012\207\001\000\000"
 189      608B002D 
 189      0700940A 
 189      87010000 
 190 0010 0002C200 		.ascii	"\000\002\302\000\177\006\200\200\200\200\004\001\220"
 190      7F068080 
 190      80800401 
 190      90
ARM GAS  C:\Users\PUBLIC~1.LAP\AppData\Local\Temp\ccBwohJk.s 			page 13


 191 001d CE00007F 		.ascii	"\316\000\000\177\000\000\272\220\202\002\303\000\177"
 191      0000BA90 
 191      8202C300 
 191      7F
 192 002a 07C4007F 		.ascii	"\007\304\000\177\010\305\000\177\011\304\357\210\005"
 192      08C5007F 
 192      09C4EF88 
 192      05
 193 0037 01C6007F 		.ascii	"\001\306\000\177\012\256\217\205\007\005\301\000\013"
 193      0AAE8F85 
 193      0705C100 
 193      0B
 194 0044 C0840100 		.ascii	"\300\204\001\000\000\003\005\307\000\014`\000\000\000"
 194      000305C7 
 194      000C6000 
 194      0000
 195 0052 05C8000D 		.ascii	"\005\310\000\015\311\000\016\312\000\017\313\000\020"
 195      C9000ECA 
 195      000FCB00 
 195      10
 196 005f CC0011CD 		.ascii	"\314\000\021\315\000\022\316\000\023\317\000\024\320"
 196      0012CE00 
 196      13CF0014 
 196      D0
 197 006c 0015D100 		.ascii	"\000\025\321\000\026\322\000\027\323\000\030\324\000"
 197      16D20017 
 197      D30018D4 
 197      00
 198 0079 19D5001A 		.ascii	"\031\325\000\032\326\000\033\327\000\034\330\000\035"
 198      D6001BD7 
 198      001CD800 
 198      1D
 199 0086 D9001EDA 		.ascii	"\331\000\036\332\000\037\333\000 \334\000!\335\000\""
 199      001FDB00 
 199      20DC0021 
 199      DD0022
 200 0095 DE0023DF 		.ascii	"\336\000#\337\000$\340\000%\341\000&\342\000'\343\000"
 200      0024E000 
 200      25E10026 
 200      E20027E3 
 200      00
 201 00a6 28E40029 		.ascii	"(\344\000)\345\000*\346\000+`\000\000\000\000% \300"
 201      E5002AE6 
 201      002B6000 
 201      00000025 
 201      20C0
 202 00b8 93160332 		.ascii	"\223\026\0032n\264Q\306\2156d\274\321\206\214\033\333"
 202      6EB451C6 
 202      8D3664BC 
 202      D1868C1B 
 202      DB
 203 00c9 9071A38D 		.ascii	"\220q\243\2152n\264!\343\2156d\334\330\206\214\033m"
 203      326EB421 
 203      E38D3664 
 203      DCD8868C 
 203      1B6D
 204 00db 94016E58 		.ascii	"\224\001nXw\227\271\300\006/cM\034\277\254Ofk\217\001"
ARM GAS  C:\Users\PUBLIC~1.LAP\AppData\Local\Temp\ccBwohJk.s 			page 14


 204      7797B9C0 
 204      062F634D 
 204      1CBFAC4F 
 204      666B8F01 
 205              		.text
 206              		.section	.gnu.lto_.refs.83acbc88,"e",%progbits
 207 0000 28B52FFD 		.ascii	"(\265/\375 Q%\002\000\022\005\020\027\020\323\264\006"
 207      20512502 
 207      00120510 
 207      1710D3B4 
 207      06
 208 0011 00000000 		.ascii	"\000\000\000\000\000\376\361\273\273\273\376u\015N?"
 208      00FEF1BB 
 208      BBBBFE75 
 208      0D4E3F
 209 0020 7F529301 		.ascii	"\177R\223\001G9)\031\011\331>:62.*&\"\036\032\026\022"
 209      47392919 
 209      09D93E3A 
 209      36322E2A 
 209      26221E1A 
 210 0036 0EB28281 		.ascii	"\016\262\202\201\200U\352T\032\205>\235\315\325\216"
 210      8055EA54 
 210      1A853E9D 
 210      CDD58E
 211 0045 ADB7ACCC 		.ascii	"\255\267\254\314\273\253\004\000"
 211      BBAB0400 
 212              		.text
 213              		.section	.gnu.lto_.decls.83acbc88,"e",%progbits
 214 0000 28B52FFD 		.ascii	"(\265/\375`'\016\265;\000\032d\330\025F`\346Q\007\231"
 214      60270EB5 
 214      3B001A64 
 214      D8154660 
 214      E6510799 
 215 0014 E3ED1979 		.ascii	"\343\355\031ym\334x\365Sl\300!j\000\023\300\307d\203"
 215      6DDC78F5 
 215      536CC021 
 215      6A0013C0 
 215      C76483
 216 0027 586A9A1C 		.ascii	"Xj\232\034?\020d\276ed=\370v;L\036 \243\244\341\370"
 216      3F1064BE 
 216      65643DF8 
 216      763B4C1E 
 216      20A3A4E1 
 217 003c 3F4A4193 		.ascii	"?JA\223\274\015m\370\037?R\300,\031\376\271\223\372"
 217      BC0D6DF8 
 217      1F3F52C0 
 217      2C19FEB9 
 217      93FA
 218 004e 43DD45EE 		.ascii	"C\335E\356.S\012\037\0016\001Z\001\377\2354\366$\353"
 218      2E530A1F 
 218      0136015A 
 218      01FF9D34 
 218      F624EB
 219 0061 93D41D5C 		.ascii	"\223\324\035\\zXP\357_I\227\374\217\333\275\272]\254"
 219      7A5850EF 
 219      5F4997FC 
 219      8FDBBDBA 
ARM GAS  C:\Users\PUBLIC~1.LAP\AppData\Local\Temp\ccBwohJk.s 			page 15


 219      5DAC
 220 0073 8B9B7958 		.ascii	"\213\233yXP\033?\327\352\307\212\211\300\310\310\310"
 220      501B3FD7 
 220      EAC78A89 
 220      C0C8C8C8 
 221 0083 286D5383 		.ascii	"(mS\203m\016\010m\257J\375\275\300\016\270\246\315\""
 221      6D0E086D 
 221      AF4AFDBD 
 221      C00EB8A6 
 221      CD22
 222 0095 6D354D9D 		.ascii	"m5M\235(\016\003\200F\266\206%\207\265\203\241c\260"
 222      280E0380 
 222      46B68625 
 222      87B583A1 
 222      63B0
 223 00a7 809F5B55 		.ascii	"\200\237[U\220(\031\365+\216\305\225E\376\325n\305\275"
 223      902819F5 
 223      2B8EC595 
 223      45FED56E 
 223      C5BD
 224 00b9 BAD7C63F 		.ascii	"\272\327\306?\367\037\377|\317.b\350d\264K\244\335\235"
 224      F71FFF7C 
 224      CF2E62E8 
 224      64B44BA4 
 224      DD9D
 225 00cb A555205F 		.ascii	"\245U _\251s\332^\264\373y\321\256\201\027\330\241N"
 225      A973DA5E 
 225      B4FB79D1 
 225      AE8117D8 
 225      A14E
 226 00dd B4FBF2A3 		.ascii	"\264\373\362\243\010\\\314\276\254x\224\356\206k\263"
 226      085CCCBE 
 226      AC7894EE 
 226      866BB3
 227 00ec EEDED2DD 		.ascii	"\356\336\322\335h\335}\026\241\333\321t{\205n\237\320"
 227      68DD7D16 
 227      A1DBD174 
 227      7B856E9F 
 227      D0
 228 00fd ED46DD5E 		.ascii	"\355F\335^\324\355\020\272\375A\267;\350\366\006\335"
 228      D4ED10BA 
 228      FD41B73B 
 228      E8F606DD 
 229 010d CEA0DB17 		.ascii	"\316\240\333\027t\273\202nG\320\355\006\272\235@\267"
 229      74BB826E 
 229      47D0ED06 
 229      BA9D40B7 
 230 011d 0FE87660 		.ascii	"\017\350v`\267\017u{P\267\003u{\332\355\273nG\273=w"
 230      B70F757B 
 230      50B70375 
 230      7BDAEDBB 
 230      6E47BB3D 
 231 0132 7B77F79F 		.ascii	"{w\367\237\356~v7]w\317u\267\236\356\226\353n<\335\355"
 231      EE7E7637 
 231      5D77CF75 
 231      B79EEE96 
 231      EB6E3CDD 
ARM GAS  C:\Users\PUBLIC~1.LAP\AppData\Local\Temp\ccBwohJk.s 			page 16


 232 0147 ECEE3ADD 		.ascii	"\354\356:\335\355\246\273\335\272;Mw\263u\367Zw\177"
 232      EDA6BBDD 
 232      BA3B4D77 
 232      B375F75A 
 232      777F
 233 0159 75775A77 		.ascii	"uwZw{\351n\260\356\376\322\335a\335=\241\273\303t7\257"
 233      7BE96EB0 
 233      EEFED2DD 
 233      61DD3DA1 
 233      BBC37437 
 234 016e AEAEAEAE 		.ascii	"\256\256\256\256\333\231\335\000\324\356\036\234\335"
 234      DB99DD00 
 234      D4EE1E9C 
 234      DD
 235 017b 7DA77DAD 		.ascii	"}\247}\255\333\311x\231\226C\340_\356\377\027\004\325"
 235      DBC97899 
 235      9643E05F 
 235      EEFF1704 
 235      D5
 236 018c CD698323 		.ascii	"\315i\203#\243@/\260\313b\272{\251\332s+\231\321\316"
 236      A3402FB0 
 236      CB62BA7B 
 236      A9DA732B 
 236      99D1CE
 237 019f 5969E736 		.ascii	"Yi\3476\005z\354\235\341-\320\336<>C`9\241\"\334\036"
 237      057AEC9D 
 237      E12DD0DE 
 237      3C3E4360 
 237      39A122DC 
 238 01b4 C9A87F86 		.ascii	"\311\250\177\206\377\206?\003R\013\350.\221\257\373"
 238      FF863F03 
 238      520BE82E 
 238      91AFFB
 239 01c3 C81FEE2E 		.ascii	"\310\037\356.\221Z\356\022\311fwY\324z\037\311\246\017"
 239      915AEE12 
 239      C9667759 
 239      D47A1FC9 
 239      A60F
 240 01d5 BFBFFC77 		.ascii	"\277\277\374w\367\213\377\313\327\362\305\310\377\270"
 240      F78BFFCB 
 240      D7F2C5C8 
 240      FFB8
 241 01e3 C8A671F1 		.ascii	"\310\246q\361\375\377\242\2731\362\005\270-R\313\335"
 241      FDFFA2BB 
 241      31F205B8 
 241      2D52CBDD 
 242 01f3 E5BFDFFE 		.ascii	"\345\277\337\376;\300\375\327\372%\362\216\273\217|"
 242      3BC0FDD7 
 242      FA25F28E 
 242      BB8F7C
 243 0202 DD25AC05 		.ascii	"\335%\254\005\374,/\326\331*\262$\277,^\345\327\375"
 243      FC2C2FD6 
 243      D92AB224 
 243      BF2C5EE5 
 243      D7FD
 244 0214 E3FF03F1 		.ascii	"\343\377\003\361\270}\343\177\013'x2\330m\253\202\177"
 244      B87DE37F 
ARM GAS  C:\Users\PUBLIC~1.LAP\AppData\Local\Temp\ccBwohJk.s 			page 17


 244      0B277832 
 244      D86DAB82 
 244      7F
 245 0225 EF8595C4 		.ascii	"\357\205\225\304\361\377;)G\001\314/&\277i,*x\377\217"
 245      F1FF3B29 
 245      4701CC2F 
 245      26BF692C 
 245      2A78FF8F 
 246 0239 6CFCC75D 		.ascii	"l\374\307]\374\257\340\233\311\377g\233\0367\237e\266"
 246      FCAFE09B 
 246      C9FF679B 
 246      1E379F65 
 246      B6
 247 024a FFCEFC37 		.ascii	"\377\316\3747\332\370\177\340\377\013}\273\343\252\252"
 247      DAF87FE0 
 247      FF0B7DBB 
 247      E3AAAA
 248 0259 081C64A3 		.ascii	"\010\034d\243\012\276\361T\210\270\226\273,\002\007"
 248      0ABEF154 
 248      88B896BB 
 248      2C0207
 249 0268 D5B42C93 		.ascii	"\325\264,\223_\025\263\356^\301\237|8\3107]\262\361"
 249      5F15B3EE 
 249      5EC19F7C 
 249      38C8375D 
 249      B2F1
 250 027a 9FFDBFC7 		.ascii	"\237\375\277\307\015\241\001K\342\214\323\032?\316\326"
 250      0DA1014B 
 250      E28CD31A 
 250      3FCED6
 251 0289 D2BEF87A 		.ascii	"\322\276\370zp\221y\222Q\367\022#\020\312\252!\206+"
 251      70917992 
 251      51F71223 
 251      10CAAA21 
 251      862B
 252 029b A3ED6DE9 		.ascii	"\243\355m\351\231s\361-\216\346J\357\322\355e\256\245"
 252      9973F12D 
 252      8EE64AEF 
 252      D2ED65AE 
 252      A5
 253 02ac D1F8BFFD 		.ascii	"\321\370\277\375X\273\260\267!q\362U\276\372\371\220"
 253      58BBB0B7 
 253      2171F255 
 253      BEFAF990 
 254 02bc FB1367AB 		.ascii	"\373\023g\253l\365\333Z2\344+\273\331\345r\346\2608"
 254      6CF5DB5A 
 254      32E42BBB 
 254      D9E572E6 
 254      B038
 255 02ce 3373601B 		.ascii	"3s`\033\331\006\352\306H\326\326\333\3466\217}\215\325"
 255      D906EAC6 
 255      48D6D6DB 
 255      E6368F7D 
 255      8DD5
 256 02e0 65B451B6 		.ascii	"e\264Q\266\230\213\274\343\225+ \371\363\007\331\345"
 256      988BBCE3 
 256      952B20F9 
ARM GAS  C:\Users\PUBLIC~1.LAP\AppData\Local\Temp\ccBwohJk.s 			page 18


 256      F307D9E5 
 257 02f0 A09BF36C 		.ascii	"\240\233\363l\376\371\303\213{\233N\346\363\3113\213"
 257      FEF9C38B 
 257      7B9B4EE6 
 257      F3C9338B 
 258 0300 637188D1 		.ascii	"cq\210\321\3219Y\023&\307\224\2719\2433_\301B;\302z"
 258      D1395913 
 258      26C794B9 
 258      39A3335F 
 258      C1423BC2 
 259 0315 F438180A 		.ascii	"\3648\030\012\214o\220]\365\314\334\332\272^99:^E\200"
 259      8C6F905D 
 259      F5CCDCDA 
 259      BA5E3939 
 259      3A5E4580 
 260 0329 0060F1E0 		.ascii	"\000`\361\340q\260\356\265\257\364\302t\253&Q\354\304"
 260      71B0EEB5 
 260      AFF4C274 
 260      AB2651EC 
 260      C4
 261 033a A5DDEE54 		.ascii	"\245\335\356T\272\323\301\374\365\317\262*\242\303\371"
 261      BAD3C1FC 
 261      F5CFB22A 
 261      A2C3F9
 262 0349 BF268186 		.ascii	"\277&\201\206\0375i\315\264\275\212\373\233\322\337"
 262      1F3569CD 
 262      B4BD8AFB 
 262      9BD2DF
 263 0358 BC8EBF21 		.ascii	"\274\216\277!\310\320\234\377\362\220\360\005H\215N"
 263      C8D09CFF 
 263      F290F005 
 263      488D4E
 264 0367 5B25A3ED 		.ascii	"[%\243\355p\335\016\307\3438\235\014\377\001\237\031"
 264      70DD0EC7 
 264      E3389D0C 
 264      FF019F19 
 265 0377 1F1D4B10 		.ascii	"\037\035K\020\014=\333\2676\243.'\330>\207\250\327\306"
 265      0C3DDBB7 
 265      36A32E27 
 265      D83E87A8 
 265      D7C6
 266 0389 FFCB4972 		.ascii	"\377\313Ir\244\261\031\3459\321.\365w\242]g2n\272\335"
 266      A4B119E5 
 266      39D12EF5 
 266      77A25D67 
 266      326EBADD 
 267 039d BC595BF2 		.ascii	"\274Y[\362\215\306\242\2401,J6e\315v\267f\237\344\277"
 267      8DC6A2A0 
 267      312C4A36 
 267      65CD76B7 
 267      669FE4BF 
 268 03b1 5E453E2F 		.ascii	"^E>/*l\310\214:\233\236R\015\307\232\356\336\217M\014"
 268      2A6CC88C 
 268      3A9B9E52 
 268      0DC79AEE 
 268      DE8F4D0C 
 269 03c5 9C38CAB4 		.ascii	"\2348\312\264\263\023O\203&\315\320\233-\361\031\"g"
ARM GAS  C:\Users\PUBLIC~1.LAP\AppData\Local\Temp\ccBwohJk.s 			page 19


 269      B3134F83 
 269      26CDD09B 
 269      2DF11922 
 269      67
 270 03d6 DAD9CEF8 		.ascii	"\332\331\316\370Z\372\317\026\201\177\243\354,i\024"
 270      5AFACF16 
 270      817FA3EC 
 270      2C6914
 271 03e5 67CB2DA3 		.ascii	"g\313-\243<\322v5\007\323\036\246}L\267+=\214\257\371"
 271      3CD27635 
 271      07D31EA6 
 271      7D4CB72B 
 271      3D8CAFF9 
 272 03f9 FFBF4A66 		.ascii	"\377\277Jf\224\011q\376k,\342=\177GZF\003LLLLKKKKJJ"
 272      940971FE 
 272      6B2CE23D 
 272      7F475A46 
 272      034C4C4C 
 273 0414 4A4A172E 		.ascii	"JJ\027.\\\270\220\224\224\224\204\204\204\204\024\014"
 273      5CB89094 
 273      94948484 
 273      8484140C 
 274 0424 0683EA94 		.ascii	"\006\203\352\224\324O\035R\205T\013\352\200\336\013"
 274      D44F1D52 
 274      85540BEA 
 274      80DE0B
 275 0433 55054A11 		.ascii	"U\005J\021\251\326!qJ*]\237d\014\325\025\212J\230b\210"
 275      A9D62171 
 275      4A2A5D9F 
 275      640CD515 
 275      8A4A9862 
 276 0448 42558786 		.ascii	"BU\207\206\253\020JU}3\240\210\302\241\252\006\265\020"
 276      AB104A55 
 276      7D33A088 
 276      C2A1AA06 
 276      B510
 277 045a 0E63A054 		.ascii	"\016c\240T.\234T\025\250\223\242(\310\030\256\304)'"
 277      2E9C5415 
 277      A893A228 
 277      C818AEC4 
 277      2927
 278 046c A08EA2C0 		.ascii	"\240\216\242\300\004#\212(L{)\010`U\243\204\304_{P\247"
 278      04238A28 
 278      4C7B2908 
 278      6055A384 
 278      C45F7B50 
 279 0481 A482640C 		.ascii	"\244\202d\014\327\241\365I\352\251'\034\022\205*Q8\204"
 279      D7A1F549 
 279      EAA9271C 
 279      12852A51 
 279      3884
 280 0493 72025A55 		.ascii	"r\002ZU\244\244U\352\211*m\246`S\003\022 8\244N\025"
 280      A4A455EA 
 280      892A6DA6 
 280      60530312 
 280      2038A44E 
 281 04a8 822BD1E9 		.ascii	"\202+\321\351\250\251\211\303\321\013\342\020\352\311"
ARM GAS  C:\Users\PUBLIC~1.LAP\AppData\Local\Temp\ccBwohJk.s 			page 20


 281      A8A989C3 
 281      D10BE210 
 281      EAC9
 282 04b6 858C0F4D 		.ascii	"\205\214\017M\037Dh8rA\265\022\205\353\213#\251\251"
 282      1F446838 
 282      7241B512 
 282      85EB8B23 
 282      A9A9
 283 04c8 A8A829A7 		.ascii	"\250\250)\247\243\027SG#B<\235xZ\321db\011)\350\"j\270"
 283      A3175347 
 283      23423C9D 
 283      785AD164 
 283      620929E8 
 284 04df 9A98B182 		.ascii	"\232\230\261\202\352\011J\025Z\260`\002\303\206\016"
 284      EA094A15 
 284      5AB06002 
 284      C3860E
 285 04ee DD9D9375 		.ascii	"\335\235\223u2\334\221:(\371\311\023\237\026\246\026"
 285      32DC913A 
 285      28F9C913 
 285      9F16A616 
 286 04fe 3CCCAEAE 		.ascii	"<\314\256\256\241<\3137UbL\230\374\300\324\321\3036"
 286      A13CCB37 
 286      55624C98 
 286      FCC0D4D1 
 286      C336
 287 0510 4589122C 		.ascii	"E\211\022,\316\224\213M\214\015\214$#9\216\005i\276"
 287      CE948B4D 
 287      8C0D8C24 
 287      23398E05 
 287      69BE
 288 0522 468C08AD 		.ascii	"F\214\010\255\215\261)\223\321\336\261H$\217\231\003"
 288      8DB12993 
 288      D1DEB148 
 288      248F9903 
 289 0532 0C8E8361 		.ascii	"\014\216\203a(N\337\2364\260\266\314\225\271|pm\334"
 289      284EDF9E 
 289      34B0B6CC 
 289      95B97C70 
 289      6DDC
 290 0544 9E792B6F 		.ascii	"\236y+oa\37593\023;\036wo]YrS\214\306.g\217O\023.p\260"
 290      61FD3933 
 290      133B1E77 
 290      6F5D5972 
 290      538CC62E 
 291 055f 0F1F4037 		.ascii	"\017\037@7\334\320\206d\036\231\307\0006\314NF;\000"
 291      DCD08664 
 291      1E99C700 
 291      36CC4E46 
 291      3B00
 292 0571 BB634714 		.ascii	"\273cG\024>_\226q\357\273\304\231\231e0\231\214\225"
 292      3E5F9671 
 292      EFBBC499 
 292      99653099 
 292      8C95
 293 0583 03813DA8 		.ascii	"\003\201=\250\321@I\214#\"\"\"\"R\220$I\007\001\006"
 293      D140498C 
ARM GAS  C:\Users\PUBLIC~1.LAP\AppData\Local\Temp\ccBwohJk.s 			page 21


 293      23222222 
 293      22529024 
 293      49070106 
 294 0597 C420C7EE 		.ascii	"\304 \307\356\346\022\340\326\034\210\2022rFR\355\377"
 294      E612E0D6 
 294      1C888232 
 294      724652ED 
 294      FF
 295 05a8 6F82CFCA 		.ascii	"o\202\317\312\241\313\326\312\241\313\326\312\241\313"
 295      A1CBD6CA 
 295      A1CBD6CA 
 295      A1CB
 296 05b6 D6CAA1CB 		.ascii	"\326\312\241\313\326\312\241\313\326\312\241\313\326"
 296      D6CAA1CB 
 296      D6CAA1CB 
 296      D6
 297 05c3 CA0487A4 		.ascii	"\312\004\207\244-\006\"ve\031F\330\325\215\276\375\306"
 297      2D062276 
 297      651946D8 
 297      D58DBEFD 
 297      C6
 298 05d4 D193812D 		.ascii	"\321\223\201-\320*t\276\013\305\250\351`O\361\"\264"
 298      D02A74BE 
 298      0BC5A8E9 
 298      604FF122 
 298      B4
 299 05e5 116447E5 		.ascii	"\021dG\345.\002Eo\235\021\337\2317\335\377\346u\216"
 299      2E02456F 
 299      9D11DF99 
 299      37DDFFE6 
 299      758E
 300 05f7 5443550C 		.ascii	"TCU\014)\232K\254\2153\267no[\221\323\356\220?avF\323"
 300      299A4BAC 
 300      8D33B76E 
 300      6F5B91D3 
 300      EE903F61 
 301 060e 7F829C34 		.ascii	"\177\202\2344\2743\306+h@\352q\207\264\221bT\210</\007"
 301      BC33C62B 
 301      6840EA71 
 301      87B49162 
 301      54883C2F 
 302 0623 9A52B348 		.ascii	"\232R\263H\336\366\304\022\243b\016\002'\333\011\313"
 302      DEF6C412 
 302      A3620E02 
 302      27DB09CB 
 303 0633 E1414CA6 		.ascii	"\341AL\246\010E\015\331i\374O?\352\\\304D\344\363\334"
 303      08450DD9 
 303      69FC4F3F 
 303      EA5CC444 
 303      E4F3DC
 304 0646 1175B63B 		.ascii	"\021u\266;!r0q\351>\363\300\337t\307H\312-G\001$q\210"
 304      21723071 
 304      E93EF3C0 
 304      DF74C748 
 304      CA2D4701 
 305 065d 608FF4B4 		.ascii	"`\217\364\264O\306nP^\372\336\252\264\204t:c6\373\256"
 305      4FC66E50 
ARM GAS  C:\Users\PUBLIC~1.LAP\AppData\Local\Temp\ccBwohJk.s 			page 22


 305      5EFADEAA 
 305      B484743A 
 305      6336FBAE 
 306 0671 7DBB7451 		.ascii	"}\273tQ\007\205\223\307\251\213\3734d$9,\242yi`\025"
 306      078593C7 
 306      A98BFB34 
 306      6424392C 
 306      A2796960 
 307 0686 AEC6412A 		.ascii	"\256\306A*B\241)\"\375\277K^a\372\2429\002\363C\024"
 307      42A12922 
 307      FDBF4B5E 
 307      61FAA239 
 307      02F34314 
 308 069a FA35C0F6 		.ascii	"\3725\300\366\017\357\367\277\375\375\274\361_\275\377"
 308      0FEFF7BF 
 308      FDFDBCF1 
 308      5FBDFF
 309 06a9 80ABF3D7 		.ascii	"\200\253\363\327\275}\316\3140<j\346\216\342Y\364\031"
 309      BD7DCECC 
 309      303C6AE6 
 309      8EE259F4 
 309      19
 310 06ba C786D6AB 		.ascii	"\307\206\326\253\017\344\011\223\351\202\347\275\221"
 310      0FE40993 
 310      E982E7BD 
 310      91
 311 06c7 CDA85755 		.ascii	"\315\250WU\24475\232\011i\312\315\3363\225,w\2117u\354"
 311      A437359A 
 311      0969CACD 
 311      DE33952C 
 311      77893775 
 312 06dc B7157C60 		.ascii	"\267\025|`\220?m\247\207\343\307 !V\037r\362\000\351"
 312      903F6DA7 
 312      87E3C720 
 312      21561F72 
 312      F200E9
 313 06ef 20EC8C00 		.ascii	" \354\214\000\271\273P<\232\231\\$_\264m^\215t\037:"
 313      B9BB503C 
 313      9A995C24 
 313      5FB46D5E 
 313      8D741F3A 
 314 0703 778601E6 		.ascii	"w\206\001\346z\221\3622\002\0124\367\300\202\361\204"
 314      7A91F232 
 314      020A34F7 
 314      C082F184 
 315 0713 D6591885 		.ascii	"\326Y\030\205\246b\320\0104\206\002\211O\233\037=\276"
 315      A662D008 
 315      34860289 
 315      4F9B1F3D 
 315      BE
 316 0724 EDA1A4EB 		.ascii	"\355\241\244\353vLn<6\364\331\364\321\372\232\352\317"
 316      764C6E3C 
 316      36F4D9F4 
 316      D1FA9AEA 
 316      CF
 317 0735 57893A9C 		.ascii	"W\211:\234'\031~\332Q\352r\305\217\304\205\364\241\363"
 317      27197EDA 
ARM GAS  C:\Users\PUBLIC~1.LAP\AppData\Local\Temp\ccBwohJk.s 			page 23


 317      51EA72C5 
 317      8FC485F4 
 317      A1F3
 318 0747 60FA6FEF 		.ascii	"`\372o\357\221\357\3259\375.^c\317\3451\371[\335\242"
 318      91EFD539 
 318      FD2E5E63 
 318      CFE531F9 
 318      5BDDA2
 319 075a AFC553F6 		.ascii	"\257\305S\366Y^\"\037\253C\364?\336jo\361\244\374H\027"
 319      595E221F 
 319      AB43F43F 
 319      DE6A6FF1 
 319      A4FC4817 
 320 076e E943CA1E 		.ascii	"\351C\312\036\204C|]\016\307\015\032\212\025\235\371"
 320      84437C5D 
 320      0EC70D1A 
 320      8A159DF9 
 321 077e CF2A     		.ascii	"\317*"
 322              		.text
 323              		.section	.gnu.lto_.symtab.83acbc88,"e",%progbits
 324 0000 5F5F6370 		.ascii	"__cpu_init\000"
 324      755F696E 
 324      697400
 325 000b 00       		.ascii	"\000"
 326 000c 01       		.ascii	"\001"
 327 000d 00       		.ascii	"\000"
 328 000e 00000000 		.ascii	"\000\000\000\000\000\000\000\000"
 328      00000000 
 329 0016 D8000000 		.ascii	"\330\000\000\000"
 330 001a 5F5F6561 		.ascii	"__early_init\000"
 330      726C795F 
 330      696E6974 
 330      00
 331 0027 00       		.ascii	"\000"
 332 0028 01       		.ascii	"\001"
 333 0029 00       		.ascii	"\000"
 334 002a 00000000 		.ascii	"\000\000\000\000\000\000\000\000"
 334      00000000 
 335 0032 DB000000 		.ascii	"\333\000\000\000"
 336 0036 5F5F6C61 		.ascii	"__late_init\000"
 336      74655F69 
 336      6E697400 
 337 0042 00       		.ascii	"\000"
 338 0043 01       		.ascii	"\001"
 339 0044 00       		.ascii	"\000"
 340 0045 00000000 		.ascii	"\000\000\000\000\000\000\000\000"
 340      00000000 
 341 004d DE000000 		.ascii	"\336\000\000\000"
 342 0051 5F5F6465 		.ascii	"__default_exit\000"
 342      6661756C 
 342      745F6578 
 342      697400
 343 0060 00       		.ascii	"\000"
 344 0061 01       		.ascii	"\001"
 345 0062 00       		.ascii	"\000"
 346 0063 00000000 		.ascii	"\000\000\000\000\000\000\000\000"
 346      00000000 
ARM GAS  C:\Users\PUBLIC~1.LAP\AppData\Local\Temp\ccBwohJk.s 			page 24


 347 006b E3000000 		.ascii	"\343\000\000\000"
 348 006f 5F5F696E 		.ascii	"__init_ram_areas\000"
 348      69745F72 
 348      616D5F61 
 348      72656173 
 348      00
 349 0080 00       		.ascii	"\000"
 350 0081 00       		.ascii	"\000"
 351 0082 00       		.ascii	"\000"
 352 0083 00000000 		.ascii	"\000\000\000\000\000\000\000\000"
 352      00000000 
 353 008b E5000000 		.ascii	"\345\000\000\000"
 354 008f 5F5F7261 		.ascii	"__ram0_init_text__\000"
 354      6D305F69 
 354      6E69745F 
 354      74657874 
 354      5F5F00
 355 00a2 00       		.ascii	"\000"
 356 00a3 02       		.ascii	"\002"
 357 00a4 00       		.ascii	"\000"
 358 00a5 00000000 		.ascii	"\000\000\000\000\000\000\000\000"
 358      00000000 
 359 00ad F0000000 		.ascii	"\360\000\000\000"
 360 00b1 5F5F7261 		.ascii	"__ram0_init__\000"
 360      6D305F69 
 360      6E69745F 
 360      5F00
 361 00bf 00       		.ascii	"\000"
 362 00c0 02       		.ascii	"\002"
 363 00c1 00       		.ascii	"\000"
 364 00c2 00000000 		.ascii	"\000\000\000\000\000\000\000\000"
 364      00000000 
 365 00ca F2000000 		.ascii	"\362\000\000\000"
 366 00ce 5F5F7261 		.ascii	"__ram0_clear__\000"
 366      6D305F63 
 366      6C656172 
 366      5F5F00
 367 00dd 00       		.ascii	"\000"
 368 00de 02       		.ascii	"\002"
 369 00df 00       		.ascii	"\000"
 370 00e0 00000000 		.ascii	"\000\000\000\000\000\000\000\000"
 370      00000000 
 371 00e8 F4000000 		.ascii	"\364\000\000\000"
 372 00ec 5F5F7261 		.ascii	"__ram0_noinit__\000"
 372      6D305F6E 
 372      6F696E69 
 372      745F5F00 
 373 00fc 00       		.ascii	"\000"
 374 00fd 02       		.ascii	"\002"
 375 00fe 00       		.ascii	"\000"
 376 00ff 00000000 		.ascii	"\000\000\000\000\000\000\000\000"
 376      00000000 
 377 0107 F6000000 		.ascii	"\366\000\000\000"
 378 010b 5F5F7261 		.ascii	"__ram1_init_text__\000"
 378      6D315F69 
 378      6E69745F 
 378      74657874 
ARM GAS  C:\Users\PUBLIC~1.LAP\AppData\Local\Temp\ccBwohJk.s 			page 25


 378      5F5F00
 379 011e 00       		.ascii	"\000"
 380 011f 02       		.ascii	"\002"
 381 0120 00       		.ascii	"\000"
 382 0121 00000000 		.ascii	"\000\000\000\000\000\000\000\000"
 382      00000000 
 383 0129 F8000000 		.ascii	"\370\000\000\000"
 384 012d 5F5F7261 		.ascii	"__ram1_init__\000"
 384      6D315F69 
 384      6E69745F 
 384      5F00
 385 013b 00       		.ascii	"\000"
 386 013c 02       		.ascii	"\002"
 387 013d 00       		.ascii	"\000"
 388 013e 00000000 		.ascii	"\000\000\000\000\000\000\000\000"
 388      00000000 
 389 0146 FA000000 		.ascii	"\372\000\000\000"
 390 014a 5F5F7261 		.ascii	"__ram1_clear__\000"
 390      6D315F63 
 390      6C656172 
 390      5F5F00
 391 0159 00       		.ascii	"\000"
 392 015a 02       		.ascii	"\002"
 393 015b 00       		.ascii	"\000"
 394 015c 00000000 		.ascii	"\000\000\000\000\000\000\000\000"
 394      00000000 
 395 0164 FC000000 		.ascii	"\374\000\000\000"
 396 0168 5F5F7261 		.ascii	"__ram1_noinit__\000"
 396      6D315F6E 
 396      6F696E69 
 396      745F5F00 
 397 0178 00       		.ascii	"\000"
 398 0179 02       		.ascii	"\002"
 399 017a 00       		.ascii	"\000"
 400 017b 00000000 		.ascii	"\000\000\000\000\000\000\000\000"
 400      00000000 
 401 0183 FE000000 		.ascii	"\376\000\000\000"
 402 0187 5F5F7261 		.ascii	"__ram2_init_text__\000"
 402      6D325F69 
 402      6E69745F 
 402      74657874 
 402      5F5F00
 403 019a 00       		.ascii	"\000"
 404 019b 02       		.ascii	"\002"
 405 019c 00       		.ascii	"\000"
 406 019d 00000000 		.ascii	"\000\000\000\000\000\000\000\000"
 406      00000000 
 407 01a5 00010000 		.ascii	"\000\001\000\000"
 408 01a9 5F5F7261 		.ascii	"__ram2_init__\000"
 408      6D325F69 
 408      6E69745F 
 408      5F00
 409 01b7 00       		.ascii	"\000"
 410 01b8 02       		.ascii	"\002"
 411 01b9 00       		.ascii	"\000"
 412 01ba 00000000 		.ascii	"\000\000\000\000\000\000\000\000"
 412      00000000 
ARM GAS  C:\Users\PUBLIC~1.LAP\AppData\Local\Temp\ccBwohJk.s 			page 26


 413 01c2 02010000 		.ascii	"\002\001\000\000"
 414 01c6 5F5F7261 		.ascii	"__ram2_clear__\000"
 414      6D325F63 
 414      6C656172 
 414      5F5F00
 415 01d5 00       		.ascii	"\000"
 416 01d6 02       		.ascii	"\002"
 417 01d7 00       		.ascii	"\000"
 418 01d8 00000000 		.ascii	"\000\000\000\000\000\000\000\000"
 418      00000000 
 419 01e0 04010000 		.ascii	"\004\001\000\000"
 420 01e4 5F5F7261 		.ascii	"__ram2_noinit__\000"
 420      6D325F6E 
 420      6F696E69 
 420      745F5F00 
 421 01f4 00       		.ascii	"\000"
 422 01f5 02       		.ascii	"\002"
 423 01f6 00       		.ascii	"\000"
 424 01f7 00000000 		.ascii	"\000\000\000\000\000\000\000\000"
 424      00000000 
 425 01ff 06010000 		.ascii	"\006\001\000\000"
 426 0203 5F5F7261 		.ascii	"__ram3_init_text__\000"
 426      6D335F69 
 426      6E69745F 
 426      74657874 
 426      5F5F00
 427 0216 00       		.ascii	"\000"
 428 0217 02       		.ascii	"\002"
 429 0218 00       		.ascii	"\000"
 430 0219 00000000 		.ascii	"\000\000\000\000\000\000\000\000"
 430      00000000 
 431 0221 08010000 		.ascii	"\010\001\000\000"
 432 0225 5F5F7261 		.ascii	"__ram3_init__\000"
 432      6D335F69 
 432      6E69745F 
 432      5F00
 433 0233 00       		.ascii	"\000"
 434 0234 02       		.ascii	"\002"
 435 0235 00       		.ascii	"\000"
 436 0236 00000000 		.ascii	"\000\000\000\000\000\000\000\000"
 436      00000000 
 437 023e 0A010000 		.ascii	"\012\001\000\000"
 438 0242 5F5F7261 		.ascii	"__ram3_clear__\000"
 438      6D335F63 
 438      6C656172 
 438      5F5F00
 439 0251 00       		.ascii	"\000"
 440 0252 02       		.ascii	"\002"
 441 0253 00       		.ascii	"\000"
 442 0254 00000000 		.ascii	"\000\000\000\000\000\000\000\000"
 442      00000000 
 443 025c 0C010000 		.ascii	"\014\001\000\000"
 444 0260 5F5F7261 		.ascii	"__ram3_noinit__\000"
 444      6D335F6E 
 444      6F696E69 
 444      745F5F00 
 445 0270 00       		.ascii	"\000"
ARM GAS  C:\Users\PUBLIC~1.LAP\AppData\Local\Temp\ccBwohJk.s 			page 27


 446 0271 02       		.ascii	"\002"
 447 0272 00       		.ascii	"\000"
 448 0273 00000000 		.ascii	"\000\000\000\000\000\000\000\000"
 448      00000000 
 449 027b 0E010000 		.ascii	"\016\001\000\000"
 450 027f 5F5F7261 		.ascii	"__ram4_init_text__\000"
 450      6D345F69 
 450      6E69745F 
 450      74657874 
 450      5F5F00
 451 0292 00       		.ascii	"\000"
 452 0293 02       		.ascii	"\002"
 453 0294 00       		.ascii	"\000"
 454 0295 00000000 		.ascii	"\000\000\000\000\000\000\000\000"
 454      00000000 
 455 029d 10010000 		.ascii	"\020\001\000\000"
 456 02a1 5F5F7261 		.ascii	"__ram4_init__\000"
 456      6D345F69 
 456      6E69745F 
 456      5F00
 457 02af 00       		.ascii	"\000"
 458 02b0 02       		.ascii	"\002"
 459 02b1 00       		.ascii	"\000"
 460 02b2 00000000 		.ascii	"\000\000\000\000\000\000\000\000"
 460      00000000 
 461 02ba 12010000 		.ascii	"\022\001\000\000"
 462 02be 5F5F7261 		.ascii	"__ram4_clear__\000"
 462      6D345F63 
 462      6C656172 
 462      5F5F00
 463 02cd 00       		.ascii	"\000"
 464 02ce 02       		.ascii	"\002"
 465 02cf 00       		.ascii	"\000"
 466 02d0 00000000 		.ascii	"\000\000\000\000\000\000\000\000"
 466      00000000 
 467 02d8 14010000 		.ascii	"\024\001\000\000"
 468 02dc 5F5F7261 		.ascii	"__ram4_noinit__\000"
 468      6D345F6E 
 468      6F696E69 
 468      745F5F00 
 469 02ec 00       		.ascii	"\000"
 470 02ed 02       		.ascii	"\002"
 471 02ee 00       		.ascii	"\000"
 472 02ef 00000000 		.ascii	"\000\000\000\000\000\000\000\000"
 472      00000000 
 473 02f7 16010000 		.ascii	"\026\001\000\000"
 474 02fb 5F5F7261 		.ascii	"__ram5_init_text__\000"
 474      6D355F69 
 474      6E69745F 
 474      74657874 
 474      5F5F00
 475 030e 00       		.ascii	"\000"
 476 030f 02       		.ascii	"\002"
 477 0310 00       		.ascii	"\000"
 478 0311 00000000 		.ascii	"\000\000\000\000\000\000\000\000"
 478      00000000 
 479 0319 18010000 		.ascii	"\030\001\000\000"
ARM GAS  C:\Users\PUBLIC~1.LAP\AppData\Local\Temp\ccBwohJk.s 			page 28


 480 031d 5F5F7261 		.ascii	"__ram5_init__\000"
 480      6D355F69 
 480      6E69745F 
 480      5F00
 481 032b 00       		.ascii	"\000"
 482 032c 02       		.ascii	"\002"
 483 032d 00       		.ascii	"\000"
 484 032e 00000000 		.ascii	"\000\000\000\000\000\000\000\000"
 484      00000000 
 485 0336 1A010000 		.ascii	"\032\001\000\000"
 486 033a 5F5F7261 		.ascii	"__ram5_clear__\000"
 486      6D355F63 
 486      6C656172 
 486      5F5F00
 487 0349 00       		.ascii	"\000"
 488 034a 02       		.ascii	"\002"
 489 034b 00       		.ascii	"\000"
 490 034c 00000000 		.ascii	"\000\000\000\000\000\000\000\000"
 490      00000000 
 491 0354 1C010000 		.ascii	"\034\001\000\000"
 492 0358 5F5F7261 		.ascii	"__ram5_noinit__\000"
 492      6D355F6E 
 492      6F696E69 
 492      745F5F00 
 493 0368 00       		.ascii	"\000"
 494 0369 02       		.ascii	"\002"
 495 036a 00       		.ascii	"\000"
 496 036b 00000000 		.ascii	"\000\000\000\000\000\000\000\000"
 496      00000000 
 497 0373 1E010000 		.ascii	"\036\001\000\000"
 498 0377 5F5F7261 		.ascii	"__ram6_init_text__\000"
 498      6D365F69 
 498      6E69745F 
 498      74657874 
 498      5F5F00
 499 038a 00       		.ascii	"\000"
 500 038b 02       		.ascii	"\002"
 501 038c 00       		.ascii	"\000"
 502 038d 00000000 		.ascii	"\000\000\000\000\000\000\000\000"
 502      00000000 
 503 0395 20010000 		.ascii	" \001\000\000"
 504 0399 5F5F7261 		.ascii	"__ram6_init__\000"
 504      6D365F69 
 504      6E69745F 
 504      5F00
 505 03a7 00       		.ascii	"\000"
 506 03a8 02       		.ascii	"\002"
 507 03a9 00       		.ascii	"\000"
 508 03aa 00000000 		.ascii	"\000\000\000\000\000\000\000\000"
 508      00000000 
 509 03b2 22010000 		.ascii	"\"\001\000\000"
 510 03b6 5F5F7261 		.ascii	"__ram6_clear__\000"
 510      6D365F63 
 510      6C656172 
 510      5F5F00
 511 03c5 00       		.ascii	"\000"
 512 03c6 02       		.ascii	"\002"
ARM GAS  C:\Users\PUBLIC~1.LAP\AppData\Local\Temp\ccBwohJk.s 			page 29


 513 03c7 00       		.ascii	"\000"
 514 03c8 00000000 		.ascii	"\000\000\000\000\000\000\000\000"
 514      00000000 
 515 03d0 24010000 		.ascii	"$\001\000\000"
 516 03d4 5F5F7261 		.ascii	"__ram6_noinit__\000"
 516      6D365F6E 
 516      6F696E69 
 516      745F5F00 
 517 03e4 00       		.ascii	"\000"
 518 03e5 02       		.ascii	"\002"
 519 03e6 00       		.ascii	"\000"
 520 03e7 00000000 		.ascii	"\000\000\000\000\000\000\000\000"
 520      00000000 
 521 03ef 26010000 		.ascii	"&\001\000\000"
 522 03f3 5F5F7261 		.ascii	"__ram7_init_text__\000"
 522      6D375F69 
 522      6E69745F 
 522      74657874 
 522      5F5F00
 523 0406 00       		.ascii	"\000"
 524 0407 02       		.ascii	"\002"
 525 0408 00       		.ascii	"\000"
 526 0409 00000000 		.ascii	"\000\000\000\000\000\000\000\000"
 526      00000000 
 527 0411 28010000 		.ascii	"(\001\000\000"
 528 0415 5F5F7261 		.ascii	"__ram7_init__\000"
 528      6D375F69 
 528      6E69745F 
 528      5F00
 529 0423 00       		.ascii	"\000"
 530 0424 02       		.ascii	"\002"
 531 0425 00       		.ascii	"\000"
 532 0426 00000000 		.ascii	"\000\000\000\000\000\000\000\000"
 532      00000000 
 533 042e 2A010000 		.ascii	"*\001\000\000"
 534 0432 5F5F7261 		.ascii	"__ram7_clear__\000"
 534      6D375F63 
 534      6C656172 
 534      5F5F00
 535 0441 00       		.ascii	"\000"
 536 0442 02       		.ascii	"\002"
 537 0443 00       		.ascii	"\000"
 538 0444 00000000 		.ascii	"\000\000\000\000\000\000\000\000"
 538      00000000 
 539 044c 2C010000 		.ascii	",\001\000\000"
 540 0450 5F5F7261 		.ascii	"__ram7_noinit__\000"
 540      6D375F6E 
 540      6F696E69 
 540      745F5F00 
 541 0460 00       		.ascii	"\000"
 542 0461 02       		.ascii	"\002"
 543 0462 00       		.ascii	"\000"
 544 0463 00000000 		.ascii	"\000\000\000\000\000\000\000\000"
 544      00000000 
 545 046b 2E010000 		.ascii	".\001\000\000"
 546              		.text
 547              		.section	.gnu.lto_.ext_symtab.83acbc88,"e",%progbits
ARM GAS  C:\Users\PUBLIC~1.LAP\AppData\Local\Temp\ccBwohJk.s 			page 30


 548 0000 01       		.ascii	"\001"
 549 0001 01       		.ascii	"\001"
 550 0002 00       		.ascii	"\000"
 551 0003 01       		.ascii	"\001"
 552 0004 00       		.ascii	"\000"
 553 0005 01       		.ascii	"\001"
 554 0006 00       		.ascii	"\000"
 555 0007 01       		.ascii	"\001"
 556 0008 00       		.ascii	"\000"
 557 0009 01       		.ascii	"\001"
 558 000a 00       		.ascii	"\000"
 559 000b 02       		.ascii	"\002"
 560 000c 01       		.ascii	"\001"
 561 000d 02       		.ascii	"\002"
 562 000e 01       		.ascii	"\001"
 563 000f 02       		.ascii	"\002"
 564 0010 01       		.ascii	"\001"
 565 0011 02       		.ascii	"\002"
 566 0012 01       		.ascii	"\001"
 567 0013 02       		.ascii	"\002"
 568 0014 01       		.ascii	"\001"
 569 0015 02       		.ascii	"\002"
 570 0016 01       		.ascii	"\001"
 571 0017 02       		.ascii	"\002"
 572 0018 01       		.ascii	"\001"
 573 0019 02       		.ascii	"\002"
 574 001a 01       		.ascii	"\001"
 575 001b 02       		.ascii	"\002"
 576 001c 01       		.ascii	"\001"
 577 001d 02       		.ascii	"\002"
 578 001e 01       		.ascii	"\001"
 579 001f 02       		.ascii	"\002"
 580 0020 01       		.ascii	"\001"
 581 0021 02       		.ascii	"\002"
 582 0022 01       		.ascii	"\001"
 583 0023 02       		.ascii	"\002"
 584 0024 01       		.ascii	"\001"
 585 0025 02       		.ascii	"\002"
 586 0026 01       		.ascii	"\001"
 587 0027 02       		.ascii	"\002"
 588 0028 01       		.ascii	"\001"
 589 0029 02       		.ascii	"\002"
 590 002a 01       		.ascii	"\001"
 591 002b 02       		.ascii	"\002"
 592 002c 01       		.ascii	"\001"
 593 002d 02       		.ascii	"\002"
 594 002e 01       		.ascii	"\001"
 595 002f 02       		.ascii	"\002"
 596 0030 01       		.ascii	"\001"
 597 0031 02       		.ascii	"\002"
 598 0032 01       		.ascii	"\001"
 599 0033 02       		.ascii	"\002"
 600 0034 01       		.ascii	"\001"
 601 0035 02       		.ascii	"\002"
 602 0036 01       		.ascii	"\001"
 603 0037 02       		.ascii	"\002"
 604 0038 01       		.ascii	"\001"
ARM GAS  C:\Users\PUBLIC~1.LAP\AppData\Local\Temp\ccBwohJk.s 			page 31


 605 0039 02       		.ascii	"\002"
 606 003a 01       		.ascii	"\001"
 607 003b 02       		.ascii	"\002"
 608 003c 01       		.ascii	"\001"
 609 003d 02       		.ascii	"\002"
 610 003e 01       		.ascii	"\001"
 611 003f 02       		.ascii	"\002"
 612 0040 01       		.ascii	"\001"
 613 0041 02       		.ascii	"\002"
 614 0042 01       		.ascii	"\001"
 615 0043 02       		.ascii	"\002"
 616 0044 01       		.ascii	"\001"
 617 0045 02       		.ascii	"\002"
 618 0046 01       		.ascii	"\001"
 619 0047 02       		.ascii	"\002"
 620 0048 01       		.ascii	"\001"
 621 0049 02       		.ascii	"\002"
 622 004a 01       		.ascii	"\001"
 623              		.text
 624              		.section	.gnu.lto_.opts,"e",%progbits
 625 0000 272D666E 		.ascii	"'-fno-openmp' '-fno-openacc' '-fno-pie' '-fcf-prote"
 625      6F2D6F70 
 625      656E6D70 
 625      2720272D 
 625      666E6F2D 
 626 0033 6374696F 		.ascii	"ction=none' '-mcpu=cortex-m3' '-mthumb' '-mfloat-ab"
 626      6E3D6E6F 
 626      6E652720 
 626      272D6D63 
 626      70753D63 
 627 0066 693D736F 		.ascii	"i=soft' '-mlibarch=armv7-m' '-march=armv7-m' '-Os' "
 627      66742720 
 627      272D6D6C 
 627      69626172 
 627      63683D61 
 628 0099 272D666F 		.ascii	"'-fomit-frame-pointer' '-falign-functions=16' '-ffu"
 628      6D69742D 
 628      6672616D 
 628      652D706F 
 628      696E7465 
 629 00cc 6E637469 		.ascii	"nction-sections' '-fdata-sections' '-fno-common' '-"
 629      6F6E2D73 
 629      65637469 
 629      6F6E7327 
 629      20272D66 
 630 00ff 666C746F 		.ascii	"flto' '-Xassembler' '-alms=./build/lst/crt1.lst'\000"
 630      2720272D 
 630      58617373 
 630      656D626C 
 630      65722720 
 631              		.text
 632              		.comm	__gnu_lto_slim,1,1
 633              		.ident	"GCC: (GNU) 12.2.0"
ARM GAS  C:\Users\PUBLIC~1.LAP\AppData\Local\Temp\ccBwohJk.s 			page 32


DEFINED SYMBOLS
                            *ABS*:00000000 crt1.c
                            *COM*:00000001 __gnu_lto_slim

NO UNDEFINED SYMBOLS
