ARM GAS  C:\Users\PUBLIC~1.LAP\AppData\Local\Temp\ccxPJM4u.s 			page 1


   1              		.cpu cortex-m3
   2              		.arch armv7-m
   3              		.fpu softvfp
   4              		.eabi_attribute 20, 1
   5              		.eabi_attribute 21, 1
   6              		.eabi_attribute 23, 3
   7              		.eabi_attribute 24, 1
   8              		.eabi_attribute 25, 1
   9              		.eabi_attribute 26, 1
  10              		.eabi_attribute 30, 4
  11              		.eabi_attribute 34, 1
  12              		.eabi_attribute 18, 4
  13              		.file	"dfu_target.c"
  14              		.section	.gnu.lto_.profile.83ad22a9,"e",%progbits
  15 0000 28B52FFD 		.ascii	"(\265/\375 \0061\000\000\002\000\000\000\000\000"
  15      20063100 
  15      00020000 
  15      000000
  16              		.text
  17              		.section	.gnu.lto_.icf.83ad22a9,"e",%progbits
  18 0000 28B52FFD 		.ascii	"(\265/\375 >\335\001\000D\0032\000\007\000\272\334\327"
  18      203EDD01 
  18      00440332 
  18      000700BA 
  18      DCD7
  19 0012 CF040001 		.ascii	"\317\004\000\001\316\355\341\343\003\000\002\222\267"
  19      CEEDE1E3 
  19      03000292 
  19      B7
  20 001f A8980100 		.ascii	"\250\230\001\000\003\237\210\375\345\004\000\004\322"
  20      039F88FD 
  20      E5040004 
  20      D2
  21 002c 95F7AC07 		.ascii	"\225\367\254\007\000\005\356\334\304)\000\006\253\350"
  21      0005EEDC 
  21      C4290006 
  21      ABE8
  22 003a E4D30100 		.ascii	"\344\323\001\000\000\001\000\033\300\002"
  22      0001001B 
  22      C002
  23              		.text
  24              		.section	.gnu.lto_.ipa_sra.83ad22a9,"e",%progbits
  25 0000 28B52FFD 		.ascii	"(\265/\375 /M\001\000\004\002#\000\007\000\000\003\001"
  25      202F4D01 
  25      00040223 
  25      00070000 
  25      0301
  26 0012 00030200 		.ascii	"\000\003\002\000\001\003\003\000\004\000\007\000\000"
  26      01030300 
  26      04000700 
  26      00
  27 001f 01030400 		.ascii	"\001\003\004\000\003\005\000\001\006\000\001\000\002"
  27      03050001 
  27      06000100 
  27      02
  28 002c 0076626D 		.ascii	"\000vbm\000\013"
  28      000B
ARM GAS  C:\Users\PUBLIC~1.LAP\AppData\Local\Temp\ccxPJM4u.s 			page 2


  29              		.text
  30              		.section	.gnu.lto_.inline.83ad22a9,"e",%progbits
  31 0000 28B52FFD 		.ascii	"(\265/\375`\012\000E\002\000\224\002\376\000\007\000"
  31      600A0045 
  31      02009402 
  31      FE000700 
  32 0010 00038080 		.ascii	"\000\003\200\200\200\200\002d\001\000\000\002\000\000"
  32      80800264 
  32      01000002 
  32      0000
  33 001e 81808080 		.ascii	"\201\200\200\200~\000\000\006\002\000\000\001\002\000"
  33      7E000006 
  33      02000001 
  33      0200
  34 002c 04030263 		.ascii	"\004\003\002c\003\004\005\006\000\014\000\000)\200<"
  34      03040506 
  34      000C0000 
  34      29803C
  35 003b 6F201920 		.ascii	"o \031 e\011xR\035\003-\300:\034Ecs]n\342\261\2016"
  35      65097852 
  35      1D032DC0 
  35      3A1C4563 
  35      735D6EE2 
  36              		.text
  37              		.section	.gnu.lto_.jmpfuncs.83ad22a9,"e",%progbits
  38 0000 28B52FFD 		.ascii	"(\265/\375 /=\001\000\370#\000\007\000\000\000\001\000"
  38      202F3D01 
  38      00F82300 
  38      07000000 
  38      0100
  39 0012 00020000 		.ascii	"\000\002\000\000\003\003\001\001\002\000\000\002\001"
  39      03030101 
  39      02000002 
  39      01
  40 001f 04000005 		.ascii	"\004\000\000\005\000\000\006\000\000\000\002\000-Cm"
  40      00000600 
  40      00000200 
  40      2D436D
  41 002e 000B     		.ascii	"\000\013"
  42              		.text
  43              		.section	.gnu.lto_.pureconst.83ad22a9,"e",%progbits
  44 0000 28B52FFD 		.ascii	"(\265/\375 \032\321\000\000\026\000\000\000\007\000"
  44      201AD100 
  44      00160000 
  44      000700
  45 000f 80040180 		.ascii	"\200\004\001\200\004\002\272\005\003\200\004\004\200"
  45      0402BA05 
  45      03800404 
  45      80
  46 001c 0405BA05 		.ascii	"\004\005\272\005\006\200\004"
  46      068004
  47              		.text
  48              		.section	.gnu.lto_.ipa_modref.83ad22a9,"e",%progbits
  49 0000 28B52FFD 		.ascii	"(\265/\375 \033\215\000\000H\017\000\001\003\003\002"
  49      201B8D00 
  49      00480F00 
  49      01030302 
ARM GAS  C:\Users\PUBLIC~1.LAP\AppData\Local\Temp\ccxPJM4u.s 			page 3


  50 0010 02020002 		.ascii	"\002\002\000\002\000\200\230\015`\001"
  50      0080980D 
  50      6001
  51              		.text
  52              		.section	.gnu.lto_.lto.83ad22a9,"e",%progbits
  53 0000 0C000000 		.ascii	"\014\000\000\000\001\000\001\000"
  53      01000100 
  54              		.text
  55              		.section	.gnu.lto_target_get_max_fw_size.312.83ad22a9,"e",%progbits
  56 0000 28B52FFD 		.ascii	"(\265/\375`\005\000\275\007\000\304\015y\000\000\000"
  56      600500BD 
  56      0700C40D 
  56      79000000 
  57 0010 5B000000 		.ascii	"[\000\000\000%\000\000\000\001\003\000\001\222\221\212"
  57      25000000 
  57      01030001 
  57      92918A
  58 001f 02008080 		.ascii	"\002\000\200\200\200@\007\002\001\201\221\212\277\231"
  58      80400702 
  58      0181918A 
  58      BF99
  59 002d 0201B901 		.ascii	"\002\001\271\001\001\000\177\002\001\177\001\246\003"
  59      01007F02 
  59      017F01A6 
  59      03
  60 003a 05010613 		.ascii	"\005\001\006\023\001\004\005\001\006\025\001 /\300\200"
  60      01040501 
  60      06150120 
  60      2FC080
  61 0049 80F8A5E3 		.ascii	"\200\370\245\343\3400\236\250\300\004\177\000}\270\001"
  61      E0309EA8 
  61      C0047F00 
  61      7DB801
  62 0058 B701000B 		.ascii	"\267\001\000\013\000\000}\000\000\000\257\322\005\340"
  62      00007D00 
  62      0000AFD2 
  62      05E0
  63 0066 80FCFF8F 		.ascii	"\200\374\377\217\200\200\355\344\001\230\002\002\000"
  63      8080EDE4 
  63      01980202 
  63      00
  64 0073 00A30380 		.ascii	"\000\243\003\200\004\001\000\000\244\003\002\201\300"
  64      04010000 
  64      A4030281 
  64      C0
  65 0080 00008203 		.ascii	"\000\000\202\003\202 \006\177\001\200\300\003\243\003"
  65      8220067F 
  65      0180C003 
  65      A303
  66 008e 80040180 		.ascii	"\200\004\001\200\300BD:\\00a_liuhy\\temp126\\ChibiO"
  66      C042443A 
  66      5C303061 
  66      5F6C6975 
  66      68795C74 
  67 00af 532D436F 		.ascii	"S-Contrib\\demos\\HT32F165x_USB_DFU\000\026./source"
  67      6E747269 
  67      625C6465 
ARM GAS  C:\Users\PUBLIC~1.LAP\AppData\Local\Temp\ccxPJM4u.s 			page 4


  67      6D6F735C 
  67      48543332 
  68 00da 2F646675 		.ascii	"/dfu_target.c\000\011\000\200\"P&t\217\201\0358(\327"
  68      5F746172 
  68      6765742E 
  68      63000900 
  68      80225026 
  69 00f5 F06744BB 		.ascii	"\360gD\273B\020\341\256t\332I\006"
  69      4210E1AE 
  69      74DA4906 
  70              		.text
  71              		.section	.gnu.lto_target_get_timeout.313.83ad22a9,"e",%progbits
  72 0000 28B52FFD 		.ascii	"(\265/\375`\004\000\245\007\000\224\015x\000\000\000"
  72      600400A5 
  72      0700940D 
  72      78000000 
  73 0010 5B000000 		.ascii	"[\000\000\000%\000\000\000\001\003\000\001\222\221\212"
  73      25000000 
  73      01030001 
  73      92918A
  74 001f 02008080 		.ascii	"\002\000\200\200\200@\007\002\001\201\221\212\337\241"
  74      80400702 
  74      0181918A 
  74      DFA1
  75 002d 2301B901 		.ascii	"#\001\271\001\001\000\177\002\001\177\001\246\003\005"
  75      01007F02 
  75      017F01A6 
  75      0305
  76 003b 01061301 		.ascii	"\001\006\023\001\002\005\001\006\025\001\020/\300\200"
  76      02050106 
  76      1501102F 
  76      C080
  77 0049 80F8A5E3 		.ascii	"\200\370\245\343\240\303\006\235\250\300\002\177\000"
  77      A0C3069D 
  77      A8C0027F 
  77      00
  78 0056 7DB801B7 		.ascii	"}\270\001\267\001\000\013\000\000}\000\000\000\257\322"
  78      01000B00 
  78      007D0000 
  78      00AFD2
  79 0065 05E080FC 		.ascii	"\005\340\200\374\377\217\200\200\335\344\001\234\002"
  79      FF8F8080 
  79      DDE4019C 
  79      02
  80 0072 020000A3 		.ascii	"\002\000\000\243\003\200\004\001\000\000\244\003\002"
  80      03800401 
  80      0000A403 
  80      02
  81 007f 81C00000 		.ascii	"\201\300\000\000\202\003\202 \006\177\001\005\243\003"
  81      82038220 
  81      067F0105 
  81      A303
  82 008d 0180C042 		.ascii	"\001\200\300BD:\\00a_liuhy\\temp126\\ChibiOS-Contri"
  82      443A5C30 
  82      30615F6C 
  82      69756879 
  82      5C74656D 
ARM GAS  C:\Users\PUBLIC~1.LAP\AppData\Local\Temp\ccxPJM4u.s 			page 5


  83 00b4 625C6465 		.ascii	"b\\demos\\HT32F165x_USB_DFU\000\026./source/dfu_tar"
  83      6D6F735C 
  83      48543332 
  83      46313635 
  83      785F5553 
  84 00df 6765742E 		.ascii	"get.c\000\011\000\200\"Pf\300<3\012\034\222kx4\242a"
  84      63000900 
  84      80225066 
  84      C03C330A 
  84      1C926B78 
  85 00f6 21C87057 		.ascii	"!\310pW:\355$\003"
  85      3AED2403 
  86              		.text
  87              		.section	.gnu.lto_target_flash_unlock.314.83ad22a9,"e",%progbits
  88 0000 28B52FFD 		.ascii	"(\265/\375`X\001\035\016\000\226YbH\360\2606\035\350"
  88      6058011D 
  88      0E009659 
  88      6248F0B0 
  88      361DE8
  89 0013 56744EEA 		.ascii	"VtN\352\2365Z\204\027\203\334\326G!f\245r?\007\256E"
  89      9E355A84 
  89      1783DCD6 
  89      472166A5 
  89      723F07AE 
  90 0028 DAD0DACD 		.ascii	"\332\320\332\315V\266\246\216\000i/\370}\007\012\342"
  90      56B6A68E 
  90      00692FF8 
  90      7D070AE2 
  91 0038 6DFB5FC1 		.ascii	"m\373_\3012\246\300\347\025{\245_\\V6\203\206,\363*"
  91      32A6C0E7 
  91      157BA55F 
  91      5C563683 
  91      862CF32A 
  92 004c C8F68768 		.ascii	"\310\366\207h\355x\032d\313\024L\000O\000S\000#z\325"
  92      ED781A64 
  92      CB144C00 
  92      4F005300 
  92      237AD5
  93 005f D2244E40 		.ascii	"\322$N@E\012\032\031T\337\374\343\002g\265\252\320\""
  93      450A1A19 
  93      54DFFCE3 
  93      0267B5AA 
  93      D022
  94 0071 2E613C7D 		.ascii	".a<}\375-\277\247\257\366<\365\307\350\221&7N\016\014"
  94      FD2DBFA7 
  94      AFF63CF5 
  94      C7E89126 
  94      374E0E0C 
  95 0085 0F3372CE 		.ascii	"\0173r\316\323\372\320\251\226\251w\3334\366\022c\241"
  95      D3FAD0A9 
  95      96A977DB 
  95      34F61263 
  95      A1
  96 0096 2507839C 		.ascii	"%\007\203\234\363\345K\314\206\276\325\377\013\374\235"
  96      F3E54BCC 
  96      86BED5FF 
  96      0BFC9D
ARM GAS  C:\Users\PUBLIC~1.LAP\AppData\Local\Temp\ccxPJM4u.s 			page 6


  97 00a5 E0BF4E19 		.ascii	"\340\277N\031B\350\250,\325\337(p\207\213\004\001\322"
  97      42E8A82C 
  97      D5DF2870 
  97      878B0401 
  97      D2
  98 00b6 D7BB448F 		.ascii	"\327\273D\217?\3666\361\037\353K\354p\2215 }iM\001@"
  98      3FF636F1 
  98      1FEB4BEC 
  98      70913520 
  98      7D694D01 
  99 00cb 5F9243AF 		.ascii	"_\222C\257\032{q#SC\206J\356\374\343\005i\315\374\275"
  99      1A7B7123 
  99      5343864A 
  99      EEFCE305 
  99      69CDFCBD 
 100 00df 91AD0EBF 		.ascii	"\221\255\016\277\365\241a\006\303\011\001-\306\014\263"
 100      F5A16106 
 100      C309012D 
 100      C60CB3
 101 00ee 4323E75C 		.ascii	"C#\347\\,j\376\367;\324\364\315\360Nl'\311i\026V\225"
 101      2C6AFEF7 
 101      3BD4F4CD 
 101      F04E6C27 
 101      C9691656 
 102 0103 3B0A3B51 		.ascii	";\012;QBiVzE\213g6\340)&\241\256dK\351X\016|DLFH\"8"
 102      4269567A 
 102      458B6736 
 102      E02926A1 
 102      AE644BE9 
 103 0120 E0B0056B 		.ascii	"\340\260\005k\211#}74YP\310\006\341#}\036\210\373\214"
 103      89237D37 
 103      345950C8 
 103      06E1237D 
 103      1E88FB8C 
 104 0134 889CC01A 		.ascii	"\210\234\300\032r(O\374V\272\221\246q\012B%\243\252"
 104      72284FFC 
 104      56BA91A6 
 104      710A4225 
 104      A3AA
 105 0146 6D3AB422 		.ascii	"m:\264\"G]\013V\220\343W^\373\3600\360\335S\305#\222"
 105      475D0B56 
 105      90E3575E 
 105      FBF030F0 
 105      DD53C523 
 106 015b 07CA260A 		.ascii	"\007\312&\012p/\243T\245\303\037\006Of\275\0264\267"
 106      702FA354 
 106      A5C31F06 
 106      4F66BD16 
 106      34B7
 107 016d 934D049A 		.ascii	"\223M\004\232!K}p/\253\327R\217NQ\010\202\011\"\224"
 107      214B7D70 
 107      2FABD752 
 107      8F4E5108 
 107      82092294 
 108 0181 061387D7 		.ascii	"\006\023\207\327\236\246\311\202\240\245\013\356e\030"
 108      9EA6C982 
 108      A0A50BEE 
ARM GAS  C:\Users\PUBLIC~1.LAP\AppData\Local\Temp\ccxPJM4u.s 			page 7


 108      6518
 109 018f 853D3A6B 		.ascii	"\205=:kI\\\011\025\000\015\243\017D0&\204\322q\025\037"
 109      495C0915 
 109      000DA30F 
 109      44302684 
 109      D271151F 
 110 01a3 EE021340 		.ascii	"\356\002\023@\271-\3236\030a#\000?\204\212N\024\001"
 110      B92DD336 
 110      18612300 
 110      3F848A4E 
 110      1401
 111 01b5 0EC035F1 		.ascii	"\016\3005\361\214E\006B\2203\263\214\231\320)\243/M"
 111      8C450642 
 111      9033B38C 
 111      99D029A3 
 111      2F4D
 112 01c7 80736E21 		.ascii	"\200sn!\314'"
 112      CC27
 113              		.text
 114              		.section	.gnu.lto_target_flash_write.315.83ad22a9,"e",%progbits
 115 0000 28B52FFD 		.ascii	"(\265/\375`d\000\235\011\000\246\221D> \305j:\240\010"
 115      6064009D 
 115      0900A691 
 115      443E20C5 
 115      6A3AA008 
 116 0014 02730005 		.ascii	"\002s\000\005@e:qk\372l\220\204\350'M\003\234\200P\361"
 116      40653A71 
 116      6BFA6C90 
 116      84E8274D 
 116      039C8050 
 117 0029 5F27CD19 		.ascii	"_'\315\031\0359w\322G\265\211\251T\034[\000\005\346"
 117      1D3977D2 
 117      47B589A9 
 117      541C5B00 
 117      05E6
 118 003b 2A82C88E 		.ascii	"*\202\310\216gS\337X\025\022f\350\253\033\331[\2460"
 118      6753DF58 
 118      151266E8 
 118      AB1BD95B 
 118      A630
 119 004d 00320033 		.ascii	"\0002\0003\000\354\375\277\347#;\312)\207\005\217\\"
 119      00ECFDBF 
 119      E7233BCA 
 119      2987058F 
 119      5C
 120 005e AC6800E8 		.ascii	"\254h\000\350NA\273\301(W\364\314\"\214\200\301R\263"
 120      4E41BBC1 
 120      2857F4CC 
 120      228C80C1 
 120      52B3
 121 0070 CDB8062C 		.ascii	"\315\270\006,t\367k\315V\301\267\374?\363_\365\277$"
 121      74F76BCD 
 121      56C1B7FC 
 121      3FF35FF5 
 121      BF24
 122 0082 0172ADE2 		.ascii	"\001r\255\342\241t\374\347\377\262\177\340\277\015\211"
 122      A174FCE7 
ARM GAS  C:\Users\PUBLIC~1.LAP\AppData\Local\Temp\ccxPJM4u.s 			page 8


 122      FFB27FE0 
 122      BF0D89
 123 0091 E5445CCB 		.ascii	"\345D\\\313\303\205\275\327\372\263\007\177\310\030"
 123      C385BDD7 
 123      FAB3077F 
 123      C818
 124 009f 64E202DD 		.ascii	"d\342\002\3358\222\223\356T\363{a\017\303\005\037{\035"
 124      389293EE 
 124      54F37B61 
 124      0FC3051F 
 124      7B1D
 125 00b1 137C010D 		.ascii	"\023|\001\015$\212\\\211.\310\323\211h\215\347\215\255"
 125      248A5C89 
 125      2EC8D389 
 125      688DE78D 
 125      AD
 126 00c2 60242B3C 		.ascii	"`$+<q8Wa\024\372\377\264\271k{;\243\037\206fi\177:\253"
 126      71385761 
 126      14FAFFB4 
 126      B96B7B3B 
 126      A31F8666 
 127 00da 36E3E7AE 		.ascii	"6\343\347\256\355\355\257\231\224\003\223n\212\256\221"
 127      EDEDAF99 
 127      9403936E 
 127      8AAE91
 128 00e9 6553A569 		.ascii	"eS\245iOS\264Om\316QU\236\316\020\006!\202c\252\204"
 128      4F53B44F 
 128      6DCE5155 
 128      9ECE1006 
 128      218263AA 
 129 00fe BD4C7063 		.ascii	"\275Lpcp\023i\024\206J\246P\342\003\352\220<\011\016"
 129      70136914 
 129      864AA650 
 129      E203EA90 
 129      3C090E
 130 0111 0CD77CB5 		.ascii	"\014\327|\265F\361\242\310\362t\275D\232R\014\000\211"
 130      46F1A2C8 
 130      F274BD44 
 130      9A520C00 
 130      89
 131 0122 12083531 		.ascii	"\022\01051\256\012\3365\\<\023\036(\004\227\201A\200"
 131      AE0ADE35 
 131      5C3C131E 
 131      28049781 
 131      4180
 132 0134 3C805903 		.ascii	"<\200Y\003\324\304\3165\237"
 132      D4C4CE35 
 132      9F
 133              		.text
 134              		.section	.gnu.lto_target_prepare_flash.316.83ad22a9,"e",%progbits
 135 0000 28B52FFD 		.ascii	"(\265/\375 \3665\007\000\264\014j\000\000\000[\000\000"
 135      20F63507 
 135      00B40C6A 
 135      0000005B 
 135      0000
 136 0012 00250000 		.ascii	"\000%\000\000\000\001\003\000\001\222\221\212\002\000"
 136      00010300 
ARM GAS  C:\Users\PUBLIC~1.LAP\AppData\Local\Temp\ccxPJM4u.s 			page 9


 136      0192918A 
 136      0200
 137 0020 80808040 		.ascii	"\200\200\200@\007\002\001\201\221\212\317\243#\001\267"
 137      07020181 
 137      918ACFA3 
 137      2301B7
 138 002f 0101007F 		.ascii	"\001\001\000\177\002\001\177\001\246\003/\300\200\200"
 138      02017F01 
 138      A6032FC0 
 138      8080
 139 003d F8A5E3F0 		.ascii	"\370\245\343\360\305\001\234\250\300\001\177\000}52"
 139      C5019CA8 
 139      C0017F00 
 139      7D3532
 140 004c 000B0000 		.ascii	"\000\013\000\000}\000\000\000\257\322\005\340\200\374"
 140      7D000000 
 140      AFD205E0 
 140      80FC
 141 005a FF8F8080 		.ascii	"\377\217\200\200\315\344\001\272\002\002\000\000\243"
 141      CDE401BA 
 141      02020000 
 141      A3
 142 0067 03800401 		.ascii	"\003\200\004\001\000\000\244\003\002\201\300\000\000"
 142      0000A403 
 142      0281C000 
 142      00
 143 0074 82038220 		.ascii	"\202\003\202 \006\177\001\000\243\003\001\200\300BD"
 143      067F0100 
 143      A3030180 
 143      C04244
 144 0083 3A5C3030 		.ascii	":\\00a_liuhy\\temp126\\ChibiOS-Contrib\\demos\\HT32"
 144      615F6C69 
 144      7568795C 
 144      74656D70 
 144      3132365C 
 145 00b1 46313635 		.ascii	"F165x_USB_DFU\000\026./source/dfu_target.c\000\011\000"
 145      785F5553 
 145      425F4446 
 145      5500162E 
 145      2F736F75 
 146 00d8 80124885 		.ascii	"\200\022H\205\200y\016\301*x\327\360ZDSB\220p\347:\355"
 146      80790EC1 
 146      2A78D7F0 
 146      5A445342 
 146      9070E73A 
 147 00ed 7C02     		.ascii	"|\002"
 148              		.text
 149              		.section	.gnu.lto_target_flash_lock.317.83ad22a9,"e",%progbits
 150 0000 28B52FFD 		.ascii	"(\265/\375`X\001\375\015\000F\331`G\000\2576\035\230"
 150      605801FD 
 150      0D0046D9 
 150      604700AF 
 150      361D98
 151 0013 38DFB02B 		.ascii	"8\337\260+\334\027P\335\215\024\212\357\253\342\264"
 151      DC1750DD 
 151      8D148AEF 
 151      ABE2B4
ARM GAS  C:\Users\PUBLIC~1.LAP\AppData\Local\Temp\ccxPJM4u.s 			page 10


 152 0022 150B4CDF 		.ascii	"\025\013L\337\200\306\246K\206\304\306'\034\177@\332"
 152      80C6A64B 
 152      86C4C627 
 152      1C7F40DA 
 153 0032 EDBFCF9B 		.ascii	"\355\277\317\233\015\337\277\277\301?\254\255\016\256"
 153      0DDFBFBF 
 153      C13FACAD 
 153      0EAE
 154 0040 90A314C4 		.ascii	"\220\243\024\304x\002\203l1x\034Q\205\320\310\2737t"
 154      7802836C 
 154      31781C51 
 154      85D0C8BB 
 154      3774
 155 0052 245BA64A 		.ascii	"$[\246J\000N\000Q\000+\225\036q\002*.\314\304\240\332"
 155      004E0051 
 155      002B951E 
 155      71022A2E 
 155      CCC4A0DA 
 156 0066 E6A0182C 		.ascii	"\346\240\030,\253\225\205\016q)\343\351\353W\371=}\265"
 156      AB95850E 
 156      7129E3E9 
 156      EB57F93D 
 156      7DB5
 157 0078 E7A9DF45 		.ascii	"\347\251\337E\2173\271O\214-:\310\3109O\313C\247Z\246"
 157      8F33B94F 
 157      8C2D3AC8 
 157      C8394FCB 
 157      43A75AA6 
 158 008c DE5DD398 		.ascii	"\336]\323\230\013\314J\313N\203\234\363\245\013L\206"
 158      0BCC4ACB 
 158      4E839CF3 
 158      A50B4C86 
 159 009c BED5FF0B 		.ascii	"\276\325\377\013\374\255\340\377M8\030@\334\250,\325"
 159      FCADE0FF 
 159      4D381840 
 159      DCA82CD5 
 160 00ac DF26F046 		.ascii	"\337&\360F\213\374@\242\307\037{\227\370\217\365%n\264"
 160      8BFC40A2 
 160      C71F7B97 
 160      F88FF525 
 160      6EB4
 161 00be 489A8EBE 		.ascii	"H\232\216\276\336\025\000\364%ez\325\330\012\233\230"
 161      DE1500F4 
 161      25657AD5 
 161      D80A9B98 
 162 00ce 19305432 		.ascii	"\0310T2\347\037Y\244\305\341o\215lm\370\255\216\027"
 162      E71F59A4 
 162      C5E16F8D 
 162      6C6DF8AD 
 162      8E17
 163 00e0 1A5E5604 		.ascii	"\032^V\004\244\030\363K\016Nfq\241\240\371\337o\021"
 163      A418F34B 
 163      0E4E6671 
 163      A1A0F9DF 
 163      6F11
 164 00f2 1DA66F86 		.ascii	"\035\246o\206wb;CN\263\260\236\334Q\330\211\023J\263"
 164      77623B43 
ARM GAS  C:\Users\PUBLIC~1.LAP\AppData\Local\Temp\ccxPJM4u.s 			page 11


 164      4EB3B09E 
 164      DC51D889 
 164      134AB3
 165 0105 D22B5A3C 		.ascii	"\322+Z<\263\0017\031\011u\"\233I\227\202\000\3641\002"
 165      B3013719 
 165      0975229B 
 165      49978200 
 165      F43102
 166 0118 1222E101 		.ascii	"\022\"\341\001\207-XK\034\351\273\241\311j\036[\204"
 166      872D584B 
 166      1CE9BBA1 
 166      C96A1E5B 
 166      84
 167 0129 8FF4791A 		.ascii	"\217\364y\032\007\002\3718\2015\344P\236\370\241t\243"
 167      0702F938 
 167      8135E450 
 167      9EF8A174 
 167      A3
 168 013a CF875B10 		.ascii	"\317\207[\020\022\031U]\323\241G]\013V\260\363+\377"
 168      1219555D 
 168      D3A1475D 
 168      0B56B0F3 
 168      2BFF
 169 014c 31C071E0 		.ascii	"1\300q\340\273\247\212G$\216\222M\024\340^F\351I\207"
 169      BBA78A47 
 169      248E924D 
 169      14E05E46 
 169      E94987
 170 015f 3F0C92CC 		.ascii	"?\014\222\314z\25567\222M\244\3150\245B\270\227\325"
 170      7AAD3637 
 170      924DA4CD 
 170      30A542B8 
 170      97D5
 171 0171 6BA947A7 		.ascii	"k\251G\247\310#\001\005Q\211\203\211\303kO\323dA\320"
 171      C8230105 
 171      51898389 
 171      C36B4FD3 
 171      6441D0
 172 0184 5206F732 		.ascii	"R\006\3672\214\302\036\235\265$\242\320\026\000\015"
 172      8CC21E9D 
 172      B524A2D0 
 172      16000D
 173 0193 A30F4430 		.ascii	"\243\017D0&\204\322q\025\037\356\002\023@\271-\3236"
 173      2684D271 
 173      151FEE02 
 173      1340B92D 
 173      D336
 174 01a5 18612300 		.ascii	"\030a#\000?\204\322\031z\236s\002l\227k\370\031\013"
 174      3F84D219 
 174      7A9E7302 
 174      6C976BF8 
 174      190B
 175 01b7 07847066 		.ascii	"\007\204pf\346\0233\213S\226/\355\202sn!\314'"
 175      E613338B 
 175      53962FED 
 175      82736E21 
 175      CC27
ARM GAS  C:\Users\PUBLIC~1.LAP\AppData\Local\Temp\ccxPJM4u.s 			page 12


 176              		.text
 177              		.section	.gnu.lto_target_complete_programming.318.83ad22a9,"e",%progbits
 178 0000 28B52FFD 		.ascii	"(\265/\375 \362\365\006\000d\014h\000\000\000[\000\000"
 178      20F2F506 
 178      00640C68 
 178      0000005B 
 178      0000
 179 0012 00230000 		.ascii	"\000#\000\000\000\001\003\000\001\222\221\212\002\000"
 179      00010300 
 179      0192918A 
 179      0200
 180 0020 80808040 		.ascii	"\200\200\200@\007\002\001\201\221\212\011\001\267\001"
 180      07020181 
 180      918A0901 
 180      B701
 181 002e 01007F02 		.ascii	"\001\000\177\002\001\177\001\246\003/\200\200\200\370"
 181      017F01A6 
 181      032F8080 
 181      80F8
 182 003c A5E380C9 		.ascii	"\245\343\200\311\001\200\250\300\001\352\000\000\177"
 182      0180A8C0 
 182      01EA0000 
 182      7F
 183 0049 000B0100 		.ascii	"\000\013\001\000\000\000\257\322\005\340\200\374\377"
 183      0000AFD2 
 183      05E080FC 
 183      FF
 184 0056 8F8080C5 		.ascii	"\217\200\200\305\345\001\312\002\002\000\000\243\003"
 184      E501CA02 
 184      020000A3 
 184      03
 185 0063 00808080 		.ascii	"\000\200\200\200\200\004\001\000\000\244\003\002\201"
 185      80040100 
 185      00A40302 
 185      81
 186 0070 C0000082 		.ascii	"\300\000\000\202\003\202 \243\003\001\200\300BD:\\0"
 186      038220A3 
 186      030180C0 
 186      42443A5C 
 186      30
 187 0081 30615F6C 		.ascii	"0a_liuhy\\temp126\\ChibiOS-Contrib\\demos\\HT32F165"
 187      69756879 
 187      5C74656D 
 187      70313236 
 187      5C436869 
 188 00b0 785F5553 		.ascii	"x_USB_DFU\000\026./source/dfu_target.c\000\010\000\200"
 188      425F4446 
 188      5500162E 
 188      2F736F75 
 188      7263652F 
 189 00d4 227066C0 		.ascii	"\"pf\30093\002|9]\306\277\214\013.\335\242\235O"
 189      3933027C 
 189      395DC6BF 
 189      8C0B2EDD 
 189      A29D4F
 190              		.text
 191              		.section	.gnu.lto_.symbol_nodes.83ad22a9,"e",%progbits
ARM GAS  C:\Users\PUBLIC~1.LAP\AppData\Local\Temp\ccxPJM4u.s 			page 13


 192 0000 28B52FFD 		.ascii	"(\265/\375 \265=\002\000D\003\261\000\000\000\000\002"
 192      20B53D02 
 192      004403B1 
 192      00000000 
 192      02
 193 0011 B8027F02 		.ascii	"\270\002\177\002\200\200\200\200\004\001\220\316\000"
 193      80808080 
 193      040190CE 
 193      00
 194 001e 007F0000 		.ascii	"\000\177\000\000\272\220\202\002\271\002\177\003\272"
 194      BA908202 
 194      B9027F03 
 194      BA
 195 002b 027F04BB 		.ascii	"\002\177\004\273\002\177\005\274\002\177\006\275\002"
 195      027F05BC 
 195      027F06BD 
 195      02
 196 0038 7F07BE02 		.ascii	"\177\007\276\002\177\010\000\007\000\200&\340#\340#"
 196      7F080007 
 196      008026E0 
 196      23E023
 197 0047 E023E023 		.ascii	"\340#\340#\340\311l\3151"
 197      E0C96CCD 
 197      31
 198              		.text
 199              		.section	.gnu.lto_.refs.83ad22a9,"e",%progbits
 200 0000 28B52FFD 		.ascii	"(\265/\375 \005)\000\000\001\000\000\000\000"
 200      20052900 
 200      00010000 
 200      0000
 201              		.text
 202              		.section	.gnu.lto_.decls.83ad22a9,"e",%progbits
 203 0000 28B52FFD 		.ascii	"(\265/\375`\212\010M1\000\312Y\344\023D`jQ\007$\017"
 203      608A084D 
 203      3100CA59 
 203      E4134460 
 203      6A510724 
 204 0015 903A0CA8 		.ascii	"\220:\014\250\240O4\311\244\342\012\366\277\273<$j\324"
 204      A04F34C9 
 204      A4E20AF6 
 204      BFBB3C24 
 204      6AD4
 205 0027 A5194645 		.ascii	"\245\031FE\320\270\033\370#\265k\026\254A\\\321^$\263"
 205      D0B81BF8 
 205      23B56B16 
 205      AC415CD1 
 205      5E24B3
 206 003a 43678AC3 		.ascii	"Cg\212\303\374\022c\374?\026,\377\206\267\221\217\231"
 206      FC1263FC 
 206      3F162CFF 
 206      86B7918F 
 206      99
 207 004b 9AD2D9B6 		.ascii	"\232\322\331\266\267\233L)\020\001&\0013\001[p\021\316"
 207      B79B4C29 
 207      10012601 
 207      33015B70 
 207      11CE
ARM GAS  C:\Users\PUBLIC~1.LAP\AppData\Local\Temp\ccxPJM4u.s 			page 14


 208 005d 10AEFD15 		.ascii	"\020\256\375\025\036I\034\377\217N\301R\372\3727\371"
 208      1E491CFF 
 208      8F4EC152 
 208      FAFA37F9 
 209 006d 62576F02 		.ascii	"bWo\002\343?\2260~,4\376O\360b\311\377\027\212y,\366"
 209      E33F9630 
 209      7E2C34FE 
 209      4FF062C9 
 209      FF178A79 
 210 0083 C22FE2BF 		.ascii	"\302/\342\277\177\375_\331\370\177\333\377#=\321\207"
 210      7FFD5FD9 
 210      F87FDBFF 
 210      233DD187 
 211 0093 D5F0087C 		.ascii	"\325\360\010|dc\010\337\370*Y~,.\217\300\2703_\226\311"
 211      646308DF 
 211      F82A597E 
 211      2C2E8FC0 
 211      B8335F96 
 212 00a8 1FC6422F 		.ascii	"\037\306B/Z\301\237|<Hc\272\024\306\037\346\377]PR\030"
 212      5AC19F7C 
 212      3C4863BA 
 212      14C61FE6 
 212      FF5D5052 
 213 00bd 172565F9 		.ascii	"\027%e\371\364\330\275\270\262\231\256\325F\304\370"
 213      F4D8BDB8 
 213      B299AED5 
 213      46C4F8
 214 00cc CF6A4E92 		.ascii	"\317jN\222k\210\371l\010i\327\274\231h\267w\351v+~\305"
 214      6B88F96C 
 214      0869D7BC 
 214      9968B777 
 214      E9762B7E 
 215 00e1 B99C5AF0 		.ascii	"\271\234Z\360\237\375\307JI_\002\321\031\223O\307\342"
 215      9FFDC74A 
 215      495F02D1 
 215      19934FC7 
 215      E2
 216 00f2 595CC9C0 		.ascii	"Y\\\311\300\267\364S\205\246\011\265\276\354?\256\321"
 216      B7F45385 
 216      A609B5BE 
 216      EC3FAED1 
 217 0102 9EE01914 		.ascii	"\236\340\031\024'\237\335\224&\275_\241s\332\316\000"
 217      279FDD94 
 217      26BD5FA1 
 217      73DACE00 
 218 0112 F5A63340 		.ascii	"\365\2463@\0358\023z\372\022\352b\234\326\355=\306\345"
 218      1D38137A 
 218      FA12EA62 
 218      9CD6ED3D 
 218      C6E5
 219 0124 E54D779F 		.ascii	"\345Mw\237\335\256\245\273\027u\267\241\356\336\323"
 219      DDAEA5BB 
 219      1775B7A1 
 219      EEDED3
 220 0133 DD82BABB 		.ascii	"\335\202\272\273\254\273\375\004\350v%e\262r\267\377"
 220      ACBBFD04 
 220      E8762565 
ARM GAS  C:\Users\PUBLIC~1.LAP\AppData\Local\Temp\ccxPJM4u.s 			page 15


 220      B272B7FF 
 221 0143 E86EB2EE 		.ascii	"\350n\262\356\036\353n\261\356\016\373\352n1\335\255"
 221      1EEB6EB1 
 221      EE0EFBEA 
 221      6E31DDAD 
 222 0153 D5DD5CBA 		.ascii	"\325\335\\\272\333\250\273\301\272;m6\233\315\356\356"
 222      DBA8BBC1 
 222      BA3B6D36 
 222      9BCDEEEE 
 223 0163 EACE52DD 		.ascii	"\352\316R\335h\212\247\257\361.^\304\307\0231\371l@"
 223      688AA7AF 
 223      F12E5EC4 
 223      C71331F9 
 223      6C40
 224 0175 BE75E678 		.ascii	"\276u\346x6l\362\240A\343`\351\377\277\266\277\321e"
 224      366CF2A0 
 224      41E360E9 
 224      FFBFB6BF 
 224      D165
 225 0187 A4ECAFAE 		.ascii	"\244\354\257\256\234\220\372\014y\260\001k=G\315=d8"
 225      9C90FA0C 
 225      79B0016B 
 225      3D47CD3D 
 225      6438
 226 0199 D49021E3 		.ascii	"\324\220!\343_UU\260\312\316\253&i\254\276\314\270\221"
 226      5F5555B0 
 226      CACEAB26 
 226      69ACBECC 
 226      B891
 227 01ab 88444D3E 		.ascii	"\210DM>\275\313\275\\\371\300\3134\2007\216kH\177\340"
 227      BDCBBD5C 
 227      F9C0CB34 
 227      80378E6B 
 227      487FE0
 228 01be F84F3EDB 		.ascii	"\370O>\333\273\322\366\007(\255\331\364\007h;\226\264"
 228      BBD2F607 
 228      28ADD9F4 
 228      07683B96 
 228      B4
 229 01cf 7DE95CED 		.ascii	"}\351\\\355_\224\376\305\305\370\222\037\316i\322\252"
 229      5F94FEC5 
 229      C5F8921F 
 229      CE69D2AA 
 230 01df 63A379F6 		.ascii	"c\243y\366WD\234r\015/)P\362\331\335\200\034\214\207"
 230      57449C72 
 230      0D2F2950 
 230      F2D9DD80 
 230      1C8C87
 231 01f2 F1AD02FF 		.ascii	"\361\255\002\377\203\376\177\001\232\365#Y&\2376gB\263"
 231      83FE7F01 
 231      9AF52359 
 231      269F3667 
 231      42B3
 232 0204 88D4E6B1 		.ascii	"\210\324\346\261\367\006#S{\007\330\223\034\204\364"
 232      F7062353 
 232      7B07D893 
 232      1C84F4
ARM GAS  C:\Users\PUBLIC~1.LAP\AppData\Local\Temp\ccxPJM4u.s 			page 16


 233 0213 C2C424F9 		.ascii	"\302\304$\371\364\337\360-\340\317\367\250\364K\344"
 233      F4DFF02D 
 233      E0CFF7A8 
 233      F44BE4
 234 0222 F1E3F748 		.ascii	"\361\343\367HU\\\"\217\305%\322h3.\341#\216\177\215"
 234      555C228F 
 234      C525D268 
 234      332EE123 
 234      8E7F8D
 235 0235 B68F5FE1 		.ascii	"\266\217_\341\023\341O\3437>\021\026\026\037~\251\327"
 235      13E14FE3 
 235      373E1116 
 235      161F7EA9 
 235      D7
 236 0246 F8C437DA 		.ascii	"\370\3047\332~\371G\007\305\345k\374\030yT*\306\310"
 236      7EF94707 
 236      C5E56BFC 
 236      1879542A 
 236      C6C8
 237 0258 6391883C 		.ascii	"c\221\210<\332\212KX\370\017\013\335\030\277\260HD\006"
 237      DA8A4B58 
 237      F80F0BDD 
 237      18BFB048 
 237      4406
 238 026a B115E3F7 		.ascii	"\261\025\343\367\370K\244P\351\037\376\027~\011]8\334"
 238      F84BA450 
 238      E91FFE17 
 238      7E095D38 
 238      DC
 239 027b 52F2CBD7 		.ascii	"R\362\313\327*\033\213\217\365\377B<&\376\325?\021F"
 239      2A1B8B8F 
 239      F5FF423C 
 239      26FED53F 
 239      1146
 240 028d F00184CE 		.ascii	"\360\001\204\3163\371\363{\235\\i{\263\333\025\371\""
 240      33F9F37B 
 240      9D5C697B 
 240      B3DB15F9 
 240      22
 241 029e 24406F8E 		.ascii	"$@o\216(\363\211\301\231\320\000\276\204:\"\\{\242$"
 241      28F389C1 
 241      99D000BE 
 241      843A225C 
 241      7BA224
 242 02b1 275940C2 		.ascii	"'Y@\302\344\023\365%\264\375\220\031\213\177\342\377"
 242      E413F525 
 242      B4FD9019 
 242      8B7FE2FF 
 243 02c1 1F3002E4 		.ascii	"\0370\002\344\305D\223O7\313n\326 \321\231\033j7\363"
 243      C544934F 
 243      37CB6ED6 
 243      20D1991B 
 243      6A37F3
 244 02d4 42EE4DEE 		.ascii	"B\356M\356M\265\2431\357\237\037\350\331g\234>\341\332"
 244      4DB5A331 
 244      EF9F1FE8 
 244      D9679C3E 
ARM GAS  C:\Users\PUBLIC~1.LAP\AppData\Local\Temp\ccxPJM4u.s 			page 17


 244      E1DA
 245 02e6 09F5D2D7 		.ascii	"\011\365\322\327\000dI\311\221#\237\201\332\005\005"
 245      006449C9 
 245      91239F81 
 245      DA0505
 246 02f5 72B04EF1 		.ascii	"r\260N\361\376\327\370WjA\345\224\215\371\240\231\225"
 246      FED7F857 
 246      6A41E594 
 246      8DF9A099 
 246      95
 247 0306 75973998 		.ascii	"u\2279\230\321\200\035Q\214\000\241\331i\307c\307\375"
 247      D1801D51 
 247      8C00A1D9 
 247      69C763C7 
 247      FD
 248 0317 4010FEBF 		.ascii	"@\020\376\277\361\033I\372\303\014R\345\354\257\214"
 248      F11B49FA 
 248      C30C52E5 
 248      ECAF8C
 249 0326 4EDDDEA7 		.ascii	"N\335\336\247\335\317Ig\014\323\020\237\032\261GX2\237"
 249      DDCF4967 
 249      0CD3109F 
 249      1AB14758 
 249      329F
 250 0338 9EC7F5B8 		.ascii	"\236\307\365\270\322\311\367\014H\324\225\206\317\234"
 250      D2C9F70C 
 250      48D49586 
 250      CF9C
 251 0346 B4DD09AD 		.ascii	"\264\335\011\2555\233\315\246;\335\3516B\211li\351\000"
 251      359BCDA6 
 251      3BDDE936 
 251      42896C69 
 251      E900
 252 0358 4B3B7391 		.ascii	"K;s\221\2219X\230+=\226\370a26\346`\312dU\236\255<A"
 252      91395898 
 252      2B3D96F8 
 252      613236E6 
 252      60CA6455 
 253 0370 E4C871B1 		.ascii	"\344\310q\261(I\267\"\363bD,\311\254\307\2201\371\354"
 253      2849B722 
 253      F362442C 
 253      C9ACC790 
 253      31F9EC
 254 0383 FCAA51E3 		.ascii	"\374\252Q\343a\000\376\225M\222\265@G\340\004\3616\355"
 254      6100FE95 
 254      4D92B540 
 254      47E004F1 
 254      36ED
 255 0395 614C3228 		.ascii	"aL2(]B\362\351\314\354o\034N;\323\335\034\021\235y\376"
 255      5D42F2E9 
 255      CCEC6F1C 
 255      4E3BD3DD 
 255      1C119D79 
 256 03aa BFEE4D49 		.ascii	"\277\356MI\356M4+/\256B\350\331\236(u6GT\262\312\300"
 256      EE4D342B 
 256      2FAE42E8 
 256      D99E2875 
ARM GAS  C:\Users\PUBLIC~1.LAP\AppData\Local\Temp\ccxPJM4u.s 			page 18


 256      364754B2 
 257 03c0 C90130D6 		.ascii	"\311\0010\326\226\347\013\252\003V\014\370\345t\353"
 257      96E70BAA 
 257      03560CF8 
 257      E574EB
 258 03cf D93A09EC 		.ascii	"\331:\011\354\257]u\353\255D\204\0131\200\032\334_K"
 258      AF5D75EB 
 258      AD44840B 
 258      31801ADC 
 258      5F4B
 259 03e1 059C01D4 		.ascii	"\005\234\001\324\355n\356\217\002\214\265%\001\234\021"
 259      ED6EEE8F 
 259      028CB525 
 259      019C11
 260 03f0 A55B8D5A 		.ascii	"\245[\215Z'a]\247T\340\016\330[o\254\213 o\365\215\270"
 260      27615DA7 
 260      54E00ED8 
 260      5B6FAC8B 
 260      206FF58D 
 261 0405 B1BF16EA 		.ascii	"\261\277\026\352\0265\"\252\004\324\255D\012\0167\267"
 261      163522AA 
 261      04D4AD44 
 261      0A0E37B7 
 262 0415 8ABDF9DA 		.ascii	"\212\275\371\332^\257]o\300\366f\302U\237(\260\276\035"
 262      5EAF5D6F 
 262      C0F666C2 
 262      559F28B0 
 262      BE1D
 263 0427 CFB75381 		.ascii	"\317\267S\2013r2x9\244\021)P|\210\342\320AuY\240\252"
 263      33723278 
 263      39A41129 
 263      507C88E2 
 263      D0417559 
 264 043d 224DF976 		.ascii	"\"M\371v\275^\3567\325\376\250T\326eyT\275vU\240\304"
 264      BD5EEE37 
 264      D5FEA854 
 264      D6657954 
 264      BD7655A0 
 265 0452 FE7254EC 		.ascii	"\376rT\354\217\252\000\257m;\250\000Xw\367\223\001c"
 265      8FAA00AF 
 265      6D3BA800 
 265      5877F793 
 265      0163
 266 0464 6D79BEA0 		.ascii	"my\276\240\252\003\346x/\226\\\325\002.u\203-\333\333"
 266      AA03E678 
 266      2F965CD5 
 266      022E7583 
 266      2DDBDB
 267 0477 B904DA40 		.ascii	"\271\004\332@\257\000\341A\355\020\265B\255\252`\001"
 267      AF00E141 
 267      ED10B542 
 267      ADAA6001 
 268 0487 07E28982 		.ascii	"\007\342\211\202\012\021R\300\266\307\272\220j\261\373"
 268      0A1152C0 
 268      B6C7BA90 
 268      6AB1FB
 269 0496 B9BE162A 		.ascii	"\271\276\026*B\324\211]\213\235\016J\312\302\023\216"
ARM GAS  C:\Users\PUBLIC~1.LAP\AppData\Local\Temp\ccxPJM4u.s 			page 19


 269      42D4895D 
 269      8B9D0E4A 
 269      CAC2138E 
 270 04a6 AAC7BA52 		.ascii	"\252\307\272R3t\301\035O\315M\230 \225\301C\007U\306"
 270      3374C11D 
 270      4FCD4D98 
 270      2095C143 
 270      0755C6
 271 04b9 0BB52AD7 		.ascii	"\013\265*\327S]vJ5\320\024z\021\252X\367\327\256\002"
 271      535D764A 
 271      35D0147A 
 271      11AA58F7 
 271      D7AE02
 272 04cc BA17E142 		.ascii	"\272\027\341B\214\336/\227\266\005\034\315UY\032; \352"
 272      8CDE2F97 
 272      B6051CCD 
 272      55591A3B 
 272      20EA
 273 04de AA185CDF 		.ascii	"\252\030\\\337.\030\240/\340\240\034\2540\021\"]%\270"
 273      2E18A02F 
 273      E0A01CAC 
 273      3011225D 
 273      25B8
 274 04f0 ECD42FE7 		.ascii	"\354\324/\347\252\301\027.n\354\372\013\266\300\233"
 274      AAC1172E 
 274      6EECFA0B 
 274      B6C09B
 275 04ff 04A6CE6F 		.ascii	"\004\246\316o\347a~\003\200\216\250a@\207\2303\"\"2"
 275      E7617E03 
 275      808EA861 
 275      40879833 
 275      222232
 276 0512 12C8489A 		.ascii	"\022\310H\232\244\015\220\002\221\251+n\0210)\303\224"
 276      A40D9002 
 276      91A92B6E 
 276      113029C3 
 276      94
 277 0523 4892A446 		.ascii	"H\222\244Fac\016L\270V\015\036Q\216\036\315\241ys\360"
 277      61630E4C 
 277      B8560D1E 
 277      518E1ECD 
 277      A17973F0 
 278 0537 FA960B8A 		.ascii	"\372\226\013\212*6\177s\254\324\301b\200\261~\037\006"
 278      2A367F73 
 278      ACD4C162 
 278      80B17E1F 
 278      06
 279 0548 14850391 		.ascii	"\024\205\003\221\016\312\300Y`\312xk\273\330\222\256"
 279      0ECAC059 
 279      60CA786B 
 279      BBD892AE 
 280 0558 848C340D 		.ascii	"\204\2144\015\340?\035\224\010\377[\026\000h9\201A\001"
 280      E03F1D94 
 280      08FF5B16 
 280      00683981 
 280      4101
 281 056a AD4503D7 		.ascii	"\255E\003\327k^\351)\345\303\304\220W\226{\037\033\310"
ARM GAS  C:\Users\PUBLIC~1.LAP\AppData\Local\Temp\ccxPJM4u.s 			page 20


 281      6B5EE929 
 281      E5C3C490 
 281      57967B1F 
 281      1BC8
 282 057c FC5469DC 		.ascii	"\374Ti\334*R^\220\360\211C\342\203y\035*\217gRG'\361"
 282      2A525E90 
 282      F08943E2 
 282      83791D2A 
 282      8F675247 
 283 0592 23A37170 		.ascii	"#\243qp\332q\320C#\302\243\202\373\313&\020\273\377"
 283      DA71D043 
 283      23C2A382 
 283      FBCB2610 
 283      BBFF
 284 05a4 45A58119 		.ascii	"E\245\201\031\220\244\241\025BD\270%\303\301\267(\001"
 284      90A4A115 
 284      4244B825 
 284      C3C1B728 
 284      01
 285 05b5 31005D5B 		.ascii	"1\000][C\033s\246\006<\212S,b\331\2645\347Qx\374xO\227"
 285      431B73A6 
 285      063C8A53 
 285      2C62D9B4 
 285      35E75178 
 286 05cd 2E4DADAF 		.ascii	".M\255\257\232c\"\016y3%2\374j!HH\276\025!\001\341\303"
 286      9A63220E 
 286      79332532 
 286      FC6A2148 
 286      48BE1521 
 287 05e4 10655F95 		.ascii	"\020e_\2256l\\xB\202\020\220z\342\213Z_\233\344\264"
 287      366C5C78 
 287      42821090 
 287      7AE28B5A 
 287      5F9BE4B4 
 288 05f8 8FB29462 		.ascii	"\217\262\224b\347\250\362J\373\351!\371h\234T\370\177"
 288      E7A8F24A 
 288      FBE921F9 
 288      689C54F8 
 288      7F
 289 0609 8737B5F8 		.ascii	"\2077\265\370\005 \307j \037\343\000\367\347a\315\220"
 289      0520C76A 
 289      201FE300 
 289      F7E761CD 
 289      90
 290 061a 0CDE6777 		.ascii	"\014\336gw\303\335\266\347n\307k\3069\277\344\212\035"
 290      C3DDB6E7 
 290      6EC76BC6 
 290      39BFE48A 
 290      1D
 291 062b 3BC4254A 		.ascii	";\304%J\331\333P\001"
 291      D9DB5001 
 292              		.text
 293              		.section	.gnu.lto_.symtab.83ad22a9,"e",%progbits
 294 0000 74617267 		.ascii	"target_get_max_fw_size\000"
 294      65745F67 
 294      65745F6D 
 294      61785F66 
ARM GAS  C:\Users\PUBLIC~1.LAP\AppData\Local\Temp\ccxPJM4u.s 			page 21


 294      775F7369 
 295 0017 00       		.ascii	"\000"
 296 0018 00       		.ascii	"\000"
 297 0019 00       		.ascii	"\000"
 298 001a 00000000 		.ascii	"\000\000\000\000\000\000\000\000"
 298      00000000 
 299 0022 C9000000 		.ascii	"\311\000\000\000"
 300 0026 74617267 		.ascii	"target_get_timeout\000"
 300      65745F67 
 300      65745F74 
 300      696D656F 
 300      757400
 301 0039 00       		.ascii	"\000"
 302 003a 00       		.ascii	"\000"
 303 003b 00       		.ascii	"\000"
 304 003c 00000000 		.ascii	"\000\000\000\000\000\000\000\000"
 304      00000000 
 305 0044 D0000000 		.ascii	"\320\000\000\000"
 306 0048 74617267 		.ascii	"target_flash_unlock\000"
 306      65745F66 
 306      6C617368 
 306      5F756E6C 
 306      6F636B00 
 307 005c 00       		.ascii	"\000"
 308 005d 00       		.ascii	"\000"
 309 005e 00       		.ascii	"\000"
 310 005f 00000000 		.ascii	"\000\000\000\000\000\000\000\000"
 310      00000000 
 311 0067 D3000000 		.ascii	"\323\000\000\000"
 312 006b 74617267 		.ascii	"target_flash_write\000"
 312      65745F66 
 312      6C617368 
 312      5F777269 
 312      746500
 313 007e 00       		.ascii	"\000"
 314 007f 00       		.ascii	"\000"
 315 0080 00       		.ascii	"\000"
 316 0081 00000000 		.ascii	"\000\000\000\000\000\000\000\000"
 316      00000000 
 317 0089 DD000000 		.ascii	"\335\000\000\000"
 318 008d 74617267 		.ascii	"target_prepare_flash\000"
 318      65745F70 
 318      72657061 
 318      72655F66 
 318      6C617368 
 319 00a2 00       		.ascii	"\000"
 320 00a3 00       		.ascii	"\000"
 321 00a4 00       		.ascii	"\000"
 322 00a5 00000000 		.ascii	"\000\000\000\000\000\000\000\000"
 322      00000000 
 323 00ad E0000000 		.ascii	"\340\000\000\000"
 324 00b1 74617267 		.ascii	"target_flash_lock\000"
 324      65745F66 
 324      6C617368 
 324      5F6C6F63 
 324      6B00
 325 00c3 00       		.ascii	"\000"
ARM GAS  C:\Users\PUBLIC~1.LAP\AppData\Local\Temp\ccxPJM4u.s 			page 22


 326 00c4 00       		.ascii	"\000"
 327 00c5 00       		.ascii	"\000"
 328 00c6 00000000 		.ascii	"\000\000\000\000\000\000\000\000"
 328      00000000 
 329 00ce E2000000 		.ascii	"\342\000\000\000"
 330 00d2 74617267 		.ascii	"target_complete_programming\000"
 330      65745F63 
 330      6F6D706C 
 330      6574655F 
 330      70726F67 
 331 00ee 00       		.ascii	"\000"
 332 00ef 00       		.ascii	"\000"
 333 00f0 00       		.ascii	"\000"
 334 00f1 00000000 		.ascii	"\000\000\000\000\000\000\000\000"
 334      00000000 
 335 00f9 E4000000 		.ascii	"\344\000\000\000"
 336              		.text
 337              		.section	.gnu.lto_.ext_symtab.83ad22a9,"e",%progbits
 338 0000 01       		.ascii	"\001"
 339 0001 01       		.ascii	"\001"
 340 0002 00       		.ascii	"\000"
 341 0003 01       		.ascii	"\001"
 342 0004 00       		.ascii	"\000"
 343 0005 01       		.ascii	"\001"
 344 0006 00       		.ascii	"\000"
 345 0007 01       		.ascii	"\001"
 346 0008 00       		.ascii	"\000"
 347 0009 01       		.ascii	"\001"
 348 000a 00       		.ascii	"\000"
 349 000b 01       		.ascii	"\001"
 350 000c 00       		.ascii	"\000"
 351 000d 01       		.ascii	"\001"
 352 000e 00       		.ascii	"\000"
 353              		.text
 354              		.section	.gnu.lto_.opts,"e",%progbits
 355 0000 272D666E 		.ascii	"'-fno-openmp' '-fno-openacc' '-fno-pie' '-fcf-prote"
 355      6F2D6F70 
 355      656E6D70 
 355      2720272D 
 355      666E6F2D 
 356 0033 6374696F 		.ascii	"ction=none' '-mcpu=cortex-m3' '-mthumb' '-mfloat-ab"
 356      6E3D6E6F 
 356      6E652720 
 356      272D6D63 
 356      70753D63 
 357 0066 693D736F 		.ascii	"i=soft' '-mlibarch=armv7-m' '-march=armv7-m' '-Os' "
 357      66742720 
 357      272D6D6C 
 357      69626172 
 357      63683D61 
 358 0099 272D666F 		.ascii	"'-fomit-frame-pointer' '-falign-functions=16' '-ffu"
 358      6D69742D 
 358      6672616D 
 358      652D706F 
 358      696E7465 
 359 00cc 6E637469 		.ascii	"nction-sections' '-fdata-sections' '-fno-common' '-"
 359      6F6E2D73 
ARM GAS  C:\Users\PUBLIC~1.LAP\AppData\Local\Temp\ccxPJM4u.s 			page 23


 359      65637469 
 359      6F6E7327 
 359      20272D66 
 360 00ff 666C746F 		.ascii	"flto' '-Xassembler' '-alms=./build/lst/dfu_target.l"
 360      2720272D 
 360      58617373 
 360      656D626C 
 360      65722720 
 361 0132 73742700 		.ascii	"st'\000"
 362              		.text
 363              		.comm	__gnu_lto_slim,1,1
 364              		.ident	"GCC: (GNU) 12.2.0"
ARM GAS  C:\Users\PUBLIC~1.LAP\AppData\Local\Temp\ccxPJM4u.s 			page 24


DEFINED SYMBOLS
                            *ABS*:00000000 dfu_target.c
                            *COM*:00000001 __gnu_lto_slim

NO UNDEFINED SYMBOLS
