ARM GAS  C:\Users\PUBLIC~1.LAP\AppData\Local\Temp\ccs7YFbo.s 			page 1


   1              		.cpu cortex-m3
   2              		.arch armv7-m
   3              		.fpu softvfp
   4              		.eabi_attribute 20, 1
   5              		.eabi_attribute 21, 1
   6              		.eabi_attribute 23, 3
   7              		.eabi_attribute 24, 1
   8              		.eabi_attribute 25, 1
   9              		.eabi_attribute 26, 1
  10              		.eabi_attribute 30, 4
  11              		.eabi_attribute 34, 1
  12              		.eabi_attribute 18, 4
  13              		.file	"hal.c"
  14              		.section	.gnu.lto_.profile.83acddf4,"e",%progbits
  15 0000 28B52FFD 		.ascii	"(\265/\375 \0061\000\000\002\000\000\000\000\000"
  15      20063100 
  15      00020000 
  15      000000
  16              		.text
  17              		.section	.gnu.lto_.icf.83acddf4,"e",%progbits
  18 0000 28B52FFD 		.ascii	"(\265/\375 \025\215\000\000X\011\000\001\000\365\366"
  18      20158D00 
  18      00580900 
  18      0100F5F6 
  19 0010 F9E90300 		.ascii	"\371\351\003\000\000\001\000\033\300\002"
  19      0001001B 
  19      C002
  20              		.text
  21              		.section	.gnu.lto_.ipa_sra.83acddf4,"e",%progbits
  22 0000 28B52FFD 		.ascii	"(\265/\375 \033u\000\0000\017\000\001\000\000\001\002"
  22      201B7500 
  22      00300F00 
  22      01000001 
  22      02
  23 0011 00394336 		.ascii	"\0009C6\200\005"
  23      8005
  24              		.text
  25              		.section	.gnu.lto_.inline.83acddf4,"e",%progbits
  26 0000 28B52FFD 		.ascii	"(\265/\375 R\365\001\000\004\003F\000\001\000\000\011"
  26      2052F501 
  26      00040346 
  26      00010000 
  26      09
  27 0011 808080A8 		.ascii	"\200\200\200\250\003h\001\000\000\002\000\000\201\200"
  27      03680100 
  27      00020000 
  27      8180
  28 001f 80807E00 		.ascii	"\200\200~\000\000\006\200\200\200\200\002d\002\000\000"
  28      00068080 
  28      80800264 
  28      020000
  29 002e 010A020B 		.ascii	"\001\012\002\013\000\001\001\012\000\000\000\000\000"
  29      0001010A 
  29      00000000 
  29      00
  30 003b 04003A03 		.ascii	"\004\000:\003\234\202d\233\301m\000\013"
  30      9C82649B 
ARM GAS  C:\Users\PUBLIC~1.LAP\AppData\Local\Temp\ccs7YFbo.s 			page 2


  30      C16D000B 
  31              		.text
  32              		.section	.gnu.lto_.jmpfuncs.83acddf4,"e",%progbits
  33 0000 28B52FFD 		.ascii	"(\265/\375 5}\001\000d\002)\000\001\000\002\003\002"
  33      20357D01 
  33      00640229 
  33      00010002 
  33      0302
  34 0012 000001C0 		.ascii	"\000\000\001\300\004\001\000\300\004\001\374\377\377"
  34      040100C0 
  34      0401FCFF 
  34      FF
  35 001f FF0F0102 		.ascii	"\377\017\001\002\006}\001\001\006}\001\377\377\377\377"
  35      067D0101 
  35      067D01FF 
  35      FFFFFF
  36 002e 0F000002 		.ascii	"\017\000\000\002\000@\340\015`\001"
  36      0040E00D 
  36      6001
  37              		.text
  38              		.section	.gnu.lto_.pureconst.83acddf4,"e",%progbits
  39 0000 28B52FFD 		.ascii	"(\265/\375 \010A\000\000\004\000\000\000\001\000\230"
  39      20084100 
  39      00040000 
  39      00010098 
  40 0010 04       		.ascii	"\004"
  41              		.text
  42              		.section	.gnu.lto_.ipa_modref.83acddf4,"e",%progbits
  43 0000 28B52FFD 		.ascii	"(\265/\375 \030e\000\000 \014\000\001\000\002\000`\343"
  43      20186500 
  43      00200C00 
  43      01000200 
  43      60E3
  44 0012 0D6001   		.ascii	"\015`\001"
  45              		.text
  46              		.section	.gnu.lto_.lto.83acddf4,"e",%progbits
  47 0000 0C000000 		.ascii	"\014\000\000\000\001\000\001\000"
  47      01000100 
  48              		.text
  49              		.section	.gnu.lto_halInit.312.83acddf4,"e",%progbits
  50 0000 28B52FFD 		.ascii	"(\265/\375`?\000\035\010\000\242\21667@o\323\001\240"
  50      603F001D 
  50      0800A28E 
  50      3637406F 
  50      D301A0
  51 0013 3819C05A 		.ascii	"8\031\300Z\376\236,\320\2160\304\222\223\331\004\347"
  51      FE9E2CD0 
  51      8E30C492 
  51      93D904E7 
  52 0023 BCEDE169 		.ascii	"\274\355\341i\241\371T?\255^TWh\023\264\014s\0115\264"
  52      A1F9543F 
  52      AD5E5457 
  52      6813B40C 
  52      730935B4 
  53 0037 8DD8D10F 		.ascii	"\215\330\321\017\351\353\206\331\254\365&{\247\024\346"
  53      E9EB86D9 
  53      ACF5267B 
ARM GAS  C:\Users\PUBLIC~1.LAP\AppData\Local\Temp\ccs7YFbo.s 			page 3


  53      A714E6
  54 0046 6CB84CA3 		.ascii	"l\270L\243\034\214\216r\231F\273\016}p\330\"6m\001C"
  54      1C8C8E72 
  54      9946BB0E 
  54      7D70D822 
  54      366D0143 
  55 005a 3830B0A8 		.ascii	"80\260\250\220\310\30064\317\306Ad\327\205%0lJ\337\251"
  55      90C8C036 
  55      34CFC641 
  55      64D78525 
  55      306C4ADF 
  56 006f 9523379C 		.ascii	"\225#7\234\352'\277\011\323\366\001X\251 \205\365\242"
  56      EA27BF09 
  56      D3F60158 
  56      A92085F5 
  56      A2
  57 0080 8937394A 		.ascii	"\21179J\227\331\015=\364ON\352P\037\371\364EW=\374\364"
  57      97D90D3D 
  57      F44F4EEA 
  57      501FF9F4 
  57      45573DFC 
  58 0095 BBEAD3F6 		.ascii	"\273\352\323\366hT \025$\3272\332\034\237\370\320\002"
  58      68542015 
  58      24D732DA 
  58      1C9FF8D0 
  58      02
  59 00a6 A70ACAB5 		.ascii	"\247\012\312\265K`\224!\366\251\225#\333*H9K\313\256"
  59      4B609421 
  59      F6A99523 
  59      DB2A4839 
  59      4BCBAE
  60 00b9 470CCCD6 		.ascii	"G\014\314\326\251Bb\373\001\366l\227\201\271!\022\310"
  60      A94262FB 
  60      01F66C97 
  60      81B92112 
  60      C8
  61 00ca B4BB548A 		.ascii	"\264\273T\212\334{\364\374\227\\\023\212:\036-\205\335"
  61      DC7BF4FC 
  61      975C138A 
  61      3A1E2D85 
  61      DD
  62 00db 750C451F 		.ascii	"u\014E\037\267\274m\002\333\227\355\032\020\0002\241"
  62      B7BC6D02 
  62      DB97ED1A 
  62      100032A1 
  63 00eb C92F302E 		.ascii	"\311/0.\014\334\003\203\321\254\006B\202d\320\232\222"
  63      0CDC0383 
  63      D1AC0642 
  63      8264D09A 
  63      92
  64 00fc 207A9A01 		.ascii	" z\232\001\273&b\205\200_\206\010\227c\321N2"
  64      BB266285 
  64      805F8608 
  64      9763D14E 
  64      32
  65              		.text
  66              		.section	.gnu.lto_.symbol_nodes.83acddf4,"e",%progbits
ARM GAS  C:\Users\PUBLIC~1.LAP\AppData\Local\Temp\ccs7YFbo.s 			page 4


  67 0000 28B52FFD 		.ascii	"(\265/\375 \347u\003\000\222E\023\037\260%\351\014d"
  67      20E77503 
  67      00924513 
  67      1FB025E9 
  67      0C64
  68 0012 39CEC25A 		.ascii	"9\316\302Zk\011U\240\242\3306\361La$\025\014\300\301"
  68      6B0955A0 
  68      A2D836F1 
  68      4C612415 
  68      0CC0C1
  69 0025 4C1B2164 		.ascii	"L\033!d\313\235\002\033\363\331r_r\276\003}F\372\010"
  69      CB9D021B 
  69      F3D9725F 
  69      72BE037D 
  69      46FA08
  70 0038 2C206117 		.ascii	", a\027\302\012\016v`\251\362\213\303a\011\366#7\200"
  70      C20A0E76 
  70      60A9F28B 
  70      C36109F6 
  70      233780
  71 004b FE2A6A3D 		.ascii	"\376*j=~A\331\311\314,\266\351\277!\014\000W\223\011"
  71      7E41D9C9 
  71      CC2CB6E9 
  71      BF210C00 
  71      579309
  72 005e 18040CD2 		.ascii	"\030\004\014\322\032\304e\206\001j\002@\002@\362\023"
  72      1AC46586 
  72      016A0240 
  72      0240F213 
  73 006e F4514B91 		.ascii	"\364QK\221\022\214\031\320\003"
  73      128C19D0 
  73      03
  74              		.text
  75              		.section	.gnu.lto_.refs.83acddf4,"e",%progbits
  76 0000 28B52FFD 		.ascii	"(\265/\375 \013Y\000\000\007\000\000\000\001\000\002"
  76      200B5900 
  76      00070000 
  76      00010002 
  77 0010 01020000 		.ascii	"\001\002\000\000"
  78              		.text
  79              		.section	.gnu.lto_.decls.83acddf4,"e",%progbits
  80 0000 28B52FFD 		.ascii	"(\265/\375`}\010\205/\000\012S\200\022Hp\230N:O2c\246"
  80      607D0885 
  80      2F000A53 
  80      80124870 
  80      984E3A4F 
  81 0017 4062E626 		.ascii	"@b\346&K\255DBj\010\005q\336\275\353\322\322%\273\002"
  81      4BAD4442 
  81      6A080571 
  81      DEBDEBD2 
  81      D225BB02 
  82 002b 80D45BCB 		.ascii	"\200\324[\313\251\265Y\324\234VM\342+\316\332W\036$"
  82      A9B559D4 
  82      9C564DE2 
  82      2BCEDA57 
  82      1E24
  83 003d 67EFFCDE 		.ascii	"g\357\374\336\3148.T\037\016\010\\\202\302{ps\303\336"
ARM GAS  C:\Users\PUBLIC~1.LAP\AppData\Local\Temp\ccs7YFbo.s 			page 5


  83      CC382E54 
  83      1F0E085C 
  83      82C27B70 
  83      73C3DE
  84 0050 B52412C4 		.ascii	"\265$\022\304n\231\002\363\000\024\001\017\001g;v\302"
  84      6E9902F3 
  84      0014010F 
  84      01673B76 
  84      C2
  85 0061 4A72946D 		.ascii	"Jr\224m\273\250\351\212\202\305\001\001\001\371\000"
  85      BBA8E98A 
  85      82C50101 
  85      01F900
  86 0070 E518699A 		.ascii	"\345\030i\232\365\200\224}\330k=+\327\207X\017b\275"
  86      F580947D 
  86      D86B3D2B 
  86      D787580F 
  86      62BD
  87 0082 87F55CEB 		.ascii	"\207\365\\\3539\2547\256\234\204\343x-\001\313\235\221"
  87      39AC37AE 
  87      9C84E378 
  87      2D01CB9D 
  87      91
  88 0093 F0DB6994 		.ascii	"\360\333i\224m\363\351\3449\333\274\233\236j='P\201"
  88      6DF3E9E4 
  88      39DBBC9B 
  88      9E6A3D27 
  88      5081
  89 00a5 D1282750 		.ascii	"\321('P?\\\203\334\243^\346Q\027\260\333\317l\314\203"
  89      3F5C83DC 
  89      A35EE651 
  89      17B0DBCF 
  89      6CCC83
  90 00b8 8D5C67F7 		.ascii	"\215\\g\367\262\273\011\254tg4|\334\224\2070\021^\373"
  90      B2BB09AC 
  90      7467347C 
  90      DC948730 
  90      115EFB
  91 00cb E1226F77 		.ascii	"\341\"owp\314\270)\351r\323cX\317?\352\016\377\250D"
  91      70CCB829 
  91      E972D363 
  91      58CF3FEA 
  91      0EFFA844 
  92 00df C2B3109A 		.ascii	"\302\263\020\232\0275\300\300nz\2475\310<*\373\020\236"
  92      1735C0C0 
  92      6E7AA735 
  92      C83C2AFB 
  92      109E
  93 00f1 A13FFFE0 		.ascii	"\241?\377\3406\036\233e\333~\335\275\223\003\246f\227"
  93      361E9B65 
  93      DB7EDDBD 
  93      9303A666 
  93      97
  94 0102 E2A608B8 		.ascii	"\342\246\010\270GM\231G\005.\255j\257t\314\243\236u"
  94      474D9947 
  94      052EAD6A 
  94      AF74CCA3 
ARM GAS  C:\Users\PUBLIC~1.LAP\AppData\Local\Temp\ccs7YFbo.s 			page 6


  94      9E75
  95 0114 7CAAAE19 		.ascii	"|\252\256\031\274gU[\356Q\257\205y\324\337\225\371?"
  95      BC67555B 
  95      EE51AF85 
  95      79D4DF95 
  95      F93F
  96 0126 1EABFFF9 		.ascii	"\036\253\377\371ht~\276\3739\375\371\376/\363\177\314"
  96      68747EBE 
  96      FB39FDF9 
  96      FE2FF37F 
  96      CC
  97 0137 7F31FFFB 		.ascii	"\1771\377\373\376\353\375\317\373\277\376\227\373\177"
  97      FEEBFDCF 
  97      FBBFFE97 
  97      FB7F
  98 0145 A3D168F4 		.ascii	"\243\321h\364?\361\277\375\253\"\002\316\235\306a\""
  98      3FF1BFFD 
  98      AB2202CE 
  98      9DC66122 
  99 0155 EDABBB55 		.ascii	"\355\253\273U5\262\000p\255Lk:1\245\001f7Y\262m2\265"
  99      35B20070 
  99      AD4C6B3A 
  99      31A50166 
  99      3759B26D 
 100 016b ED36D074 		.ascii	"\3556\320tI:n\351:\011\267\354f\270n1\257\356\016v\267"
 100      493A6EE9 
 100      3A09B7EC 
 100      66B86E31 
 100      AFEE0E76 
 101 0180 4E2F5184 		.ascii	"N/Q\204u\301p\346xu9G\264\215\027\334d\2410\234\302"
 101      75C170E6 
 101      78753947 
 101      B48D17DC 
 101      64A1309C 
 102 0195 2441A069 		.ascii	"$A\240i\335\325&\231\015svZky2Wh\262\355!\335\315`\000"
 102      DDD52699 
 102      0D73765A 
 102      6B793257 
 102      68B2ED21 
 103 01ad 48E181A6 		.ascii	"H\341\201\246\267\307y\351\017g\007\2701c\227\205\306"
 103      B7C779E9 
 103      0F6707B8 
 103      31639785 
 103      C6
 104 01be 4D7FBEC1 		.ascii	"M\177\276\301k|\203\363\230\311\335HN\304\320\353n\241"
 104      6B7C83F3 
 104      98C9DD48 
 104      4EC4D0EB 
 104      6EA1
 105 01d0 00A88687 		.ascii	"\000\250\206\2076vS\306k}h\272\234\330(\273\3519\313"
 105      367653C6 
 105      6B7D68BA 
 105      9CD828BB 
 105      E939CB
 106 01e3 BAE38EB9 		.ascii	"\272\343\216\271\260\0330\311L\0221v\307-o\001&\231"
 106      B01B30C9 
 106      4C123176 
ARM GAS  C:\Users\PUBLIC~1.LAP\AppData\Local\Temp\ccs7YFbo.s 			page 7


 106      C72D6F01 
 106      2699
 107 01f5 15CEC4F4 		.ascii	"\025\316\304\364\272\333\013w\3415\034\234\003\010\310"
 107      BADB0B77 
 107      E1351C9C 
 107      0308C8
 108 0204 07A74CC7 		.ascii	"\007\247L\307\\\0215=\327\255\347-?\357\340\036l\207"
 108      5C11353D 
 108      D7ADE72D 
 108      3FEFE01E 
 108      6C87
 109 0216 633646C5 		.ascii	"c6F\305\214\2332\020;\016\302n9\313`\367YXZ\333\223"
 109      8C9B3210 
 109      3B0EC26E 
 109      39CB60F7 
 109      59585ADB 
 110 022b 334D582D 		.ascii	"3MX-\\\205\351\370\012ca*\234\205\255p\035\257\261\035"
 110      5C85E9F8 
 110      0A63612A 
 110      9C85AD70 
 110      1DAFB11D 
 111 023f 47394BE1 		.ascii	"G9K\341)O\333\363\033\223\2577(\177E\277p\016\206\231"
 111      294FDBF3 
 111      1B93AF37 
 111      287F45BF 
 111      700E8699 
 112 0253 237024DA 		.ascii	"#p$\332\226\004{\304\031XZw{>\362\013\003\311_\345\315"
 112      96047BC4 
 112      19585A77 
 112      7B3EF20B 
 112      03C95FE5 
 113 0268 99147FCE 		.ascii	"\231\024\177\316\233~\357\332\334\254aa\223q\323h\015"
 113      9B7EEFDA 
 113      DCAC6161 
 113      9371D368 
 113      0D
 114 0279 9EDAF2C9 		.ascii	"\236\332\362\311x-N\030\276\266\274\233\2369\233\250"
 114      782D4E18 
 114      BEB6BC9B 
 114      9E399BA8 
 115 0289 2162EEA6 		.ascii	"!b\356\246O\311\312\224)b3[\261\0236\026\305\311M\017"
 115      4FC9CA94 
 115      2962335B 
 115      B1133616 
 115      C5C94D0F 
 116 029d 9C1B33C6 		.ascii	"\234\0333\306\200\220#df8\300\240\301\261\177\253\030"
 116      80902364 
 116      6638C0A0 
 116      C1B17FAB 
 116      18
 117 02ae 31DC777F 		.ascii	"1\334w\177t\231\332ebE\231_\267\330\217\372%\203\014"
 117      7499DA65 
 117      6245995F 
 117      B7D88FFA 
 117      25830C
 118 02c1 59BB9EBF 		.ascii	"Y\273\236\2770\2303\337\032\363q_\214\256q\363C\021"
 118      309833DF 
ARM GAS  C:\Users\PUBLIC~1.LAP\AppData\Local\Temp\ccs7YFbo.s 			page 8


 118      1AF3715F 
 118      8CAE71F3 
 118      4311
 119 02d3 E7D76262 		.ascii	"\347\327bb?\027\015n\306\336M\377\357\235\373\316e@"
 119      3F170D6E 
 119      C6DE4DFF 
 119      EF9DFBCE 
 119      6540
 120 02e5 F7819CE8 		.ascii	"\367\201\234\350\335\225\257\233\376~\255An\371\017"
 120      DD95AF9B 
 120      FE7EAD41 
 120      6EF90F
 121 02f4 983DE7D7 		.ascii	"\230=\347\327\2341\263\301\247\243t.\317n\312\335\375"
 121      9C31B3C1 
 121      A7A3742E 
 121      CF6ECADD 
 121      FD
 122 0305 A0DBD90F 		.ascii	"\240\333\331\017\236\315 \013}2\331~\262`\026\372l\262"
 122      9ECD200B 
 122      7D32D97E 
 122      B26016FA 
 122      6CB2
 123 0317 D067F2B2 		.ascii	"\320g\362\262Pe\223\331\317\344\332NfC\273\231me7\264"
 123      506593D9 
 123      CFE4DA4E 
 123      6643BB99 
 123      6D6537B4 
 124 032b 9B38EDB3 		.ascii	"\2338\355\263\273U&\327V\311\354n%\263\355\263\003\260"
 124      BB5526D7 
 124      56C9EC6E 
 124      25B3EDB3 
 124      03B0
 125 033d CB679359 		.ascii	"\313g\223Yh3{\331L\001lw\263\241\317=f\373\311d\241"
 125      68337BD9 
 125      4C016C77 
 125      B3A1CF3D 
 125      66FBC964 
 126 0352 CE66B04F 		.ascii	"\316f\260O\304%9\331\325\206\326Pe\330e\262M\326\335"
 126      C42539D9 
 126      D586D650 
 126      65D865B2 
 126      4DD6DD
 127 0365 63DC2E5B 		.ascii	"c\334.[\254{\351,\320mN6JW'\012U\031\215\025\2109\310"
 127      AC7BE92C 
 127      D06D4E36 
 127      4A57270A 
 127      55198D15 
 128 037c 225671A8 		.ascii	"\"Vq\250s\242\320\324\221\313h\352\310Us\242\320\220"
 128      73A2D0D4 
 128      91CB68EA 
 128      C85573A2 
 128      D090
 129 038e 50F05013 		.ascii	"P\360P\023\220\206\021\236\240\206\036\030\030\011'"
 129      9086119E 
 129      A0861E18 
 129      180927
 130 039d 441DB3AE 		.ascii	"D\035\263\256\254\252\242\"TmIeM\331\234(\204<ZUq\031"
ARM GAS  C:\Users\PUBLIC~1.LAP\AppData\Local\Temp\ccs7YFbo.s 			page 9


 130      ACAAA222 
 130      546D4965 
 130      4DD99C28 
 130      843C5A55 
 131 03b3 A9B08A0C 		.ascii	"\251\260\212\014\220G\365B\310\"\226\222Q\212X\363\242"
 131      9047F542 
 131      C8229692 
 131      518A58F3 
 131      A2
 132 03c4 AB200F56 		.ascii	"\253 \017V\310\255,\252\233_\0055\350p\265%\265\336"
 132      C8AD2CAA 
 132      9B5F0535 
 132      E870B525 
 132      B5DE
 133 03d6 48083C5A 		.ascii	"H\010<Z\202\320d\343\364\364$!=Q\250\312h\034\012;0"
 133      82D064E3 
 133      F4F42421 
 133      3D51A8CA 
 133      681C0A3B 
 134 03eb 2935250D 		.ascii	")5%\015!--\015\021\025]\2400t\234*n!\261\262\216\202"
 134      212D2D0D 
 134      11155DA0 
 134      30749C2A 
 134      6E21B1B2 
 135 0401 9A86C8AD 		.ascii	"\232\206\310\255,\255\033'%$\240\004\013J@\250\246\213"
 135      2CAD1B27 
 135      2524A004 
 135      0B4A40A8 
 135      A68B
 136 0413 D4749198 		.ascii	"\324t\221\230.\006'$`\205#\246\245\02494\022^\200b\002"
 136      2E062724 
 136      608523A6 
 136      A5143934 
 136      125E8062 
 137 0428 22874445 		.ascii	"\"\207DEH\254\"\327\2324\341\010\250\305\205\264:\322"
 137      48AC22D7 
 137      9A34E108 
 137      A8C585B4 
 137      3AD2
 138 043a BC81F008 		.ascii	"\274\201\360\010\001\224\205\244\225J\210j\3538d\224"
 138      019485A4 
 138      954A886A 
 138      EB386494 
 139 044a 220E1DB3 		.ascii	"\"\016\035\263\206\236\230\212SE\342Q\224\021\221P\353"
 139      869E988A 
 139      5345E251 
 139      94119150 
 139      EB
 140 045b CA0A19F5 		.ascii	"\312\012\031\365\201\310U4\016\245\026,\210r\200\024"
 140      81C85534 
 140      0EA5162C 
 140      88728014 
 141 046b B4A1A801 		.ascii	"\264\241\250\001+\213j\2104rIi\260\252\032\032\245\264"
 141      2B8B6A88 
 141      34724969 
 141      B0AA1A1A 
 141      A5B4
ARM GAS  C:\Users\PUBLIC~1.LAP\AppData\Local\Temp\ccs7YFbo.s 			page 10


 142 047d 048CB8CA 		.ascii	"\004\214\270\312\264H\235\\\025\257>\0322%\200\260\335"
 142      B4489D5C 
 142      15AF3E1A 
 142      322580B0 
 142      DD
 143 048e F42EEF32 		.ascii	"\364.\3572\003\235\025(5d\344\214\344\210\261\376\375"
 143      039D1528 
 143      3564E48C 
 143      E488B1FE 
 143      FD
 144 049f EF2A7F9C 		.ascii	"\357*\177\2345o4\300\342\000\340-\251|\335\200\240\250"
 144      356F34C0 
 144      E200E02D 
 144      A97CDD80 
 144      A0A8
 145 04b1 B1386614 		.ascii	"\2618f\0242HdD$\020\2224M\007p\002\221)\273n\022 \226"
 145      32486444 
 145      24109234 
 145      4D077002 
 145      9129BB6E 
 146 04c8 454BA560 		.ascii	"EK\245`fi\371s;\006\010\270\02085\327=\304\302:\261"
 146      6669F973 
 146      3B0608B8 
 146      103835D7 
 146      3DC4C23A 
 147 04dd F000398E 		.ascii	"\360\0009\216\216\367AZ-\036\367e-]JY\243E\316\226W"
 147      8EF7415A 
 147      2D1EF765 
 147      2D5D4A59 
 147      A345CE96 
 148 04f2 B18EC1E8 		.ascii	"\261\216\301\350\021\307\376f\352\377\215{\374\310\000"
 148      11C7FE66 
 148      EAFF8D7B 
 148      FCC800
 149 0501 916F113B 		.ascii	"\221o\021;\233\341\326\247p\250\364\377M\301\247\002"
 149      9BE1D6A7 
 149      70A8F4FF 
 149      4DC1A702 
 150 0511 3CB50B75 		.ascii	"<\265\013u\311\011\177\334\245m^\036M\263H\005\252&"
 150      C9097FDC 
 150      A56D5E1E 
 150      4DB34805 
 150      AA26
 151 0523 58F524CC 		.ascii	"X\365$\314\002\"V\345\316\241\205H+\222H\206\036\021"
 151      022256E5 
 151      CEA18548 
 151      2B924886 
 151      1E11
 152 0535 A05D805E 		.ascii	"\240]\200^\265\376\211\273*\033E?\330\321v\177{j\201"
 152      B5FE89BB 
 152      2A1B453F 
 152      D8D1767F 
 152      7B6A81
 153 0548 012A5568 		.ascii	"\001*Uhi`\306%\3218\357\217!1\300\306\326\234\037\320"
 153      6960C625 
 153      D138EF8F 
 153      2131C0C6 
ARM GAS  C:\Users\PUBLIC~1.LAP\AppData\Local\Temp\ccs7YFbo.s 			page 11


 153      D69C1FD0 
 154 055c 976F7445 		.ascii	"\227otE\370\320\372[\247>_z\227\372\027\204\305\272"
 154      F8D0FA5B 
 154      A73E5F7A 
 154      97FA1784 
 154      C5BA
 155 056e 3E407445 		.ascii	">@tE\1774\226\002\326P\374#\314\225\376x\303o\025\017"
 155      7F349602 
 155      D650FC23 
 155      CC95FE78 
 155      C36F150F 
 156 0582 0C450648 		.ascii	"\014E\006H\014\345\\\003MR\016\350rp\220\003\200\300"
 156      0CE55C03 
 156      4D520EE8 
 156      72709003 
 156      80C0
 157 0594 0E8D993B 		.ascii	"\016\215\231;\345\007\033\333\206\206\020{}\363\331"
 157      E5071BDB 
 157      8686107B 
 157      7DF3D9
 158 05a3 14313DD2 		.ascii	"\0241=\322c\216\2602\021\032\005\006\003\030<\317yV"
 158      638EB032 
 158      111A0506 
 158      03183CCF 
 158      7956
 159 05b5 6D695B9F 		.ascii	"mi[\237\000\344O\263\265\262H\3606aC\253\005\007\270"
 159      00E44FB3 
 159      B5B248F0 
 159      366143AB 
 159      0507B8
 160 05c8 91D940A1 		.ascii	"\221\331@\241\027t\004j4.\037\035\014\351cQF\343:\217"
 160      1774046A 
 160      342E1F1D 
 160      0CE96351 
 160      46E33A8F 
 161 05dc ECA11C3A 		.ascii	"\354\241\034:D\011a\225\246;$\345\026\241\177D\033\377"
 161      44096195 
 161      A63B24E5 
 161      16A17F44 
 161      1BFF
 162 05ee D5A1FD1E 		.ascii	"\325\241\375\036>F\336\023\007\203\272\252"
 162      3E46DE13 
 162      0783BAAA 
 163              		.text
 164              		.section	.gnu.lto_.symtab.83acddf4,"e",%progbits
 165 0000 68616C49 		.ascii	"halInit\000"
 165      6E697400 
 166 0008 00       		.ascii	"\000"
 167 0009 00       		.ascii	"\000"
 168 000a 00       		.ascii	"\000"
 169 000b 00000000 		.ascii	"\000\000\000\000\000\000\000\000"
 169      00000000 
 170 0013 F5000000 		.ascii	"\365\000\000\000"
 171 0017 70616C5F 		.ascii	"pal_default_config\000"
 171      64656661 
 171      756C745F 
 171      636F6E66 
ARM GAS  C:\Users\PUBLIC~1.LAP\AppData\Local\Temp\ccs7YFbo.s 			page 12


 171      696700
 172 002a 00       		.ascii	"\000"
 173 002b 02       		.ascii	"\002"
 174 002c 00       		.ascii	"\000"
 175 002d 00000000 		.ascii	"\000\000\000\000\000\000\000\000"
 175      00000000 
 176 0035 EF000000 		.ascii	"\357\000\000\000"
 177 0039 7374496E 		.ascii	"stInit\000"
 177      697400
 178 0040 00       		.ascii	"\000"
 179 0041 02       		.ascii	"\002"
 180 0042 00       		.ascii	"\000"
 181 0043 00000000 		.ascii	"\000\000\000\000\000\000\000\000"
 181      00000000 
 182 004b F7000000 		.ascii	"\367\000\000\000"
 183 004f 626F6172 		.ascii	"boardInit\000"
 183      64496E69 
 183      7400
 184 0059 00       		.ascii	"\000"
 185 005a 02       		.ascii	"\002"
 186 005b 00       		.ascii	"\000"
 187 005c 00000000 		.ascii	"\000\000\000\000\000\000\000\000"
 187      00000000 
 188 0064 F9000000 		.ascii	"\371\000\000\000"
 189 0068 75736249 		.ascii	"usbInit\000"
 189      6E697400 
 190 0070 00       		.ascii	"\000"
 191 0071 02       		.ascii	"\002"
 192 0072 00       		.ascii	"\000"
 193 0073 00000000 		.ascii	"\000\000\000\000\000\000\000\000"
 193      00000000 
 194 007b FB000000 		.ascii	"\373\000\000\000"
 195 007f 5F70616C 		.ascii	"_pal_lld_init\000"
 195      5F6C6C64 
 195      5F696E69 
 195      7400
 196 008d 00       		.ascii	"\000"
 197 008e 02       		.ascii	"\002"
 198 008f 00       		.ascii	"\000"
 199 0090 00000000 		.ascii	"\000\000\000\000\000\000\000\000"
 199      00000000 
 200 0098 02010000 		.ascii	"\002\001\000\000"
 201 009c 68616C5F 		.ascii	"hal_lld_init\000"
 201      6C6C645F 
 201      696E6974 
 201      00
 202 00a9 00       		.ascii	"\000"
 203 00aa 02       		.ascii	"\002"
 204 00ab 00       		.ascii	"\000"
 205 00ac 00000000 		.ascii	"\000\000\000\000\000\000\000\000"
 205      00000000 
 206 00b4 04010000 		.ascii	"\004\001\000\000"
 207              		.text
 208              		.section	.gnu.lto_.ext_symtab.83acddf4,"e",%progbits
 209 0000 01       		.ascii	"\001"
 210 0001 01       		.ascii	"\001"
 211 0002 00       		.ascii	"\000"
ARM GAS  C:\Users\PUBLIC~1.LAP\AppData\Local\Temp\ccs7YFbo.s 			page 13


 212 0003 02       		.ascii	"\002"
 213 0004 00       		.ascii	"\000"
 214 0005 01       		.ascii	"\001"
 215 0006 00       		.ascii	"\000"
 216 0007 01       		.ascii	"\001"
 217 0008 00       		.ascii	"\000"
 218 0009 01       		.ascii	"\001"
 219 000a 00       		.ascii	"\000"
 220 000b 01       		.ascii	"\001"
 221 000c 00       		.ascii	"\000"
 222 000d 01       		.ascii	"\001"
 223 000e 00       		.ascii	"\000"
 224              		.text
 225              		.section	.gnu.lto_.opts,"e",%progbits
 226 0000 272D666E 		.ascii	"'-fno-openmp' '-fno-openacc' '-fno-pie' '-fcf-prote"
 226      6F2D6F70 
 226      656E6D70 
 226      2720272D 
 226      666E6F2D 
 227 0033 6374696F 		.ascii	"ction=none' '-mcpu=cortex-m3' '-mthumb' '-mfloat-ab"
 227      6E3D6E6F 
 227      6E652720 
 227      272D6D63 
 227      70753D63 
 228 0066 693D736F 		.ascii	"i=soft' '-mlibarch=armv7-m' '-march=armv7-m' '-Os' "
 228      66742720 
 228      272D6D6C 
 228      69626172 
 228      63683D61 
 229 0099 272D666F 		.ascii	"'-fomit-frame-pointer' '-falign-functions=16' '-ffu"
 229      6D69742D 
 229      6672616D 
 229      652D706F 
 229      696E7465 
 230 00cc 6E637469 		.ascii	"nction-sections' '-fdata-sections' '-fno-common' '-"
 230      6F6E2D73 
 230      65637469 
 230      6F6E7327 
 230      20272D66 
 231 00ff 666C746F 		.ascii	"flto' '-Xassembler' '-alms=./build/lst/hal.lst'\000"
 231      2720272D 
 231      58617373 
 231      656D626C 
 231      65722720 
 232              		.text
 233              		.comm	__gnu_lto_slim,1,1
 234              		.ident	"GCC: (GNU) 12.2.0"
ARM GAS  C:\Users\PUBLIC~1.LAP\AppData\Local\Temp\ccs7YFbo.s 			page 14


DEFINED SYMBOLS
                            *ABS*:00000000 hal.c
                            *COM*:00000001 __gnu_lto_slim

NO UNDEFINED SYMBOLS
