ARM GAS  C:\Users\PUBLIC~1.LAP\AppData\Local\Temp\ccfo1vsf.s 			page 1


   1              		.cpu cortex-m3
   2              		.arch armv7-m
   3              		.fpu softvfp
   4              		.eabi_attribute 20, 1
   5              		.eabi_attribute 21, 1
   6              		.eabi_attribute 23, 3
   7              		.eabi_attribute 24, 1
   8              		.eabi_attribute 25, 1
   9              		.eabi_attribute 26, 1
  10              		.eabi_attribute 30, 4
  11              		.eabi_attribute 34, 1
  12              		.eabi_attribute 18, 4
  13              		.file	"hal_pal_lld.c"
  14              		.section	.gnu.lto_.profile.83ad74f9,"e",%progbits
  15 0000 28B52FFD 		.ascii	"(\265/\375 \0061\000\000\002\000\000\000\000\000"
  15      20063100 
  15      00020000 
  15      000000
  16              		.text
  17              		.section	.gnu.lto_.icf.83ad74f9,"e",%progbits
  18 0000 28B52FFD 		.ascii	"(\265/\375`\035\000\015\003\000\224\003\021\001\000"
  18      601D000D 
  18      03009403 
  18      110100
  19 000f 0400B889 		.ascii	"\004\000\270\211\333\363\017$\002\000\002\001\002\002"
  19      DBF30F24 
  19      02000201 
  19      0202
  20 001d 02030202 		.ascii	"\002\003\002\002\001\002\004\002\005\001\314\321\372"
  20      01020402 
  20      0501CCD1 
  20      FA
  21 002a 0A080202 		.ascii	"\012\010\002\002\002\006\002\002\270\255\333\312\007"
  21      02060202 
  21      B8ADDBCA 
  21      07
  22 0037 0703ADE4 		.ascii	"\007\003\255\344\340\300\015F\010\002\002\010\003\000"
  22      E0C00D46 
  22      08020208 
  22      0300
  23 0045 1000B91B 		.ascii	"\020\000\271\033\331\331\267\262\342\346\203\035\000"
  23      D9D9B7B2 
  23      E2E6831D 
  23      00
  24 0052 A5188260 		.ascii	"\245\030\202`K\310v\307L\247\375\225\261Ao\016!\003"
  24      4BC876C7 
  24      4CA7FD95 
  24      B1416F0E 
  24      2103
  25 0064 501856E0 		.ascii	"P\030V\340*\300\020"
  25      2AC010
  26              		.text
  27              		.section	.gnu.lto_.ipa_sra.83ad74f9,"e",%progbits
  28 0000 28B52FFD 		.ascii	"(\265/\375 ~\235\002\000d\003r\000\004\000\002\011\002"
  28      207E9D02 
  28      00640372 
  28      00040002 
ARM GAS  C:\Users\PUBLIC~1.LAP\AppData\Local\Temp\ccfo1vsf.s 			page 2


  28      0902
  29 0012 09020000 		.ascii	"\011\002\000\000\002\001\002\004\006\010\012\014\002"
  29      02010204 
  29      06080A0C 
  29      02
  30 001f 01020A02 		.ascii	"\001\002\012\002\002\020\004\024\004\001\000\000\004"
  30      02100414 
  30      04010000 
  30      04
  31 002c 01010101 		.ascii	"\001\001\001\001\000\001\002\001\001\200\004\000\000"
  31      00010201 
  31      01800400 
  31      00
  32 0039 01030300 		.ascii	"\001\003\003\000\000\000\001\000\014\000p(\2075\244"
  32      00000100 
  32      0C007028 
  32      8735A4
  33 0048 0971C03D 		.ascii	"\011q\300=0\016\014\006\206\200q`\230J\304\227\3406"
  33      300E0C06 
  33      86807160 
  33      984AC497 
  33      E036
  34 005a D006     		.ascii	"\320\006"
  35              		.text
  36              		.section	.gnu.lto_.inline.83ad74f9,"e",%progbits
  37 0000 28B52FFD 		.ascii	"(\265/\375`(\0045\020\000v\327H7`M\222\016@b\000\304"
  37      60280435 
  37      100076D7 
  37      4837604D 
  37      920E4062 
  38 0016 1660D875 		.ascii	"\026`\330u\006\360Z\312\007P\006KD\245\327Jv\206\305"
  38      06F05ACA 
  38      0750064B 
  38      44A5D74A 
  38      7686C5
  39 0029 6FF16C09 		.ascii	"o\361l\011\"D\205\374]\203\330J\326^\234\027\304\334"
  39      224485FC 
  39      5D83D84A 
  39      D65E9C17 
  39      C4DC
  40 003b B691465A 		.ascii	"\266\221FZ\031v\223;\311\0247\000;\000@\000\255f\254"
  40      1976933B 
  40      C9143700 
  40      3B004000 
  40      AD66AC
  41 004e 5E7D0CE2 		.ascii	"^}\014\342\177\244\331\254+W\327\216j\025\370\377\027"
  41      7FA4D9AC 
  41      2B57D78E 
  41      6A15F8FF 
  41      17
  42 005f 008885D4 		.ascii	"\000\210\205\324\310=5\202\240\031`K\342k\233\012\361"
  42      C83D3582 
  42      A019604B 
  42      E26B9B0A 
  42      F1
  43 0070 5D13A45E 		.ascii	"]\023\244^\003\305\330rL\017J\032\377\005\264\330G\200"
  43      03C5D872 
ARM GAS  C:\Users\PUBLIC~1.LAP\AppData\Local\Temp\ccfo1vsf.s 			page 3


  43      4C0F4A1A 
  43      FF05B4D8 
  43      4780
  44 0082 A55CCAD8 		.ascii	"\245\\\312\330\301')\337=P\312\026\310\032\024H\214"
  44      C12729DF 
  44      3D50CA16 
  44      C81A1448 
  44      8C
  45 0093 68EA522E 		.ascii	"h\352R.\245\\\334\236$%B\216\242\010\305DU\251\337\205"
  45      A55CDC9E 
  45      2425428E 
  45      A208C544 
  45      55A9DF85 
  46 00a7 3144518A 		.ascii	"1DQ\212\212\036\"{\261\202\341\262\327y\324l\255LD\373"
  46      8A1E227B 
  46      B182E1B2 
  46      D779D46C 
  46      AD4C44FB 
  47 00bb F716E982 		.ascii	"\367\026\351\202\011\016\016\254\377B\005 \374\307h"
  47      090E0EAC 
  47      FF420520 
  47      FCC768
  48 00ca 07B4AD68 		.ascii	"\007\264\255h\343\363}`\036V\207\344\200\033|\217\272"
  48      E3F37D60 
  48      1E5687E4 
  48      801B7C8F 
  48      BA
  49 00db 8D3B0DD7 		.ascii	"\215;\015\327\330\201\357\036U\306\016\001\325\330\342"
  49      D881EF1E 
  49      55C60E01 
  49      D5D8E2
  50 00ea 89235C7B 		.ascii	"\211#\\{\026\2521\003\257\336\002g\250\020BB;2\005m"
  50      16AA3103 
  50      AFDE0267 
  50      A8104242 
  50      3B32056D 
  51 00fe DBF6C4FF 		.ascii	"\333\366\304\377y|\021\237\177\363\277\273\274}\237"
  51      797C119F 
  51      7FF3BFBB 
  51      BC7D9F
  52 010d 953196AD 		.ascii	"\2251\226\255\255\265lf\346\352\262HkU\354b\361\"ed"
  52      ADB56C66 
  52      E6EAB248 
  52      6B55EC62 
  52      F1226564 
  53 0121 949870A0 		.ascii	"\224\230p\240\210\177\321\361F\207\210\023\222\242\037"
  53      887FD1F1 
  53      46878813 
  53      92A21F
  54 0130 79A8F168 		.ascii	"y\250\361h\306HFIZ\251,\007\200\242A5\345\001\021@\245"
  54      C6484649 
  54      5AA92C07 
  54      80A24135 
  54      E5011140 
  55 0145 310E2A9C 		.ascii	"1\016*\234Xk\006#X\331T\205\024\2104\300]\226FqHA\011"
  55      586B0623 
  55      58D95485 
ARM GAS  C:\Users\PUBLIC~1.LAP\AppData\Local\Temp\ccfo1vsf.s 			page 4


  55      148834C0 
  55      5D964671 
  56 015c 538798A9 		.ascii	"S\207\230\251\021\267hr\204\300\003\032;\007YlLHh\341"
  56      11B76872 
  56      84C0031A 
  56      3B07596C 
  56      4C4868E1 
  57 0170 9862C323 		.ascii	"\230b\303#\202c*xT\344I\006\270j\341\017\021L\010(\363"
  57      82632A78 
  57      54E44906 
  57      B86AE10F 
  57      114C0828 
  58 0185 30AB15A2 		.ascii	"0\253\025\242\235&@W\303\270\215\310s`\341F]c\227\360"
  58      9D264057 
  58      C3B88DC8 
  58      7360E146 
  58      5D6397F0 
  59 0199 43208CF1 		.ascii	"C \214\361\323e\243b\037]W\274J\332L\357\205\222^\231"
  59      D365A362 
  59      1F5D57BC 
  59      4ADA4CEF 
  59      85925E99 
  60 01ad 46153A85 		.ascii	"F\025:\205\264U\023\270\311).%\231\032\330\325\316\355"
  60      B45513B8 
  60      C9292E25 
  60      991AD8D5 
  60      CEED
  61 01bf 1C8518FC 		.ascii	"\034\205\030\374\2138\314\032\232R\032\363\227\323."
  61      8B38CC1A 
  61      9A521AF3 
  61      97D32E
  62 01ce 8457F6A5 		.ascii	"\204W\366\245\326\322\250\201\267\015Y\264uP\360\301"
  62      D6D2A881 
  62      B70D59B4 
  62      7550F0C1 
  63 01de 0696348F 		.ascii	"\006\2264\217\273OOf\335\342\346M\364\312\212o\003@"
  63      BB4F4F66 
  63      DDE2E64D 
  63      F4CA8A6F 
  63      0340
  64 01f0 5DAF9FA9 		.ascii	"]\257\237\251\013\206\341\303\223\244\007\242c\022\303"
  64      0B86E1C3 
  64      93A407A2 
  64      6312C3
  65 01ff D4403045 		.ascii	"\324@0El\330\372\255:uP\"V\246W^\236"
  65      6CD8FAAD 
  65      3A755022 
  65      56A6575E 
  65      9E
  66              		.text
  67              		.section	.gnu.lto_.jmpfuncs.83ad74f9,"e",%progbits
  68 0000 28B52FFD 		.ascii	"(\265/\375 kE\002\000\244\003_\000\004\000\002\001\001"
  68      206B4502 
  68      00A4035F 
  68      00040002 
  68      0101
  69 0012 0F7F020C 		.ascii	"\017\177\002\014\000\002\020\001\001\001\003\177\002"
ARM GAS  C:\Users\PUBLIC~1.LAP\AppData\Local\Temp\ccfo1vsf.s 			page 5


  69      00021001 
  69      0101037F 
  69      02
  70 001f 06040000 		.ascii	"\006\004\000\000\001\300\004\001\000\300\004\001\377"
  70      01C00401 
  70      00C00401 
  70      FF
  71 002c FFFFFF0F 		.ascii	"\377\377\377\017\000\002\002\004\177\003\003\001\001"
  71      00020204 
  71      7F030301 
  71      01
  72 0039 013F7F02 		.ascii	"\001?\177\002\014\177\002\017\177\002\015\000\004\000"
  72      0C7F020F 
  72      7F020D00 
  72      0400
  73 0047 3EE72C85 		.ascii	">\347,\205]\316Do\003X"
  73      5DCE446F 
  73      0358
  74              		.text
  75              		.section	.gnu.lto_.pureconst.83ad74f9,"e",%progbits
  76 0000 28B52FFD 		.ascii	"(\265/\375 \021\211\000\000\015\000\000\000\004\000"
  76      20118900 
  76      000D0000 
  76      000400
  77 000f 9A04019A 		.ascii	"\232\004\001\232\004\002\232\004\003\232\004"
  77      04029A04 
  77      039A04
  78              		.text
  79              		.section	.gnu.lto_.ipa_modref.83ad74f9,"e",%progbits
  80 0000 28B52FFD 		.ascii	"(\265/\375 \260\025\003\000\342D\017\032\260%\351\014"
  80      20B01503 
  80      00E2440F 
  80      1AB025E9 
  80      0C
  81 0011 03196945 		.ascii	"\003\031iEC^\3030\214B\321mk\2044Wa[4\"S\012\3264\245"
  81      435EC330 
  81      8C42D16D 
  81      6B843457 
  81      615B3422 
  82 002a 1460EF5C 		.ascii	"\024`\357\\\311\335\344KG\266h~\266\307\246\204\300"
  82      C9DDE44B 
  82      47B6687E 
  82      B6C7A684 
  82      C0
  83 003b A99805A3 		.ascii	"\251\230\005\243\277\304\246\261UT\2039(\010\016\000"
  83      BFC4A6B1 
  83      55548339 
  83      28080E00 
  84 004b 35094624 		.ascii	"5\011F$`\302\204\177\006j\331`&'\305v\300\230Q-\300"
  84      60C2847F 
  84      066AD960 
  84      2627C576 
  84      C098512D 
  85 0060 6AA7D638 		.ascii	"j\247\3268+\034\2734\014\2036"
  85      2B1CBB34 
  85      0C8336
  86              		.text
ARM GAS  C:\Users\PUBLIC~1.LAP\AppData\Local\Temp\ccfo1vsf.s 			page 6


  87              		.section	.gnu.lto_.lto.83ad74f9,"e",%progbits
  88 0000 0C000000 		.ascii	"\014\000\000\000\001\000\001\000"
  88      01000100 
  89              		.text
  90              		.section	.gnu.lto_initgpio.312.83ad74f9,"e",%progbits
  91 0000 28B52FFD 		.ascii	"(\265/\375`\005\005%\034\000\246\261\256G\240\330M:"
  91      60050525 
  91      1C00A6B1 
  91      AE47A0D8 
  91      4D3A
  92 0012 C1B8C04B 		.ascii	"\301\270\300K\037\203u\262\202$\310=\320i\343>}<`\371"
  92      1F8375B2 
  92      8224C83D 
  92      D069E33E 
  92      7D3C60F9 
  93 0026 768A09BF 		.ascii	"v\212\011\277d\304\250t\311\030S2\236u\013W\310j\370"
  93      64C4A874 
  93      C9185332 
  93      9E750B57 
  93      C86AF8
  94 0039 FF87941E 		.ascii	"\377\207\224\036\217\235\377\245\364\026\332-\2101."
  94      8F9DFFA5 
  94      F416DA2D 
  94      88312E
  95 0048 29244C66 		.ascii	")$Lf\301\205\250I#{K)S\220\000\211\000\241\000s\277"
  95      C185A849 
  95      237B4B29 
  95      53900089 
  95      00A10073 
  96 005d 72AF0742 		.ascii	"r\257\007BT\241\241dd\272a\234\251\351,S\214K\201\252"
  96      54A1A164 
  96      64BA619C 
  96      A9E92C53 
  96      8C4B81AA 
  97 0071 BF2AD86F 		.ascii	"\277*\330o\376\003\253d/Q1%L\231\356\240\002\235\017"
  97      FE03AB64 
  97      2F513125 
  97      4C99EEA0 
  97      029D0F
  98 0084 31EED70A 		.ascii	"1\356\327\012\311\323>#0\302\272\217\340\356a\324y\335"
  98      C9D33E23 
  98      30C2BA8F 
  98      E0EE61D4 
  98      79DD
  99 0096 5F81E8AF 		.ascii	"_\201\350\257\247AX\274\326\375\305$\254;\210;\322\250"
  99      A74158BC 
  99      D6FDC524 
  99      AC3B883B 
  99      D2A8
 100 00a8 B380DE44 		.ascii	"\263\200\336D\235Rm\242\316\367~3\015\036u\215\036G"
 100      9D526DA2 
 100      CEF77E33 
 100      0D1E758D 
 100      1E47
 101 00ba D274778E 		.ascii	"\322tw\216uhO%o\357J\233P\323\332\262R)CYg+K\026\350"
 101      75684F25 
 101      6FEF4A9B 
ARM GAS  C:\Users\PUBLIC~1.LAP\AppData\Local\Temp\ccfo1vsf.s 			page 7


 101      50D3DAB2 
 101      52294359 
 102 00d3 6E05D37D 		.ascii	"n\005\323}\261\205\265K\233\320\335_\255\255\030\372"
 102      B185B54B 
 102      9BD0DD5F 
 102      ADAD18FA 
 103 00e3 A9FF87FE 		.ascii	"\251\377\207\376\357\376\231!W$)H\334\312\246D\235l"
 103      EFFE9921 
 103      57242948 
 103      DCCAA644 
 103      9D6C
 104 00f5 45CB4C91 		.ascii	"E\313L\221\035^y\262\034c\226\254\276\341\316\331\331"
 104      1D5E79B2 
 104      1C6396AC 
 104      BEE1CED9 
 104      D9
 105 0106 59501388 		.ascii	"YP\023\210\313\314\352\233\201\265\303\013\340e\234"
 105      CBCCEA9B 
 105      81B5C30B 
 105      E0659C
 106 0115 6F789E16 		.ascii	"ox\236\026)1vg\005]\211\024\231\030y@\211:\225/p\375"
 106      29317667 
 106      055D8914 
 106      99187940 
 106      893A952F 
 107 012b 80573BFC 		.ascii	"\200W;\374\203V\3139~\225\3158~\005\352\015h\020U\001"
 107      8356CB39 
 107      7E95CD38 
 107      7E05EA0D 
 107      68105501 
 108 013f FAA51A60 		.ascii	"\372\245\032`\356\201h\373\033m\377#\367\266\271\367"
 108      EE8168FB 
 108      1B6DFF23 
 108      F7B6B9F7 
 109 014f 99FB9EB9 		.ascii	"\231\373\236\271\347\231\373\035\271\327\231\373\034"
 109      E799FB1D 
 109      B9D799FB 
 109      1C
 110 015c B9C799FB 		.ascii	"\271\307\231\373\033\271\267\231\373\232\334\217sO\223"
 110      1BB9B799 
 110      FB9ADC8F 
 110      734F93
 111 016b 7B71EEA7 		.ascii	"{q\356\247\270\227s\317\001\3357\"\010Q\262\336\220"
 111      B89773CF 
 111      01DD3722 
 111      0851B2DE 
 111      90
 112 017c 1E9876A1 		.ascii	"\036\230v\241p!\345ba\354\356 -\272e\010G\266\213`\253"
 112      7021E562 
 112      61ECEE20 
 112      2DBA6508 
 112      47B68B60 
 113 0191 4ED4AD59 		.ascii	"N\324\255Y\240X\252pe\335Y\021~\014z%\203N\004;z8\351"
 113      A058AA70 
 113      65DD5911 
 113      7E0C7A25 
 113      834E043B 
ARM GAS  C:\Users\PUBLIC~1.LAP\AppData\Local\Temp\ccfo1vsf.s 			page 8


 114 01a8 87504C5F 		.ascii	"\207PL_E\344a\003\274d-\206XgQ\272y\230\346\345K\013"
 114      45E46103 
 114      BC642D86 
 114      586751BA 
 114      7998E6E5 
 115 01be 1B58FC1B 		.ascii	"\033X\374\033)\2251\035\336\321\240StX\327%\314\341"
 115      2995311D 
 115      DED1A053 
 115      7458D725 
 115      CCE1
 116 01d0 1F49A5E0 		.ascii	"\037I\245\340p\016\007\215\202\303D]\277\033\376;\250"
 116      700E078D 
 116      82C3445D 
 116      BF1BFE3B 
 116      A8
 117 01e1 980DDF7C 		.ascii	"\230\015\337|\3200\033&\362!\254\361\237\244P\236\214"
 117      D0301B26 
 117      F221ACF1 
 117      9FA4509E 
 117      8C
 118 01f2 5C03A14E 		.ascii	"\\\003\241NF&\362\361\243\361\277\244MxLd\032+\223."
 118      4626F2F1 
 118      A3F1BFA4 
 118      4D784C64 
 118      1A2B932E 
 119 0206 1159C725 		.ascii	"\021Y\307%\004N\376Eh\222\335\330}#(*F\360\250\244\240"
 119      044EFE45 
 119      6892DDD8 
 119      7D23282A 
 119      46F0A8A4 
 120 021b A2685128 		.ascii	"\242hQ(\250vSS^\004\203\021OOKOLQK\016R\030\351\216"
 120      A8765353 
 120      5E048311 
 120      4F4F4B4F 
 120      4C514B0E 
 121 0233 8672158A 		.ascii	"\206r\025\212\212r\017 l \312MQIAE\345\236\230\234r"
 121      8A720F20 
 121      6C20CA4D 
 121      51494145 
 121      E59E989C 
 122 0248 5350B926 		.ascii	"SP\271&\236\024\325\011(!\034\222\021\257\211\347$\244"
 122      9E14D509 
 122      28211C92 
 122      11AF89E7 
 122      24A4
 123 025a 14F4C041 		.ascii	"\024\364\300A\224\211\035\225R\225\023\012\336\323\022"
 123      94891D95 
 123      5295130A 
 123      DED312
 124 0269 5383064A 		.ascii	"S\203\006J\022*\034\005[e3\216\3173Y\256\370J\002\361"
 124      122A1C05 
 124      5B65338E 
 124      CF3359AE 
 124      F84A02F1 
 125 027d DFEB5234 		.ascii	"\337\353R4\000n\0144\327t\367\017\337x\222\371d\330"
 125      006E0C34 
 125      D774F70F 
ARM GAS  C:\Users\PUBLIC~1.LAP\AppData\Local\Temp\ccfo1vsf.s 			page 9


 125      DF7892F9 
 125      64D8
 126 028f F88773BC 		.ascii	"\370\207s\274\224\370\206\333\335V\254%D\0337\0311\313"
 126      94F886DB 
 126      DD56AC25 
 126      441B3719 
 126      31CB
 127 02a1 5AA1979A 		.ascii	"Z\241\227\232\2611\001/!\320\207\313\220\031#&\014N"
 127      B131012F 
 127      21D087CB 
 127      90192326 
 127      0C4E
 128 02b3 CDC0F870 		.ascii	"\315\300\370p\222\327O\254\207\277\354\006\224}\251"
 128      92D74FAC 
 128      87BFEC06 
 128      947DA9
 129 02c2 97DEEFB6 		.ascii	"\227\336\357\266#Z\250q$E\011t\252DD\224&\005)\244\003"
 129      235AA871 
 129      24450974 
 129      AA444494 
 129      260529A4 
 130 02d7 B0029199 		.ascii	"\260\002\221\231\"z\021`935%\")Vk\007H\360B\257\232"
 130      227A1160 
 130      39333525 
 130      2229566B 
 130      0748F042 
 131 02ed 7505ADD7 		.ascii	"u\005\255\327\200\005\341G|\005\334\210T\231u\200J\346"
 131      8005E147 
 131      7C05DC88 
 131      54997580 
 131      4AE6
 132 02ff 84993AE4 		.ascii	"\204\231:\344v\273\266\355\225\203\223T\360\267r\227"
 132      76BBB6ED 
 132      95839354 
 132      F0B77297 
 133 030f B31088C8 		.ascii	"\263\020\210\310~\226\276J\015o\013?OM\344\246\035'"
 133      7E96BE4A 
 133      0D6F0B3F 
 133      4F4DE4A6 
 133      1D27
 134 0321 B8944DC6 		.ascii	"\270\224M\306\344\345}\211\020\360\350\"\366\026\030"
 134      E4E57D89 
 134      10F0E822 
 134      F61618
 135 0330 B7E09703 		.ascii	"\267\340\227\003\224S0\332\027\003\023Qx\014\325!U\201"
 135      945330DA 
 135      17031351 
 135      780CD521 
 135      5581
 136 0342 E77FE2C8 		.ascii	"\347\177\342\310D\377\237f\311gA3Y\017/\257\031\345"
 136      44FF9F66 
 136      C9674133 
 136      590F2FAF 
 136      19E5
 137 0354 B0E59AA3 		.ascii	"\260\345\232\243\217\321\0155\037\352\221\323\011\262"
 137      8FD10D35 
 137      1FEA91D3 
ARM GAS  C:\Users\PUBLIC~1.LAP\AppData\Local\Temp\ccfo1vsf.s 			page 10


 137      09B2
 138 0362 2C760F66 		.ascii	",v\017f\010+N\274\243\350J\232\370\336J=C\257\\\273"
 138      082B4EBC 
 138      A3E84A9A 
 138      F8DE4A3D 
 138      43AF5CBB 
 139 0376 DDEA8326 		.ascii	"\335\352\203&\\6\300\210\004,^\333\005Y\277H\362e\311"
 139      5C36C088 
 139      042C5EDB 
 139      0559BF48 
 139      F265C9
 140 0389 32B6A453 		.ascii	"2\266\244S\001"
 140      01
 141              		.text
 142              		.section	.gnu.lto__pal_lld_init.313.83ad74f9,"e",%progbits
 143 0000 28B52FFD 		.ascii	"(\265/\375`\222\001\335\017\0006]lH\320\224M:h\323\032"
 143      609201DD 
 143      0F00365D 
 143      6C48D094 
 143      4D3A68D3 
 144 0015 ECD55C53 		.ascii	"\354\325\\SbP\312_P\003!6\303\310$7T\351$`U\210\201"
 144      6250CA5F 
 144      50032136 
 144      C3C82437 
 144      54E92460 
 145 002c 5AE2566D 		.ascii	"Z\342Vm\032\304E\260\315\266\263g\204\031\215\335\250"
 145      1AC445B0 
 145      CDB6B367 
 145      84198DDD 
 145      A8
 146 003d DDA0F5D6 		.ascii	"\335\240\365\326\313\227`\215\005\212\353\000\016hd"
 146      CB97608D 
 146      058AEB00 
 146      0E6864
 147 004c 1FB9160E 		.ascii	"\037\271\026\016ido\271S\012T\000T\000U\000/\332\361"
 147      69646FB9 
 147      530A5400 
 147      54005500 
 147      2FDAF1
 148 005f C9EE91D2 		.ascii	"\311\356\221\322\322n\210b\031\357\023\301\013t\237"
 148      D26E8862 
 148      19EF13C1 
 148      0B749F
 149 006e F204BA4F 		.ascii	"\362\004\272O\323l!\017U\353\303\206\317\221\335\375"
 149      D36C210F 
 149      55EBC386 
 149      CF91DDFD 
 150 007e 14052DD2 		.ascii	"\024\005-\322.5\322|\000\267\332\245\007t\225\016\\"
 150      2E35D27C 
 150      00B7DAA5 
 150      0774950E 
 150      5C
 151 008f FC2809B8 		.ascii	"\374(\011\270\365H\024\015#C7z\014q\363\211\361\324"
 151      F548140D 
 151      2343377A 
 151      0C71F389 
 151      F1D4
ARM GAS  C:\Users\PUBLIC~1.LAP\AppData\Local\Temp\ccfo1vsf.s 			page 11


 152 00a1 B2BB8EB6 		.ascii	"\262\273\216\266[\211{\336v\004\333\027\3547\005Qo\364"
 152      5B897BDE 
 152      7604DB17 
 152      EC370551 
 152      6FF4
 153 00b3 04B71B44 		.ascii	"\004\267\033D\271\244\310\304\016kQqKjI~\254B\366\213"
 153      B9A4C8C4 
 153      0E6B5171 
 153      4B6A497E 
 153      AC42F68B 
 154 00c7 FED491EE 		.ascii	"\376\324\221\356\223Fw\032=5Zjt\014\340\015\331\301"
 154      9346771A 
 154      3D355A6A 
 154      740CE00D 
 154      D9C1
 155 00d9 7400C8EE 		.ascii	"t\000\310\356\210&J\266\307\304\301\342H\267\177\344"
 155      88264AB6 
 155      C7C4C1E2 
 155      48B77FE4 
 156 00e9 E79074BC 		.ascii	"\347\220t\274\032\211\0016\241\025Dv\303\005\237\266"
 156      1A890136 
 156      A1154476 
 156      C3059FB6 
 157 00f9 E07D1E65 		.ascii	"\340}\036e\373\321\376\213\023\321\002F\305\224\332"
 157      FBD1FE8B 
 157      13D10246 
 157      C594DA
 158 0108 1C6AE26D 		.ascii	"\034j\342m\226\272\3771\024\264\244\212\363w\272\224"
 158      96BAFF31 
 158      14B4A48A 
 158      F377BA94 
 159 0118 1A109122 		.ascii	"\032\020\221\"F\223OD\342Nk|j\247\221\011\366\031S\237"
 159      46934F44 
 159      E24E6B7C 
 159      6AA79109 
 159      F619539F 
 160 012c 23282755 		.ascii	"#('UF*\310mE \354^A\027Uj\324\001\002\250\307\035\236"
 160      462AC86D 
 160      4520EC5E 
 160      4117556A 
 160      D40102A8 
 161 0143 24F3764D 		.ascii	"$\363vM\260\370\341a\340x\273{\025\237rO\354>\3479\335"
 161      B0F8E161 
 161      E078BB7B 
 161      159F724F 
 161      EC3EE739 
 162 0158 67E03780 		.ascii	"g\3407\200\032l`4\235i\030`x\275X\257V\214\245\342!"
 162      1A6C6034 
 162      9D691860 
 162      78BD58AF 
 162      568CA5E2 
 163 016d 86824AC2 		.ascii	"\206\202J\302\367\002\003\363\2554\2500\341\223\315"
 163      F70203F3 
 163      AD34A830 
 163      E193CD
 164 017c 6E60B1EF 		.ascii	"n`\261\357\325r}2\3307\003\336\314l`.(21\340\014\350"
 164      D5727D32 
ARM GAS  C:\Users\PUBLIC~1.LAP\AppData\Local\Temp\ccfo1vsf.s 			page 12


 164      D83703DE 
 164      CC6C602E 
 164      283231E0 
 165 0192 7259B1AC 		.ascii	"rY\261\254\250\304j2\314V\037\\8\340\213\325JIY=xQ\205"
 165      A8C46A32 
 165      CC561F5C 
 165      38E08BD5 
 165      4A49593D 
 166 01a9 7B15720B 		.ascii	"{\025r\013\217\362H\305\371\271\237\340Z\360\210\276"
 166      8FF248C5 
 166      F9B99FE0 
 166      5AF088BE 
 167 01b9 4E77529B 		.ascii	"NwR\233\003\034\000B\317\2102\003\326\031r\340%\255"
 167      031C0042 
 167      CF883203 
 167      D61972E0 
 167      25AD
 168 01cb A07DE7D7 		.ascii	"\240}\347\327L\234\254U\301\001f\340B \334\026\010\032"
 168      4C9CAC55 
 168      C10166E0 
 168      4220DC16 
 168      081A
 169 01dd C50DACC2 		.ascii	"\305\015\254\302*\216\253\346\300\004\253k\265\254g"
 169      2A8EABE6 
 169      C004AB6B 
 169      B5AC67
 170 01ec AC701977 		.ascii	"\254p\031w_\305\326\305*u\003\246\250\021\253+\341Z"
 170      5FC5D6C5 
 170      2A7503A6 
 170      A811AB2B 
 170      E15A
 171 01fe 6E4A3C1A 		.ascii	"nJ<\032\203\332\003"
 171      83DA03
 172              		.text
 173              		.section	.gnu.lto__pal_lld_setgroupmode.314.83ad74f9,"e",%progbits
 174 0000 28B52FFD 		.ascii	"(\265/\375`~\0215H\000\032~ \03380\244J:\303\223\235"
 174      607E1135 
 174      48001A7E 
 174      201B3830 
 174      A44A3AC3 
 175 0016 7EF4F7FF 		.ascii	"~\364\367\377\300\240\317\372\011\010\200\027\034XF"
 175      C0A0CFFA 
 175      09088017 
 175      1C5846
 176 0025 6A11186E 		.ascii	"j\021\030nZ\344g\370\264\234m\342\344\303\205f\011*"
 176      5AE467F8 
 176      B49C6DE2 
 176      E4C38566 
 176      092A
 177 0037 FC0F05A8 		.ascii	"\374\017\005\250RkF\333H\333\244\265F\222\3342\254\001"
 177      526B46DB 
 177      48DBA4B5 
 177      4692DC32 
 177      AC01
 178 0049 6901AE01 		.ascii	"i\001\256\001\315V\267\271\3526S1\233\235\314\346)f"
 178      CD56B7B9 
 178      EA365331 
ARM GAS  C:\Users\PUBLIC~1.LAP\AppData\Local\Temp\ccfo1vsf.s 			page 13


 178      9B9DCCE6 
 178      2966
 179 005b B314B339 		.ascii	"\263\024\2639\35267\231\315*\263\231\311l\276\2679M"
 179      EA363799 
 179      CD2AB399 
 179      C96CBEB7 
 179      394D
 180 006d 9B97B759 		.ascii	"\233\227\267Y\2316'o3z\233\2376\367\262\331Z(\267L\""
 180      9936276F 
 180      337A9B9F 
 180      36F7B2D9 
 180      5A28B74C 
 181 0082 4400F8AC 		.ascii	"D\000\370\254\353\223P\237\326F\311?e\254\036k\031\255"
 181      EB93509F 
 181      D646C93F 
 181      65AC1E6B 
 181      19AD
 182 0094 AD63ED1D 		.ascii	"\255c\355\035\2132\347a\333\310\252\036\273%\206\222"
 182      8B32E761 
 182      DBC8AA1E 
 182      BB258692 
 183 00a4 7E58396C 		.ascii	"~X9l\351X;\026\017\253w\202\204\3619W\277\305Dfv\324"
 183      E9583B16 
 183      0FAB7782 
 183      84F13957 
 183      BFC54466 
 184 00ba 0992E601 		.ascii	"\011\222\346\001N9\331Sd\303.\3329x\226qH\232\007Xb"
 184      4E39D953 
 184      64C32EDA 
 184      39789671 
 184      489A0758 
 185 00cf 7111E4BA 		.ascii	"q\021\344\272\256c6\311o\212\251U\231\371\212wiR\200"
 185      AE6336C9 
 185      6F8AA955 
 185      99F98A77 
 185      695280
 186 00e2 0C0D41D2 		.ascii	"\014\015A\322Hm\222\333\215}\203g\023\215\244I\0152"
 186      486D92DB 
 186      8D7D8367 
 186      138DA449 
 186      0D32
 187 00f4 2C040923 		.ascii	",\004\011#\265Ig\333f\266j\354\032<\313\346\010\337"
 187      B54967DB 
 187      66B66AEC 
 187      1A3CCBE6 
 187      08DF
 188 0106 7575C3A7 		.ascii	"uu\303\247\317\272*\222\261Zj\223a\026Ki\223\250\265"
 188      CFBA2A92 
 188      B15A6A93 
 188      61164B69 
 188      93A8B5
 189 0119 52DA24E3 		.ascii	"R\332$\3431O\262\212i\253#\3079\234\326u-{\027vZT\321"
 189      314FB28A 
 189      69AB23C7 
 189      399CD675 
 189      2D7B1776 
 190 0130 72DA78F6 		.ascii	"r\332x\366\313\253\213kK+\013\353\312\252\212\3129%"
ARM GAS  C:\Users\PUBLIC~1.LAP\AppData\Local\Temp\ccfo1vsf.s 			page 14


 190      CBAB8B6B 
 190      4B2B0BEB 
 190      CAAA8ACA 
 190      3925
 191 0142 15D55499 		.ascii	"\025\325T\2317]*\223\350\033\217\355\322l@\230M\177"
 191      375D2A93 
 191      E81B8FED 
 191      D26C4098 
 191      4D7F
 192 0154 8179F6CB 		.ascii	"\201y\366\313\313\215\355j\303\246\271\266\326X-5e:"
 192      CB8DED6A 
 192      C3A6B9B6 
 192      D6582D35 
 192      653A
 193 0166 0B8B8CBD 		.ascii	"\013\213\214\275\032#\246\255\252\302X*0_\3329\205h"
 193      1A23A6AD 
 193      AAC2582A 
 193      305FDA39 
 193      8568
 194 0178 A5B21076 		.ascii	"\245\262\020vTsiV(\210\305\252\217\000\257\240aq\254"
 194      54736956 
 194      2888C5AA 
 194      8F00AFA0 
 194      6171AC
 195 018b 80338056 		.ascii	"\2003\200V\232)\240P\260\212\275\350\035\025*\264\217"
 195      9A29A050 
 195      B08ABDE8 
 195      1D152AB4 
 195      8F
 196 019c 00A9A019 		.ascii	"\000\251\240\031\010\275,\262\215|\235v\021\034\264"
 196      08BD2CB2 
 196      8D7C9D76 
 196      111CB4
 197 01ab 4BE50A42 		.ascii	"K\345\012BF\177\201Sl\022\025\203\364\243I*\260\017"
 197      467F8153 
 197      6C121583 
 197      F4A3492A 
 197      B00F
 198 01bd C57A42E6 		.ascii	"\305zB\346O\015L\322\250m\264!\014%Y*\024\034\264G\015"
 198      4F0D4CD2 
 198      A86DB421 
 198      0C25592A 
 198      141CB447 
 199 01d2 3832A464 		.ascii	"82\244d\037\001VA\273\010\023E\261ql/\011\334\353^\232"
 199      1F015641 
 199      BB081345 
 199      B1716C2F 
 199      09DCEB5E 
 200 01e7 ADEBCAFD 		.ascii	"\255\353\312\375\027(h\031\200e\266\224\230\331\216"
 200      17286819 
 200      8065B694 
 200      98D98E
 201 01f6 D969157E 		.ascii	"\331i\025~\203{\375\344\324r\"\245\220\367-\036\233"
 201      837BFDE4 
 201      D47222A5 
 201      90F72D1E 
 201      9B
ARM GAS  C:\Users\PUBLIC~1.LAP\AppData\Local\Temp\ccfo1vsf.s 			page 15


 202 0207 4483C5B1 		.ascii	"D\203\305\261\357\271\327Of\305<\033\240\211\034\300"
 202      EFB9D74F 
 202      66C53C1B 
 202      A0891CC0 
 203 0217 FF909999 		.ascii	"\377\220\231\231\331\372P\332\277-&\342\353N,\344\366"
 203      D9FA50DA 
 203      BF2D26E2 
 203      EB4E2CE4 
 203      F6
 204 0228 76100B23 		.ascii	"v\020\013#\277\247^?\231\025\363,\337I#\211I\377\220"
 204      BFA75E3F 
 204      9915F32C 
 204      DF492389 
 204      49FF90
 205 023b D9F29D34 		.ascii	"\331\362\2354\222\230\360\015\231\323f+\2306\333@\253"
 205      9298F00D 
 205      99D3662B 
 205      9836DB40 
 205      AB
 206 024c C7B2E563 		.ascii	"\307\262\345c6[=\233h\255\315K\233\217\330:\226\213"
 206      365B3D9B 
 206      68ADCD4B 
 206      9B8FD83A 
 206      968B
 207 025e 5836D6DE 		.ascii	"X6\326\336\331;\226\211XEk\205X=\226\353ns\216\333\214"
 207      D93B9689 
 207      58456B85 
 207      583D96EB 
 207      6E738EDB 
 208 0273 A3D94CD7 		.ascii	"\243\331L\327l\236\273\3157\324f\033\267Y\3566\307\335"
 208      6C9EBBCD 
 208      37D4661B 
 208      B759EE36 
 208      C7DD
 209 0285 66B8DBFC 		.ascii	"f\270\333\374v\233\335\324\346\032\267\271\3556\263"
 209      769BDDD4 
 209      E61AB7B9 
 209      ED36B3
 210 0294 DD661AB7 		.ascii	"\335f\032\267y\255\331<\243\331,\3436\307P\233a\334"
 210      79ADD93C 
 210      A3D92CE3 
 210      36C7509B 
 210      61DC
 211 02a6 E617B7D9 		.ascii	"\346\027\267\331\305mnq\233Y\334f5\265y\305mVq\233\323"
 211      C56D6E71 
 211      9B59DC66 
 211      35B579C5 
 211      6D56719B 
 212 02bb 6E33DA6D 		.ascii	"n3\332mN\321lF\321l>q\233M\250\315%n3\211\333<\3426"
 212      4ED16C46 
 212      D16C3E71 
 212      9B4DA8CD 
 212      256E3389 
 213 02d3 8BB8CD21 		.ascii	"\213\270\315!n3\010\265\371\303m>\273\315\036ns\207"
 213      6E3308B5 
 213      F9C36D3E 
 213      BBCD1E6E 
ARM GAS  C:\Users\PUBLIC~1.LAP\AppData\Local\Temp\ccfo1vsf.s 			page 16


 213      7387
 214 02e5 DB6CD66C 		.ascii	"\333l\326l\346\320l\336p\2335\250\315\031n3\206\333"
 214      E6D06CDE 
 214      709B35A8 
 214      CD196E33 
 214      86DB
 215 02f7 7CE1365B 		.ascii	"|\3416[\270\315\025n3\005\265y\302m\226p\233#\334f\010"
 215      B8CD156E 
 215      3305B579 
 215      C26D9670 
 215      9B23DC66 
 216 030c B7F941B3 		.ascii	"\267\371A\263\331A\263\271\301m.S\233\031\334f\262\333"
 216      D941B3B9 
 216      C16D2E53 
 216      9B19DC66 
 216      B2DB
 217 031e BCE0368F 		.ascii	"\274\3406\217\335f\261\333\254@mNp\233\021\334\346\003"
 217      DD66B1DB 
 217      AC406D4E 
 217      709B11DC 
 217      E603
 218 0330 B7D9C06D 		.ascii	"\267\331\300m.\320l&\320l\036p\233\005\250\315a\267"
 218      2ED06C26 
 218      D06C1E70 
 218      9B05A8CD 
 218      61B7
 219 0342 19EC3607 		.ascii	"\031\3546\007\270\315\000n\363\327m\366R\233\273n3\327"
 219      B8CD006E 
 219      F3D76DF6 
 219      529BBB6E 
 219      33D7
 220 0354 6DDEBACD 		.ascii	"m\336\272\315Zis\326m\306J\233\257nO\033\340`\001\016"
 220      5A6973D6 
 220      6DC64A9B 
 220      AF6E4F1B 
 220      E060010E 
 221 0368 76A909E0 		.ascii	"v\251\011\340{Z\366/\362\353^\007p\353\027\345\353\007"
 221      7B5AF62F 
 221      F2EB5E07 
 221      70EB17E5 
 221      EB07
 222 037a E5F7D443 		.ascii	"\345\367\324C\321yj\334k\011\264\224Ni\223^\277\211"
 222      D1796ADC 
 222      6B09B494 
 222      4E69935E 
 222      BF89
 223 038c 5CEFBAF5 		.ascii	"\\\357\272\365{\352\205\012\025J\321&Pn\235\353\356"
 223      7BEA850A 
 223      154AD126 
 223      506E9DEB 
 223      EE
 224 039d 5B67CBE2 		.ascii	"[g\313\342X\000\021\032:*\002\345\362\203O\036\027'"
 224      5800111A 
 224      3A2A02E5 
 224      F2834F1E 
 224      1727
 225 03af DD29857C 		.ascii	"\335)\205|\311\034\202\256k!\007H\255{\352\304i\223"
ARM GAS  C:\Users\PUBLIC~1.LAP\AppData\Local\Temp\ccfo1vsf.s 			page 17


 225      C91C82AE 
 225      6B210748 
 225      AD7BEAC4 
 225      6993
 226 03c1 2632ADAB 		.ascii	"&2\255\253y\237\326\374\301\372%5\260H\221-\264\020"
 226      799FD6FC 
 226      C1FA2535 
 226      B048912D 
 226      B410
 227 03d3 2D413E4A 		.ascii	"-A>JER\364\027)\007k,oS\247?z\367\207\034\205gi\371"
 227      4552F417 
 227      29076B2C 
 227      6F53A73F 
 227      7AF7871C 
 228 03eb 9E3C74FE 		.ascii	"\236<t\376szZ\234\304\327\235,\272\256\353\232\376\320"
 228      737A5A9C 
 228      C4D79D2C 
 228      BAAEEB9A 
 228      FED0
 229 03fd F2DD1622 		.ascii	"\362\335\026\"\344\323\221K\253_!\332\277\310\252S\335"
 229      E4D3914B 
 229      AB5F21DA 
 229      BFC8AA53 
 229      DD
 230 040e 2ACA1E91 		.ascii	"*\312\036\221W\035\011\341c\337'\347\233\247\372\031"
 230      571D09E1 
 230      63DF27E7 
 230      9BA7FA19 
 231 041e FD06A7EE 		.ascii	"\375\006\247\356\374\025\371U\221\372\324\324QA}\237"
 231      FC15F955 
 231      91FAD4D4 
 231      51417D9F 
 232 042e 506BA78C 		.ascii	"Pk\247\214\272\324\223\231\372\316,\255\235\262\356"
 232      BAD49399 
 232      FACE2CAD 
 232      9DB2EE
 233 043d 514F361E 		.ascii	"QO6\036\361d\351\250H\233\277\372\362\207\314\326\335"
 233      F164E9A8 
 233      489BBFFA 
 233      F287CCD6 
 233      DD
 234 044e EADD05A1 		.ascii	"\352\335\005\241c\337\263\345<nqT\242\204\353\267X\233"
 234      63DFB3E5 
 234      3C6E7154 
 234      A284EBB7 
 234      589B
 235 0460 65EFCA92 		.ascii	"e\357\312\222\244z[\270(\211\257;\261\265\214H\311\274"
 235      A47A5BB8 
 235      2889AF3B 
 235      B1B58C48 
 235      C9BC
 236 0472 7AEB3758 		.ascii	"z\3537X\367{\346\255\315\373\275m\264\311ABBw\024\371"
 236      F77BE6AD 
 236      CDFBBD6D 
 236      B4C94142 
 236      427714F9 
 237 0486 C6129A92 		.ascii	"\306\022\232\222\221YG\215\030-R\224^\315\303\264Fy"
ARM GAS  C:\Users\PUBLIC~1.LAP\AppData\Local\Temp\ccfo1vsf.s 			page 18


 237      9159478D 
 237      182D5294 
 237      5ECDC3B4 
 237      4679
 238 0498 3A2AA410 		.ascii	":*\244\020\327u\255\320\214\177\221z\375\\`\017\251"
 238      D775ADD0 
 238      8C7F917A 
 238      FD5C600F 
 238      A9
 239 04a9 2D406466 		.ascii	"-@df$\177\326P\013\260H\353\272\245\302\013[(F\272\256"
 239      247FD650 
 239      0BB048EB 
 239      BAA5C20B 
 239      5B2846BA 
 240 04be 5B665842 		.ascii	"[fXB4\270\315\016rK\327u\235\020\310\012\202\323B\024"
 240      34B8CD0E 
 240      724BD775 
 240      9D10C80A 
 240      82D34214 
 241 04d2 6393E8AA 		.ascii	"c\223\350\252Dq\265rrJ\233T^\315{\354\364GN?9\012}\221"
 241      4471B572 
 241      724A9B54 
 241      5ECD7BEC 
 241      F4474E3F 
 242 04ea 9FB1EFA9 		.ascii	"\237\261\357\251\206\012\264\2566\201\362Go\373\010"
 242      860AB4AE 
 242      3681F247 
 242      6FFB08
 243 04f9 F7FAC977 		.ascii	"\367\372\311w\377m\024,\217\311\023\271\305c\255\030"
 243      FF6D142C 
 243      8FC913B9 
 243      C563AD18 
 244 0509 A72C0265 		.ascii	"\247,\002e?y\356tv\207\015\267\023\211\243[\336\260"
 244      3F79EE74 
 244      76870DB7 
 244      1389A35B 
 244      DEB0
 245 051b 0177B938 		.ascii	"\001w\2718\036:\320\034vn:P\224\341\030\304\325\325"
 245      1E3AD01C 
 245      766E3A50 
 245      94E118C4 
 245      D5D5
 246 052d B5D5B9F5 		.ascii	"\265\325\271\365hs \004\215D\232\210\262\017'N\224="
 246      68732004 
 246      8D449A88 
 246      B20F274E 
 246      943D
 247 053f 80C06244 		.ascii	"\200\300bD\231\035\220\037<z\224\325\271\315\225\331"
 247      991D901F 
 247      3C7A94D5 
 247      B9CD95D9 
 248 054f F1287BA3 		.ascii	"\361({\243\373\001d\007\2173254\2727\272\271\263\265"
 248      FB016407 
 248      8F333235 
 248      34BA37BA 
 248      B9B3B5
 249 0562 090F1CF4 		.ascii	"\011\017\034\364\320!\007d\355n.\010]]\233[\203\006"
ARM GAS  C:\Users\PUBLIC~1.LAP\AppData\Local\Temp\ccfo1vsf.s 			page 19


 249      D0210764 
 249      ED6E2E08 
 249      5D5D9B5B 
 249      8306
 250 0574 6B173EA4 		.ascii	"k\027>\244)\256\366\206%@5\322\273\336W\216\2439\203"
 250      29AEF686 
 250      254035D2 
 250      BBDE578E 
 250      A33983
 251 0587 E3379EE3 		.ascii	"\3437\236\343\317Dw\034s\247\233;\332x\346\314\015\271"
 251      CF44771C 
 251      73A79B3B 
 251      DA78E6CC 
 251      0DB9
 252 0599 DB88BB5C 		.ascii	"\333\210\273\\\334\307 y\301\335L\342\333\335\016\367"
 252      DCC72079 
 252      C1DD4CE2 
 252      DBDD0EF7 
 253 05a9 F6673A6B 		.ascii	"\366g:k2\211nm\257\301\3666\266\263\205!\324%\350\030"
 253      32896E6D 
 253      AFC1F636 
 253      B6B38521 
 253      D425E818 
 254 05bd 26C845E3 		.ascii	"&\310E\343a\366\254=\306i\314\370\232\214\317\220q\224"
 254      61F6AC3D 
 254      C669CCF8 
 254      9A8CCF90 
 254      7194
 255 05cf F1CB9E18 		.ascii	"\361\313\236\030/\016\303\305_\270\270\330\245\255\026"
 255      2F0EC3C5 
 255      5FB8B8D8 
 255      A5AD16
 256 05de F7C2E26A 		.ascii	"\367\302\342jo\301\342\257\004\242\271 9\244\246\342"
 256      6FC1E2AF 
 256      04A2B920 
 256      39A4A6E2 
 257 05ee 2BD2AE22 		.ascii	"+\322\256\"\355l`\034\265l\240\2242N\033\230\205\366"
 257      ED6C601C 
 257      B56CA094 
 257      324E1B98 
 257      85F6
 258 0600 C2143771 		.ascii	"\302\0247q4\024Oq\342(N\034e\324\202d\222\011\022/1"
 258      34144F71 
 258      E2284E1C 
 258      65D48264 
 258      9209122F 
 259 0615 E224465C 		.ascii	"\342$F\\l\021\353\207'\014q\020\027\021BD_A\242\011"
 259      6C11EB87 
 259      270C7110 
 259      17114244 
 259      5F41A209 
 260 0629 C4D93F78 		.ascii	"\304\331?x\370\231\207\263}\331t\225\265)\315\262\352"
 260      F89987B3 
 260      7DD97495 
 260      B529CDB2 
 260      EA
 261 063a 702A7D66 		.ascii	"p*}f\327\360\016\177%\0167\333p\016\033\2162N\351\323"
ARM GAS  C:\Users\PUBLIC~1.LAP\AppData\Local\Temp\ccfo1vsf.s 			page 20


 261      D7F00E7F 
 261      250E37DB 
 261      700E1B8E 
 261      324EE9D3 
 262 064e 80E1192E 		.ascii	"\200\341\031.\034\303\205+\000Te\341R\004+\234\302-"
 262      1CC3852B 
 262      005465E1 
 262      52042B9C 
 262      C22D
 263 0660 54F82B91 		.ascii	"T\370+\221h(\202\024$|B\204K\210p\266/u\250\256\340"
 263      68288214 
 263      247C4284 
 263      4B8870B6 
 263      2F75A8AE 
 264 0675 A0574E08 		.ascii	"\240WN\010\007,|\360\262C\37039\370\203\006w\320\340"
 264      072C7CF0 
 264      B243F833 
 264      39F88306 
 264      77D0E0
 265 0688 68A393C2 		.ascii	"h\243\223\3022\2623Xp\262\005O\000ij\354L\304\256\340"
 265      32B23358 
 265      70B2054F 
 265      00696AEC 
 265      4CC4AEE0 
 266 069c 63627F26 		.ascii	"cb\177&\023\375GF\001\202'8p\004\007\316\206HH\352\207"
 266      13FD4746 
 266      01822738 
 266      700407CE 
 266      864848EA 
 267 06b1 A0EC9128 		.ascii	"\240\354\221(^\372H\224\201\373\025\270\200\033\370"
 267      5EFA4894 
 267      81FB15B8 
 267      801BF8
 268 06c0 41117881 		.ascii	"A\021x\201\001'p\353WEo\300QAI\360\022\005\200=\314"
 268      012770EB 
 268      57456FC0 
 268      514149F0 
 268      1205803D 
 269 06d5 068158A8 		.ascii	"\006\201X\250a<f\225BB\"\"\222\244 \225\264\006\001"
 269      613C6695 
 269      42422222 
 269      92A42095 
 269      B40601
 270 06e8 06C420C5 		.ascii	"\006\304 \305\320\352\021\340\250SNA&-Ma\331\317\306"
 270      D0EA11E0 
 270      A8534E41 
 270      262D4D61 
 270      D9CFC6
 271 06fb F4A8E785 		.ascii	"\364\250\347\205\016\353\360\270a\263a=r\273\257,\252"
 271      0EEBF0B8 
 271      61B3613D 
 271      72BBAF2C 
 271      AA
 272 070c DCD3A9B8 		.ascii	"\334\323\251\270\204XcJ\033(\245\271+'\007\264\222\307"
 272      8458634A 
 272      1B28A5B9 
 272      2B2707B4 
ARM GAS  C:\Users\PUBLIC~1.LAP\AppData\Local\Temp\ccfo1vsf.s 			page 21


 272      92C7
 273 071e DBB57279 		.ascii	"\333\265ry6\301D('\031p\006\312\223\334x}\013\273bS"
 273      36C14428 
 273      27197006 
 273      CA93DC78 
 273      7D0BBB62 
 274 0733 A51FC94E 		.ascii	"\245\037\311N\315\025P(\272,j\345\344\371r\203\224\316"
 274      CD155028 
 274      BA2C6AE5 
 274      E4F97283 
 274      94CE
 275 0745 AF3CB37D 		.ascii	"\257<\263}\234\257\353u4\354\234\330\232\011\304p\273"
 275      9CAFEB75 
 275      34EC9CD8 
 275      9A09C470 
 275      BB
 276 0756 718F8882 		.ascii	"q\217\210\202\313\200\252\354\345\213&\251\241QT\033"
 276      CB80AAEC 
 276      E58B26A9 
 276      A151541B 
 277 0766 CE524E9E 		.ascii	"\316RN\236\0177P\3008\3657\364\334\033\214\214\010\256"
 277      0F3750C0 
 277      38F537F4 
 277      DC1B8C8C 
 277      08AE
 278 0778 72304D29 		.ascii	"r0M)\252\020\016\324\025{\225}%\033\012\221a\242p\000"
 278      AA100ED4 
 278      157B957D 
 278      251B0A91 
 278      61A27000 
 279 078c C50457CF 		.ascii	"\305\004W\317\300\015\207\264\367\027]\274\037V \001"
 279      C00D87B4 
 279      F7175DBC 
 279      1F562001 
 280 079c CD5D16A2 		.ascii	"\315]\026\242P\012^\0047vecN=\232\015=\004Wf\342\000"
 280      500A5E04 
 280      37766563 
 280      4E3D9A0D 
 280      3D045766 
 281 07b2 8A08BA52 		.ascii	"\212\010\272R\222\251\030\207\374\264\365\314\216\347"
 281      92A91887 
 281      FCB4F5CC 
 281      8EE7
 282 07c0 ED47309D 		.ascii	"\355G0\235B\324p\377j\226\027\032\324\335\342\324"
 282      42D470FF 
 282      6A96171A 
 282      D4DDE2D4 
 283 07d0 03758583 		.ascii	"\003u\205\203\255\270\227j\035\340\004\217Q\200M\252"
 283      ADB8976A 
 283      1DE0048F 
 283      51804DAA 
 284 07e0 73669E25 		.ascii	"sf\236%'\323\304(\275\003\210\307;i'\326q{<\346\341"
 284      27D3C428 
 284      BD0388C7 
 284      3B6927D6 
 284      717B3CE6 
 285 07f5 6F9F477F 		.ascii	"o\237G\177\001\231ag(\253\023\277\237\345\037 \000>"
ARM GAS  C:\Users\PUBLIC~1.LAP\AppData\Local\Temp\ccfo1vsf.s 			page 22


 285      01996167 
 285      28AB13BF 
 285      9FE51F20 
 285      003E
 286 0807 B3D2E34F 		.ascii	"\263\322\343O}v\226\037,\225RW\311\326\271?\363\200"
 286      7D76961F 
 286      2C955257 
 286      C9D6B93F 
 286      F380
 287 0819 0A724DCA 		.ascii	"\012rM\312\240r\332\234\275q\373\364\225\"\205-n\373"
 287      A072DA9C 
 287      BD71FBF4 
 287      9522852D 
 287      6EFB
 288 082b F009B87E 		.ascii	"\360\011\270~H\022dq\261'\355@x\311\007\322V^\276\315"
 288      48126471 
 288      B127ED40 
 288      78C907D2 
 288      565EBECD 
 289 083f E3422102 		.ascii	"\343B!\0025 }\317Xq\023P\026#y\336\306\377\3332\000"
 289      35207DCF 
 289      58711350 
 289      162379DE 
 289      C6FFDB32 
 290 0854 F0FE5EEA 		.ascii	"\360\376^\352\276\240\227Yc\217\310\300\033\312\214"
 290      BEA09759 
 290      638FC8C0 
 290      1BCA8C
 291 0863 FE499C9F 		.ascii	"\376I\234\237\330\316\007\2618\232\350G\211\233\221"
 291      D8CE07B1 
 291      389AE847 
 291      899B91
 292 0872 1B9E319C 		.ascii	"\033\2361\234#\311\307[^\011\357C\354y\231rO\251r\334"
 292      23C9C75B 
 292      5E09EF43 
 292      EC799972 
 292      4FA972DC 
 293 0886 1A7F7AF7 		.ascii	"\032\177z\367\221\222T8E\210=\016y/\027\234\200D)n\010"
 293      91925438 
 293      45883D0E 
 293      792F179C 
 293      8044296E 
 294 089b 18667686 		.ascii	"\030fv\206\320\230l\373\210\032@\0333\225\350\376\206"
 294      D0986CFB 
 294      881A401B 
 294      3395E8FE 
 294      86
 295 08ac FA554849 		.ascii	"\372UHIku0$Z\244\255\362\321\004\234j\255\025I\321\201"
 295      6B753024 
 295      5AA4ADF2 
 295      D1049C6A 
 295      AD1549D1 
 296 08c1 A4DAF50B 		.ascii	"\244\332\365\013\310\207\305\377\365G\013\3629+7\023"
 296      C887C5FF 
 296      F5470BF2 
 296      392B3713 
 297 08d1 5BB0A31E 		.ascii	"[\260\243\036\234:\230\000\246\214\256j\235c\011\333"
ARM GAS  C:\Users\PUBLIC~1.LAP\AppData\Local\Temp\ccfo1vsf.s 			page 23


 297      9C3A9800 
 297      A68CAE6A 
 297      9D6309DB 
 298 08e1 08EA09C8 		.ascii	"\010\352\011\310\314#\252' 3\217\250\236\200\314<\242"
 298      CC23AA27 
 298      20338FA8 
 298      9E80CC3C 
 298      A2
 299 08f2 7A023287 		.ascii	"z\0022\207'\256O\350\265\346\326\264\\\"\024\016\337"
 299      27AE4FE8 
 299      B5E6D6B4 
 299      5C22140E 
 299      DF
 300 0903 9F2B62E5 		.ascii	"\237+b\345\006\034\241h\244\275\270\346\017"
 300      061CA168 
 300      A4BDB8E6 
 300      0F
 301              		.text
 302              		.section	.gnu.lto__pal_lld_init.part.0.315.83ad74f9,"e",%progbits
 303 0000 28B52FFD 		.ascii	"(\265/\375`\317\002\275\025\000\206h\215I\260\022R:"
 303      60CF02BD 
 303      15008668 
 303      8D49B012 
 303      523A
 304 0012 B1E0F8C1 		.ascii	"\261\340\370\301\033\377\030\347\216\030\225\247\345"
 304      1BFF18E7 
 304      8E1895A7 
 304      E5
 305 001f E07F1A3D 		.ascii	"\340\177\032=:?\207\274{\017\375w\333#p\306E\355\337"
 305      3A3F87BC 
 305      7B0FFD77 
 305      DB2370C6 
 305      45EDDF
 306 0032 EAC785A3 		.ascii	"\352\307\205\243\371[if\340[S`\026\011\001y\375:\005"
 306      F95B6966 
 306      E05B5360 
 306      16090179 
 306      FD3A05
 307 0045 0B149747 		.ascii	"\013\024\227G\375'hg\351i\224Q\333\337\233\310\235R"
 307      FD276867 
 307      E9699451 
 307      DBDF9BC8 
 307      9D52
 308 0057 72007100 		.ascii	"r\000q\000t\000\302zDd)\355;}\005\357O@\216\325\012"
 308      7400C27A 
 308      446429ED 
 308      3B7D05EF 
 308      4F408ED5 
 309 006c 657555AB 		.ascii	"euU\253p\366\351\031\330g\311\007\320\317\361$\364\323"
 309      70F6E919 
 309      D867C907 
 309      D0CFF124 
 309      F4D3
 310 007e 7E0ADB41 		.ascii	"~\012\333AJ\225\310<\233\353B\231\232\003\206\317G\255"
 310      4A95C83C 
 310      9BEB4299 
 310      9A0386CF 
ARM GAS  C:\Users\PUBLIC~1.LAP\AppData\Local\Temp\ccfo1vsf.s 			page 24


 310      47AD
 311 0090 95F6B926 		.ascii	"\225\366\271&<~\024\336+y\237\343J\312\363\201B\237"
 311      3C7E14DE 
 311      2B799FE3 
 311      4ACAF381 
 311      429F
 312 00a2 F2071CF1 		.ascii	"\362\007\034\361q\014\321j\012\212\000}\243\212Q\225"
 312      710CD16A 
 312      0A8A007D 
 312      A38A5195 
 313 00b2 D6A72E41 		.ascii	"\326\247.A\000{r\0010\211\270$9}\265\324Z\015+\272_"
 313      007B7201 
 313      3089B824 
 313      397DB5D4 
 313      5A0D2BBA 
 314 00c7 B7BD639B 		.ascii	"\267\275c\233\306\226?\002\364+\367S\037\263\202=\206"
 314      C6963F02 
 314      F42BF753 
 314      1FB3823D 
 314      86
 315 00d8 80709045 		.ascii	"\200p\220E\357\327\250J\213In\222\227.\222V\223\321"
 315      EFD7A84A 
 315      8B496E92 
 315      972E9256 
 315      93D1
 316 00ea 9517C99E 		.ascii	"\225\027\311\236\322\261)\015{\275\244\351\241\376I"
 316      D2B1290D 
 316      7BBDA4E9 
 316      A1FE49
 317 00f9 A5C729BD 		.ascii	"\245\307)\275\243\264\374\360\376\210\000\023b\255!"
 317      A3B4FCF0 
 317      FE880013 
 317      62AD21
 318 0108 8200A924 		.ascii	"\202\000\251$&\026\212\017\177\373\376\360,\374)\313"
 318      26168A0F 
 318      7FFBFEF0 
 318      2CFC29CB 
 319 0118 6C5F4AB8 		.ascii	"l_J\270s\211/\312\227\022\356`BD#?\244\023;j\025\"\370"
 319      73892FCA 
 319      9712EE60 
 319      4244233F 
 319      A4133B6A 
 320 012f F404D8E7 		.ascii	"\364\004\330\347\375\250 [&\263\224\207\012\372\023"
 320      FDA8205B 
 320      26B39487 
 320      0AFA13
 321 013e D01804B6 		.ascii	"\320\030\004\266`\373\250\037\000\022\235\260z\2628"
 321      60FBA81F 
 321      00129DB0 
 321      7AB238
 322 014d 6E926790 		.ascii	"n\222g\220\372;*\243\222\257\375\376\3165\305\345\223"
 322      FA3B2AA3 
 322      92AFFDFE 
 322      CE35C5E5 
 322      93
 323 015e 5DDE8FB5 		.ascii	"]\336\217\265\326\272\233\364\035\375\276\366*\202:"
 323      D6BA9BF4 
ARM GAS  C:\Users\PUBLIC~1.LAP\AppData\Local\Temp\ccfo1vsf.s 			page 25


 323      1DFDBEF6 
 323      2A823A
 324 016d 4424DD71 		.ascii	"D$\335qm\234\034\371\237K:l\265O\205!\344?\333\033\376"
 324      6D9C1CF9 
 324      9F4B3A6C 
 324      B54F8521 
 324      E43FDB1B 
 325 0182 E2A660AB 		.ascii	"\342\246`\253V\037\313\205\273\330\231)\325\352[i\241"
 325      561FCB85 
 325      BBD89929 
 325      D5EA5B69 
 325      A1
 326 0193 CBF94B9F 		.ascii	"\313\371K\237>\020\375\244\373_Qo\307\275\225\207bO"
 326      3E10FDA4 
 326      FB5F516F 
 326      C7BD9587 
 326      624F
 327 01a5 163DD6A5 		.ascii	"\026=\326\245Zo\200\312\335\375\320Q\200\233\030\267"
 327      5A6F80CA 
 327      DDFDD051 
 327      809B18B7 
 328 01b5 E7DC2CF0 		.ascii	"\347\334,\360\344n\250oL*\340p5\234\255\247\206\242"
 328      E46EA86F 
 328      4C2AE070 
 328      359CADA7 
 328      86A2
 329 01c7 21C6810C 		.ascii	"!\306\201\014\003\332\013\014\014-E\345A\003\332\217"
 329      03DA0B0C 
 329      0C2D45E5 
 329      4103DA8F 
 330 01d7 CE27D743 		.ascii	"\316'\327C\303\331th?9\232\315\315G\307\223s\231\315"
 330      C3D97468 
 330      3F399ACD 
 330      CD47C793 
 330      7399CD
 331 01ea C4DC6C6E 		.ascii	"\304\334ln:.5+)(=;8\272\232\235N\206\033\256f;9\251"
 331      3A2E352B 
 331      29283D3B 
 331      38BA9A9D 
 331      4E861BAE 
 332 0202 59F022F3 		.ascii	"Y\360\"\363\226\336\366fl\2117f\267Q#\2661 \261\013"
 332      96DEF666 
 332      6C893766 
 332      B75123B6 
 332      3120B10B 
 333 0216 B6346646 		.ascii	"\2664fFXl\010\237\021!d\253\326\022+2\236%a\254\037"
 333      586C089F 
 333      112164AB 
 333      D6122B32 
 333      9E2561AC 
 334 022b 84F53494 		.ascii	"\204\3654\224\206~J\034?\036CY\264\355\004\217A\241"
 334      867E4A1C 
 334      3F1E4359 
 334      B4ED048F 
 334      41A1
 335 023d 805DFB95 		.ascii	"\200]\373\225-5 @\002\242\230\302zB\233\210F\011qs\327"
 335      2D352040 
ARM GAS  C:\Users\PUBLIC~1.LAP\AppData\Local\Temp\ccfo1vsf.s 			page 26


 335      02A298C2 
 335      7A429B88 
 335      46097173 
 336 0252 8C8043A0 		.ascii	"\214\200C\240q\351>\3540fc\3042\336\003>\263qgg\261"
 336      71E93EEC 
 336      306663C4 
 336      32DE033E 
 336      B3716767 
 337 0267 3F1CBC87 		.ascii	"?\034\274\207\267\037\261\0100\341\224\010\366\351\305"
 337      B71FB108 
 337      30E19408 
 337      F6E9C5
 338 0276 858A7E71 		.ascii	"\205\212~q)\340w\226S\207\004\326\304&\342a\253\035"
 338      29E07796 
 338      538704D6 
 338      C426E261 
 338      AB1D
 339 0288 B2AE3326 		.ascii	"\262\2563&\206\015\345-\261\343&\011\360}\330[\371\231"
 339      860DE52D 
 339      B1E32609 
 339      F07DD85B 
 339      F999
 340 029a CD522C08 		.ascii	"\315R,\010\336h\306\201\230\237\237\313=\030:\2753["
 340      DE68C681 
 340      989F9FCB 
 340      3D183ABD 
 340      335B
 341 02ac 83C69EFC 		.ascii	"\203\306\236\374\002\257`:.d\207\247\221\271\032\327"
 341      02AF603A 
 341      2E6487A7 
 341      91B91AD7 
 342 02bc 9C7E6D18 		.ascii	"\234~m\030\003"
 342      03
 343              		.text
 344              		.section	.gnu.lto_.symbol_nodes.83ad74f9,"e",%progbits
 345 0000 28B52FFD 		.ascii	"(\265/\375 \2045\003\000\004\005\200\000\000\000\000"
 345      20843503 
 345      00040580 
 345      00000000 
 346 0010 02B8027F 		.ascii	"\002\270\002\177\030\200\200\200\200\004\001\220\316"
 346      18808080 
 346      80040190 
 346      CE
 347 001d 00007F00 		.ascii	"\000\000\177\000\000\271\220\202\202\200\006\273\002"
 347      00B99082 
 347      828006BB 
 347      02
 348 002a 7F19D099 		.ascii	"\177\031\320\231\263\346\000\224\202\202\200 \271\002"
 348      B3E60094 
 348      82828020 
 348      B902
 349 0038 7F1A88FA 		.ascii	"\177\032\210\372\201\375\272\220\202\002\272\002\177"
 349      81FDBA90 
 349      8202BA02 
 349      7F
 350 0045 1B8CE9B6 		.ascii	"\033\214\351\266\311\003\001\000\261\346\314\231\003"
 350      C9030100 
ARM GAS  C:\Users\PUBLIC~1.LAP\AppData\Local\Temp\ccfo1vsf.s 			page 27


 350      B1E6CC99 
 350      03
 351 0052 01A20103 		.ascii	"\001\242\001\003\002\001\242\006\000\010\000Y\030\312"
 351      0201A206 
 351      00080059 
 351      18CA
 352 0060 330350FC 		.ascii	"3\003P\374\252@@q\0204\250\223\007\323\011"
 352      AA404071 
 352      1034A893 
 352      07D309
 353              		.text
 354              		.section	.gnu.lto_.refs.83ad74f9,"e",%progbits
 355 0000 28B52FFD 		.ascii	"(\265/\375 \005)\000\000\001\000\000\000\000"
 355      20052900 
 355      00010000 
 355      0000
 356              		.text
 357              		.section	.gnu.lto_.decls.83ad74f9,"e",%progbits
 358 0000 28B52FFD 		.ascii	"(\265/\375`\273\026-d\000\032\244\320#Q0\220\312I\007"
 358      60BB162D 
 358      64001AA4 
 358      D0235130 
 358      90CA4907 
 359 0014 BB6087F5 		.ascii	"\273`\207\365\033\352?Q\345q0\207\342\322\025GX\003"
 359      1BEA3F51 
 359      E5713087 
 359      E2D21547 
 359      5803
 360 0026 BC1394C9 		.ascii	"\274\023\224\311\212\241\321)\266\333\270\371go{\263"
 360      8AA1D129 
 360      B6DBB8F9 
 360      676F7BB3 
 361 0036 5DD7D25A 		.ascii	"]\327\322ZD\376\263\271<\306\223\273v\026\214\314\002"
 361      44FEB3B9 
 361      3CC693BB 
 361      76168CCC 
 361      02
 362 0047 DD710C03 		.ascii	"\335q\014\003!J\204o\275\315\360 \331\321\234\225W\\"
 362      214A846F 
 362      BDCDF020 
 362      D9D19C95 
 362      575C
 363 0059 FACDA46D 		.ascii	"\372\315\244m\"e\012\336\001\027\0029\002\366\354\306"
 363      22650ADE 
 363      01170239 
 363      02F6ECC6 
 364 0069 9EF3ECD2 		.ascii	"\236\363\354\322\307\216a\323\213\322\365\234\306\222"
 364      C78E61D3 
 364      8BD2F59C 
 364      C692
 365 0077 6011E709 		.ascii	"`\021\347\011\034N\360\2340\304b\223\3411<)\310\371"
 365      1C4EF09C 
 365      30C46293 
 365      E1313C29 
 365      C8F9
 366 0089 ED754D83 		.ascii	"\355uM\203\316\25214\270\256\254V\307ZX\256\307\030"
 366      CEAA3134 
ARM GAS  C:\Users\PUBLIC~1.LAP\AppData\Local\Temp\ccfo1vsf.s 			page 28


 366      B8AEAC56 
 366      C75A58AE 
 366      C718
 367 009b E2DE2259 		.ascii	"\342\336\"YgiW\374\252\034\355\370\013{\3410,\206\347"
 367      676957FC 
 367      AA1CEDF8 
 367      0B7BE130 
 367      2C86E7
 368 00ae 78C96098 		.ascii	"x\311`\230\216\225\\\307n\3477\206{M\317Q\332\256\242"
 368      8E955CC7 
 368      6EE73786 
 368      7B4DCF51 
 368      DAAEA2
 369 00c1 609953F4 		.ascii	"`\231S\364\007\263\224\365=I}\244\331\020\342Z\025\301"
 369      07B394F5 
 369      3D497DA4 
 369      D910E25A 
 369      15C1
 370 00d3 3ABB373D 		.ascii	":\2737=?\371\203\347:\266\302Tz\212\351\025\242C\365"
 370      3FF983E7 
 370      3AB6C254 
 370      7A8AE915 
 370      A243F5
 371 00e6 87B58702 		.ascii	"\207\265\207\002\005\212 \024=W\270\206\334\021\365"
 371      058A2014 
 371      3D57B886 
 371      DC11F5
 372 00f5 2CF7F31A 		.ascii	",\367\363\032\323\300q\235\274\327x\357\015\300.\213"
 372      D3C0719D 
 372      BCD778EF 
 372      0DC02E8B 
 373 0105 2891D295 		.ascii	"(\221\322\225\271\360\015\254<\301]\316\323\207\345"
 373      B9F00DAC 
 373      3CC15DCE 
 373      D387E5
 374 0114 06355CF6 		.ascii	"\0065\\\366|\342\364\341\023'Q\360\274E\204\007cz}\200"
 374      7CE2F4E1 
 374      132751F0 
 374      BC458407 
 374      637A7D80 
 375 0128 63685858 		.ascii	"chXX]\317Z\226\203\270h\217\202\275\011\366$\330\017"
 375      5DCF5A96 
 375      83B8688F 
 375      82BD09F6 
 375      24D80F
 376 013b ED45B087 		.ascii	"\355E\260\207\262\277aY\012Oa\245\011\256\341\014\205"
 376      B2BF6159 
 376      0A4F61A5 
 376      09AEE10C 
 376      85
 377 014c A31C584C 		.ascii	"\243\034XL\357\336\275\251\317\207\274d\232\327\365"
 377      EFDEBDA9 
 377      CF87BC64 
 377      9AD7F5
 378 015b 4DF6CCF6 		.ascii	"M\366\314\366\020\246\\\007~\332\263\211\323\374\373"
 378      10A65C07 
 378      7EDAB389 
ARM GAS  C:\Users\PUBLIC~1.LAP\AppData\Local\Temp\ccfo1vsf.s 			page 29


 378      D3FCFB
 379 016a 6313E7DB 		.ascii	"c\023\347\333\206`\240\263Y\3049\304@\347S\006:-\213"
 379      8660A0B3 
 379      59C439C4 
 379      40E75306 
 379      3A2D8B
 380 017d 3843B008 		.ascii	"8C\260\010'?\317\300i&\352\224\344\345\2737\3751\235"
 380      273FCFC0 
 380      6926EA94 
 380      E4E5BB37 
 380      FD319D
 381 0190 70FD75E9 		.ascii	"p\375u\351J\202\201\316\312\"N\022Cl\014\023\3729H\000"
 381      4A8281CE 
 381      CA224E12 
 381      436C0C13 
 381      FA394800 
 382 01a4 BF694097 		.ascii	"\277i@\227\014\036\367\003~s\201\237\263\300~f\372\231"
 382      0C1EF703 
 382      7E73819F 
 382      B3C07E66 
 382      FA99
 383 01b6 03FE7ACF 		.ascii	"\003\376z\317o\022\360_\316\377\271\237\317\237=\374"
 383      6F12F05F 
 383      CEFFB99F 
 383      CF9F3DFC 
 384 01c6 ACF333D0 		.ascii	"\254\3633\320\317\366\347\003\276\374\031\310\377\035"
 384      CFF6E703 
 384      BEFC19C8 
 384      FF1D
 385 01d4 FE83F9DF 		.ascii	"\376\203\371\337\367\277\356\277\233\377r\377\343\374"
 385      F7BFEEBF 
 385      9BFF72FF 
 385      E3FC
 386 01e2 17F3FFEF 		.ascii	"\027\363\377\357?\335\377\275/\032\230 \301\344\371"
 386      3FDDFFBD 
 386      2F1A9820 
 386      C1E4F9
 387 01f1 B9EB67AD 		.ascii	"\271\353g\255\237\267~\256\372\371\351g\242\237G\374"
 387      9FB77EAE 
 387      FAF9E967 
 387      A29F47FC 
 388 0201 8CC07FBC 		.ascii	"\214\300\177\274\237\371\277\335\317$\374<\302\317S"
 388      9FF9BFDD 
 388      CF24FC3C 
 388      C2CF53
 389 0210 3F8BF073 		.ascii	"?\213\360s\324\177\005~\206\372\031\307\317!\374\014"
 389      D47F057E 
 389      86FA19C7 
 389      CF21FC0C 
 390 0220 C2CF453F 		.ascii	"\302\317E?'\360s\000?\367\1772\377\307\374O\373_\300"
 390      27F07300 
 390      3FF77F32 
 390      FFC7FC4F 
 390      FB5FC0
 391 0233 7F2EFF81 		.ascii	"\177.\377\201\177\177\177\177\177K\360\2330~\000L\004"
 391      7F7F7F7F 
 391      7F4BF09B 
ARM GAS  C:\Users\PUBLIC~1.LAP\AppData\Local\Temp\ccfo1vsf.s 			page 30


 391      307E004C 
 391      04
 392 0244 C7FAC5BE 		.ascii	"\307\372\305\276v\261\257p\366\365\212}\225b_\235\330"
 392      76B1AF70 
 392      F6F58A7D 
 392      95625F9D 
 392      D8
 393 0255 5718EC2B 		.ascii	"W\030\354+\022\373J\304\276\206\331\327.\373\232e_\255"
 393      12FB4AC4 
 393      BE86D9D7 
 393      2EFB9A65 
 393      5FAD
 394 0267 EC909FBD 		.ascii	"\354\220\237\275\351\306B\220go\342\331\367\223\277"
 394      E9C64290 
 394      676FE2D9 
 394      F793BF
 395 0276 D3DA09C7 		.ascii	"\323\332\011\307\331-nD\266t\355\265\340\233\006\020"
 395      D92D6E44 
 395      B674EDB5 
 395      E09B0610 
 396 0286 70AEE861 		.ascii	"p\256\350a\351\312I\302X\006\200ims\366\274M`\330\351"
 396      E9CA49C2 
 396      58068069 
 396      6D73F6BC 
 396      4D60D8E9 
 397 029a 2B83A7A4 		.ascii	"+\203\247\244k3I\201TsM\304\334\354\213\226\264\020"
 397      6B334981 
 397      54734DC4 
 397      DCEC8B96 
 397      B410
 398 02ac 963389C8 		.ascii	"\2263\211\310\243\252\257^\322G\372\005\"O\021/\254"
 398      A3AAAF5E 
 398      D247FA05 
 398      224F112F 
 398      AC
 399 02bd 3D3EB43E 		.ascii	"=>\264>ce/\371;I+\011\342\021S\243\263r\32635\323/\374"
 399      63652FF9 
 399      3B492B09 
 399      E21153A3 
 399      B372D633 
 400 02d5 6DD646B8 		.ascii	"m\326F\270\216gH\034 I\272\266\013\3017\222\036,&e\272"
 400      8E67481C 
 400      2049BAB6 
 400      0BC13792 
 400      1E2C2665 
 401 02ea BA9A6DF6 		.ascii	"\272\232m\366\\\276[(\242\343\004M\272\325\265\211p"
 401      5CBE5B28 
 401      A2E3044D 
 401      BAD5B589 
 401      70
 402 02fb 171ABF28 		.ascii	"\027\032\277(k6\331d=\306\312.\373[\254\207tY\177u\030"
 402      6B36D964 
 402      3DC6CA2E 
 402      FB5BAC87 
 402      74597F75 
 403 0310 9AB3B216 		.ascii	"\232\263\262\026\322V&\021I\201\331\031\275\273\262"
 403      D2562611 
ARM GAS  C:\Users\PUBLIC~1.LAP\AppData\Local\Temp\ccfo1vsf.s 			page 31


 403      4981D919 
 403      BDBBB2
 404 031f 37104EDB 		.ascii	"7\020N\333\352\231\253\024^mv\266\326+\203}\207\235"
 404      EA99AB14 
 404      5E6D76B6 
 404      D62B837D 
 404      879D
 405 0331 E34EB87B 		.ascii	"\343N\270{\023\353\332`\301w\220jL\273`]\201f\022\373"
 405      13EBDA60 
 405      C177906A 
 405      4CBB605D 
 405      816612FB 
 406 0345 B7179093 		.ascii	"\267\027\220\223\013\223=*]\271\314\372\200\274\257"
 406      0B933D2A 
 406      5DB9CCFA 
 406      80BCAF
 407 0354 386D031E 		.ascii	"8m\003\0369\352\335{Wh\026X\331@P\010\240cD\010\225"
 407      39EADD7B 
 407      57681658 
 407      D9405008 
 407      A0634408 
 408 0369 B0B3AE6D 		.ascii	"\260\263\256m\255\321\312\313j+\276\037\255Bw5\222\225"
 408      ADD1CACB 
 408      6A2BBE1F 
 408      AD427735 
 408      9295
 409 037b CDF5F35D 		.ascii	"\315\365\363]\373h\256N\241\255r\000\261$\342Fm\247"
 409      FB68AE4E 
 409      A1AD7200 
 409      B124E246 
 409      6DA7
 410 038d DE2C626F 		.ascii	"\336,bo\012\2617\201\330\233Z\266/\003\235Wm\354\243"
 410      0AB13781 
 410      D89B5AB6 
 410      2F039D57 
 410      6DECA3
 411 03a0 D9DFD9BD 		.ascii	"\331\337\331\275c\377\033\213\225}\205\"\250\371\324"
 411      63FF1B8B 
 411      957D8522 
 411      A8F9D4
 412 03af B22C6B5B 		.ascii	"\262,k[\001\217\360\215\225\265\231\035\030\322*\264"
 412      018FF08D 
 412      95B5991D 
 412      18D22AB4 
 413 03bf AEEF1E7F 		.ascii	"\256\357\036\177\260\210\345L8v\307e\327\007\337U<g"
 413      B088E54C 
 413      3876C765 
 413      D707DF55 
 413      3C67
 414 03d1 A52A4CD7 		.ascii	"\245*L\327\233U\366\254l\252.\326\257\261/-tmbP\017"
 414      9B55F6AC 
 414      6CAA2ED6 
 414      AFB12F2D 
 414      746D6250 
 415 03e6 1B3B2971 		.ascii	"\033;)q]\337|6\250g\245\314\036\335\335\031/9dyK\363"
 415      5DDF7C36 
 415      A867A5CC 
ARM GAS  C:\Users\PUBLIC~1.LAP\AppData\Local\Temp\ccfo1vsf.s 			page 32


 415      1EDDDD19 
 415      2F396479 
 416 03fc A6A6C6AD 		.ascii	"\246\246\306\255(\357\312\035\336\22774s\177\034\207"
 416      28EFCA1D 
 416      DE973734 
 416      737F1C87 
 417 040c FD988FFB 		.ascii	"\375\230\217\373X\016\317\3417\274C_v\303J\206\363\263"
 417      580ECFE1 
 417      37BC435F 
 417      76C34A86 
 417      F3B3
 418 041e 0EDC660D 		.ascii	"\016\334f\015\233\261\262\001\313\331\275vp\230\015"
 418      9BB1B201 
 418      CBD9BD76 
 418      70980D
 419 042d 9BE931A6 		.ascii	"\233\3511\246Wl\307\254\312\017?\276{\355<h\211\241"
 419      576CC7AC 
 419      CA0F3FBE 
 419      7BED3C68 
 419      89A1
 420 043f 8F4C507D 		.ascii	"\217LP}\207\331^2\320\331@\257`\337\\\366\255e\337W"
 420      87D95E32 
 420      D0D940AF 
 420      60DF5CF6 
 420      AD65DF57 
 421 0453 F65D65DF 		.ascii	"\366]e\337\327\236w\010\351\025\323A\002\227F\217\357"
 421      D79E7708 
 421      E915D341 
 421      0297468F 
 421      EF
 422 0464 7A214FFC 		.ascii	"z!O\374\246\361f\025\232\021\267\200\0359s\334\202t"
 422      A6F16615 
 422      9A11B780 
 422      1D3973DC 
 422      8274
 423 0476 ED3F93CA 		.ascii	"\355?\223\312\204\222\205\010[\347\245\331R\3733\213"
 423      84928508 
 423      5BE7A5D9 
 423      52FB338B 
 424 0486 3789418C 		.ascii	"7\211A\214\030i\322\304\313\023Gy&f\336\363\026Z\025"
 424      1869D2C4 
 424      CB134779 
 424      2666DEF3 
 424      165A15
 425 0499 5DD7B369 		.ascii	"]\327\263i\277\377\036\3541\316*\316oN\330\014wi\322"
 425      BFFF1EEC 
 425      31CE2ACE 
 425      6F4ED80C 
 425      7769D2
 426 04ac D64B610C 		.ascii	"\326Ka\014Z\037\273\035\204X\334\0216Kl\010N\371\023"
 426      5A1FBB1D 
 426      8458DC11 
 426      364B6C08 
 426      4EF913
 427 04bf 2081CE3F 		.ascii	" \201\316?\275H\351\242f\357C1i,\322\225\357\004\367"
 427      BD48E9A2 
 427      66EF4331 
ARM GAS  C:\Users\PUBLIC~1.LAP\AppData\Local\Temp\ccfo1vsf.s 			page 33


 427      692CD295 
 427      EF04F7
 428 04d2 8EB8D71A 		.ascii	"\216\270\327\032\311\270\370\250$#^#\231\336\317Q\231"
 428      C9B8F8A8 
 428      24235E23 
 428      99DECF51 
 428      99
 429 04e3 449638A6 		.ascii	"D\2268\246d?\2561\211\344k,\336cz\357\317\275\311{L"
 429      643FAE31 
 429      89E46B2C 
 429      DE637AEF 
 429      CFBDC97B 
 430 04f8 8BC89BDE 		.ascii	"\213\310\233\336\313i\306\344=\336$\222\217\227,\371"
 430      CB69C6E4 
 430      3DDE2492 
 430      8F972CF9 
 431 0508 73342689 		.ascii	"s4&\211WI\306\365s\225d\310\243\222\014\371sL\213\367"
 431      5749C6F5 
 431      739564C8 
 431      A3920CF9 
 431      734C8BF7 
 432 051c A6456289 		.ascii	"\246Eb\211{\213\310\243R\011\362\347\032\311\210Ge\221"
 432      7B8BC8A3 
 432      5209F2E7 
 432      1AC98847 
 432      6591
 433 052e 6B827B2F 		.ascii	"k\202{/\232:\"\023\251\330\314\256\262\230\325\310\343"
 433      9A3A2213 
 433      A9D8CCAE 
 433      B298D5C8 
 433      E3
 434 053f 05BBF77E 		.ascii	"\005\273\367~qj\274^\367\032\223\002\\\266\344\021\014"
 434      716ABC5E 
 434      F71A9302 
 434      5CB6E411 
 434      0C
 435 0550 55D2E7A6 		.ascii	"U\322\347\246m\235]\335{O&`?p\267xv\227^\305\001\220"
 435      6D9D5DDD 
 435      7B4F2660 
 435      3F70B778 
 435      76975EC5 
 436 0566 F78211D3 		.ascii	"\367\202\021\323\013v\246\367\016p\227\304%\247\313"
 436      0B76A6F7 
 436      0E7097C4 
 436      25A7CB
 437 0575 4B8433DE 		.ascii	"K\2043\336\313p\367z\365\270\367\206\270\367~\270\306"
 437      CB70F77A 
 437      F5B8F786 
 437      B8F77EB8 
 437      C6
 438 0586 1F595465 		.ascii	"\037YTe\311\236\036TI\253\333d\214\271\216\312\262d"
 438      C99E1E54 
 438      49ABDB64 
 438      8CB98ECA 
 438      B264
 439 0598 500B15E5 		.ascii	"P\013\025\345\331\245J\211|\314J\336\263k\206\014i\225"
 439      D9A54A89 
ARM GAS  C:\Users\PUBLIC~1.LAP\AppData\Local\Temp\ccfo1vsf.s 			page 34


 439      7CCC4ADE 
 439      B36B860C 
 439      6995
 440 05aa C4F4B6B5 		.ascii	"\304\364\266\265\001\021\006\212\231^\332x\3056^\375"
 440      0111068A 
 440      995EDA78 
 440      C5365EFD 
 441 05ba 460015D0 		.ascii	"F\000\025\320\342`\331n\303\177\177}m|\216\312\344\275"
 441      E260D96E 
 441      C37F7F7D 
 441      6D7C8ECA 
 441      E4BD
 442 05cc C576D37B 		.ascii	"\305v\323{\3576\277\314%\230K\370\364\030\331\012hg"
 442      EF36BFCC 
 442      25984BF8 
 442      F418D90A 
 442      6867
 443 05de 6D363E62 		.ascii	"m6>b\334\3108\351z \261\363|\310\320\266\370\336\330"
 443      DCC838E9 
 443      7A20B1F3 
 443      7CC8D0B6 
 443      F8DED8
 444 05f1 946F6DAB 		.ascii	"\224om\253\207\014]\323=\323\352\310\027\0345,\327\003"
 444      870C5DD3 
 444      3DD3EAC8 
 444      171C352C 
 444      D703
 445 0603 670B1617 		.ascii	"g\013\026\027\322\240\371\320\366\226\304\353\332g\256"
 445      D2A0F9D0 
 445      F696C4EB 
 445      DA67AE
 446 0612 8EDA9A9C 		.ascii	"\216\332\232\234z\306\276\250\206+w\015\246\277t\230"
 446      7AC6BEA8 
 446      862B770D 
 446      A6BF7498 
 447 0622 BEA1EB5A 		.ascii	"\276\241\353ZL\323\265\231\356\322d\332\256q\350\271"
 447      4CD3B599 
 447      EED264DA 
 447      AE71E8B9 
 448 0632 5EB69796 		.ascii	"^\266\227\226\3532=\246\343X\331x\177k\351-\\\330\304"
 448      EB323DA6 
 448      E358D978 
 448      7F6BE92D 
 448      5CD8C4
 449 0645 B8A95561 		.ascii	"\270\251Ua\213bC\225\340\233\223\2736\266\266+O\322"
 449      8B624395 
 449      E09B93BB 
 449      36B6B62B 
 449      4FD2
 450 0657 296EA994 		.ascii	")n\251\22471(^b\220\241\256\331\224Xfh\274V\353'a\032"
 450      3731285E 
 450      6290A1AE 
 450      D9945866 
 450      68BC56EB 
 451 066e AFB1B05C 		.ascii	"\257\261\260\\\031\015oV\240da[\203cK\3434*lV\032\257"
 451      190D6F56 
 451      A064615B 
ARM GAS  C:\Users\PUBLIC~1.LAP\AppData\Local\Temp\ccfo1vsf.s 			page 35


 451      83634BE3 
 451      342A6C56 
 452 0684 A394CD05 		.ascii	"\243\224\315\005\201X\202\375\370BQ_\227v\350\014\303"
 452      815882FD 
 452      F842515F 
 452      9776E80C 
 452      C3
 453 0695 2627139E 		.ascii	"&'\023\236t\234R;\242\246l\014\235t\000}\030R1\234\242"
 453      749C523B 
 453      A2A66C0C 
 453      9D74007D 
 453      1852319C 
 454 06aa 21A5A269 		.ascii	"!\245\242i\304kD=I\331\030>\345x\262/\202J\301\303i"
 454      C46B443D 
 454      49D9183E 
 454      E578B22F 
 454      824AC1C3 
 455 06bf 38155563 		.ascii	"8\025Uc\347P)\036\030\001j\212\206\375\212\2409l\012"
 455      E750291E 
 455      18016A8A 
 455      86FD8AA0 
 455      396C0A
 456 06d2 41070DA8 		.ascii	"A\007\015\250\236a\223\223\007QPQOv\330\344\301S\324"
 456      9E619393 
 456      07515051 
 456      4F76D8E4 
 456      C153D4
 457 06e5 D3CE0C61 		.ascii	"\323\316\014a\005\302\036Tx\324\302h\206\320\002{\004"
 457      05C21E54 
 457      78D4C268 
 457      86D0027B 
 457      04
 458 06f6 44854BC2 		.ascii	"D\205K\302\243\212\"\011\217\352\320\321\013\035T\030"
 458      A38A2209 
 458      8FEAD0D1 
 458      0B1D5418 
 459 0706 23861210 		.ascii	"#\206\022\020=z\241\003\203\305\211\036\275\030\012"
 459      3D7AA103 
 459      83C5891E 
 459      BD180A
 460 0715 A242610B 		.ascii	"\242Ba\013%\026:LK\025\010\353P\020]\022*\265PbaQ!\322"
 460      25163A4C 
 460      4B1508EB 
 460      50105D12 
 460      2AB55062 
 461 072d 120C202A 		.ascii	"\022\014 *db\201\264\004C\207\310\310\003*T\212Qm<}"
 461      646281B4 
 461      044387C8 
 461      C8032A54 
 461      8A516D3C 
 462 0742 90234A18 		.ascii	"\220#J\030\203\205\222\007\340\013\026=\350\322\222"
 462      83859207 
 462      E00B163D 
 462      E8D292
 463 0751 8B3AE4E2 		.ascii	"\213:\344\342\002\324\305\222\013\324\262h!4R:\322A"
 463      02D4C592 
 463      0BD4B268 
ARM GAS  C:\Users\PUBLIC~1.LAP\AppData\Local\Temp\ccfo1vsf.s 			page 36


 463      2134523A 
 463      D241
 464 0763 8F5E0879 		.ascii	"\217^\010y(\035\351|\340d\344$U\002SS\317o\250\260\341"
 464      281DE97C 
 464      E064E424 
 464      55025353 
 464      CF6FA8B0 
 465 0778 34D5F401 		.ascii	"4\325\364\001Q\321\360\206\020\017\007V\004_\020\025"
 465      51D1F086 
 465      100F0756 
 465      045F1015 
 466 0788 31C15842 		.ascii	"1\301XBZ\262@(4\344\341$\224#\012\012*\252\006\006("
 466      5AB24028 
 466      34E4E124 
 466      94230A0A 
 466      2AAA0606 
 467 079d DAA81045 		.ascii	"\332\250\020E2\002\242.d Ut\206\222\211\032%\231\350"
 467      3202A22E 
 467      64205574 
 467      8692891A 
 467      2599E8
 468 07b0 05A85145 		.ascii	"\005\250QE\201\250\014$\243\2122\315H2\002\242\350\222"
 468      81A80C24 
 468      A38A32CD 
 468      483202A2 
 468      E892
 469 07c2 F91B4AC3 		.ascii	"\371\033J\303&\242\242\243\027BSj\307\320"
 469      26A2A2A3 
 469      1742536A 
 469      C7D0
 470 07d0 4947D30E 		.ascii	"IG\323\016\212dd\272\220\201d\316Pj#\2456J\352\013P"
 470      8A6464BA 
 470      908164CE 
 470      506A23A5 
 470      364AEA0B 
 471 07e5 23B30261 		.ascii	"#\263\002aR\214:lZ\021\034\346x\332a\377@PHb\206\214"
 471      528C3A6C 
 471      5A111CE6 
 471      78DA61FF 
 471      40504862 
 472 07fb 235B4385 		.ascii	"#[C\205\0078p4\341\240!\325\024\034!\011I\351H\310("
 472      07387034 
 472      E1A021D5 
 472      141C2109 
 472      49E948C8 
 473 0810 460C21A2 		.ascii	"F\014!\242\"&\030B:\206SQRB8h\334\020\322\021%\324\301"
 473      22261842 
 473      3A865351 
 473      52423868 
 473      DC10D211 
 474 0827 D3D43047 		.ascii	"\323\3240G\2240\305R\322S\007O7\204\033\254 \012JA9"
 474      9430C552 
 474      D253074F 
 474      37841BAC 
 474      200A4A41 
 475 083c 0D3728E1 		.ascii	"\0157(\341\306\216'\034M4\206\2066\210\300(\211iF\222"
 475      C68E271C 
ARM GAS  C:\Users\PUBLIC~1.LAP\AppData\Local\Temp\ccfo1vsf.s 			page 37


 475      4D348686 
 475      3688C028 
 475      89694692 
 476 0850 F9DF1452 		.ascii	"\371\337\024R\365f\215\021\252\256c\304\300$\251!\210"
 476      F5668D11 
 476      AAAE63C4 
 476      C024A921 
 476      88
 477 0861 A965650C 		.ascii	"\251ee\014\027\273\256&\013\246\027+Og~\371 9\2133N"
 477      17BBAE26 
 477      0BA6172B 
 477      4F677EF9 
 477      20398B33 
 478 0876 B1E7D39D 		.ascii	"\261\347\323\235\356\3545 \352\312P\351\352j\"M\244"
 478      EEEC3520 
 478      EACA50E9 
 478      EA6A224D 
 478      A4
 479 0887 D9752AF3 		.ascii	"\331u*\363\372\334T\270\331\305\263'D\015\223\256\346"
 479      FADC54B8 
 479      D9C5B327 
 479      440D93AE 
 479      E6
 480 0898 0F934A27 		.ascii	"\017\223J'\215\217%h]M\256\206\003\364q\365u\326:|\350"
 480      8D8F2568 
 480      5D4DAE86 
 480      03F471F5 
 480      75D63A7C 
 481 08ad 131366F6 		.ascii	"\023\023f\366\202\2652\267\254L\255\363\336N\223bH\363"
 481      82B532B7 
 481      AC4CADF3 
 481      DE4E9362 
 481      48F3
 482 08bf F8A3A9C5 		.ascii	"\370\243\251\305\027y\257\221\022\330\302\364\256\227"
 482      1779AF91 
 482      12D8C2F4 
 482      AE97
 483 08cd D7099E2F 		.ascii	"\327\011\236/Cb\230\313\272\251\345\3275'i\372\330Y"
 483      436298CB 
 483      BAA9E5D7 
 483      352769FA 
 483      D859
 484 08df BB7B72C4 		.ascii	"\273{r\304\007\226\316\032&F\262\253f\222\276\331c\313"
 484      0796CE1A 
 484      2646B2AB 
 484      6692BED9 
 484      63CB
 485 08f1 BB3AC5EC 		.ascii	"\273:\305\354\3178\275\303[\316\345\230U\366\336[\014"
 485      CF38BDC3 
 485      5BCEE598 
 485      55F6DE5B 
 485      0C
 486 0902 81CBA8E1 		.ascii	"\201\313\250\3410\207\02023\"\"\"2\222$I\007A\005\204"
 486      30871032 
 486      33222222 
 486      32922449 
 486      07410584 
ARM GAS  C:\Users\PUBLIC~1.LAP\AppData\Local\Temp\ccfo1vsf.s 			page 38


 487 0916 2007A52C 		.ascii	" \007\245,z\022\240\004A\015#m\204$IQYu\012\313\032"
 487      7A12A004 
 487      410D236D 
 487      84244951 
 487      59750ACB 
 488 092b BD86D1B3 		.ascii	"\275\206\321\263A\201\246\312\202\311\020<\2078M\357"
 488      4181A6CA 
 488      82C9103C 
 488      87384DEF 
 489 093b 9BFC4389 		.ascii	"\233\374C\211Y#>\026p\352\031J\302-\361{}\030\301\343"
 489      59233E16 
 489      70EA194A 
 489      C22DF17B 
 489      7D18C1E3 
 490 094f 6A46729A 		.ascii	"jFr\232\364\023-\230\006OI;\2500\336u\312\3622\321H"
 490      F4132D98 
 490      064F493B 
 490      A830DE75 
 490      CAF232D1 
 491 0964 9D670499 		.ascii	"\235g\004\231?B*\230\312^\262wM\372M\354\277t#O\343"
 491      3F422A98 
 491      CA5EB277 
 491      4DFA4DEC 
 491      BF74234F 
 492 0979 693BAAE4 		.ascii	"i;\252\344A\364(\267\310W\207\370\363W\235p\250\354"
 492      41F428B7 
 492      C85787F8 
 492      F3579D70 
 492      A8EC
 493 098b 24A6C1A1 		.ascii	"$\246\301\241L\230\342'\332\0132=c%\355(\235\031\261"
 493      4C98E227 
 493      DA0B323D 
 493      6325ED28 
 493      9D19B1
 494 099e DE82B932 		.ascii	"\336\202\2712\027q\202\327\363=\351)\0000\274\260\233"
 494      177182D7 
 494      F33DE929 
 494      0030BCB0 
 494      9B
 495 09af A3910A29 		.ascii	"\243\221\012)\027\355\371\337\030\011\031\2171.\244"
 495      17EDF9DF 
 495      1809198F 
 495      312EA4
 496 09be F57A55EE 		.ascii	"\365zU\356\255\305{\316\306\200*v(P^\245\360:@ \034"
 496      ADC57BCE 
 496      C6802A76 
 496      28505EA5 
 496      F03A4020 
 497 09d3 40E85B36 		.ascii	"@\350[6\230-g\375\372](\003\320\177\017>\261@hY\243"
 497      982D67FD 
 497      FA5D2803 
 497      D07F0F3E 
 497      B1406859 
 498 09e8 856D2C50 		.ascii	"\205m,P\254\312f\200\226O\277\361\210^r\247\0037\371"
 498      ACCA6680 
 498      964FBFF1 
 498      885E72A7 
ARM GAS  C:\Users\PUBLIC~1.LAP\AppData\Local\Temp\ccfo1vsf.s 			page 39


 498      0337F9
 499 09fb DE37D128 		.ascii	"\3367\321(!E\322b|x\260\015\315'b\356;\241\027SN\245"
 499      2145D262 
 499      7C78B00D 
 499      CD2762EE 
 499      3BA11753 
 500 0a11 DB0CA226 		.ascii	"\333\014\242&v\177\306s\252X\351e;E\303\210\315\361"
 500      767FC673 
 500      AA58E965 
 500      3B45C388 
 500      CDF1
 501 0a23 950DB7B9 		.ascii	"\225\015\267\2718&\202\244<\"\223\205Y\227_Z\002\362"
 501      382682A4 
 501      3C229385 
 501      59975F5A 
 501      02F2
 502 0a35 48F05928 		.ascii	"H\360Y(\217\350\335\020P\367\005.kE\365\227\017\235"
 502      8FE8DD10 
 502      50F7052E 
 502      6B45F597 
 502      0F9D
 503 0a47 C540FF00 		.ascii	"\305@\377\000\333-,\235\374z\263\226VE|h \317G\224\377"
 503      DB2D2C9D 
 503      FC7AB396 
 503      56457C68 
 503      20CF4794 
 504 0a5c B5E4F735 		.ascii	"\265\344\3675\010I\267\307\201\213\222\336\017Q\322"
 504      0849B7C7 
 504      818B92DE 
 504      0F51D2
 505 0a6b 7969E55A 		.ascii	"yi\345Z\366\0016X\300\0248%\250\004\\u}\377T\262F1\340"
 505      F6013658 
 505      C0143825 
 505      A8045C75 
 505      7DFF54B2 
 506 0a82 9E468FFA 		.ascii	"\236F\217\372\244Z.\241\245\226\242\275\365?\322*\364"
 506      A45A2EA1 
 506      A596A2BD 
 506      F53FD22A 
 506      F4
 507 0a93 96DE5953 		.ascii	"\226\336YS\224H\031\300\001\341\000\257\353\254?e\323"
 507      944819C0 
 507      01E100AF 
 507      EBAC3F65 
 507      D3
 508 0aa4 DB0652F1 		.ascii	"\333\006R\361ii\3045Q\020>P~Sf\271\005M^\033l\012dI"
 508      6969C435 
 508      51103E50 
 508      7E5366B9 
 508      054D5E1B 
 509 0abc 32C7FA9C 		.ascii	"2\307\372\234\374\027\033\200\363\220g\3624\372\247"
 509      FC171B80 
 509      F39067F2 
 509      34FAA7
 510 0acb 07138C04 		.ascii	"\007\023\214\004\364Kv\006\335\267\201\243w<<_}8\375"
 510      F44B7606 
 510      DDB781A3 
ARM GAS  C:\Users\PUBLIC~1.LAP\AppData\Local\Temp\ccfo1vsf.s 			page 40


 510      773C3C5F 
 510      7D38FD
 511 0ade 362ED993 		.ascii	"6.\331\223@\270-\376w\221\263n@R\305)\220\226\306Rt"
 511      40B82DFE 
 511      7791B36E 
 511      4052C529 
 511      9096C652 
 512 0af3 1CEDDDA5 		.ascii	"\034\355\335\245p4V\362\323y\375\2649\334\234\245\312"
 512      703456F2 
 512      D379FDB4 
 512      39DC9CA5 
 512      CA
 513 0b04 033E07AF 		.ascii	"\003>\007\257\360$\252\031\006\262\236\231\276s\244"
 513      F024AA19 
 513      06B29E99 
 513      BE73A4
 514 0b13 70C2A1A7 		.ascii	"p\302\241\247\301C\302_\257\214KW\023>\010&yLQj\021"
 514      C143C25F 
 514      AF8C4B57 
 514      133E0826 
 514      794C516A 
 515 0b28 458253D0 		.ascii	"E\202S\320u;C\350x@I\022\031\010zW\2448\233e\266s\237"
 515      753B43E8 
 515      78404912 
 515      19087A57 
 515      A4389B65 
 516 0b3f E239122E 		.ascii	"\3429\022.\245\364\"\206\215\037\343k\013\274\333\267"
 516      A5F42286 
 516      8D1FE36B 
 516      0BBCDBB7 
 517 0b4f 1931CA02 		.ascii	"\0311\312\002\013\310)K\363\271\337P\037<&n\031\326"
 517      0BC8294B 
 517      F3B9DF50 
 517      1F3C266E 
 517      19D6
 518 0b61 0C70006B 		.ascii	"\014p\000kR\016?\0220\252\341.]\361i\321\252\010\014"
 518      520E3F12 
 518      30AAE12E 
 518      5DF169D1 
 518      AA080C
 519 0b74 F88927FA 		.ascii	"\370\211'\372\031\022\237)\010\027\004!\207WN\202\317"
 519      19129F29 
 519      08170421 
 519      87574E82 
 519      CF
 520 0b85 40534C0F 		.ascii	"@SL\017\307\011\335\200\304D\012\177C<\224\036Yk@\325"
 520      C709DD80 
 520      C4440A7F 
 520      433C941E 
 520      596B40D5 
 521 0b99 EA8A8B72 		.ascii	"\352\212\213r\007m\005dy+\323\265\010\355\233\037%\000"
 521      076D0564 
 521      792BD3B5 
 521      08ED9B1F 
 521      2500
 522 0bab FD5349BF 		.ascii	"\375SI\277\252\340\321f}\015`\3274|i$\003\304\371\007"
 522      AAE0D166 
ARM GAS  C:\Users\PUBLIC~1.LAP\AppData\Local\Temp\ccfo1vsf.s 			page 41


 522      7D0D60D7 
 522      347C6924 
 522      03C4F907 
 523 0bbf 16E7B4C0 		.ascii	"\026\347\264\300\366J\234\304\361\003\3759I\230T>XN"
 523      F64A9CC4 
 523      F103FD39 
 523      4998543E 
 523      584E
 524 0bd1 67F193FE 		.ascii	"g\361\223\376\032e\001\002a\022 \0026p\241\323G%H\316"
 524      1A650102 
 524      61122002 
 524      3670A1D3 
 524      472548CE 
 525 0be5 CC966B2D 		.ascii	"\314\226k-\021\332\211\317\024\303^\272yo\200\362\323"
 525      11DA89CF 
 525      14C35EBA 
 525      796F80F2 
 525      D3
 526 0bf6 5A7A5998 		.ascii	"ZzY\230~oXI\220\266\324\006\223U(\035p\017\343\344\024"
 526      7E6F5849 
 526      90B6D406 
 526      9355281D 
 526      700FE3E4 
 527 0c0b A616C267 		.ascii	"\246\026\302g\022\005\017\210\016\304C\003\241\316y"
 527      12050F88 
 527      0EC44303 
 527      A1CE79
 528 0c1a 0935D7CC 		.ascii	"\0115\327\314\320\034|\200\270\210\024\244\246\214\323"
 528      D01C7C80 
 528      B88814A4 
 528      A68CD3
 529 0c29 47086C52 		.ascii	"G\010lR\346\211\336\260\271J\352/\377'\353\235\360\027"
 529      E689DEB0 
 529      B94AEA2F 
 529      FF27EB9D 
 529      F017
 530 0c3b FB953C74 		.ascii	"\373\225<t\337\341\363\023\316Y\357\214=\371\317\017"
 530      DFE1F313 
 530      CE59EF8C 
 530      3DF9CF0F 
 531 0c4b F80FCC2F 		.ascii	"\370\017\314/8{\327<\002\315;\260\216\374Gn\370\213"
 531      387BD73C 
 531      02CD3BB0 
 531      8EFC476E 
 531      F88B
 532 0c5d 72637305 		.ascii	"rcs\005\363#\260\325\2073A\377\362g\376\224\367\340"
 532      F323B0D5 
 532      873341FF 
 532      F267FE94 
 532      F7E0
 533 0c6f EF8670E0 		.ascii	"\357\206p\340X\236\361\331\020\000\231R\370X\374\313"
 533      589EF1D9 
 533      10009952 
 533      F858FCCB 
 534 0c7f 6D14173F 		.ascii	"m\024\027?\017f\372H\017\313\255\000\307\202\012\253"
 534      0F66FA48 
 534      0FCBAD00 
ARM GAS  C:\Users\PUBLIC~1.LAP\AppData\Local\Temp\ccfo1vsf.s 			page 42


 534      C7820AAB 
 535              		.text
 536              		.section	.gnu.lto_.symtab.83ad74f9,"e",%progbits
 537 0000 5F70616C 		.ascii	"_pal_lld_init\000"
 537      5F6C6C64 
 537      5F696E69 
 537      7400
 538 000e 00       		.ascii	"\000"
 539 000f 00       		.ascii	"\000"
 540 0010 00       		.ascii	"\000"
 541 0011 00000000 		.ascii	"\000\000\000\000\000\000\000\000"
 541      00000000 
 542 0019 8D010000 		.ascii	"\215\001\000\000"
 543 001d 5F70616C 		.ascii	"_pal_lld_setgroupmode\000"
 543      5F6C6C64 
 543      5F736574 
 543      67726F75 
 543      706D6F64 
 544 0033 00       		.ascii	"\000"
 545 0034 00       		.ascii	"\000"
 546 0035 00       		.ascii	"\000"
 547 0036 00000000 		.ascii	"\000\000\000\000\000\000\000\000"
 547      00000000 
 548 003e 94010000 		.ascii	"\224\001\000\000"
 549              		.text
 550              		.section	.gnu.lto_.ext_symtab.83ad74f9,"e",%progbits
 551 0000 01       		.ascii	"\001"
 552 0001 01       		.ascii	"\001"
 553 0002 00       		.ascii	"\000"
 554 0003 01       		.ascii	"\001"
 555 0004 00       		.ascii	"\000"
 556              		.text
 557              		.section	.gnu.lto_.opts,"e",%progbits
 558 0000 272D666E 		.ascii	"'-fno-openmp' '-fno-openacc' '-fno-pie' '-fcf-prote"
 558      6F2D6F70 
 558      656E6D70 
 558      2720272D 
 558      666E6F2D 
 559 0033 6374696F 		.ascii	"ction=none' '-mcpu=cortex-m3' '-mthumb' '-mfloat-ab"
 559      6E3D6E6F 
 559      6E652720 
 559      272D6D63 
 559      70753D63 
 560 0066 693D736F 		.ascii	"i=soft' '-mlibarch=armv7-m' '-march=armv7-m' '-Os' "
 560      66742720 
 560      272D6D6C 
 560      69626172 
 560      63683D61 
 561 0099 272D666F 		.ascii	"'-fomit-frame-pointer' '-falign-functions=16' '-ffu"
 561      6D69742D 
 561      6672616D 
 561      652D706F 
 561      696E7465 
 562 00cc 6E637469 		.ascii	"nction-sections' '-fdata-sections' '-fno-common' '-"
 562      6F6E2D73 
 562      65637469 
 562      6F6E7327 
ARM GAS  C:\Users\PUBLIC~1.LAP\AppData\Local\Temp\ccfo1vsf.s 			page 43


 562      20272D66 
 563 00ff 666C746F 		.ascii	"flto' '-Xassembler' '-alms=./build/lst/hal_pal_lld."
 563      2720272D 
 563      58617373 
 563      656D626C 
 563      65722720 
 564 0132 6C737427 		.ascii	"lst'\000"
 564      00
 565              		.text
 566              		.comm	__gnu_lto_slim,1,1
 567              		.ident	"GCC: (GNU) 12.2.0"
ARM GAS  C:\Users\PUBLIC~1.LAP\AppData\Local\Temp\ccfo1vsf.s 			page 44


DEFINED SYMBOLS
                            *ABS*:00000000 hal_pal_lld.c
                            *COM*:00000001 __gnu_lto_slim

NO UNDEFINED SYMBOLS
