ARM GAS  C:\Users\PUBLIC~1.LAP\AppData\Local\Temp\ccXQTTG1.s 			page 1


   1              		.cpu cortex-m3
   2              		.arch armv7-m
   3              		.fpu softvfp
   4              		.eabi_attribute 20, 1
   5              		.eabi_attribute 21, 1
   6              		.eabi_attribute 23, 3
   7              		.eabi_attribute 24, 1
   8              		.eabi_attribute 25, 1
   9              		.eabi_attribute 26, 1
  10              		.eabi_attribute 30, 4
  11              		.eabi_attribute 34, 1
  12              		.eabi_attribute 18, 4
  13              		.file	"hal_flash.c"
  14              		.section	.gnu.lto_.profile.83ac8d04,"e",%progbits
  15 0000 28B52FFD 		.ascii	"(\265/\375 \022\221\000\000\016\000\000\000\000\006"
  15      20129100 
  15      000E0000 
  15      000006
  16 000f 00000100 		.ascii	"\000\000\001\000\002\000\003\000\004\000\005\000"
  16      02000300 
  16      04000500 
  17              		.text
  18              		.section	.gnu.lto_.icf.83ac8d04,"e",%progbits
  19 0000 28B52FFD 		.ascii	"(\265/\375 \250\015\003\000\244\004\234\000\006\000"
  19      20A80D03 
  19      00A4049C 
  19      000600
  20 000f E1A9D5E5 		.ascii	"\341\251\325\345\002\012\002\000\002\001\002\002\002"
  20      020A0200 
  20      02010202 
  20      02
  21 001c 03020401 		.ascii	"\003\002\004\001\247\243\246\254\006\005\002\003\002"
  21      A7A3A6AC 
  21      06050203 
  21      02
  22 0029 06020702 		.ascii	"\006\002\007\002\004\002\010\002\004\002\007\002\376"
  22      04020802 
  22      04020702 
  22      FE
  23 0036 CD93D201 		.ascii	"\315\223\322\001\003\255\336\214\371\003\016\004\002"
  23      03ADDE8C 
  23      F9030E04 
  23      02
  24 0043 0704C889 		.ascii	"\007\004\310\211\224\234\010\006\011\002\007\005\263"
  24      949C0806 
  24      09020705 
  24      B3
  25 0050 A3879F0F 		.ascii	"\243\207\237\017\000\010\0006\347\004\270`W\003\000"
  25      00080036 
  25      E704B860 
  25      570300
  26 005f 89093EF3 		.ascii	"\211\011>\3639\212\334\016\033h\003"
  26      398ADC0E 
  26      1B6803
  27              		.text
  28              		.section	.gnu.lto_.ipa_sra.83ac8d04,"e",%progbits
  29 0000 28B52FFD 		.ascii	"(\265/\375 \237\355\001\000\244\002\223\000\006\000"
ARM GAS  C:\Users\PUBLIC~1.LAP\AppData\Local\Temp\ccXQTTG1.s 			page 2


  29      209FED01 
  29      00A40293 
  29      000600
  30 000f 01000000 		.ascii	"\001\000\000\000\004\003\000\001\002\001\200\004\000"
  30      04030001 
  30      02018004 
  30      00
  31 001c 01020102 		.ascii	"\001\002\001\002\003\002\000\000\004\001\004\004\006"
  31      03020000 
  31      04010404 
  31      06
  32 0029 00000000 		.ascii	"\000\000\000\000\003\001\002\003\004\002\005\000\007"
  32      03010203 
  32      04020500 
  32      07
  33 0036 00004450 		.ascii	"\000\000DP3\000\012Op\003\205C0\352\006\332"
  33      33000A4F 
  33      70038543 
  33      30EA06DA 
  34              		.text
  35              		.section	.gnu.lto_.inline.83ac8d04,"e",%progbits
  36 0000 28B52FFD 		.ascii	"(\265/\375`\346\000]\006\000\302J%-`-L:P\214k\337J\343"
  36      60E6005D 
  36      0600C24A 
  36      252D602D 
  36      4C3A508C 
  37 0018 5323C08D 		.ascii	"S#\300\215\240\270\335\355\022E\320lv\013\010\243a\377"
  37      A0B8DDED 
  37      1245D06C 
  37      760B08A3 
  37      61FF
  38 002a 11310CC3 		.ascii	"\0211\014\303\206\011\313\264\253\002\325\2064B\344"
  38      8609CBB4 
  38      AB02D586 
  38      3442E4
  39 0039 4E01BF14 		.ascii	"N\001\277\024\261\311\323\242\212d\246\300\256\341\275"
  39      B1C9D3A2 
  39      8A64A6C0 
  39      AEE1BD
  40 0048 54068B9A 		.ascii	"T\006\213\232\020\034\216R),j:\270\025$\303 \006$\260"
  40      101C8E52 
  40      292C6A3A 
  40      B81524C3 
  40      200624B0 
  41 005c 4A83B933 		.ascii	"J\203\2713+;\315\260j\243\273\335u\360\351{\250ef\026"
  41      2B3BCDB0 
  41      6AA3BBDD 
  41      75F0E97B 
  41      A8656616 
  42 0070 247F40DB 		.ascii	"$\177@\333\255x\307\250MT\031\037\315\210\257`\364\261"
  42      AD78C7A8 
  42      4D54191F 
  42      CD88AF60 
  42      F4B1
  43 0082 79273CE0 		.ascii	"y'<\340\343\322\377^\250E\214\\\027\000\257\320\364"
  43      E3D2FF5E 
  43      A8458C5C 
ARM GAS  C:\Users\PUBLIC~1.LAP\AppData\Local\Temp\ccXQTTG1.s 			page 3


  43      1700AFD0 
  43      F4
  44 0093 70E020E8 		.ascii	"p\340 \350\343B+.\213\020\003\367\033;\002\024\000\256"
  44      E3422B2E 
  44      8B1003F7 
  44      1B3B0214 
  44      00AE
  45 00a5 C251F018 		.ascii	"\302Q\360\030\300\342\004\007\214\214\240\335\204\340"
  45      C0E20407 
  45      8C8CA0DD 
  45      84E0
  46 00b3 04772AE3 		.ascii	"\004w*\343\000\315\264\004\210t8\313\027\337\250a\260"
  46      00CDB404 
  46      887438CB 
  46      17DFA861 
  46      B0
  47 00c4 ADC27F29 		.ascii	"\255\302\177)r\335U\202a,\266\013Nk\012\340\006"
  47      72DD5582 
  47      612CB60B 
  47      4E6B0AE0 
  47      06
  48              		.text
  49              		.section	.gnu.lto_.jmpfuncs.83ac8d04,"e",%progbits
  50 0000 28B52FFD 		.ascii	"(\265/\375 \376\315\002\000R\004\016\027\300%\035@\347"
  50      20FECD02 
  50      0052040E 
  50      17C0251D 
  50      40E7
  51 0012 FFAEFFDF 		.ascii	"\377\256\377\337\275\257\377\377\367'\255\262`\267M"
  51      BDAFFFFF 
  51      F727ADB2 
  51      60B74D
  52 0021 64920114 		.ascii	"d\222\001\024\000\032F\213\361\246Q\203\332\235|/f\352"
  52      001A468B 
  52      F1A65183 
  52      DA9D7C2F 
  52      66EA
  53 0033 4DF58246 		.ascii	"M\365\202FDrw7\035Ng\262\367\361,\022\001\015\000@\011"
  53      44727737 
  53      1D4E67B2 
  53      F7F12C12 
  53      010D0040 
  54 0048 280EE00C 		.ascii	"(\016\340\014(\001\305%\012\011\260+*\035\252\232\010"
  54      2801C525 
  54      0A09B02B 
  54      2A1DAA9A 
  54      08
  55 0059 82CCDC40 		.ascii	"\202\314\334@7\221\333\000\026"
  55      3791DB00 
  55      16
  56              		.text
  57              		.section	.gnu.lto_.pureconst.83ac8d04,"e",%progbits
  58 0000 28B52FFD 		.ascii	"(\265/\375 \027\271\000\000\023\000\000\000\006\000"
  58      2017B900 
  58      00130000 
  58      000600
  59 000f B9040199 		.ascii	"\271\004\001\231\004\002\231\004\003\231\004\004\231"
ARM GAS  C:\Users\PUBLIC~1.LAP\AppData\Local\Temp\ccXQTTG1.s 			page 4


  59      04029904 
  59      03990404 
  59      99
  60 001c 04059904 		.ascii	"\004\005\231\004"
  61              		.text
  62              		.section	.gnu.lto_.ipa_modref.83ac8d04,"e",%progbits
  63 0000 28B52FFD 		.ascii	"(\265/\375`1\0005\003\000\242\004\017\033\2405\351\377"
  63      60310035 
  63      0300A204 
  63      0F1BA035 
  63      E9FF
  64 0012 FF0F5655 		.ascii	"\377\017VUUUUUEF\374\177\333\246\356~\270\2735\262\223"
  64      55555555 
  64      4546FC7F 
  64      DBA6EE7E 
  64      B8BB35B2 
  65 0027 4C010A80 		.ascii	"L\001\012\200W\347\246\012\015|\231\347\262C\273\342"
  65      57E7A60A 
  65      0D7C99E7 
  65      B243BBE2 
  66 0037 5576C951 		.ascii	"Uv\311Q\011\201o\344y\234\222\316YO\343\035\\ \021\000"
  66      09816FE4 
  66      799C92CE 
  66      594FE31D 
  66      5C201100 
  67 004b 01144E0D 		.ascii	"\001\024N\015\003\353\204\220\2143{\261\000{u(\006\227"
  67      03EB8490 
  67      8C337BB1 
  67      007B7528 
  67      0697
  68 005d C4611CC0 		.ascii	"\304a\034\300X\300\274Z\011\327\250\354\223:\006,.\300"
  68      58C0BC5A 
  68      09D7A8EC 
  68      933A062C 
  68      2EC0
  69 006f 10       		.ascii	"\020"
  70              		.text
  71              		.section	.gnu.lto_.lto.83ac8d04,"e",%progbits
  72 0000 0C000000 		.ascii	"\014\000\000\000\001\000\001\000"
  72      01000100 
  73              		.text
  74              		.section	.gnu.lto_flashWaitErase.312.83ac8d04,"e",%progbits
  75 0000 28B52FFD 		.ascii	"(\265/\375`T\002%\024\000\326'\213I\300RN:S(|\253\315"
  75      60540225 
  75      1400D627 
  75      8B49C052 
  75      4E3A5328 
  76 0017 B04B86AE 		.ascii	"\260K\206\256\000\322\264\3415\024\235\371\335\241\211"
  76      00D2B4E1 
  76      35149DF9 
  76      DDA189
  77 0026 7D848905 		.ascii	"}\204\211\005\212\032\350\3127I\217\320\312Y\016\266"
  77      8A1AE8CA 
  77      37498FD0 
  77      CA590EB6 
  78 0036 22F3CB12 		.ascii	"\"\363\313\022\303\322;\000\330cP\03305\2351\244L\376"
  78      C3D23B00 
ARM GAS  C:\Users\PUBLIC~1.LAP\AppData\Local\Temp\ccXQTTG1.s 			page 5


  78      D863501B 
  78      30359D31 
  78      A44CFE
  79 0049 89FB0D07 		.ascii	"\211\373\015\007$\254-\374\204\020B\344N)s\000q\000"
  79      24AC2DFC 
  79      841042E4 
  79      4E297300 
  79      7100
  80 005b 7500E48D 		.ascii	"u\000\344\215\335zx[\307n\331\236\323\276\322y:_\302"
  80      DD7A785B 
  80      C76ED99E 
  80      D3BED279 
  80      3A5FC2
  81 006e 31C82ED3 		.ascii	"1\310.\323\014\252\335\262\304*\344\303\221\017\020"
  81      0CAADDB2 
  81      C42AE4C3 
  81      910F10
  82 007d 1F821720 		.ascii	"\037\202\027 >DQ\240\343\334\313\011J!z.z\354\2260\035"
  82      3E4451A0 
  82      E3DCCB09 
  82      4A217A2E 
  82      7AEC9630 
  83 0092 619DB987 		.ascii	"a\235\271\207\240\316\234\177\0267\020\224\245K*z\310"
  83      A0CE9C7F 
  83      16371094 
  83      A54B2A7A 
  83      C8
  84 00a3 6264A5DB 		.ascii	"bd\245\333\355\034\004W\256~U!\273\037p\374\0312q\247"
  84      ED1C0457 
  84      AE7E5521 
  84      BB1F70FC 
  84      193271A7 
  85 00b7 4F0F3B9F 		.ascii	"O\017;\237\251\000vE\237c\203\335\365\324\355>\334\342"
  85      A9007645 
  85      9F6383DD 
  85      F5D4ED3E 
  85      DCE2
  86 00c9 6DC76CE7 		.ascii	"m\307l\347\330\023&\005\222\240x=\236\211e\227=\007"
  86      D8132605 
  86      92A0783D 
  86      9E896597 
  86      3D07
  87 00db 77775591 		.ascii	"wwU\221\374\271B\342\352g=\262_/o\327\227\376\3268M"
  87      FCB942E2 
  87      EA673DB2 
  87      5F2F6FD7 
  87      97FED638 
  88 00f0 92D32339 		.ascii	"\222\323#9-\222\323!9\015\216\323*N\317p\372\"\021x"
  88      2D92D321 
  88      390D8ED3 
  88      2A4ECF70 
  88      FA221178 
  89 0104 376EB563 		.ascii	"7n\265cw(\353\307\322\010\253N\274\367\227\237\366\375"
  89      7728EBC7 
  89      D208AB4E 
  89      BCF7979F 
  89      F6FD
ARM GAS  C:\Users\PUBLIC~1.LAP\AppData\Local\Temp\ccXQTTG1.s 			page 6


  90 0116 16F7DDFC 		.ascii	"\026\367\335\374\311-RJ\273{&\277\351N~\231#\027E\210"
  90      C92D524A 
  90      BB7B26BF 
  90      E94E7E99 
  90      23174588 
  91 012a CE0687DF 		.ascii	"\316\006\207\337n\351\300=\033r\207\350\025\344\353"
  91      6EE9C03D 
  91      1B7287E8 
  91      15E4EB
  92 0139 F0DBA53A 		.ascii	"\360\333\245:\360\320,\001$\"\250\241\036(E\317\304"
  92      F0D02C01 
  92      2422A8A1 
  92      1E2845CF 
  92      C4
  93 014a B22AA80F 		.ascii	"\262*\250\017\302\322\026)\236\221F\311\370\331\205"
  93      C2D21629 
  93      9E9146C9 
  93      F8D985
  94 0159 8A645BD2 		.ascii	"\212d[\322\224\272\364\245:\333/\035\341Q\036\333\200"
  94      94BAF4A5 
  94      3ADB2F1D 
  94      E1511EDB 
  94      80
  95 016a BB2218BC 		.ascii	"\273\"\030\274w\255\021\305\373=\201\212\344?'\272\224"
  95      77AD11C5 
  95      FB3D818A 
  95      E43F27BA 
  95      94
  96 017b 80D00A9F 		.ascii	"\200\320\012\237\016\237\351\303\257\371\2477\311t-"
  96      0E9FE9C3 
  96      AFF9A737 
  96      C9742D
  97 018a F554978E 		.ascii	"\365T\227\216\374\350\332\236=F\006r\327'\305\207\221"
  97      FCE8DA9E 
  97      3D460672 
  97      D727C587 
  97      91
  98 019b 53AB111F 		.ascii	"S\253\021\037N\0051\314\241j\310\335M\361_\320b\310"
  98      4E0531CC 
  98      A16AC8DD 
  98      4DF15FD0 
  98      62C8
  99 01ad 120F7D1C 		.ascii	"\022\017}\034\361\341\365N\017\246\231\330b8\031\230"
  99      F1E1F54E 
  99      0FA699D8 
  99      62381998 
 100 01bd ADA6A184 		.ascii	"\255\246\241\204\346\006\263\305p2*\267\333Le3\\\014"
 100      E606B3C5 
 100      70322AB7 
 100      DB4C6533 
 100      5C0C
 101 01cf 38B36176 		.ascii	"8\263av\001\264\314\204\206\213\3310\274\310n8\230-"
 101      01B4CC84 
 101      868BD930 
 101      BCC86E38 
 101      982D
 102 01e1 4683E164 		.ascii	"F\203\341d`\024$\324,\324h\017\\RP\020\314\304\314h"
ARM GAS  C:\Users\PUBLIC~1.LAP\AppData\Local\Temp\ccXQTTG1.s 			page 7


 102      601424D4 
 102      2CD4680F 
 102      5C525010 
 102      CCC4CC68 
 103 01f5 5C6E6835 		.ascii	"\\nh55\333K\354\344\304e\001\204\004%\317\365\310\276"
 103      35DB4BEC 
 103      E4C46501 
 103      840425CF 
 103      F5C8BE
 104 0208 D303FC9E 		.ascii	"\323\003\374\236&\226E&\251\276\257\302\313\274\316"
 104      26964526 
 104      A9BEAFC2 
 104      CBBCCE
 105 0217 F7FD463C 		.ascii	"\367\375F<\250\204T\374|t=*9\3468\211(\352\250\007Z"
 105      A88454FC 
 105      7C743D2A 
 105      39E63889 
 105      28EAA807 
 106 022c 1A719C44 		.ascii	"\032q\234D\014U\324\003\201\350\231\"z\" 0\002\243P"
 106      0C55D403 
 106      81E89922 
 106      7A222030 
 106      02A350
 107 023f 321F3446 		.ascii	"2\0374F\003k\265\224\325\210\212w\322\233\374\210&\216"
 107      036BB594 
 107      D5888A77 
 107      D29BFC88 
 107      268E
 108 0251 DF2B9A79 		.ascii	"\337+\232y\000\333\240\367\203T\243\261\"\273\021[k"
 108      00DBA0F7 
 108      8354A3B1 
 108      22BB115B 
 108      6B
 109 0262 B9B92434 		.ascii	"\271\271$4\236\300U\252\264G\273\215\334\202\302\254"
 109      9EC055AA 
 109      B447BB8D 
 109      DC82C2AC 
 110 0272 151D3C4B 		.ascii	"\025\035<Kd/=R\267\0335\226\366\026\273\357\356\266"
 110      642F3D52 
 110      B71B3596 
 110      F616BBEF 
 110      EEB6
 111 0284 2C857496 		.ascii	",\205t\226\251\301\345\333\316<"
 111      A9C1E5DB 
 111      CE3C
 112              		.text
 113              		.section	.gnu.lto_flashGetSectorOffset.313.83ac8d04,"e",%progbits
 114 0000 28B52FFD 		.ascii	"(\265/\375`0\002E\023\000V\343\200J\320\360(\035#\201"
 114      60300245 
 114      130056E3 
 114      804AD0F0 
 114      281D2381 
 115 0014 21B560C0 		.ascii	"!\265`\300\326\314\011d\367\226\376%\314~@+\315\037"
 115      D6CC0964 
 115      F796FE25 
 115      CC7E402B 
 115      CD1F
ARM GAS  C:\Users\PUBLIC~1.LAP\AppData\Local\Temp\ccXQTTG1.s 			page 8


 116 0026 BFC0ACB4 		.ascii	"\277\300\254\264m\213[q\036\353\377\376X\216\351W:K"
 116      6D8B5B71 
 116      1EEBFFFE 
 116      588EE957 
 116      3A4B
 117 0038 45FBE5E9 		.ascii	"E\373\345\351k\0370X\250,\210>\330\302\216\012\334\005"
 117      6B1F3058 
 117      A82C883E 
 117      D8C28E0A 
 117      DC05
 118 004a 90658CD3 		.ascii	"\220e\214\323\352\356m#\204l\"wJ\001i\000d\000m\000"
 118      EAEE6D23 
 118      846C2277 
 118      4A016900 
 118      64006D00 
 119 005e 1E37BD9F 		.ascii	"\0367\275\237&\006s>\350\305\250Z\205\230\\\324Z\026"
 119      2606733E 
 119      E8C5A85A 
 119      85985CD4 
 119      5A16
 120 0070 7002F2D4 		.ascii	"p\002\362\324\266\357\363\037\030\353\036t\030Q\354"
 120      B6EFF31F 
 120      18EB1E74 
 120      1851EC
 121 007f 6014DDA8 		.ascii	"`\024\335\250\265l\201\034\200x\032\376C<]\235\353N"
 121      B56C811C 
 121      80781AFE 
 121      433C5D9D 
 121      EB4E
 122 0091 C39D3AFF 		.ascii	"\303\235:\377C\017{B\324\370\001w\2475\017S\300\232"
 122      430F7B42 
 122      D4F80177 
 122      A7350F53 
 122      C09A
 123 00a3 6FF86173 		.ascii	"o\370as\264\304\002\372\302\220%\036\020\037\372\374"
 123      B4C402FA 
 123      C290251E 
 123      101FFAFC 
 124 00b3 00ECCD39 		.ascii	"\000\354\31596\250\265z\376\2004\267x\333'\266%\330"
 124      36A8B57A 
 124      FE8034B7 
 124      78DB27B6 
 124      25D8
 125 00c5 F325D47F 		.ascii	"\363%\324\177\021O\277*\0212\200\202\274\371d\227\273"
 125      114FBF2A 
 125      11328082 
 125      BCF96497 
 125      BB
 126 00d6 B939F6C3 		.ascii	"\2719\366\303\27286ku\241\277\343\301[EN\247\306i\024"
 126      BA38366B 
 126      75A1BFE3 
 126      C15B454E 
 126      A7C66914 
 127 00ea 394D8ED3 		.ascii	"9M\216\323\343\203~\372\362^qz\322\351{\2206b8\0110"
 127      E3837EFA 
 127      F25E717A 
 127      D2E97B90 
ARM GAS  C:\Users\PUBLIC~1.LAP\AppData\Local\Temp\ccXQTTG1.s 			page 9


 127      36623809 
 128 00ff AA552687 		.ascii	"\252U&\207SM\242/J<\370\227\2376\214\177\342CV\225\272"
 128      534DA22F 
 128      4A3CF897 
 128      9F368C7F 
 128      E2435695 
 129 0114 1F111084 		.ascii	"\037\021\020\204`\013\271\233\361\220\301\011j\252\265"
 129      600BB99B 
 129      F190C109 
 129      6AAAB5
 130 0123 2470EA92 		.ascii	"$p\352\222\025r\371L\023\336\202B\010\023\013Z\205\001"
 130      1572F94C 
 130      13DE8242 
 130      08130B5A 
 130      8501
 131 0135 4C2EF194 		.ascii	"L.\361\224\265\254\021A\336\216\213\332\307\364\364"
 131      B5AC1141 
 131      DE8E8BDA 
 131      C7F4F4
 132 0144 E693C9BB 		.ascii	"\346\223\311\273\210\035K\356inr\304\354\364\346\022"
 132      881D4BEE 
 132      696E72C4 
 132      ECF4E612 
 133 0154 8F0DD26E 		.ascii	"\217\015\322n\216\257A\0347\000\021\015\337\304a\333"
 133      8EAF411C 
 133      3700110D 
 133      DFC461DB 
 134 0164 C257B854 		.ascii	"\302W\270T\310^-\342\351\270\0248\2035\351z\256jA|["
 134      C85E2DE2 
 134      E9B81438 
 134      8335E97A 
 134      AE6A417C 
 135 0179 6DC76E84 		.ascii	"m\307n\204\201\254\325G\342\247\3400c\021O\347\242\234"
 135      81ACD547 
 135      E2A7E030 
 135      63114FE7 
 135      A29C
 136 018b E1452C64 		.ascii	"\341E,d\255\225\304'\312\255\220$\036\271\030NE\245"
 136      AD95C427 
 136      CAAD9024 
 136      1EB9184E 
 136      45A5
 137 019d 26DE6A39 		.ascii	"&\336j9\333\354\006\303\305RR\267Z\016\026\303\211\266"
 137      DBEC06C3 
 137      C55252B7 
 137      5A0E16C3 
 137      89B6
 138 01af 0DB194D0 		.ascii	"\015\261\224\3200\0032\334\213\246\342\202\335p-\332"
 138      300332DC 
 138      8BA6E282 
 138      DD702DDA 
 139 01bf 4BD6C2D5 		.ascii	"K\326\302\325Z&\021f\027f\262\022\024\222\003#\266\225"
 139      5A261166 
 139      1766B212 
 139      14920323 
 139      B695
 140 01d1 580EC545 		.ascii	"X\016\305E\3062\243\271^\"\"(\013\034 (\353\303\272"
ARM GAS  C:\Users\PUBLIC~1.LAP\AppData\Local\Temp\ccXQTTG1.s 			page 10


 140      C632A3B9 
 140      5E222228 
 140      0B1C2028 
 140      EBC3BA
 141 01e4 3856A013 		.ascii	"8V\240\023\256\326\346\363\264\254\335\375\355\312\303"
 141      AED6E6F3 
 141      B4ACDDFD 
 141      EDCAC3
 142 01f3 4D126F79 		.ascii	"M\022oy\264cS\273\332+\305\354\364L\216t\222\332\021"
 142      B46353BB 
 142      DA2BC5EC 
 142      F44C8E74 
 142      92DA11
 143 0206 A0125090 		.ascii	"\240\022P\220w\233\243%\023a( p\002\231A+\017XQv\305"
 143      779BA325 
 143      13612820 
 143      70029941 
 143      2B0F5851 
 144 021c 8BB40300 		.ascii	"\213\264\003\000H\210>]1\254y<\004m\262\201\324\204"
 144      48883E5D 
 144      31AC793C 
 144      046DB281 
 144      D484
 145 022e 938BA65C 		.ascii	"\223\213\246\\\320\016\355\261B\303\3038\305\214\261"
 145      D00EEDB1 
 145      42C3C338 
 145      C58CB1
 146 023d 590DE780 		.ascii	"Y\015\347\200RP8'\367\306>k\017\205\346\014\217\242"
 146      52503827 
 146      F7C63E6B 
 146      0F85E60C 
 146      8FA2
 147 024f 2014779C 		.ascii	" \024w\234\307! \304Y#8\211\014\016@\200\204\317!\250"
 147      C72120C4 
 147      59233889 
 147      0C0E4080 
 147      84CF21A8 
 148 0263 F32E208B 		.ascii	"\363. \213\302\237\007\320\350\253\272\032\255\330\003"
 148      C29F07D0 
 148      E8ABBA1A 
 148      ADD803
 149              		.text
 150              		.section	.gnu.lto_flashGetSectorSize.314.83ac8d04,"e",%progbits
 151 0000 28B52FFD 		.ascii	"(\265/\375`\033\002\345\022\000v\242~J\300\322Q:C\260"
 151      601B02E5 
 151      120076A2 
 151      7E4AC0D2 
 151      513A43B0 
 152 0014 B2D2703A 		.ascii	"\262\322p:\022\301\211'\322x\014k\231\374\000\024\000"
 152      12C18927 
 152      D2780C6B 
 152      99FC0014 
 152      00
 153 0025 3AEB0205 		.ascii	":\353\002\005\331A\373\237\254\236f\373zI\254\217\177"
 153      D941FB9F 
 153      AC9E66FB 
 153      7A49AC8F 
ARM GAS  C:\Users\PUBLIC~1.LAP\AppData\Local\Temp\ccXQTTG1.s 			page 11


 153      7F
 154 0036 16676641 		.ascii	"\026gfAp\323G\014\267!\031`\251t\2044DxC\001\202\201"
 154      70D3470C 
 154      B7211960 
 154      A9748434 
 154      44784301 
 155 004c 9A4546BB 		.ascii	"\232EF\273\267\215\020\262\211\334)\005f\000d\000h\000"
 155      B78D10B2 
 155      89DC2905 
 155      66006400 
 155      6800
 156 005e 520FE67C 		.ascii	"R\017\346|\021\215W\265\032\371\330Qk\211\300\015\306"
 156      118D57B5 
 156      1AF9D851 
 156      6B89C00D 
 156      C6
 157 006f 53DB3E8D 		.ascii	"S\333>\215\327\250qNB\011\021\351\007H\222\220Z\313"
 157      D7A8714E 
 157      420911E9 
 157      07489290 
 157      5ACB
 158 0081 97C90184 		.ascii	"\227\311\001\204\247\340K\302\323m\361\334)\2703\347"
 158      A7E04BC2 
 158      D36DF1DC 
 158      29B833E7 
 159 0091 FFE8E090 		.ascii	"\377\350\340\220OUN\317\346\224\347 \253\307\363\005"
 159      4F554ECF 
 159      E694E720 
 159      ABC7F305 
 160 00a1 4B7A967E 		.ascii	"Kz\226~#=\036x\340'\244\342G\237&z\2739E\010\265V\317"
 160      233D1E78 
 160      E027A4E2 
 160      479F267A 
 160      BB394508 
 161 00b8 9CDE893B 		.ascii	"\234\336\211;\274\355\013\266+\330s\026\341\351\267"
 161      BCED0BB6 
 161      2BD87316 
 161      E1E9B7
 162 00c7 F51384C8 		.ascii	"\365\023\204\310\247\233Tvi37\310>X\027\310v\335\350"
 162      A79B5476 
 162      693337C8 
 162      3E5817C8 
 162      76DDE8
 163 00da 1769DD77 		.ascii	"\027i\335w\263\304\351\3258=\212\323\342\213~\372\362"
 163      B3C4E9D5 
 163      383D8AD3 
 163      E28B7EFA 
 163      F2
 164 00eb DE707AD2 		.ascii	"\336pz\322\351\217\254X\254\210\032\320\243V\235\252"
 164      E98FAC58 
 164      AC881AD0 
 164      A3569DAA 
 165 00fb A9EA4479 		.ascii	"\251\352Dy\304\270\357/?\355\032\337\306\217\334*s8"
 165      C4B8EF2F 
 165      3FED1ADF 
 165      C68FDC2A 
 165      7338
ARM GAS  C:\Users\PUBLIC~1.LAP\AppData\Local\Temp\ccXQTTG1.s 			page 12


 166 010d BB1F137C 		.ascii	"\273\037\023|2\243\315\016\211\016P\224T\255\245\201"
 166      32A3CD0E 
 166      890E5094 
 166      54ADA581 
 167 011d 53ABACD1 		.ascii	"S\253\254\321\314wHR\354\240\002\265\014\004\236`\341"
 167      CC774852 
 167      ECA002B5 
 167      0C049E60 
 167      E1
 168 012e A96B5D2F 		.ascii	"\251k]/|\272\025w\265\277\031\332M*\217\237\011Ev\\"
 168      7CBA1577 
 168      B5BF19DA 
 168      4D2A8F9F 
 168      0945765C 
 169 0142 123E4C37 		.ascii	"\022>L73v\363'\324\323\264\033\344\203\010\305\025\200"
 169      3376F327 
 169      D4D3B41B 
 169      E48308C5 
 169      1580
 170 0154 04C59B43 		.ascii	"\004\305\233Clkx\016\030\016\0171\231\360T\\\332\233"
 170      6C6B780E 
 170      180E0F31 
 170      99F0545C 
 170      DA9B
 171 0166 1A99743D 		.ascii	"\032\231t=\227\265&\274\255\266\311\337\3500\326\312"
 171      97B526BC 
 171      ADB6C9DF 
 171      E830D6CA 
 172 0176 43F19546 		.ascii	"C\361\225F\320b\302\323\271+\177xR\314XkE\361\221p."
 172      D062C2D3 
 172      B92B7F78 
 172      52CC586B 
 172      45F19170 
 173 018b 238C539F 		.ascii	"#\214S\237&\244\010\332\015\264\275\340`h6\331\215l"
 173      26A408DA 
 173      0DB4BDE0 
 173      606836D9 
 173      8D6C
 174 019d 61D95E70 		.ascii	"a\331^p2\362\026\302\204 [@\313\022\314n\261\032\007"
 174      32F216C2 
 174      84205B40 
 174      CB12CC6E 
 174      B11A07
 175 01b0 98CC767B 		.ascii	"\230\314v{\325b\263\327\355\345e\201\002m\003m\246\302"
 175      D562B3D7 
 175      EDE56581 
 175      026D036D 
 175      A6C2
 176 01c2 82B24001 		.ascii	"\202\262@\001\214\013\211c\231\231\305\320j\260\330"
 176      8C0B8963 
 176      9999C5D0 
 176      6AB0D8
 177 01d1 C9098B83 		.ascii	"\311\011\213\203\010\014\312z\260.\220S\224\300\326"
 177      080CCA7A 
 177      B02E9053 
 177      94C0D6
 178 01e0 A6A058D7 		.ascii	"\246\240X\327\356\346\254\013\247\312I\267:\272A\366"
ARM GAS  C:\Users\PUBLIC~1.LAP\AppData\Local\Temp\ccXQTTG1.s 			page 13


 178      EEE6AC0B 
 178      A7CA49B7 
 178      3ABA41F6 
 179 01f0 9B5602B8 		.ascii	"\233V\002\270h\355\376P\021\371t\357Y\372\311\0001\234"
 179      68EDFE50 
 179      11F974EF 
 179      59FAC900 
 179      319C
 180 0202 69A5C093 		.ascii	"i\245\300\223\216' p\002\031J\242\007XQ\262\361\344"
 180      8E272070 
 180      02194AA2 
 180      075851B2 
 180      F1E4
 181 0214 38807B43 		.ascii	"8\200{C\204!\373\022\305\272\315\273]\347\330\0143f"
 181      8421FB12 
 181      C5BACDBB 
 181      5DE7D80C 
 181      3366
 182 0226 78EA781D 		.ascii	"x\352x\035T\027:\214\023\312\030\233\325;wP\012\216"
 182      54173A8C 
 182      13CA189B 
 182      D53B7750 
 182      0A8E
 183 0238 73726FCC 		.ascii	"sro\314Ys,4cx\223\004)Fq7 \301\002\317\360\302@nh\004"
 183      59732C34 
 183      63789304 
 183      29467137 
 183      20C102CF 
 184 0252 02247C0C 		.ascii	"\002$|\014A\235w\001X\024\336<\340F\337\352j\264g\017"
 184      419D7701 
 184      5814DE3C 
 184      E046DFEA 
 184      6AB4670F 
 185              		.text
 186              		.section	.gnu.lto_flashGetOffsetSector.315.83ac8d04,"e",%progbits
 187 0000 28B52FFD 		.ascii	"(\265/\375`i\004\005\036\000\026\266\301G\200\236Q\007"
 187      60690405 
 187      1E0016B6 
 187      C147809E 
 187      5107
 188 0012 510A342D 		.ascii	"Q\0124-:\350\001u\316\006\267p\273\233\305\365\312\005"
 188      3AE80175 
 188      CE06B770 
 188      BB9BC5F5 
 188      CA05
 189 0024 44156FAF 		.ascii	"D\025o\257\001\201W\\Y\272h\316e,\014\273e\324\307\217"
 189      0181575C 
 189      59BA68CE 
 189      652C0CBB 
 189      65D4C78F 
 190 0038 CFC5DAE4 		.ascii	"\317\305\332\344\011\305\222Do\036OK\233jRQb\247f\250"
 190      09C59244 
 190      6F1E4F4B 
 190      9B6A5251 
 190      62A766A8 
 191 004c 8966B7DC 		.ascii	"\211f\267\334[\312$S\012\255\000\243\000\257\000OR;"
 191      5BCA2453 
ARM GAS  C:\Users\PUBLIC~1.LAP\AppData\Local\Temp\ccXQTTG1.s 			page 14


 191      0AAD00A3 
 191      00AF004F 
 191      523B
 192 005e 307A50A9 		.ascii	"0zP\251\311\371X\300o?\370,'\313\223W\244.\210ju,\024"
 192      C9F958C0 
 192      6F3FF82C 
 192      27CB9357 
 192      A42E886A 
 193 0075 8DE69C35 		.ascii	"\215\346\2345\246\314\371x\240\033`\277\276\304\231"
 193      A6CCF978 
 193      A01B60BF 
 193      BEC499
 194 0084 A868A084 		.ascii	"\250h\240\204\341\231\204\372\342z\223\363Q\350\346"
 194      E19984FA 
 194      E27A93F3 
 194      51E8E6
 195 0093 40A65FEB 		.ascii	"@\246_\3536\323\357\373\350\232\355\321\373\254@G\361"
 195      36D3EFFB 
 195      E89AEDD1 
 195      FBAC4047 
 195      F1
 196 00a4 695EFBB2 		.ascii	"i^\373\262\012l\177r\364,J=\302p\013{\030)\033\301z"
 196      0A6C7F72 
 196      F42C4A3D 
 196      C2700B7B 
 196      18291BC1 
 197 00b9 1EA1E1A6 		.ascii	"\036\241\341\246lx\265fG\321\206_K\344\204I\220Gv\205"
 197      6C78B566 
 197      47D1865F 
 197      4BE48449 
 197      90477685 
 198 00cd CDA686D5 		.ascii	"\315\246\206\325\326\246\210\366\226sv/\257-\246\204"
 198      D6A688F6 
 198      9673762F 
 198      AF2DA684 
 199 00dd F5310D97 		.ascii	"\3651\015\227\331Y\0247H<\214T\015\313@\011\213/O}\200"
 199      D9591437 
 199      483C8C54 
 199      0DCB4009 
 199      8B2F4F7D 
 200 00f2 95D48D5A 		.ascii	"\225\324\215Z\317\242\234s\327\250\251\242\367\314\273"
 200      CFA29C73 
 200      D7A8A9A2 
 200      F7CCBB
 201 0101 5BD9DD24 		.ascii	"[\331\335$\272\255\200Rz#\360\020\277\355(L\277\376"
 201      BAAD8052 
 201      7A23F010 
 201      BFED284C 
 201      BFFE
 202 0113 9E7A811D 		.ascii	"\236z\201\035`p\264\240\352\234\356\343S}c\267/\250"
 202      6070B4A0 
 202      EA9CEEE3 
 202      537D63B7 
 202      2FA8
 203 0125 3286AA9F 		.ascii	"2\206\252\237G7\220'\275\177\274\313\333\346Ho\037\317"
 203      47379027 
 203      BD7FBCCB 
ARM GAS  C:\Users\PUBLIC~1.LAP\AppData\Local\Temp\ccXQTTG1.s 			page 15


 203      DBE6486F 
 203      1FCF
 204 0137 72EF712D 		.ascii	"r\357q-o\036\\\273\206k\323pm\035\\{v\326\226\341\332"
 204      6F1E5CBB 
 204      866BD370 
 204      6D1D5C7B 
 204      76D696E1 
 205 014c 283E6B9F 		.ascii	"(>k\237\216\345nvm\353G\3577k\327[\333\001\370\214%"
 205      8EE56E76 
 205      6DEB47EF 
 205      376BD75B 
 205      DB01F88C 
 206 0161 29559058 		.ascii	")U\220X\3160\226r\362\227{\245\210'\335\273\334\265"
 206      CE309672 
 206      F2977BA5 
 206      8827DDBB 
 206      DCB5
 207 0173 DC8FEE48 		.ascii	"\334\217\356H\357v\256v(\356\325\263.\247\233\220'\257"
 207      EF76AE76 
 207      28EED5B3 
 207      2EA79B90 
 207      27AF
 208 0185 485619F9 		.ascii	"HV\031\371\220tj1\024\242\001\373\365n\025\355[\376"
 208      90746A31 
 208      14A201FB 
 208      F56E15ED 
 208      5BFE
 209 0197 C4D39E75 		.ascii	"\304\323\236u7\022x\253RZ8\002_$qP\320:\201\003o\354"
 209      371278AB 
 209      525A3802 
 209      5F247150 
 209      D03A8103 
 210 01ad 9FEFF96A 		.ascii	"\237\357\371j\225z\021V8\356k\330\2001\3327\332\276"
 210      957A1156 
 210      38EE6BD8 
 210      8031DA37 
 210      DABE
 211 01bf E703C8D8 		.ascii	"\347\003\310\330J\305v\226\313\345\322\011\230:\377"
 211      4AC57696 
 211      CBE5D209 
 211      983AFF
 212 01ce F3350B31 		.ascii	"\3635\0131\207\355g\257\363\366\213\230#\210\301\267"
 212      87ED67AF 
 212      F3F68B98 
 212      2388C1B7 
 213 01de 64201A6B 		.ascii	"d \032k\000d\366;\305\260+\015\256e\003\002 YBp00\206"
 213      0064F63B 
 213      C5B02B0D 
 213      AE650302 
 213      20594270 
 214 01f5 33FDDA1E 		.ascii	"3\375\332\036@\020\364\317\227\275\023\223\004\353\234"
 214      4010F4CF 
 214      97BD1393 
 214      04EB9C
 215 0204 C60E34FF 		.ascii	"\306\0164\377\321w/\277VUi\210V\301\027s\006\031\345"
 215      D1772FBF 
 215      56556988 
ARM GAS  C:\Users\PUBLIC~1.LAP\AppData\Local\Temp\ccXQTTG1.s 			page 16


 215      56C11773 
 215      0619E5
 216 0217 DFD8EE41 		.ascii	"\337\330\356AM\250\030\221\2250\317\017\220\232\021"
 216      4DA81891 
 216      9530CF0F 
 216      909A11
 217 0226 5638DDDD 		.ascii	"V8\335\335\301\255\340\224\036r'L\277\347\337\"\226"
 217      C1ADE094 
 217      1E72274C 
 217      BFE7DF22 
 217      96
 218 0237 5A35BFEB 		.ascii	"Z5\277\353\363\374M\370\271\273u\016\006\002\347,\034"
 218      F3FC4DF8 
 218      B9BB750E 
 218      0602E72C 
 218      1C
 219 0248 6AFF4AC1 		.ascii	"j\377J\301k2\375\326G[\204Oi\3029\347\241\366\277^\356"
 219      6B32FDD6 
 219      475B844F 
 219      69C239E7 
 219      A1F6BF5E 
 220 025d E7D34122 		.ascii	"\347\323A\"\241\303\311zK\277#\235\317\344yo\351\307"
 220      A1C3C97A 
 220      4BBF239D 
 220      CFE4796F 
 220      E9C7
 221 026f C4EB1DF9 		.ascii	"\304\353\035\371tH\262\237\316\227\224\264d2\231\320"
 221      7448B29F 
 221      CE9794B4 
 221      643299D0 
 222 027f 21D93E42 		.ascii	"!\331>B\260\363\345\224\222pG=\237\220Rn'\344[\022\302"
 222      B0F3E594 
 222      9270473D 
 222      9F90526E 
 222      27E45B12 
 223 0294 5081F781 		.ascii	"P\201\367\201\267{`4\264@\001\323\010\335\317\310i\327"
 223      B77B6034 
 223      B44001D3 
 223      08DDCFC8 
 223      69D7
 224 02a6 C453C2E5 		.ascii	"\304S\302\345\022$0r\000\201\3011\373\363\350\035\027"
 224      12243072 
 224      0081C131 
 224      FBF3E81D 
 224      17
 225 02b7 B0D3BDB8 		.ascii	"\260\323\275\270\247n\303\332`\237\357\213\337\332\357"
 225      A76EC3DA 
 225      609FEF8B 
 225      DFDAEF
 226 02c6 22A887D2 		.ascii	"\"\250\207\322\201\326\276\347}\336\307\020\261\202"
 226      81D6BEE7 
 226      7DDEC710 
 226      B182
 227 02d4 135C2C43 		.ascii	"\023\\,C-\250(v\205\306\250\201\006\277\261i7L\240\177"
 227      2DA82876 
 227      85C6A881 
 227      06BFB169 
ARM GAS  C:\Users\PUBLIC~1.LAP\AppData\Local\Temp\ccXQTTG1.s 			page 17


 227      374CA07F 
 228 02e8 29B28EA2 		.ascii	")\262\216\242\375\277\023I\273T\360.\027h/\240\214\315"
 228      FDBF1349 
 228      BB54F02E 
 228      17682FA0 
 228      8CCD
 229 02fa 39E7F38D 		.ascii	"9\347\363\215@W\252\310T-\\H\224\246\265\377\370\243"
 229      4057AAC8 
 229      542D5C48 
 229      94A6B5FF 
 229      F8A3
 230 030c BA693F5E 		.ascii	"\272i?^\304\271\001S\250Q$\250\0302\206!\221\011Dj\026"
 230      C4B90153 
 230      A85124A8 
 230      18328621 
 230      9109446A 
 231 0321 34398002 		.ascii	"49\200\002\23193\017\020P\251h\223e\016\376)\322\377"
 231      9939330F 
 231      1050A968 
 231      93650EFE 
 231      29D2FF
 232 0334 63F70983 		.ascii	"c\367\011\203(\336\\}.I6\230\210b\326C\325x\370\003"
 232      28DE5C7D 
 232      2E493698 
 232      8862D643 
 232      D578F803 
 233 0348 C92D3B29 		.ascii	"\311-;){fJ\352G\212\346\344\002\254\316\214\210\036"
 233      7B664AEA 
 233      478AE6E4 
 233      02ACCE8C 
 233      881E
 234 035a 9A2D9ADD 		.ascii	"\232-\232\335\340}\323\331\011p=\023\261L\246\272\021"
 234      E07DD3D9 
 234      09703D13 
 234      B14CA6BA 
 234      11
 235 036b E4C0D4A9 		.ascii	"\344\300\324\251\254\226\350\275\333\"GK\23656\210z"
 235      AC96E8BD 
 235      DB22474B 
 235      9E353688 
 235      7A
 236 037c 1D5287CE 		.ascii	"\035R\207\316\261'%i\336\346\325^\246\002\224|\324-"
 236      B1272569 
 236      DEE6D55E 
 236      A602947C 
 236      D42D
 237 038e AFBDBB87 		.ascii	"\257\275\273\207M\303\012V\351\035;$\360\220\250,\365"
 237      4DC30A56 
 237      E91D3B24 
 237      F090A82C 
 237      F5
 238 039f 42461810 		.ascii	"BF\030\020\012}\371*e\200Z~\223\222\216H\350\271Z\212"
 238      0A7DF92A 
 238      65805A7E 
 238      93928E48 
 238      E8B95A8A 
 239 03b3 234DD28F 		.ascii	"#M\322\217N#\362\305\005C\301\2739\236\246\227\352\374"
ARM GAS  C:\Users\PUBLIC~1.LAP\AppData\Local\Temp\ccXQTTG1.s 			page 18


 239      4E23F2C5 
 239      0543C1BB 
 239      399EA697 
 239      EAFC
 240 03c5 A058E49C 		.ascii	"\240X\344\234*"
 240      2A
 241              		.text
 242              		.section	.gnu.lto_flashGetOffsetAddress.316.83ac8d04,"e",%progbits
 243 0000 28B52FFD 		.ascii	"(\265/\375`(\001\345\015\000\326\331^D\000s\224\016"
 243      602801E5 
 243      0D00D6D9 
 243      5E440073 
 243      940E
 244 0012 E192DB11 		.ascii	"\341\222\333\021}'\304S\000Z0\221\213\355\316\012cX"
 244      7D27C453 
 244      005A3091 
 244      8BEDCE0A 
 244      6358
 245 0024 7C96D7E0 		.ascii	"|\226\327\340\217AX\374\253\325\323\242\001\360/6\244"
 245      8F4158FC 
 245      ABD5D3A2 
 245      01F02F36 
 245      A4
 246 0035 223DCF6C 		.ascii	"\"=\317l\217\346{=\201\010\373\027\265B\224]\200J\367"
 246      8FE67B3D 
 246      8108FB17 
 246      B542945D 
 246      804AF7
 247 0048 DBC58825 		.ascii	"\333\305\210%\204lB\244L)H\000G\000L\000\317\267\240"
 247      846C42A4 
 247      4C294800 
 247      47004C00 
 247      CFB7A0
 248 005b B8DB7DDD 		.ascii	"\270\333}\335\250\261\033\036\360\002\356\232m\237\305"
 248      A8B11B1E 
 248      F002EE9A 
 248      6D9FC5
 249 006a 5BACEC98 		.ascii	"[\254\354\230,\224\360\342!\343\362\261\033r6'\020\257"
 249      2C94F0E2 
 249      21E3F2B1 
 249      1B723627 
 249      10AF
 250 007c 651F10AF 		.ascii	"e\037\020\257\251\211\257\236+\377.\317V\244\320\221"
 250      A989AF9E 
 250      2BFF2ECF 
 250      56A4D091 
 251 008c B2C27A6E 		.ascii	"\262\302zn\016v\327\231\262\002\342\326\333.`\033\202"
 251      0E76D799 
 251      B202E2D6 
 251      DB2E601B 
 251      82
 252 009d FD1301F6 		.ascii	"\375\023\001\366\263U\026\233K{\177\375\232-\335mi."
 252      B355169B 
 252      4B7B7FFD 
 252      9A2DDD6D 
 252      692E
 253 00af A6B7C3EE 		.ascii	"\246\267\303\356\370\226?\323\322\231\245\017\340!\\"
ARM GAS  C:\Users\PUBLIC~1.LAP\AppData\Local\Temp\ccXQTTG1.s 			page 19


 253      F8963FD3 
 253      D299A50F 
 253      E0215C
 254 00be C4F010F2 		.ascii	"\304\360\020\362\262\253\022\004\310\346\320`T\034\366"
 254      B2AB1204 
 254      C8E6D060 
 254      541CF6
 255 00cd DB2BDFC5 		.ascii	"\333+\337\305\236m\230\212c}\020\240R\"f\307nh\340\232"
 255      9E6D988A 
 255      637D10A0 
 255      522266C7 
 255      6E68E09A 
 256 00e1 47F29561 		.ascii	"G\362\225a\246A\"6d\314\233r\2328:\304(\234\306\347"
 256      A6412236 
 256      64CC9B72 
 256      9A383AC4 
 256      289CC6E7 
 257 00f5 E50452C5 		.ascii	"\345\004R\305k\233z0=\002d\246N\215\272q\351\332\376"
 257      6B9B7A30 
 257      3D0264A6 
 257      4E8DBA71 
 257      E9DAFE
 258 0108 3EC302B7 		.ascii	">\303\002\267\353\352\37024\200'\361Zj\347\013\207q"
 258      EBEAF832 
 258      348027F1 
 258      5A6AE70B 
 258      8771
 259 011a C2ED6EC7 		.ascii	"\302\355n\307\177aR\302\241@\211\327\256\336\010\231"
 259      7F6152C2 
 259      A14089D7 
 259      AEDE0899 
 260 012a 1FB056C6 		.ascii	"\037\260V\306\354\220\225J\"\247R\312\004\236B\250\217"
 260      EC90954A 
 260      22A752CA 
 260      049E42A8 
 260      8F
 261 013b 4493FA50 		.ascii	"D\223\372P\"Q)\232L>\222\314\241\220\021\012D\022}B"
 261      2251299A 
 261      4C3E92CC 
 261      A190110A 
 261      44127D42 
 262 014f 27148704 		.ascii	"'\024\207\004\032qP%\316\204\010`\005p4\342\351$@`*"
 262      1A715025 
 262      CE840860 
 262      057034E2 
 262      E9244060 
 263 0164 F9521ED5 		.ascii	"\371R\036\325\010\003H\372\200DD<\014\036(\010\367\331"
 263      080348FA 
 263      8044443C 
 263      0C1E2808 
 263      F7D9
 264 0176 2A8BA79B 		.ascii	"*\213\247\233\226\266\334\251\247\267\241QN;\2153\034"
 264      96B6DCA9 
 264      A7B7A151 
 264      4E3B8D33 
 264      1C
 265 0187 02180058 		.ascii	"\002\030\000X\211\"\023\017\365\321r\254\360\365\214"
ARM GAS  C:\Users\PUBLIC~1.LAP\AppData\Local\Temp\ccXQTTG1.s 			page 20


 265      8922130F 
 265      F5D172AC 
 265      F0F58C
 266 0196 06E241B4 		.ascii	"\006\342A\264\312\003\366\021\014\303%\265\015\246\263"
 266      CA03F611 
 266      0CC325B5 
 266      0DA6B3
 267 01a5 081B57CD 		.ascii	"\010\033W\315\204\340\2328\300-\"\315\302!\004\022\276"
 267      84E09A38 
 267      C02D22CD 
 267      C2210412 
 267      BE
 268 01b6 1A021482 		.ascii	"\032\002\024\202\313\300\010\240\002\002?\363\230\332"
 268      CBC008A0 
 268      02023FF3 
 268      98DA
 269 01c4 4906     		.ascii	"I\006"
 270              		.text
 271              		.section	.gnu.lto_flashGetAddressOffset.317.83ac8d04,"e",%progbits
 272 0000 28B52FFD 		.ascii	"(\265/\375`%\001\335\015\000f\332_D\000q\234\016T\007"
 272      602501DD 
 272      0D0066DA 
 272      5F440071 
 272      9C0E5407 
 273 0014 5A4E5141 		.ascii	"ZNQA\325\244\205\275\324>\235\215D\342\225V;\240U\203"
 273      D5A485BD 
 273      D43E9D8D 
 273      44E29556 
 273      3BA05583 
 274 0028 68313148 		.ascii	"h11HU\004\217*\023\021\320\013\007d\020\010\017bI|\267"
 274      55048F2A 
 274      1311D00B 
 274      07641008 
 274      0F62497C 
 275 003d 7EE6B91A 		.ascii	"~\346\271\032W\034r\262Ea\000\372\332\217\375\324\204"
 275      571C72B2 
 275      456100FA 
 275      DA8FFDD4 
 275      84
 276 004e 36913BA5 		.ascii	"6\221;\245J\000G\000L\000./\016\244<K\211\271]\226\013"
 276      4A004700 
 276      4C002E2F 
 276      0EA43C4B 
 276      89B95D96 
 277 0063 8D5DF180 		.ascii	"\215]\361\200\027l\237\266}\026oab\023\205\017\232\353"
 277      176C9FB6 
 277      7D166F61 
 277      6213850F 
 277      9AEB
 278 0075 A4D5CAB1 		.ascii	"\244\325\312\261+j2'\220}b\037\220}\252\211\233.M\376"
 278      2B6A3227 
 278      907D621F 
 278      907DAA89 
 278      9B2E4DFE 
 279 0089 5B8E8DAB 		.ascii	"[\216\215\253Wj\345t\251A\330]\313\324\312\210[o\273"
 279      576AE574 
 279      A941D85D 
ARM GAS  C:\Users\PUBLIC~1.LAP\AppData\Local\Temp\ccXQTTG1.s 			page 21


 279      CBD4CA88 
 279      5B6FBB
 280 009c 80ED0AF6 		.ascii	"\200\355\012\366Q\004\366\261\335]\253\312\326\244\273"
 280      5104F6B1 
 280      DD5DABCA 
 280      D6A4BB
 281 00ab 4D1AA349 		.ascii	"M\032\243Is\226\336\316\372\265\207wv\226\037\313\244"
 281      7396DECE 
 281      FAB58777 
 281      76961FCB 
 281      A4
 282 00bc E5943E80 		.ascii	"\345\224>\200\223\270\001#\004\203\327\256\312\016\035"
 282      93B80123 
 282      0483D7AE 
 282      CA0E1D
 283 00cb 6B63D650 		.ascii	"kc\326P\361\360\267M\374\026w\266C\222\355$B\200\312"
 283      F1F0B74D 
 283      FC1677B6 
 283      4392ED24 
 283      4280CA
 284 00de 89148E5D 		.ascii	"\211\024\216]\321\300\247#(\313\001)#\206\313\350\304"
 284      D1C0A723 
 284      28CB0129 
 284      2386CBE8 
 284      C4
 285 00ef 003D92EC 		.ascii	"\000=\222\354\023\243\017\\BM9\375X\275R\306\000\022"
 285      13A30F5C 
 285      424D39FD 
 285      58BD52C6 
 285      0012
 286 0101 534BCD34 		.ascii	"SK\3154\203\242k\033t\327\206m\027e\343\267<|\245\354"
 286      83A26B1B 
 286      74D7866D 
 286      1765E3B7 
 286      3C7CA5EC 
 287 0115 532A670E 		.ascii	"S*g\016\177Q\332vw\343\273\030\001\331R|\372%\331\347"
 287      7F51DA76 
 287      77E3BB18 
 287      01D9527C 
 287      FA25D9E7 
 288 0129 B553B956 		.ascii	"\265S\271V!J\216\266x\222Z\"`\210\310\350\003=$\320"
 288      214A8EB6 
 288      78925A22 
 288      6088C8E8 
 288      033D24D0 
 289 013d 07037E3E 		.ascii	"\007\003~>\0366\032\001}0{\020\204H\236HC\307\003\222"
 289      1E361A01 
 289      7D307B10 
 289      84489E48 
 289      43C70392 
 290 0151 34222FA4 		.ascii	"4\"/\244!\205h.X\3702|!\011\234\215\202\004#\020\220"
 290      2185682E 
 290      58F8327C 
 290      21099C8D 
 290      82042310 
 291 0166 08A743A8 		.ascii	"\010\247C\250\364\211:\236\207\007\247\301\204\017q"
 291      F4893A9E 
ARM GAS  C:\Users\PUBLIC~1.LAP\AppData\Local\Temp\ccXQTTG1.s 			page 22


 291      8707A7C1 
 291      840F71
 292 0175 8FADAA36 		.ascii	"\217\255\2526\315\240\024\345N9\335T_@\2548\221\243"
 292      CDA014E5 
 292      4E39DD54 
 292      5F40AC38 
 292      91A3
 293 0187 31DA2936 		.ascii	"1\332)6#\026\000X\211\"\023\357\364\321\332\330\220"
 293      23160058 
 293      892213EF 
 293      F4D1DAD8 
 293      90
 294 0198 D73032E4 		.ascii	"\32702\344Q\204=0v\004\261uIm\203\351\254\010+\364\343"
 294      51843D30 
 294      7604B175 
 294      496D83E9 
 294      AC082BF4 
 295 01ad 1A433341 		.ascii	"\032C3A*J,\020\206\010\252\006\334\003\303\200\012\355"
 295      2A4A2C10 
 295      8608AA06 
 295      DC03C380 
 295      0AED
 296 01bf 7FE636B5 		.ascii	"\177\3466\265\223\014"
 296      930C
 297              		.text
 298              		.section	.gnu.lto_.symbol_nodes.83ac8d04,"e",%progbits
 299 0000 28B52FFD 		.ascii	"(\265/\375 \366\015\004\000\244\005\362\000\000\000"
 299      20F60D04 
 299      00A405F2 
 299      000000
 300 000f 0002B802 		.ascii	"\000\002\270\002\177\030\360\372\2508\001\220\316\000"
 300      7F18F0FA 
 300      A8380190 
 300      CE00
 301 001d 007F0000 		.ascii	"\000\177\000\000\272\220\202\002\271\002\177\031\200"
 301      BA908202 
 301      B9027F19 
 301      80
 302 002a 80808004 		.ascii	"\200\200\200\004\272\002\177\032\273\002\177\033\235"
 302      BA027F1A 
 302      BB027F1B 
 302      9D
 303 0037 E5CF32BC 		.ascii	"\345\3172\274\002\177\034\275\002\177\035\001\276\002"
 303      027F1CBD 
 303      027F1D01 
 303      BE02
 304 0045 7F1EFF1F 		.ascii	"\177\036\377\037\000\000\200\220\200\003\000\006\221"
 304      00008090 
 304      80030006 
 304      91
 305 0052 85D7C703 		.ascii	"\205\327\307\003\001\304\007\004\000u\004\001\002\003"
 305      01C40704 
 305      00750401 
 305      0203
 306 0060 75040405 		.ascii	"u\004\004\005\000\017\000 \213\036\032\306\273\007\010"
 306      000F0020 
 306      8B1E1AC6 
ARM GAS  C:\Users\PUBLIC~1.LAP\AppData\Local\Temp\ccXQTTG1.s 			page 23


 306      BB0708
 307 006f 63111788 		.ascii	"c\021\027\210\371\033\013\225\302ex\006\315@g\360\021"
 307      F91B0B95 
 307      C2657806 
 307      CD4067F0 
 307      11
 308 0080 AA100E3E 		.ascii	"\252\020\016>\302\023\217\033\3141"
 308      C2138F1B 
 308      CC31
 309              		.text
 310              		.section	.gnu.lto_.refs.83ac8d04,"e",%progbits
 311 0000 28B52FFD 		.ascii	"(\265/\375 \005)\000\000\001\000\000\000\000"
 311      20052900 
 311      00010000 
 311      0000
 312              		.text
 313              		.section	.gnu.lto_.decls.83ac8d04,"e",%progbits
 314 0000 28B52FFD 		.ascii	"(\265/\375`\007\025\305X\000*\216\224\037R@\320\322"
 314      600715C5 
 314      58002A8E 
 314      941F5240 
 314      D0D2
 315 0012 190E2104 		.ascii	"\031\016!\004\0328\364D.\215\341\223\027\2238\306\335"
 315      1A38F444 
 315      2E8DE193 
 315      179338C6 
 315      DD
 316 0023 306D9704 		.ascii	"0m\227\004Gc\205\377E\213\226XW\242\205\006\347\011"
 316      476385FF 
 316      458B9658 
 316      57A28506 
 316      E709
 317 0035 09C55826 		.ascii	"\011\305X&\200\270\244qs\240wO\311\334\274`{m\3618s"
 317      80B8A471 
 317      73A0774F 
 317      C9DCBC60 
 317      7B6DF138 
 318 004a B45F8CD2 		.ascii	"\264_\214\322=\001\316]~\264\272\010s\253\267I\377\361"
 318      3D01CE5D 
 318      7EB4BA08 
 318      73ABB749 
 318      FFF1
 319 005c D2623729 		.ascii	"\322b7)S\252\001\356\001\342\001g\274\307m\332\315V"
 319      53AA01EE 
 319      01E20167 
 319      BCC76DDA 
 319      CD56
 320 006e 98B9AD34 		.ascii	"\230\271\25540(\220)VAB\354\227\227\220\340;\342\223"
 320      30289029 
 320      564142EC 
 320      979790E0 
 320      3BE293
 321 0081 B5B9458E 		.ascii	"\265\271E\216m[[\350\327\010\212\356\024\372E\242?["
 321      6D5B5BE8 
 321      D7088AEE 
 321      14FA45A2 
 321      3F5B
ARM GAS  C:\Users\PUBLIC~1.LAP\AppData\Local\Temp\ccXQTTG1.s 			page 24


 322 0093 CC4E255A 		.ascii	"\314N%Zqce_\263\245K;3\305\347j\341*XoX\310\2264b\024"
 322      7163655F 
 322      B3A54B3B 
 322      33C5E76A 
 322      E12A586F 
 323 00ad C9C67A62 		.ascii	"\311\306zb\220\240\260\262\354\320\201\221\271\361\371"
 323      90A0B0B2 
 323      ECD08191 
 323      B9F1F9
 324 00bc 5D420F03 		.ascii	"]B\017\003\372\257\330\025\235\272\264.Xa\337+=4\230"
 324      FAAFD815 
 324      9DBAB42E 
 324      5861DF2B 
 324      3D3498
 325 00cf C024F95C 		.ascii	"\300$\371\\+g\273YSv$\343\363q\013\226\203\306\206\310"
 325      2B67BB59 
 325      537624E3 
 325      F3710B96 
 325      83C686C8 
 326 00e3 92CFA5B2 		.ascii	"\222\317\245\262_\333\005\264U\236c\\{9:\210hf\370<"
 326      5FDB05B4 
 326      559E635C 
 326      7B393A88 
 326      6866F83C 
 327 00f7 11FA05E2 		.ascii	"\021\372\005\342\365\352\352\352\352\026\210w\037\012"
 327      F5EAEAEA 
 327      EA168877 
 327      1F0A
 328 0105 E21BE5DF 		.ascii	"\342\033\345\337$\253\265P\316'\311N\323\275v\310AB"
 328      24ABB550 
 328      CE27C94E 
 328      D3BD76C8 
 328      4142
 329 0117 93648ECF 		.ascii	"\223d\216\317\177\267\276P\376e\262Mv\031@\267\\w\033"
 329      7FB7BE50 
 329      FE65B24D 
 329      761940B7 
 329      5C771B
 330 012a 70EAB881 		.ascii	"p\352\270\201\270\206\317\365Z3\203\322\204\317\233"
 330      B886CFF5 
 330      5A3383D2 
 330      84CF9B
 331 0139 802ED73A 		.ascii	"\200.\327:\331\256}\362\227\220\340\273\246\035\233"
 331      D9AE7DF2 
 331      9790E0BB 
 331      A61D9B
 332 0148 DD6BCF4A 		.ascii	"\335k\317Ja{\342\301\347w\375\212bK\360\000\320o\010"
 332      617BE2C1 
 332      E777FD8A 
 332      624BF000 
 332      D06F08
 333 015b DED66D08 		.ascii	"\336\326m\010\336\317~\340q\334\331\376\347\360\270"
 333      DECF7EE0 
 333      71DCD9FE 
 333      E7F0B8
 334 016a C8351A9F 		.ascii	"\3105\032\237gT\304\002\300\023\261\037x\347\002\300"
 334      6754C402 
ARM GAS  C:\Users\PUBLIC~1.LAP\AppData\Local\Temp\ccXQTTG1.s 			page 25


 334      C013B11F 
 334      78E702C0 
 335 017a 7B035600 		.ascii	"{\003V\000\374\333=\374L\005\0032/\340g'\013\250p\001"
 335      FCDB3DFC 
 335      4C050332 
 335      2FE06727 
 335      0BA87001 
 336 018e 7ECEFAF7 		.ascii	"~\316\372\367\002\005N\234\315\2778\333\300\177\272"
 336      02054E9C 
 336      CDBF38DB 
 336      C07FBA
 337 019d 017E0EF2 		.ascii	"\001~\016\362o\221\360\177\3312\001@\377\031\370o\366"
 337      6F91F07F 
 337      D9320140 
 337      FF19F86F 
 337      F6
 338 01ae 2CFFB670 		.ascii	",\377\266p\257\377\000\374\334\343_\243\177\203\377"
 338      AFFF00FC 
 338      DCE35FA3 
 338      7F83FF
 339 01bd 0EFDEBFB 		.ascii	"\016\375\353\373W\205\177O\370\267\204\177C\370\027"
 339      57857F4F 
 339      F8B7847F 
 339      43F817
 340 01cc 847F3FF8 		.ascii	"\204\177?\370\027\350_\017\376\315\340\337\016\376\345"
 340      17E85F0F 
 340      FECDE0DF 
 340      0EFEE5
 341 01db E0DF9E7F 		.ascii	"\340\337\236\177C\374'\003\374_\345\337\015\376E\361"
 341      43FC2703 
 341      FC5FE5DF 
 341      0DFE45F1 
 342 01eb AF06FF06 		.ascii	"\257\006\377\006\375\233\300\277\"\376\365\371\027\201"
 342      FD9BC0BF 
 342      22FEF5F9 
 342      1781
 343 01f9 7F0FF8B7 		.ascii	"\177\017\370\267\367\037\201\377c\377q\352\352\352\352"
 343      F71F81FF 
 343      63FF71EA 
 343      EAEAEA
 344 0208 7EBEFA77 		.ascii	"~\276\372w\"\374\2755\001Sz\014\341\223\213@A\277\323"
 344      22FCBD35 
 344      01537A0C 
 344      E1938B40 
 344      41BFD3
 345 021b 42BFBB42 		.ascii	"B\277\273B\031\310N\023i\325\006\344\007\025!Tp\360"
 345      19C84E13 
 345      69D506E4 
 345      07152154 
 345      70F0
 346 022d C956EBAE 		.ascii	"\311V\353\256\011\014\232-:P\032\230j\273\270\352>v"
 346      090C9A2D 
 346      3A501A98 
 346      6ABBB8EA 
 346      3E76
 347 023f 8CC7F8D3 		.ascii	"\214\307\370\323KPf\\u\257U<\265\314\032Su \202\202"
 347      4B50665C 
ARM GAS  C:\Users\PUBLIC~1.LAP\AppData\Local\Temp\ccXQTTG1.s 			page 26


 347      75AF553C 
 347      B5CC1A53 
 347      75208282 
 348 0253 74E6CEFC 		.ascii	"t\346\316\374x\342\235\3375\241\337\311P\266\261\201"
 348      78E29DDF 
 348      35A1DFC9 
 348      50B6B181 
 349 0263 43D9C427 		.ascii	"C\331\304'\320\266\361B,&wK\217\221\244*%)\346!\006"
 349      D0B6F142 
 349      2C26774B 
 349      8F91A42A 
 349      2529E621 
 350 0278 EC78C627 		.ascii	"\354x\306'G\355hF1\371\374\256Q\206b\035,\303\256N."
 350      47ED6846 
 350      31F9FCAE 
 350      5186621D 
 350      2CC3AE4E 
 351 028d C8803567 		.ascii	"\310\2005g\340\247\355b(\316\001\305M\214cGD\366b\220"
 351      E0A7ED62 
 351      28CE01C5 
 351      4D8C6347 
 351      44F66290 
 352 02a1 52A50922 		.ascii	"R\245\011\"h\267T\262$\362Nv\362\361\201\346\206\224"
 352      68B754B2 
 352      24F24E76 
 352      F2F181E6 
 352      8694
 353 02b3 19DEE186 		.ascii	"\031\336\341\206\376g\0347z\316\246\312\352x\306\222"
 353      FE671C37 
 353      7ACEA6CA 
 353      EA78C692 
 354 02c3 640EB6B1 		.ascii	"d\016\266\261u>h\236XA1\321\237\221\034CY\022+c\034"
 354      753E689E 
 354      584131D1 
 354      9F911C43 
 354      59122B63 
 355 02d8 03D70893 		.ascii	"\003\327\010\223FN\011\237\253\361\346\254\010\225\205"
 355      464E099F 
 355      ABF1E6AC 
 355      089585
 356 02e7 CF9B38DB 		.ascii	"\317\2338\333($r\330\2652;\207\266^\326\215\213$\320"
 356      282472D8 
 356      B5323B87 
 356      B65ED68D 
 356      8B24D0
 357 02fa 6C1B254B 		.ascii	"l\033%K6\012\227.?\307\340%62\022+1\015\226\3013\370"
 357      360A972E 
 357      3FC7E025 
 357      3632122B 
 357      310D96C1 
 358 0310 C84CDBC5 		.ascii	"\310L\333\305I[wn&\376\\\273\215\335\375\325\232\262"
 358      495B776E 
 358      26FE5CBB 
 358      8DDDFDD5 
 358      9AB2
 359 0322 62BC736D 		.ascii	"b\274sm\036\310\356\365&\376\225\302I\213e\267\360\030"
 359      1EC8EEF5 
ARM GAS  C:\Users\PUBLIC~1.LAP\AppData\Local\Temp\ccXQTTG1.s 			page 27


 359      26FE95C2 
 359      498B65B7 
 359      F018
 360 0334 D7E6C1E2 		.ascii	"\327\346\301\342\307\015\256 \020AA\250\027\031\216"
 360      C70DAE20 
 360      104141A8 
 360      17198E
 361 0343 E410E03C 		.ascii	"\344\020\340<G\241\274\356\007\036\020#\321s\267\241"
 361      47A1BCEE 
 361      071E1023 
 361      D173B7A1 
 362 0353 9BA1871A 		.ascii	"\233\241\207\032\027\034\276tlv\262P\005\371b\263f\311"
 362      171CBE74 
 362      6C76B250 
 362      05F962B3 
 362      66C9
 363 0365 14D7A2F8 		.ascii	"\024\327\242\370\\5\353\216I\206\303\2232h\327\246i"
 363      5C35EB8E 
 363      4986C393 
 363      3268D7A6 
 363      69
 364 0376 105B032B 		.ascii	"\020[\003+\351\214\317\3752'\307C$\013\210\2243_\271"
 364      E98CCFFD 
 364      3227C743 
 364      240B8894 
 364      335FB9
 365 0389 185D8888 		.ascii	"\030]\210\210\361\271f\316\266\323L\242j\302\347\306"
 365      F1B966CE 
 365      B6D34CA2 
 365      6AC2E7C6 
 366 0399 2D53676B 		.ascii	"-Sgk\211I\216\317m\252\240c\362\001\207\263\345\215"
 366      89498ECF 
 366      6DAAA063 
 366      F20187B3 
 366      E58D
 367 03ab B905EECD 		.ascii	"\271\005\356\315'\212\0311_\335\334\015a\312}\341\342"
 367      278A1931 
 367      5FDDDC0D 
 367      61CA7DE1 
 367      E2
 368 03bc D6B6FBB1 		.ascii	"\326\266\373\261Dk\356\206o\333\315\325\327\332\020"
 368      446BEE86 
 368      6FDBCDD5 
 368      D7DA10
 369 03cb 3E970D07 		.ascii	">\227\015\0079GC\031>w\3142{h\200Z\022BF\214\327\233"
 369      39474319 
 369      3E77CC32 
 369      7B68805A 
 369      1242468C 
 370 03e1 8D2F74D5 		.ascii	"\215/t\325v\255'w\206\213\006\237\033f\305l\327\317"
 370      76AD2777 
 370      868B069F 
 370      1B66C56C 
 370      D7CF
 371 03f3 D6865E90 		.ascii	"\326\206^\220\2532\243\027\372\375\331\003'oQ\313\222"
 371      AB32A317 
 371      FAFDD903 
ARM GAS  C:\Users\PUBLIC~1.LAP\AppData\Local\Temp\ccXQTTG1.s 			page 28


 371      276F51CB 
 371      92
 372 0404 85B5B058 		.ascii	"\205\265\260XO\006R\221\346\2568\027\245\311dg-L5\\"
 372      4F065291 
 372      E6AE3817 
 372      A5C96467 
 372      2D4C355C 
 373 0418 74707CF2 		.ascii	"tp|\362\030\207\361\222P\342\276\200\241g*\374u\256"
 373      1887F192 
 373      50E2BE80 
 373      A1672AFC 
 373      75AE
 374 042a F22A2C86 		.ascii	"\362*,\206\256\315\003\007N,\314\2274\355\344\004\304"
 374      AECD0307 
 374      4E2CCC97 
 374      34EDE404 
 374      C4
 375 043b B334A36A 		.ascii	"\2634\243j\362\225\263\330\222ll\355\010\237\217\343"
 375      F295B3D8 
 375      926C6CED 
 375      089F8FE3 
 376 044b B0AFACB6 		.ascii	"\260\257\254\266\2540+\354F\325<\3008\252\271\331\324"
 376      AC302BEC 
 376      46D53CC0 
 376      38AAB9D9 
 376      D4
 377 045c B605761E 		.ascii	"\266\005v\036\321\237]\367(\220\037\276\357\265qr%\327"
 377      D19F5DF7 
 377      28901FBE 
 377      EFB57172 
 377      25D7
 378 046e 534C1AA9 		.ascii	"SL\032\251\370\334F\321\375d\243P6\375\034\227J\344"
 378      F8DC46D1 
 378      FD64A350 
 378      36FD1C97 
 378      4AE4
 379 0480 B1953BF6 		.ascii	"\261\225;\366\270T6\035\227J\"\037\227\305&d+\211h'"
 379      B854361D 
 379      974A221F 
 379      97C52664 
 379      2B896827 
 380 0494 91BDECDE 		.ascii	"\221\275\354\336c\027\273\227\335\264\263*\273\327\""
 380      6317BB97 
 380      DDB4B32A 
 380      BBD722
 381 04a3 115D8BC8 		.ascii	"\021]\213\310\356.\356qUv\207\243Q\331\264\307e#\333"
 381      EE2EEE71 
 381      557687A3 
 381      51D9B4C7 
 381      6523DB
 382 04b6 D8480FC7 		.ascii	"\330H\017\307\356\246^*\343\366\330J\344q\231l\372i"
 382      EEA65E2A 
 382      E3F6D84A 
 382      E471996C 
 382      FA69
 383 04c8 2931E212 		.ascii	")1\342\022\221\274\252zYdb\344\261\237\272[\206]\215"
 383      91BCAA7A 
ARM GAS  C:\Users\PUBLIC~1.LAP\AppData\Local\Temp\ccXQTTG1.s 			page 29


 383      596462E4 
 383      B19FBA5B 
 383      865D8D
 384 04db EDD46D4C 		.ascii	"\355\324mL\022\320^\311#\032R\262\327Z5\256bt7\257\206"
 384      12D05EC9 
 384      231A52B2 
 384      D75A35AE 
 384      627437AF 
 385 04f0 A70E625D 		.ascii	"\247\016b]\274\3524\247b\001\310\356'\342\332O\274\265"
 385      BCEA34A7 
 385      6201C8EE 
 385      27E2DA4F 
 385      BCB5
 386 0502 BB804EBB 		.ascii	"\273\200N\273\352nb\332\256iM\0243v\257X\267\223Rw\377"
 386      EA6E62DA 
 386      AE694D14 
 386      3376AF58 
 386      B7935277 
 387 0517 74774F1B 		.ascii	"twO\033m0!M%y\224\220\222K}\244\3076\035\227SI\022X"
 387      6D30214D 
 387      25799490 
 387      924B7DA4 
 387      C7361D97 
 388 052f A22CAF1A 		.ascii	"\242,\257\032i%\356\221)\331W\315T\"\321%q\355)\335"
 388      6925EE91 
 388      29D957CD 
 388      5422D125 
 388      71ED29DD 
 389 0543 BD677CBC 		.ascii	"\275g|\274pU5\341\336v\222\220 5\253\370$\345\240\313"
 389      705535E1 
 389      DE769290 
 389      2035ABF8 
 389      24E5A0CB 
 390 0557 814CEF04 		.ascii	"\201L\357\004s[+[\323l\325PB\322\206\356f\014U\023 "
 390      735B2B5B 
 390      D36CD550 
 390      42D286EE 
 390      660C5513 
 391 056c 7CF6B841 		.ascii	"|\366\270A\311}y\262p:i\3040$+O\231\226\345\324\352"
 391      C97D79B2 
 391      703A69C4 
 391      30242B4F 
 391      9996E5D4 
 392 0581 844C0CCB 		.ascii	"\204L\014\313\221\317U\323S%F\252\212O#;\366\003\255"
 392      91CF55D3 
 392      532546AA 
 392      8A4F233B 
 392      F603AD
 393 0594 86051B72 		.ascii	"\206\005\033r\305e\010\225#;F\025\305E\310\302A\011"
 393      C5650895 
 393      233B4615 
 393      C545C8C2 
 393      4109
 394 05a6 4BC24B98 		.ascii	"K\302K\230\011kq\023\346\342\255\355b%?g1\022\"\214"
 394      096B7113 
 394      E6E2ADED 
 394      62253F67 
ARM GAS  C:\Users\PUBLIC~1.LAP\AppData\Local\Temp\ccXQTTG1.s 			page 30


 394      3112228C 
 395 05ba 752369AB 		.ascii	"u#i\253\251\244\313\216NJF\324\317\271i\373\201g\300"
 395      A9A4CB8E 
 395      4E4A46D4 
 395      CFB969FB 
 395      8167C0
 396 05cd 6E0DFDEE 		.ascii	"n\015\375\356\014\375\316\012\326\325\256F\021#^E\330"
 396      0CFDCE0A 
 396      D6D5AE46 
 396      11235E45 
 396      D8
 397 05de 6A9F0407 		.ascii	"j\237\004\007>\020,r@\025\216PA\364\033\032\365\016"
 397      3E102C72 
 397      40158E50 
 397      41F41B1A 
 397      F50E
 398 05f0 7C600854 		.ascii	"|`\010T\201B\252\360\204\352#\372\275\020\246jQp\010"
 398      8142AAF0 
 398      84EA23FA 
 398      BD10A66A 
 398      517008
 399 0603 63D8E322 		.ascii	"c\330\343\"M\211R\014\001U\000\205t6\370\220\276\020"
 399      4D89520C 
 399      01550085 
 399      7436F890 
 399      BE10
 400 0615 4CE18184 		.ascii	"L\341\201\204\024j\032B\000\217\340\0035\370K\341&Z"
 400      146A1A42 
 400      008FE003 
 400      35F84BE1 
 400      265A
 401 0627 38E042AA 		.ascii	"8\340B\252\012\215\204t\336\302\201\023/Z\010\177\350"
 401      0A8D8474 
 401      DEC28113 
 401      2F5A087F 
 401      E8
 402 0638 2720B11B 		.ascii	"' \261\033\246\352\021\013A\241\252\376tR\026?\0279"
 402      A6EA110B 
 402      41A1AAFE 
 402      7452163F 
 402      1739
 403 064a 6AD19191 		.ascii	"j\321\221\221P\017\216o\3103\034\246\302\241\241\037"
 403      500F8E6F 
 403      C8331CA6 
 403      C2A1A11F 
 404 065a 0E01272F 		.ascii	"\016\001'/G\365\245\352O\035\336\250-^\354\016L\207"
 404      47F5A5EA 
 404      4F1DDEA8 
 404      2D5EEC0E 
 404      4C87
 405 066c 8E88848A 		.ascii	"\216\210\204\212\202\024\014\177)Q*\354\240B\004\024"
 405      82140C7F 
 405      29512AEC 
 405      A0420414 
 406 067c 4048873F 		.ascii	"@H\207?\016xR\241\242\237:,\012\366T\237\007\241\221"
 406      0E7852A1 
 406      A29F3A2C 
ARM GAS  C:\Users\PUBLIC~1.LAP\AppData\Local\Temp\ccXQTTG1.s 			page 31


 406      0AF6549F 
 406      07A191
 407 068f EA222814 		.ascii	"\352\"(\024\032\246C>5e\3413\364K\205\247\352S\323\341"
 407      1AA6433E 
 407      3565E133 
 407      F44B85A7 
 407      EA53D3E1 
 408 06a3 8A1546AA 		.ascii	"\212\025F\252/}!8\344\251>\012pZ\374\204,\214\204.p"
 408      2F7D2138 
 408      E4A93E0A 
 408      705AFC84 
 408      2C8C842E 
 409 06b8 88887E3D 		.ascii	"\210\210~=U\370S\207\036T_\011\023jQ\360\010\025\246"
 409      55F85387 
 409      1E545F09 
 409      136A51F0 
 409      0815A6
 410 06cb 472DECA8 		.ascii	"G-\354\250B\351\320'\035\376\204\251\017\306\212\240"
 410      42E9D027 
 410      1DFE84A9 
 410      0FC68AA0 
 411 06db 307DC1A3 		.ascii	"0}\301\243\372\204FBa\352\353\371\011\022\035\2108a"
 411      FA844642 
 411      61EAEBF9 
 411      09121D88 
 411      3861
 412 06ed 841050A1 		.ascii	"\204\020P\241\007\200\303\037\321\012\237\220p8\202"
 412      0780C31F 
 412      D10A9F90 
 412      703882
 413 06fc E8071C31 		.ascii	"\350\007\03414\032\221\202\204 \013A`\007+LP\202\204"
 413      341A9182 
 413      84200B41 
 413      60072B4C 
 413      508284
 414 070f 8B16A9BA 		.ascii	"\213\026\251\272\002\014\340Q\220\310\367\203\000\202"
 414      020CE051 
 414      90C8F783 
 414      0082
 415 071d 152CF0C0 		.ascii	"\025,\360\300D\372\"8<\"\022r!\365\245\302\340Q\013"
 415      44FA2238 
 415      3C221272 
 415      21F5A5C2 
 415      E0510B
 416 0730 42BF0E67 		.ascii	"B\277\016g\340\316\216W\246\360\031\027\307p\367P\354"
 416      E0CE8E57 
 416      A6F01917 
 416      C770F750 
 416      EC
 417 0741 4EEA6622 		.ascii	"N\352f\"\004\347F\232\031\2644\355\204\004:O\011}[\033"
 417      04E7469A 
 417      19B434ED 
 417      84043A4F 
 417      097D5B1B 
 418 0755 C3012591 		.ascii	"\303\001%\221\324\022\300Z\337\230\244\351v\002B\335"
 418      D412C05A 
 418      DF98A4E9 
ARM GAS  C:\Users\PUBLIC~1.LAP\AppData\Local\Temp\ccXQTTG1.s 			page 32


 418      760242DD 
 419 0765 9EA0E0DE 		.ascii	"\236\240\340\336\316p\277\301gl\011\030/ev\262\270\211"
 419      CE70BFC1 
 419      676C0918 
 419      2F6576B2 
 419      B889
 420 0777 99B1DB8D 		.ascii	"\231\261\333\215\021\031_Z+\372\233\2541c\230m)F\223"
 420      11195F5A 
 420      2BFA9BAC 
 420      3163986D 
 420      294693
 421 078a D5C415D9 		.ascii	"\325\304\025\331\301<\2631g4\225\011\343\223\311p\030"
 421      C13CB331 
 421      67349509 
 421      E393C970 
 421      18
 422 079b 9316D1EC 		.ascii	"\223\026\321\354FJM\215mX+\030k\314\234\032\274|e\261"
 422      464A4D8D 
 422      6D582B18 
 422      6BCC9C1A 
 422      BC7C65B1 
 423 07af 98B30D67 		.ascii	"\230\263\015g\243\"r\371\340\223\303\334\304@Cc0IP="
 423      A32272F9 
 423      E093C3DC 
 423      C4404363 
 423      3049503D 
 424 07c3 29B73126 		.ascii	")\2671&_\316`\300P+\"]\370"
 424      5FCE60C0 
 424      502B225D 
 424      F8
 425 07d0 642F3A39 		.ascii	"d/:9\242\240Q2\315\230B\324\344\314\314\270\213\222"
 425      A2A05132 
 425      CD9842D4 
 425      E4CCCCB8 
 425      8B92
 426 07e2 17DB0E1A 		.ascii	"\027\333\016\032\265\270$\227s\227\261\234f\225\023"
 426      B5B82497 
 426      7397B19C 
 426      669513
 427 07f1 1C1C81A2 		.ascii	"\034\034\201\242\250\261,\207\030D\"2\"\"\222$I:\221"
 427      A8B12C87 
 427      18442232 
 427      22229224 
 427      493A91
 428 0804 058428C6 		.ascii	"\005\204(\306\240\264\015\022`39\023r\206\320\310\214"
 428      A0B40D12 
 428      60333913 
 428      7286D0C8 
 428      8C
 429 0815 88889495 		.ascii	"\210\210\224\225\202\024$\323\030\037\275p\013b\361"
 429      821424D3 
 429      181FBD70 
 429      0B62F1
 430 0824 A522BB07 		.ascii	"\245\"\273\007\241\303\211H\241?u\352r\256\300\317\237"
 430      A1C38948 
 430      A13F75EA 
 430      72AEC0CF 
ARM GAS  C:\Users\PUBLIC~1.LAP\AppData\Local\Temp\ccXQTTG1.s 			page 33


 430      9F
 431 0835 74428D89 		.ascii	"tB\215\211\220\370\010\277\354\270\214*\022P-\272\313"
 431      90F808BF 
 431      ECB88C2A 
 431      12502DBA 
 431      CB
 432 0846 50CED2C2 		.ascii	"P\316\322\302\200U?\256Y\020\237\0160\340\023\360_\012"
 432      80553FAE 
 432      59109F0E 
 432      30E013F0 
 432      5F0A
 433 0858 47522ACD 		.ascii	"GR*\315\270\274\305\021M{\317\312\3716?-\222\321\246"
 433      B8BCC511 
 433      4D7BCFCA 
 433      F9363F2D 
 433      92D1A6
 434 086b 08127E68 		.ascii	"\010\022~h<@h\210\234[\030Q\256\010v\012\257\362\002"
 434      3C406888 
 434      9C5B1851 
 434      AE08760A 
 434      AFF202
 435 087e 62FB6DDA 		.ascii	"b\373m\332u\032\356\324=\351\343\324\011\321\364\272"
 435      751AEED4 
 435      3DE9E3D4 
 435      09D1F4BA 
 436 088e 9996085A 		.ascii	"\231\226\010Z\201l\217U\312`\2552%!\303a\006*\365`D"
 436      816C8F55 
 436      CA60AD32 
 436      2521C361 
 436      062AF560 
 437 08a3 2164E384 		.ascii	"!d\343\204/\313\274\376\240y\032\372\003\261\337!\003"
 437      2FCBBCFE 
 437      A0791AFA 
 437      03B1DF21 
 437      03
 438 08b4 74D552FD 		.ascii	"t\325R\375W2m\265\007r\224\3510\364\306 \017.\304UU"
 438      57326DB5 
 438      077294E9 
 438      30F4C620 
 438      0F2EC455 
 439 08c9 ABC432C2 		.ascii	"\253\3042\302\327\205&\255W\212\015\331\373\222mo\365"
 439      D78526AD 
 439      578A0DD9 
 439      FB926D6F 
 439      F5
 440 08da 500857B4 		.ascii	"P\010W\264kW\002\272\223\335\007\237i\000\233Zb\025"
 440      6B5702BA 
 440      93DD079F 
 440      69009B5A 
 440      6215
 441 08ec 68E48BC8 		.ascii	"h\344\213\310\365\261\240\016r\2424*kM\305\3274\240"
 441      F5B1A00E 
 441      72A2342A 
 441      6B4DC5D7 
 441      34A0
 442 08fe 9EAD0C64 		.ascii	"\236\255\014d\2562\006\000\355F\222\024\015}L\340\327"
 442      AE320600 
ARM GAS  C:\Users\PUBLIC~1.LAP\AppData\Local\Temp\ccXQTTG1.s 			page 34


 442      ED469214 
 442      0D7D4CE0 
 442      D7
 443 090f 467F5921 		.ascii	"F\177Y!\311\246\204\030\026\213L\341uN\245?\377\241"
 443      C9A68418 
 443      168B4CE1 
 443      754EA53F 
 443      FFA1
 444 0921 A4319640 		.ascii	"\2441\226@J\336K,/\322D\027\202\210\262\342\003\226"
 444      4ADE4B2C 
 444      2FD24417 
 444      8288B2E2 
 444      0396
 445 0933 CADF4245 		.ascii	"\312\337BEZ\207\367\306\357'\235\261\250\335\214\245"
 445      5A87F7C6 
 445      EF279DB1 
 445      A8DD8CA5 
 446 0943 E9B5F8CC 		.ascii	"\351\265\370\314E\276\305\2049\325n\0313\310\003\314"
 446      45BEC584 
 446      39D56E19 
 446      33C803CC 
 447 0953 99CDE141 		.ascii	"\231\315\341AiU\210'\377\003c\250\303\345\320\365\377"
 447      69558827 
 447      FF0363A8 
 447      C3E5D0F5 
 447      FF
 448 0964 326484E4 		.ascii	"2d\204\344j\267\340=\025\2653\303\347[6\214G\243\"F"
 448      6AB7E03D 
 448      15B533C3 
 448      E75B368C 
 448      47A32246 
 449 0978 20E82AEE 		.ascii	" \350*\356\017Am\317x\300\0320B\213\2200\240(\374\007"
 449      0F416DCF 
 449      78C01A30 
 449      428B9030 
 449      A028FC07 
 450 098c 3E320133 		.ascii	">2\0013\304J+\363-5\244Rrb\236\235\226\313\377<\312"
 450      C44A2BF3 
 450      2D35A452 
 450      72629E9D 
 450      96CBFF3C 
 451 09a1 5F87D00F 		.ascii	"_\207\320\017\020\014\376X\267Bu<<%w\336_\357FP%\302"
 451      100CFE58 
 451      B742753C 
 451      3C2577DE 
 451      5FEF4650 
 452 09b7 CC6BE0AB 		.ascii	"\314k\340\253qT\375\030\011\373[<\030^/\214\302W\311"
 452      7154FD18 
 452      09FB5B3C 
 452      185E2F8C 
 452      C257C9
 453 09ca 18827A38 		.ascii	"\030\202z8oO>\3762\344\371@\262\377HE\"\314\303;\240"
 453      6F4F3EFE 
 453      32E4F940 
 453      B2FF4845 
 453      22CCC33B 
 454 09df 45FD8332 		.ascii	"E\375\2032\215\264$\327\262\303\026\302\336@.I\205\310"
ARM GAS  C:\Users\PUBLIC~1.LAP\AppData\Local\Temp\ccXQTTG1.s 			page 35


 454      8DB424D7 
 454      B2C316C2 
 454      DE402E49 
 454      85C8
 455 09f1 F808E709 		.ascii	"\370\010\347\011\235\034\300\330\246q#\223<\316\006"
 455      9D1CC0D8 
 455      A6712393 
 455      3CCE06
 456 0a00 D986F87C 		.ascii	"\331\206\370|\256C1\205\316\316yd\034Bt\335\252\204"
 456      AE433185 
 456      CECE7964 
 456      1C4274DD 
 456      AA84
 457 0a12 ECC2628F 		.ascii	"\354\302b\217j\343\033\311\304\254\372\212\177\261\340"
 457      6AE31BC9 
 457      C4ACFA8A 
 457      7FB1E0
 458 0a21 67E02150 		.ascii	"g\340!P a\273g\3120-\252\310\362\363O\177\260'\217\010"
 458      2061BB67 
 458      CA302DAA 
 458      C8F2F34F 
 458      7FB0278F 
 459 0a36 41D11C33 		.ascii	"A\321\03432\350\321z\257\024\365d/\330e\"\374\372CB"
 459      32E8D17A 
 459      AF14F564 
 459      2FD86522 
 459      FCFA4342 
 460 0a4a 69A0E8BC 		.ascii	"i\240\350\2743#\305f\374\237\232\326\312{\034\345\257"
 460      3323C566 
 460      FC9F9AD6 
 460      CA7B1CE5 
 460      AF
 461 0a5b 69E8D825 		.ascii	"i\350\330%\251\330\341\264\332\012c5\213-0\226\370\325"
 461      A9D8E1B4 
 461      DA0A6335 
 461      8B2D3096 
 461      F8D5
 462 0a6d 1E46C6FD 		.ascii	"\036F\306\375n={H\256,\030oG\036/_\206\006\257\273f"
 462      6E3D7B48 
 462      AE2C186F 
 462      471E2F5F 
 462      8606AFBB 
 463 0a82 241CD751 		.ascii	"$\034\327QoY\264&\323\035\335\256\007\362\363*3\256"
 463      6F59B426 
 463      D31DDDAE 
 463      07F2F32A 
 463      33AE
 464 0a94 B1B36FEB 		.ascii	"\261\263o\353A\207\306\237sw\310\276\264F\215M\200\027"
 464      4187C69F 
 464      7377C8BE 
 464      B4468D4D 
 464      8017
 465 0aa6 36F6EC83 		.ascii	"6\366\354\203hw\241we[\250Q\271B?CYJ\000~x\204\266\344"
 465      6877A177 
 465      655BA851 
 465      B9423F43 
 465      594A007E 
ARM GAS  C:\Users\PUBLIC~1.LAP\AppData\Local\Temp\ccXQTTG1.s 			page 36


 466 0abe 01FA8229 		.ascii	"\001\372\202)b\312\031T,\372\322\277\233\270\345\232"
 466      62CA1954 
 466      2CFAD2BF 
 466      9BB8E59A 
 467 0ace 02365DF3 		.ascii	"\0026]\363~v\343\376E\317#\370\025\327\247\331\271e"
 467      7E76E3FE 
 467      45CF23F8 
 467      15D7A7D9 
 467      B965
 468 0ae0 34F02A0F 		.ascii	"4\360*\0172\037\261o\030\270\3633\276\375\254(:S\267"
 468      321FB16F 
 468      18B8F333 
 468      BEFDAC28 
 468      3A53B7
 469 0af3 4A766CE9 		.ascii	"Jvl\351t\374>3O\277\343\223\030nB\256\376\347\310/\307"
 469      74FC3E33 
 469      4FBFE393 
 469      186E42AE 
 469      FEE7C82F 
 470 0b08 15B677D8 		.ascii	"\025\266w\330i\240S\317\343\214\275\253b\276\352\207"
 470      69A053CF 
 470      E38CBDAB 
 470      62BEEA87 
 471 0b18 77316FA5 		.ascii	"w1o\245\265V\311\006\332U"
 471      B556C906 
 471      DA55
 472              		.text
 473              		.section	.gnu.lto_.symtab.83ac8d04,"e",%progbits
 474 0000 666C6173 		.ascii	"flashWaitErase\000"
 474      68576169 
 474      74457261 
 474      736500
 475 000f 00       		.ascii	"\000"
 476 0010 00       		.ascii	"\000"
 477 0011 00       		.ascii	"\000"
 478 0012 00000000 		.ascii	"\000\000\000\000\000\000\000\000"
 478      00000000 
 479 001a 50010000 		.ascii	"P\001\000\000"
 480 001e 666C6173 		.ascii	"flashGetSectorOffset\000"
 480      68476574 
 480      53656374 
 480      6F724F66 
 480      66736574 
 481 0033 00       		.ascii	"\000"
 482 0034 00       		.ascii	"\000"
 483 0035 00       		.ascii	"\000"
 484 0036 00000000 		.ascii	"\000\000\000\000\000\000\000\000"
 484      00000000 
 485 003e 55010000 		.ascii	"U\001\000\000"
 486 0042 666C6173 		.ascii	"flashGetSectorSize\000"
 486      68476574 
 486      53656374 
 486      6F725369 
 486      7A6500
 487 0055 00       		.ascii	"\000"
 488 0056 00       		.ascii	"\000"
 489 0057 00       		.ascii	"\000"
ARM GAS  C:\Users\PUBLIC~1.LAP\AppData\Local\Temp\ccXQTTG1.s 			page 37


 490 0058 00000000 		.ascii	"\000\000\000\000\000\000\000\000"
 490      00000000 
 491 0060 5A010000 		.ascii	"Z\001\000\000"
 492 0064 666C6173 		.ascii	"flashGetOffsetSector\000"
 492      68476574 
 492      4F666673 
 492      65745365 
 492      63746F72 
 493 0079 00       		.ascii	"\000"
 494 007a 00       		.ascii	"\000"
 495 007b 00       		.ascii	"\000"
 496 007c 00000000 		.ascii	"\000\000\000\000\000\000\000\000"
 496      00000000 
 497 0084 5F010000 		.ascii	"_\001\000\000"
 498 0088 666C6173 		.ascii	"flashGetOffsetAddress\000"
 498      68476574 
 498      4F666673 
 498      65744164 
 498      64726573 
 499 009e 00       		.ascii	"\000"
 500 009f 00       		.ascii	"\000"
 501 00a0 00       		.ascii	"\000"
 502 00a1 00000000 		.ascii	"\000\000\000\000\000\000\000\000"
 502      00000000 
 503 00a9 64010000 		.ascii	"d\001\000\000"
 504 00ad 666C6173 		.ascii	"flashGetAddressOffset\000"
 504      68476574 
 504      41646472 
 504      6573734F 
 504      66667365 
 505 00c3 00       		.ascii	"\000"
 506 00c4 00       		.ascii	"\000"
 507 00c5 00       		.ascii	"\000"
 508 00c6 00000000 		.ascii	"\000\000\000\000\000\000\000\000"
 508      00000000 
 509 00ce 69010000 		.ascii	"i\001\000\000"
 510 00d2 63685468 		.ascii	"chThdSleep\000"
 510      64536C65 
 510      657000
 511 00dd 00       		.ascii	"\000"
 512 00de 02       		.ascii	"\002"
 513 00df 00       		.ascii	"\000"
 514 00e0 00000000 		.ascii	"\000\000\000\000\000\000\000\000"
 514      00000000 
 515 00e8 6F010000 		.ascii	"o\001\000\000"
 516              		.text
 517              		.section	.gnu.lto_.ext_symtab.83ac8d04,"e",%progbits
 518 0000 01       		.ascii	"\001"
 519 0001 01       		.ascii	"\001"
 520 0002 00       		.ascii	"\000"
 521 0003 01       		.ascii	"\001"
 522 0004 00       		.ascii	"\000"
 523 0005 01       		.ascii	"\001"
 524 0006 00       		.ascii	"\000"
 525 0007 01       		.ascii	"\001"
 526 0008 00       		.ascii	"\000"
 527 0009 01       		.ascii	"\001"
ARM GAS  C:\Users\PUBLIC~1.LAP\AppData\Local\Temp\ccXQTTG1.s 			page 38


 528 000a 00       		.ascii	"\000"
 529 000b 01       		.ascii	"\001"
 530 000c 00       		.ascii	"\000"
 531 000d 01       		.ascii	"\001"
 532 000e 00       		.ascii	"\000"
 533              		.text
 534              		.section	.gnu.lto_.opts,"e",%progbits
 535 0000 272D666E 		.ascii	"'-fno-openmp' '-fno-openacc' '-fno-pie' '-fcf-prote"
 535      6F2D6F70 
 535      656E6D70 
 535      2720272D 
 535      666E6F2D 
 536 0033 6374696F 		.ascii	"ction=none' '-mcpu=cortex-m3' '-mthumb' '-mfloat-ab"
 536      6E3D6E6F 
 536      6E652720 
 536      272D6D63 
 536      70753D63 
 537 0066 693D736F 		.ascii	"i=soft' '-mlibarch=armv7-m' '-march=armv7-m' '-Os' "
 537      66742720 
 537      272D6D6C 
 537      69626172 
 537      63683D61 
 538 0099 272D666F 		.ascii	"'-fomit-frame-pointer' '-falign-functions=16' '-ffu"
 538      6D69742D 
 538      6672616D 
 538      652D706F 
 538      696E7465 
 539 00cc 6E637469 		.ascii	"nction-sections' '-fdata-sections' '-fno-common' '-"
 539      6F6E2D73 
 539      65637469 
 539      6F6E7327 
 539      20272D66 
 540 00ff 666C746F 		.ascii	"flto' '-Xassembler' '-alms=./build/lst/hal_flash.ls"
 540      2720272D 
 540      58617373 
 540      656D626C 
 540      65722720 
 541 0132 742700   		.ascii	"t'\000"
 542              		.text
 543              		.comm	__gnu_lto_slim,1,1
 544              		.ident	"GCC: (GNU) 12.2.0"
ARM GAS  C:\Users\PUBLIC~1.LAP\AppData\Local\Temp\ccXQTTG1.s 			page 39


DEFINED SYMBOLS
                            *ABS*:00000000 hal_flash.c
                            *COM*:00000001 __gnu_lto_slim

NO UNDEFINED SYMBOLS
