ARM GAS  C:\Users\PUBLIC~1.LAP\AppData\Local\Temp\cchOHmQN.s 			page 1


   1              		.cpu cortex-m3
   2              		.arch armv7-m
   3              		.fpu softvfp
   4              		.eabi_attribute 20, 1
   5              		.eabi_attribute 21, 1
   6              		.eabi_attribute 23, 3
   7              		.eabi_attribute 24, 1
   8              		.eabi_attribute 25, 1
   9              		.eabi_attribute 26, 1
  10              		.eabi_attribute 30, 4
  11              		.eabi_attribute 34, 1
  12              		.eabi_attribute 18, 4
  13              		.file	"hal_lld.c"
  14              		.section	.gnu.lto_.profile.83ad111f,"e",%progbits
  15 0000 28B52FFD 		.ascii	"(\265/\375 \0061\000\000\002\000\000\000\000\000"
  15      20063100 
  15      00020000 
  15      000000
  16              		.text
  17              		.section	.gnu.lto_.icf.83ad111f,"e",%progbits
  18 0000 28B52FFD 		.ascii	"(\265/\375 hM\001\000\300\\\000\002\000\212\263\371"
  18      20684D01 
  18      00C05C00 
  18      02008AB3 
  18      F9
  19 0011 CB022602 		.ascii	"\313\002&\002\000\002\001\002\003\001\224\274\331\340"
  19      00020102 
  19      030194BC 
  19      D9E0
  20 001f 0C000007 		.ascii	"\014\000\000\007\000\340\001X\000\331\001\024/\346\356"
  20      00E00158 
  20      00D90114 
  20      2FE6EE
  21 002e 4CDA0016 		.ascii	"L\332\000\026"
  22              		.text
  23              		.section	.gnu.lto_.ipa_sra.83ad111f,"e",%progbits
  24 0000 28B52FFD 		.ascii	"(\265/\375 \026\225\000\000`\012\000\002\000\000\001"
  24      20169500 
  24      00600A00 
  24      02000001 
  25 0010 01000100 		.ascii	"\001\000\001\000\001\000\001\000\033\300\002"
  25      01000100 
  25      1BC002
  26              		.text
  27              		.section	.gnu.lto_.inline.83ad111f,"e",%progbits
  28 0000 28B52FFD 		.ascii	"(\265/\375 \\=\002\000\224\003P\000\002\000\000'\204"
  28      205C3D02 
  28      00940350 
  28      00020000 
  28      2784
  29 0012 8080FC03 		.ascii	"\200\200\374\003i\001\000\000\002H\204\200\200\364\003"
  29      69010000 
  29      02488480 
  29      80F403
  30 0021 69000006 		.ascii	"i\000\000\006\200\200\200\200\002d\002\000\000\001\000"
  30      80808080 
  30      02640200 
ARM GAS  C:\Users\PUBLIC~1.LAP\AppData\Local\Temp\cchOHmQN.s 			page 2


  30      000100
  31 0030 04036601 		.ascii	"\004\003f\001\000\000\002\000\000\201\200\200\200~\012"
  31      00000200 
  31      00818080 
  31      807E0A
  32 003f 00000000 		.ascii	"\000\000\000\000\000\004\000G\315\237\311\372\241\226"
  32      00040047 
  32      CD9FC9FA 
  32      A196
  33 004d 830116   		.ascii	"\203\001\026"
  34              		.text
  35              		.section	.gnu.lto_.jmpfuncs.83ad111f,"e",%progbits
  36 0000 28B52FFD 		.ascii	"(\265/\375 \025\215\000\000X\011\000\002\000\000\000"
  36      20158D00 
  36      00580900 
  36      02000000 
  37 0010 01000000 		.ascii	"\001\000\000\000\000\001\000\033\300\002"
  37      0001001B 
  37      C002
  38              		.text
  39              		.section	.gnu.lto_.pureconst.83ad111f,"e",%progbits
  40 0000 28B52FFD 		.ascii	"(\265/\375 \013Y\000\000\007\000\000\000\002\000\232"
  40      200B5900 
  40      00070000 
  40      0002009A 
  41 0010 04019804 		.ascii	"\004\001\230\004"
  42              		.text
  43              		.section	.gnu.lto_.ipa_modref.83ad111f,"e",%progbits
  44 0000 28B52FFD 		.ascii	"(\265/\375 JM\001\000\270>\000\002\000\003\002\004\000"
  44      204A4D01 
  44      00B83E00 
  44      02000302 
  44      0400
  45 0012 01020501 		.ascii	"\001\002\005\001\000\002\006\007\000\002\007\000\006"
  45      00020607 
  45      00020700 
  45      06
  46 001f 01000700 		.ascii	"\001\000\007\000\270B`\334\236\005\301`+9\201m\033h"
  46      B84260DC 
  46      9E05C160 
  46      2B39816D 
  46      1B68
  47 0031 03       		.ascii	"\003"
  48              		.text
  49              		.section	.gnu.lto_.lto.83ad111f,"e",%progbits
  50 0000 0C000000 		.ascii	"\014\000\000\000\001\000\001\000"
  50      01000100 
  51              		.text
  52              		.section	.gnu.lto_ht32_clock_init.312.83ad111f,"e",%progbits
  53 0000 28B52FFD 		.ascii	"(\265/\375`/\005u\033\000\206\256\244K\240\024R:\304"
  53      602F0575 
  53      1B0086AE 
  53      A44BA014 
  53      523AC4
  54 0013 548DC279 		.ascii	"T\215\302y5\225C\277\370\257`\203\\\255\270\265(\264"
  54      359543BF 
  54      F8AF6083 
ARM GAS  C:\Users\PUBLIC~1.LAP\AppData\Local\Temp\cchOHmQN.s 			page 3


  54      5CADB8B5 
  54      28B4
  55 0025 61C0F3E2 		.ascii	"a\300\363\342\224\324\324\036\232\260\022\255\354\361"
  55      94D4D41E 
  55      9AB012AD 
  55      ECF1
  56 0033 DC3C4E0E 		.ascii	"\334<N\016\344\274\207~\230\300\307Ly\366\246Y\346\225"
  56      E4BC877E 
  56      98C0C74C 
  56      79F6A659 
  56      E695
  57 0045 25A9B14A 		.ascii	"%\251\261J@\302\207\327C\017\253\372m\237\220M\210\334"
  57      40C287D7 
  57      430FABFA 
  57      6D9F904D 
  57      88DC
  58 0057 49068C00 		.ascii	"I\006\214\000\202\000\220\000\257l_\271|e\362\225\373"
  58      82009000 
  58      AF6C5FB9 
  58      7C65F295 
  58      FB
  59 0068 95EB2B1F 		.ascii	"\225\353+\037\200L\223\027!\336\353t\234r\205\2248P"
  59      804C9317 
  59      21DEEB74 
  59      9C728594 
  59      3850
  60 007a 30F3697C 		.ascii	"0\363i|\304\014\026S\336&\0250\212\367^\\\227`\223K"
  60      C40C1653 
  60      DE261530 
  60      8AF75E5C 
  60      9760934B 
  61 008e 6EF2E8A7 		.ascii	"n\362\350\247\314\264\263\222\244u=\342\007\020q\364"
  61      CCB4B392 
  61      A4753DE2 
  61      071071F4 
  62 009e A5483FA7 		.ascii	"\245H?\247.;\221\247\037\260\232!f\370\322\251[\251"
  62      2E3B91A7 
  62      1FB09A21 
  62      66F8D2A9 
  62      5BA9
  63 00b0 CF9AA86A 		.ascii	"\317\232\250jY\201O|\251\324\311[\026\324i\244\311\344"
  63      59814F7C 
  63      A9D4C95B 
  63      16D469A4 
  63      C9E4
  64 00c2 74C2962E 		.ascii	"t\302\226.\2217R\302p<\305\023\210\332\327\272\214V"
  64      913752C2 
  64      703CC513 
  64      88DAD7BA 
  64      8C56
  65 00d4 0D5F0AF5 		.ascii	"\015_\012\365j*\270\367r\365\245\037\316\2653\363\027"
  65      6A2AB8F7 
  65      72F5A51F 
  65      CEB533F3 
  65      17
  66 00e5 33436026 		.ascii	"3C`&\215\001K\325\310\314\032>\354:\214\237\223\212"
  66      8D014BD5 
ARM GAS  C:\Users\PUBLIC~1.LAP\AppData\Local\Temp\cchOHmQN.s 			page 4


  66      C8CC1A3E 
  66      EC3A8C9F 
  66      938A
  67 00f7 EB9EC7B3 		.ascii	"\353\236\307\263/\273\007\2700\006\205\265\312\311{"
  67      2FBB07B8 
  67      300685B5 
  67      CAC97B
  68 0106 EF6DAEFD 		.ascii	"\357m\256\375\302'v\324\276k\327\257^\224\022sx\360"
  68      C22776D4 
  68      BE6BD7AF 
  68      5E941273 
  68      78F0
  69 0118 7C270006 		.ascii	"|'\000\006\177!\313L\364\026E\347\275U6\374\255\263"
  69      7F21CB4C 
  69      F41645E7 
  69      BD5536FC 
  69      ADB3
  70 012a 30AA1D31 		.ascii	"0\252\0351\361\222\274$\356\345{\260/Q\255\342\230\260"
  70      F192BC24 
  70      EEE57BB0 
  70      2F51ADE2 
  70      98B0
  71 013c 5661E642 		.ascii	"Va\346B\252}\305\374\033,)a\334V\314\257\014\363\312"
  71      AA7DC5FC 
  71      1B2C2961 
  71      DC56CCAF 
  71      0CF3CA
  72 014f 2FAFECF2 		.ascii	"/\257\354\362\312-\257|{e\226W\266\275\362\312+\327"
  72      CA2DAF7C 
  72      7B659657 
  72      B6BDF2CA 
  72      2BD7
  73 0161 5E99F6CA 		.ascii	"^\231\366\312\263W\226\275\362\371\312f\037\262\322"
  73      B35796BD 
  73      F2F9CA66 
  73      1FB2D2
  74 0170 66151063 		.ascii	"f\025\020c\260\326AjXT\372\250\245u\255\355\261x\324"
  74      B0D6416A 
  74      5854FAA8 
  74      A575ADED 
  74      B178D4
  75 0183 CE9AD64D 		.ascii	"\316\232\326M\354\375.\374G\217\373\320\031q\357s9\373"
  75      ECFD2EFC 
  75      478FFBD0 
  75      1971EF73 
  75      39FB
  76 0195 72D6E58D 		.ascii	"r\326\345\215\035[v\306G\255\254\253X\027\222z\324\236"
  76      1D5B76C6 
  76      47ADACAB 
  76      5817927A 
  76      D49E
  77 01a7 2DEB1EF6 		.ascii	"-\353\036\366~<\327qv\231\326\330*\373\252s\324\310"
  77      7E3CD771 
  77      7699D6D8 
  77      2AFBAA73 
  77      D4C8
  78 01b9 7BD4DA36 		.ascii	"{\324\3326\273\016{Q=\267a\3734\200A\241\214{o\206{"
ARM GAS  C:\Users\PUBLIC~1.LAP\AppData\Local\Temp\cchOHmQN.s 			page 5


  78      BB0E7B51 
  78      3DB761FB 
  78      348041A1 
  78      8C7B6F86 
  79 01ce 95595EC5 		.ascii	"\225Y^\305\261\262g\330X\216G*\307\243\226\354\262\353"
  79      B1B267D8 
  79      588E472A 
  79      C7A396EC 
  79      B2EB
  80 01e0 92DE4F77 		.ascii	"\222\336Ow\031\3357b\030\203d_\361\3371x0\245\264\266"
  80      19DD3762 
  80      1883645F 
  80      F1DF3178 
  80      30A5B4B6 
  81 01f4 12F022DB 		.ascii	"\022\360\"\333}&]`\001\314S\000\303n\247\323\341\200"
  81      7D265D60 
  81      01CC5300 
  81      C36EA7D3 
  81      E180
  82 0206 0D0D831A 		.ascii	"\015\015\203\032\003\023\034\340\204\206\202x@\270]"
  82      03131CE0 
  82      84868278 
  82      40B85D
  83 0215 CE0727C4 		.ascii	"\316\007'\304\303\355\350\202\2066\360p\010H\210\240"
  83      C3EDE882 
  83      8636F070 
  83      084888A0 
  84 0225 DBD1F9E0 		.ascii	"\333\321\371\340\344\330\324\320\000\375\364\014\345"
  84      E4D8D4D0 
  84      00FDF40C 
  84      E5
  85 0232 18F910E9 		.ascii	"\030\371\020\351v:\271\231\231\034\004\013\036p\335"
  85      763AB999 
  85      991C040B 
  85      1E70DD
  86 0241 B7153708 		.ascii	"\267\0257\010\"$\251\223\370L\316L\341a\3051a\205/y"
  86      2224A993 
  86      F84CCE4C 
  86      E161C531 
  86      61852F79 
  87 0255 1165C5D8 		.ascii	"\021e\305\330)k+\230\256Q\272\300\376\365\227\206\351"
  87      296B2B98 
  87      AE51BAC0 
  87      FEF59786 
  87      E9
  88 0266 1E2679E9 		.ascii	"\036&y\3512Ub\2724\222\241OLX\344-\355\322\226\330\213"
  88      325562BA 
  88      3492A14F 
  88      4C58E42D 
  88      EDD296D8 
  89 027b 5222F25B 		.ascii	"R\"\362[\267tC\351\375\214\334\272tb\304\030\0246\261"
  89      B77443E9 
  89      FD8CDCBA 
  89      7462C418 
  89      1436B1
  90 028e 7EFDA8B5 		.ascii	"~\375\250\2655K\307xM9jW\332\326$\321Bd\250Q0G\231B"
  90      354BC778 
ARM GAS  C:\Users\PUBLIC~1.LAP\AppData\Local\Temp\cchOHmQN.s 			page 6


  90      4D396A57 
  90      DAD624D1 
  90      4264A851 
  91 02a6 43422292 		.ascii	"CB\"\222\264 \205\341\260\002\021)+\036\0210\241C\320"
  91      B42085E1 
  91      B0021129 
  91      2B1E1130 
  91      A143D0
  92 02b9 5860DA32 		.ascii	"X`\3322\324\030L\301\034z\025\202\242\215:\036\\\245"
  92      D4184CC1 
  92      1C7A1582 
  92      A28D3A1E 
  92      5CA5
  93 02cb 44A82D87 		.ascii	"D\250-\207\247Rm\220\240{\303\366F^Y\374\340$\202.("
  93      A7526D90 
  93      A07BC3F6 
  93      465E59FC 
  93      E024822E 
  94 02e0 1BD634F5 		.ascii	"\033\3264\365*BB;\367\332\306wi\004\220\214\310'\005"
  94      2A42423B 
  94      F7DAC677 
  94      6904908C 
  94      C82705
  95 02f3 6BA1FDA2 		.ascii	"k\241\375\242\010#.\362\031B%\265\233\021\012\352\270"
  95      08232EF2 
  95      194225B5 
  95      9B110AEA 
  95      B8
  96 0304 66A41697 		.ascii	"f\244\026\227\371\037\242F\035\345T\206\271%\231w\246"
  96      F91FA246 
  96      1DE55486 
  96      B9259977 
  96      A6
  97 0315 C05CAAE5 		.ascii	"\300\\\252\345\273\304\356#TI\013\263\002;fG\000\227"
  97      BBC4EE23 
  97      54490BB3 
  97      023B6647 
  97      0097
  98 0327 9B8D7ABC 		.ascii	"\233\215z\274;\207\001aR\205\202$\003\306\2150\001m"
  98      3B870161 
  98      52858224 
  98      03C68D30 
  98      016D
  99 0339 463D229F 		.ascii	"F=\"\237\231\363\321\206'\202\222x$:\247\232w\033;t"
  99      99F3D186 
  99      27829278 
  99      243AA79A 
  99      771B3B74 
 100 034d DCD8E7AD 		.ascii	"\334\330\347\255E\302\036\205\231\031$?\322g\272\240"
 100      45C21E85 
 100      9919243F 
 100      D267BAA0 
 101 035d 73BB7BFE 		.ascii	"s\273{\376\\\276<i\003\207\323)`\340\320\235\335\237"
 101      5CBE3C69 
 101      0387D329 
 101      60E0D09D 
 101      DD9F
ARM GAS  C:\Users\PUBLIC~1.LAP\AppData\Local\Temp\cchOHmQN.s 			page 7


 102 036f 26712431 		.ascii	"&q$1\213\352 \364\017"
 102      8BEA20F4 
 102      0F
 103              		.text
 104              		.section	.gnu.lto_hal_lld_init.313.83ad111f,"e",%progbits
 105 0000 28B52FFD 		.ascii	"(\265/\375 \366\015\007\000d\014z\000\000\000M\000\000"
 105      20F60D07 
 105      00640C7A 
 105      0000004D 
 105      0000
 106 0012 00230000 		.ascii	"\000#\000\000\000\001\003\000\001\222\221\212\002\000"
 106      00010300 
 106      0192918A 
 106      0200
 107 0020 80808040 		.ascii	"\200\200\200@\007\002\001\201\221\212\011\001\267\001"
 107      07020181 
 107      918A0901 
 107      B701
 108 002e 01007F02 		.ascii	"\001\000\177\002\001\177\001\246\003/\200\200\200\370"
 108      017F01A6 
 108      032F8080 
 108      80F8
 109 003c 84FFE180 		.ascii	"\204\377\341\200P\300\001\352\000\000\177\000\013\001"
 109      50C001EA 
 109      00007F00 
 109      0B01
 110 004a 000000AF 		.ascii	"\000\000\000\257\322\005\340\200\374\377\217\200\200"
 110      D205E080 
 110      FCFF8F80 
 110      80
 111 0057 CDE30188 		.ascii	"\315\343\001\210%\003\000\000\243\003\000\200\200\200"
 111      25030000 
 111      A3030080 
 111      8080
 112 0065 80040100 		.ascii	"\200\004\001\000\000\244\003\002\201\300\000\000\200"
 112      00A40302 
 112      81C00000 
 112      80
 113 0072 0383E0FF 		.ascii	"\003\203\340\377\307\002\000\212\001\002}{\000\000\002"
 113      C702008A 
 113      01027D7B 
 113      000002
 114 0081 03008203 		.ascii	"\003\000\202\003\202\340\221J\243\003\001\200\300KD"
 114      82E0914A 
 114      A3030180 
 114      C04B44
 115 0090 3A5C3030 		.ascii	":\\00a_liuhy\\temp126\\ChibiOS-Contrib/os/hal/ports"
 115      615F6C69 
 115      7568795C 
 115      74656D70 
 115      3132365C 
 116 00c0 2F485433 		.ascii	"/HT32F165x_lld.c\000\011\000<C\037\312\301\231\0267"
 116      32463136 
 116      35785F6C 
 116      6C642E63 
 116      0009003C 
 117 00db 9D4115AE 		.ascii	"\235A\025\256\243\313\370\227q\305\345X\264\223\014"
ARM GAS  C:\Users\PUBLIC~1.LAP\AppData\Local\Temp\cchOHmQN.s 			page 8


 117      A3CBF897 
 117      71C5E558 
 117      B4930C
 118              		.text
 119              		.section	.gnu.lto_.symbol_nodes.83ad111f,"e",%progbits
 120 0000 28B52FFD 		.ascii	"(\265/\375 A\305\001\000\344\002=\000\000\000\000\002"
 120      2041C501 
 120      00E4023D 
 120      00000000 
 120      02
 121 0011 B8027F08 		.ascii	"\270\002\177\010\360\372\2508\001\220\316\000\000\177"
 121      F0FAA838 
 121      0190CE00 
 121      007F
 122 001f 0000BA90 		.ascii	"\000\000\272\220\202\002\271\002\177\011\200\200\200"
 122      8202B902 
 122      7F098080 
 122      80
 123 002c 80040301 		.ascii	"\200\004\003\001\000\200\200\200\200\004\001\"\000\002"
 123      00808080 
 123      80040122 
 123      0002
 124 003a 003CFBB8 		.ascii	"\000<\373\270\326\034\003"
 124      D61C03
 125              		.text
 126              		.section	.gnu.lto_.refs.83ad111f,"e",%progbits
 127 0000 28B52FFD 		.ascii	"(\265/\375 \005)\000\000\001\000\000\000\000"
 127      20052900 
 127      00010000 
 127      0000
 128              		.text
 129              		.section	.gnu.lto_.decls.83ad111f,"e",%progbits
 130 0000 28B52FFD 		.ascii	"(\265/\375`\251\020=K\000:\177\320\033@@\242N\007k\335"
 130      60A9103D 
 130      4B003A7F 
 130      D01B4040 
 130      A24E076B 
 131 0015 6BDB395A 		.ascii	"k\3339Z\313\316\2546W\311t\252\"\"\336\177i\254}\372"
 131      CBCEAC36 
 131      57C974AA 
 131      2222DE7F 
 131      69AC7DFA 
 132 0029 E7FCA721 		.ascii	"\347\374\247!\024;r_\351\274\217\243\0244\243Wi\272"
 132      143B725F 
 132      E9BC8FA3 
 132      1434A357 
 132      69BA
 133 003b 3A93C18E 		.ascii	":\223\301\216uK\001t?A\273!\257\311,6\225-\245\024\220"
 133      754B0174 
 133      3F41BB21 
 133      AFC92C36 
 133      952DA514 
 134 0050 01A001AA 		.ascii	"\001\240\001\252\001~\350\200\334\217\333\3619g\354"
 134      017EE880 
 134      DC8FDBF1 
 134      3967EC
 135 005f F6394EA7 		.ascii	"\3669N\247o\233s\363\255pP\020\316\333\232\2713i\362"
ARM GAS  C:\Users\PUBLIC~1.LAP\AppData\Local\Temp\cchOHmQN.s 			page 9


 135      6F9B73F3 
 135      AD705010 
 135      CEDB9AB9 
 135      3369F2
 136 0072 9271C0FC 		.ascii	"\222q\300\374\251\301\003l\023\307g\246\014_\0313d\364"
 136      A9C1036C 
 136      13C767A6 
 136      0C5F1933 
 136      64F4
 137 0084 00DFE0DC 		.ascii	"\000\337\340\334P\373\366\3040\272\235\347\011\0062"
 137      50FBF6C4 
 137      30BA9DE7 
 137      090632
 138 0093 FAA01366 		.ascii	"\372\240\023f\2660\322\2343 \0339\3017pI9n\356\326\355"
 138      B630D29C 
 138      33201B39 
 138      C1377049 
 138      396EEED6 
 139 00a8 67D01C65 		.ascii	"g\320\034e\037ud\2449\0236T\267\223qF\337s:\242f\233"
 139      1F7564A4 
 139      39133654 
 139      B7937146 
 139      DF733AA2 
 140 00be D302B0AD 		.ascii	"\323\002\260\255)B]\314\231\220\351\000SQ\025\255\354"
 140      29425DCC 
 140      9990E900 
 140      535115AD 
 140      EC
 141 00cf 8CE9B6D3 		.ascii	"\214\351\266\323\301NH'!n\017\304\355jp\273\037n'\354"
 141      C14E4827 
 141      216E0FC4 
 141      ED6A70BB 
 141      1F6E27EC 
 142 00e3 76417753 		.ascii	"vAwS}\322F\367\367)\331^\025Z\313\002\004\310\337v<"
 142      7DD246F7 
 142      F729D95E 
 142      155ACB02 
 142      04C8DF76 
 143 00f8 DCD89390 		.ascii	"\334\330\223\220G-n\177\303\007\264\340\366*\230\001"
 143      472D6E7F 
 143      C307B4E0 
 143      F62A9801 
 144 0108 1B6E5F82 		.ascii	"\033n_\202\227\214\340v\"\330\311y\340\336\2011\330"
 144      978CE076 
 144      22D8C979 
 144      E0DE8131 
 144      D8
 145 0119 C00D86BB 		.ascii	"\300\015\206\273\365\274n\257\363\251\343=4\347f\316"
 145      F5BC6EAF 
 145      F3A9E33D 
 145      34E766CE 
 146 0129 D900F62B 		.ascii	"\331\000\366+\343\304\357ok$\200q\017\315\341_\037\223"
 146      E3C4EF6F 
 146      6B248071 
 146      0FCDE15F 
 146      1F93
 147 013b 6CBFEBA4 		.ascii	"l\277\353\244lT\344G\017q\357\257_Y\201#\264\256\204"
ARM GAS  C:\Users\PUBLIC~1.LAP\AppData\Local\Temp\cchOHmQN.s 			page 10


 147      6C54E447 
 147      0F71EFAF 
 147      5F598123 
 147      B4AE84
 148 014e 1472C3F3 		.ascii	"\024r\303\363$\244\207\3618\237[\362\266\0014\333\252"
 148      24A487F1 
 148      389F5BF2 
 148      B60134DB 
 148      AA
 149 015f 117E5387 		.ascii	"\021~S\2078\367\267M\340v\271~!&W\350!\334\276\2044"
 149      38F7B74D 
 149      E076B97E 
 149      212657E8 
 149      21DCBE84 
 150 0174 F225643F 		.ascii	"\362%d?Ff0\335\376\305\335\226\256\030h^\314\271ErA"
 150      466630DD 
 150      FEC5DD96 
 150      AE18685E 
 150      CCB94572 
 151 0189 824BE65F 		.ascii	"\202K\346_\006\256\204\274\236\204\354v\033:\372v\377"
 151      06AE84BC 
 151      9E84EC76 
 151      1B3AFA76 
 151      FF
 152 019a 9EEE4EEC 		.ascii	"\236\356N\354\356\305nO\321\177\272\273Ow+v\267a\267"
 152      EEC56E4F 
 152      D17FBABB 
 152      4F772B76 
 152      B761B7
 153 01ad 3360ECEE 		.ascii	"3`\354\356\273\356F\204\320J\335\237\247\333st\373\215"
 153      BBEE4684 
 153      D04ADD9F 
 153      A7DB7374 
 153      FB8D
 154 01bf 6E0FEBF6 		.ascii	"n\017\353\366\007\335\335v\367\240n\227\321\355\020"
 154      07DDDD76 
 154      F7A06E97 
 154      D1ED10
 155 01ce BADBADBB 		.ascii	"\272\333\255\273\003t\367\231\356>6666v\267\224\356"
 155      0374F799 
 155      EE3E3636 
 155      363676B7 
 155      94EE
 156 01e0 3FEB2E2A 		.ascii	"?\353.*\021t\202\026\213,\376\355\337\373)\3105\037"
 156      11748216 
 156      8B2CFEED 
 156      DFFB29C8 
 156      351F
 157 01f2 6960FE3E 		.ascii	"i`\376>\231d\277\036\020-r\216\374=\266\301}\374\303"
 157      9964BF1E 
 157      102D728E 
 157      FC3DB6C1 
 157      7DFCC3
 158 0205 FD77DD5F 		.ascii	"\375w\335_\367S\257\363e\332\343\357\333%\373\307\340"
 158      F753AFF3 
 158      65DAE3EF 
 158      DB25FBC7 
ARM GAS  C:\Users\PUBLIC~1.LAP\AppData\Local\Temp\cchOHmQN.s 			page 11


 158      E0
 159 0216 BA3A773C 		.ascii	"\272:w<\376>y\022\222\310\367\372p?]\367\207\3718\334"
 159      FE3E7912 
 159      92C8F7FA 
 159      703F5DF7 
 159      87F938DC 
 160 022a C4C91F9E 		.ascii	"\304\311\037\236\277?\227\354o\211\314\244\300\375\371"
 160      BF3F97EC 
 160      6F89CCA4 
 160      C0FDF9
 161 0239 BBE00E0F 		.ascii	"\273\340\016\017U\031\305\340>\306\341cv\303\375_\272"
 161      5519C5E0 
 161      3EC6E163 
 161      76C3FD5F 
 161      BA
 162 024a 5FCB6F09 		.ascii	"_\313o\011P8\245o\310\337\357\222\354\367\"D7v\366\367"
 162      5038A56F 
 162      C8DFEF92 
 162      ECF72244 
 162      3776F6F7 
 163 025e 57411B1E 		.ascii	"WA\033\036\202*z\022\362\350\234\202\373\261t?\225\257"
 163      822A7A12 
 163      F2E89C82 
 163      FBB1743F 
 163      95AF
 164 0270 82D3C899 		.ascii	"\202\323\310\231\375\370\373W\222\375mH\2629~k\1775"
 164      FDF8FB57 
 164      92FD6D48 
 164      B2397E6B 
 164      7F35
 165 0282 1CD5B011 		.ascii	"\034\325\260\021cv%)\037\205\310\254\355.\316\337\207"
 165      63762529 
 165      1F85C8AC 
 165      ED2ECEDF 
 165      87
 166 0293 22849896 		.ascii	"\"\204\230\226\350\346o\037\311\360\253}\331#YB\344"
 166      E8E66F1F 
 166      C9F0AB7D 
 166      D9235942 
 166      E4
 167 02a4 C944885A 		.ascii	"\311D\210Z\221&A\206\244\375\362\325\336\354\231P\221"
 167      91264186 
 167      A4FDF2D5 
 167      DEEC9950 
 167      91
 168 02b5 E6BCD6DD 		.ascii	"\346\274\326\335\017\375\264o\362l\277\366\321w\362"
 168      0FFDB46F 
 168      F26CBFF6 
 168      D177F2
 169 02c4 4F7CEED5 		.ascii	"O|\356\325\272?\311+iw{\265\357\361?\246\374\330\253"
 169      BA3FC92B 
 169      69777BB5 
 169      EFF13FA6 
 169      FCD8AB
 170 02d7 3D102907 		.ascii	"=\020)\007\230\230\216\201H\000\005\021\240s5<Y\370"
 170      98988E81 
 170      48000511 
ARM GAS  C:\Users\PUBLIC~1.LAP\AppData\Local\Temp\cchOHmQN.s 			page 12


 170      A073353C 
 170      59F8
 171 02e9 FCED5FF2 		.ascii	"\374\355_\362L\001Z\030\235\317\277\177\226\354G+\272"
 171      4C015A18 
 171      9DCFBF7F 
 171      96EC472B 
 171      BA
 172 02fa B23738E5 		.ascii	"\26278\345/\000 \330\201\224G\322\375D\236lh\313\027"
 172      2F0020D8 
 172      819447D2 
 172      FD449E6C 
 172      68CB17
 173 030d BDC3BF6F 		.ascii	"\275\303\277o$\331\177\304\325\004\342)\374\273\341"
 173      24D97FC4 
 173      D504E229 
 173      FCBBE1
 174 031c B8C447D9 		.ascii	"\270\304G\331\225\220\375\201p?\037\374\371\016\356"
 174      9590FD81 
 174      703F1FFC 
 174      F90EEE
 175 032b 9F83DF39 		.ascii	"\237\203\3379\210\373\177t\177\363y\030\235\255\211"
 175      88FB7F74 
 175      7FF37918 
 175      9DAD89
 176 033a AEFD7D1F 		.ascii	"\256\375}\037\311~'\034\300\306\304\277\031\376\017"
 176      C97E271C 
 176      C0C6C4BF 
 176      19FE0F
 177 0349 17555D09 		.ascii	"\027U]\011\351\207OOB~\233?7\016\3003\003\245\363\327"
 177      E9874F4F 
 177      427E9B3F 
 177      370EC033 
 177      03A5F3D7 
 178 035d 071D187A 		.ascii	"\007\035\030z\203\013D\375\333\237\207\033\312O/\220"
 178      830B44FD 
 178      DB9F871B 
 178      CA4F2F90 
 179 036d EBF13CBE 		.ascii	"\353\361<\276\307\353x\242+:\242\013rC_\364>\376\307"
 179      C7EB78A2 
 179      2B3AA20B 
 179      72435FF4 
 179      3EFEC7
 180 0380 EF381FC7 		.ascii	"\3578\037\307\023\005r\306\315(\231;\247\321enF\021"
 180      130572C6 
 180      CD28993B 
 180      A7D1656E 
 180      4611
 181 0392 919C53E8 		.ascii	"\221\234S\350\263\201\263\215\226\345&\364\351\271\311"
 181      B381B38D 
 181      96E526F4 
 181      E9B9C9
 182 03a1 CCCE3667 		.ascii	"\314\3166g\244\234\241\331\3312\237\271\315\331\335"
 182      A49CA1D9 
 182      D9329FB9 
 182      CDD9DD
 183 03b0 9AD0ECCC 		.ascii	"\232\320\354\314\320\247;s\024\212\344lB\227y\032%C"
 183      D0A73B73 
ARM GAS  C:\Users\PUBLIC~1.LAP\AppData\Local\Temp\cchOHmQN.s 			page 13


 183      148AE46C 
 183      4297791A 
 183      2543
 184 03c2 CAD3E8D3 		.ascii	"\312\323\350\3239\215>\221\234-3\347\226\271l\2203\363"
 184      398D3E91 
 184      9C2D33E7 
 184      96B96C90 
 184      33F3
 185 03d4 E99CB63D 		.ascii	"\351\234\266=\221r3\272tN\231d\034r\316o\366,}9V\027"
 185      917233BA 
 185      744E9964 
 185      1C72CE6F 
 185      F62C7D39 
 186 03ea 254F9942 		.ascii	"%O\231B\376\351\314h9\3473o\233\331,\347&\024A\256\203"
 186      FEE9CC68 
 186      39E7336F 
 186      9BD92CE7 
 186      261441AE 
 187 03ff 3A03C7A0 		.ascii	":\003\307\240F\331\215\210\364G\316\031\251\005\015"
 187      46D98D88 
 187      F447CE19 
 187      A9050D
 188 040e 899A99D2 		.ascii	"\211\232\231\322\\5c&x\346\214\266l3\032\262\3159A\256"
 188      5C356326 
 188      78E68CB6 
 188      6C331AB2 
 188      CD3941AE 
 189 0422 2EABDE56 		.ascii	".\253\336V\363\222\332\314\331\2519\233\365\3109\037"
 189      F392DACC 
 189      D9A9399B 
 189      F5C8391F 
 190 0432 E59C07E4 		.ascii	"\345\234\007\344f\231\22016(Q\2171\250\217\314e\315"
 190      66999031 
 190      3628518F 
 190      31A88FCC 
 190      65CD
 191 0444 C99C5336 		.ascii	"\311\234S6h\262o\314T\232\307\332\245;\205@\2634\027"
 191      68B26FCC 
 191      549AC7DA 
 191      A53B8540 
 191      B33417
 192 0457 469F78BA 		.ascii	"F\237x\272l3^\316\331\023\213\004\345\242 \352A4\252"
 192      6C335ECE 
 192      D9138B04 
 192      E5A220EA 
 192      4134AA
 193 046a E2E43BFC 		.ascii	"\342\344;\374\373y\210\030\373\246r\177\373\016\301"
 193      FB798818 
 193      FBA6727F 
 193      FB0EC1
 194 0479 69E002DF 		.ascii	"i\340\002\337\317\351\346\004}\360\251a\244\313\257"
 194      CFE9E604 
 194      7DF0A961 
 194      A4CBAF
 195 0488 BE95C752 		.ascii	"\276\225\307RG\020M\334\033\240a\273\333W\237\313\177"
 195      47104DDC 
 195      1BA061BB 
ARM GAS  C:\Users\PUBLIC~1.LAP\AppData\Local\Temp\cchOHmQN.s 			page 14


 195      DB579FCB 
 195      7F
 196 0499 6943C5D3 		.ascii	"iC\305\323\373s\272\267\257\276\334\323\225\221R\277"
 196      FB73BAB7 
 196      AFBEDCD3 
 196      959152BF 
 197 04a9 EA767FB7 		.ascii	"\352v\177\267']J\013?\213\033`\231\247\346\325y;\017"
 197      275D4A0B 
 197      3F8B1B60 
 197      99A7E6D5 
 197      793B0F
 198 04bc E70BFFCD 		.ascii	"\347\013\377\315\013~\233\227\363\203\037\347\351<\233"
 198      0B7E9B97 
 198      F3831FE7 
 198      E93C9B
 199 04cb 277C377F 		.ascii	"'|7\177\347\003\337\360\017\037\317\317\361\271\257"
 199      E703DFF0 
 199      0F1FCFCF 
 199      F1B9AF
 200 04da 76BF9A5F 		.ascii	"v\277\232_#\206\017\260\017\357mM\340\03190\325\207"
 200      23860FB0 
 200      0FEF6D4D 
 200      E0193930 
 200      D587
 201 04ec 73BA3066 		.ascii	"s\2720f\376\276\372y\317G\004 g&\031&\246\003\200\234"
 201      FEBEFA79 
 201      CF470420 
 201      67261926 
 201      A603809C 
 202 0500 6C894CB7 		.ascii	"l\211L\267\257\023'\363\363\216\341>\016\302}\374\203"
 202      AF1327F3 
 202      F38EE13E 
 202      0EC27DFC 
 202      83
 203 0511 FBA888FB 		.ascii	"\373\250\210\373\230\007\367\321\020\367S\361\026\215"
 203      9807F7D1 
 203      10F753F1 
 203      168D
 204 051f 10A9D2E4 		.ascii	"\020\251\322\344o2\331o&@\343\2402@U\034b^`^\\D\215"
 204      6F32D96F 
 204      2640E3A0 
 204      3240551C 
 204      625E605E 
 205 0536 25E605E6 		.ascii	"%\346\005\346\305\005CEX\014\025\\F\015\365%\001G\227"
 205      C5054345 
 205      580C155C 
 205      460DF525 
 205      014797
 206 0549 D88C3015 		.ascii	"\330\2140\025\001\372K\302\005\033_3P\340\266\220<\256"
 206      01FA4BC2 
 206      051B5F33 
 206      50E0B690 
 206      3CAE
 207 055b 595502B6 		.ascii	"YU\002\266FH)/;\025\265u\331)\226\304e\263\326\020\227"
 207      4648292F 
 207      3B15B575 
 207      D92996C4 
ARM GAS  C:\Users\PUBLIC~1.LAP\AppData\Local\Temp\cchOHmQN.s 			page 15


 207      65B3D610 
 208 0570 5DB5425C 		.ascii	"]\265B\\\226\352*\304e\225W!nR\251\245\265^v\315\032"
 208      96EA2AC4 
 208      65955721 
 208      6E52A9A5 
 208      B55E76CD 
 209 0585 71A1A6AE 		.ascii	"q\241\246\256\246\262.\253\004\241uY\245R\353RX\253"
 209      A6B22EAB 
 209      04A17559 
 209      A552EB52 
 209      58AB
 210 0597 D65B610A 		.ascii	"\326[a\012\000KBk\200\025\025\213\025%\205tb\225\354"
 210      004B426B 
 210      8015158B 
 210      15258574 
 210      6295EC
 211 05aa 8A152525 		.ascii	"\212\025%%\264\245\244\332\302\212\222\032bW\366J\331"
 211      B4A5A4DA 
 211      C28A921A 
 211      6257F64A 
 211      D9
 212 05bb 01C92AD7 		.ascii	"\001\311*\327\251\021\037\220I\314\242k\252KF\216-."
 212      A9111F90 
 212      49CCA26B 
 212      AA4B468E 
 212      2D2E
 213 05cd 112BD64A 		.ascii	"\021+\326J\324.&\264\350\232\301\305\342\011JLy\245"
 213      D42E26B4 
 213      E89AC1C5 
 213      E2094A4C 
 213      79A5
 214 05df CC5A9BC4 		.ascii	"\314Z\233\304pt5\201\205}}\205\251(\301\256VRS\"\326"
 214      70743581 
 214      857D7D85 
 214      A928C1AE 
 214      56525322 
 215 05f4 2C6C25C4 		.ascii	",l%\304\256\312\325\352\262W\253\325ub\255\252\206\330"
 215      AECAD5EA 
 215      B257ABD5 
 215      7562ADAA 
 215      86D8
 216 0606 F5C3072D 		.ascii	"\365\303\007-!\326\252j\250C\024\222\265\252rJ\262\353"
 216      21D6AA6A 
 216      A8431492 
 216      B5AA724A 
 216      B2EB
 217 0618 2AA51535 		.ascii	"*\245\0255\264\245\304Z\257S\222U\256ZRZQ\230]\257\224"
 217      B4A5C45A 
 217      AF539255 
 217      AE5A525A 
 217      51985DAF 
 218 062d 1D84D875 		.ascii	"\035\204\330u+\352J\331a\350i\212j\004K\245\244b\001"
 218      2BEA4AD9 
 218      61E8698A 
 218      6A044BA5 
 218      A46201
 219 0640 88713D41 		.ascii	"\210q=A\211\201y\325\300}!\2712\020\001\302\012\253"
ARM GAS  C:\Users\PUBLIC~1.LAP\AppData\Local\Temp\cchOHmQN.s 			page 16


 219      898179D5 
 219      C07D21B9 
 219      321001C2 
 219      0AAB
 220 0652 98B02246 		.ascii	"\230\260\"F\014.\034\025,$\253\236\240\266:4\321\020"
 220      0C2E1C15 
 220      2C24AB9E 
 220      A0B63A34 
 220      D110
 221 0664 9B1126A3 		.ascii	"\233\021&\243)\006\012\027M4\302\232Rx\315\020\003\013"
 221      29060A17 
 221      4D34C29A 
 221      5278CD10 
 221      030B
 222 0676 5B252843 		.ascii	"[%(Cx\245\360r\261\236\260\360\224\224\361\325%v\"\207"
 222      78A5F072 
 222      B19EB0F0 
 222      9494F1D5 
 222      25762287 
 223 068a 8B1A5E31 		.ascii	"\213\032^1\270P89\235\3100\345\201]\265>\334@~\204\000"
 223      B8503839 
 223      9DC830E5 
 223      815DB53E 
 223      DC407E84 
 224 069f 0DB18BFB 		.ascii	"\015\261\213\373\373\347\317 \351W\333Z\273\277-4\004"
 224      FBE7CF20 
 224      E957DB5A 
 224      BBBF2D34 
 224      04
 225 06b0 F7EFF9C4 		.ascii	"\367\357\371\304~\305\236{\305\367\203s\316\3146\247"
 225      7EC59E7B 
 225      C5F78373 
 225      CECC36A7 
 226 06c0 391F754E 		.ascii	"9\037uN\331b63[\302p\203o\022[O\277\237\356\347\363"
 226      D9623633 
 226      5BC27083 
 226      6F125B4F 
 226      BF9FEEE7 
 227 06d5 7DDAB040 		.ascii	"}\332\260@\316\2129g\005D\215v\342\374\370{\344J\310"
 227      CE8A3967 
 227      05448D76 
 227      E2FCF87B 
 227      E44AC8
 228 06e8 CF828FBC 		.ascii	"\317\202\217\274\365\346\360Tjo\344\031\241\235\242"
 228      F5E6F054 
 228      6A6FE419 
 228      A19DA2
 229 06f7 E20026B4 		.ascii	"\342\000&\264\371\344\257g\0169\007\201C\250qT\206\014"
 229      F9E4AF67 
 229      0E390781 
 229      43A87154 
 229      860C
 230 0709 41884444 		.ascii	"A\210DDF$I\222ta\005\304 \011\035\235\007\022 $)Ms\231"
 230      46244992 
 230      746105C4 
 230      20091D9D 
 230      07122024 
ARM GAS  C:\Users\PUBLIC~1.LAP\AppData\Local\Temp\cchOHmQN.s 			page 17


 231 0721 92119114 		.ascii	"\222\021\221\024\245~,kH\302H\017~\270R\301=~\232\217"
 231      A57E2C6B 
 231      48C2480F 
 231      7EB852C1 
 231      3D7E9A8F 
 232 0735 9EFD557A 		.ascii	"\236\375UzA\253c\247\244\3651\0323_\007\362\212,]\277"
 232      41AB63A7 
 232      A4F5311A 
 232      335F07F2 
 232      8A2C5DBF 
 233 0749 A85F4CDB 		.ascii	"\250_L\333\334;)\273\026\001\264!+'sI'5\267S\013c\375"
 233      DC3B29BB 
 233      1601B421 
 233      2B277349 
 233      2735B753 
 234 0760 F864A7F2 		.ascii	"\370d\247\362\234a\010\336\227\"\030@J\333\363\026<"
 234      9C6108DE 
 234      97221840 
 234      4ADBF316 
 234      3C
 235 0771 C5A6902B 		.ascii	"\305\246\220+\224\367Ti\024\232R\334\030{\244\275\""
 235      94F75469 
 235      149A52DC 
 235      187BA4BD 
 235      22
 236 0782 792F25D7 		.ascii	"y/%\327\243v\011\261\247\216B\3054X\321\330\017\275"
 236      A37609B1 
 236      A78E42C5 
 236      3458D1D8 
 236      0FBD
 237 0794 3005E147 		.ascii	"0\005\341G\204\204%\226\377\205H\312\243i\016\334\273"
 237      84842596 
 237      FF8548CA 
 237      A3690EDC 
 237      BB
 238 07a5 DA867219 		.ascii	"\332\206r\0314\011G\264\001 }\036\3212\254\367,T\333"
 238      340947B4 
 238      01207D1E 
 238      D132ACF7 
 238      2C54DB
 239 07b8 861F9214 		.ascii	"\206\037\222\024\303\362\342\003$\314\026\010\000\315"
 239      C3F2E203 
 239      24CC1608 
 239      00CD
 240 07c6 2D70CDD6 		.ascii	"-p\315\326X\356\211\305\276p"
 240      58EE89C5 
 240      BE70
 241 07d0 7C862AD5 		.ascii	"|\206*\325}`Hax\011\371\360\202\032\257\030\001\246"
 241      7D604861 
 241      7809F9F0 
 241      821AAF18 
 241      01A6
 242 07e2 7EF32391 		.ascii	"~\363#\221@\177.\300\241\373\370B\261\0202f^b\215/\210"
 242      407F2EC0 
 242      A1FBF842 
 242      B1103266 
 242      5E628D2F 
ARM GAS  C:\Users\PUBLIC~1.LAP\AppData\Local\Temp\cchOHmQN.s 			page 18


 243 07f7 13B2B449 		.ascii	"\023\262\264I\016\253\310zs\302x\344;q\264\330}\224"
 243      0EABC87A 
 243      73C278E4 
 243      3B71B4D8 
 243      7D94
 244 0809 F3BEAD1D 		.ascii	"\363\276\255\035\027\217\310\037\202a\212\006\264\013"
 244      178FC81F 
 244      82618A06 
 244      B40B
 245 0817 148057F0 		.ascii	"\024\200W\360W?m<-\037\326v\322\033W(\204\304\220\020"
 245      573F6D3C 
 245      2D1FD676 
 245      D21B5728 
 245      84C49010 
 246 082b 12448C55 		.ascii	"\022D\214U\215H \357\223\236p\215\014\207\253\357$H"
 246      8D4820EF 
 246      939E708D 
 246      0C87ABEF 
 246      2448
 247 083d 0E999D69 		.ascii	"\016\231\235iC\257F%\304W\305\310A\261\251\340dm.\341"
 247      43AF4625 
 247      C457C5C8 
 247      41B1A9E0 
 247      646D2EE1 
 248 0851 9197B92F 		.ascii	"\221\227\271/\204DO\037\007\220\342[\005\262f\246F\263"
 248      84444F1F 
 248      0790E25B 
 248      05B266A6 
 248      46B3
 249 0863 8D9EB239 		.ascii	"\215\236\2629\252-S>E.v\355\012\320\316\374\222\234"
 249      AA2D533E 
 249      452E76ED 
 249      0AD0CEFC 
 249      929C
 250 0875 C36A2D28 		.ascii	"\303j-(\356!!/\353\226f\344\2365\220\301C\262\005@\216"
 250      EE21212F 
 250      EB9666E4 
 250      9E3590C1 
 250      43B20540 
 251 088a 8BBA6ACC 		.ascii	"\213\272j\314#J\200_\322\206\005\226BD\311\035z\314"
 251      234A805F 
 251      D2860596 
 251      4244C91D 
 251      7ACC
 252 089c 252AC9C8 		.ascii	"%*\311\310\266\326\020\024(\366\275\366$\240\253\370"
 252      B6D61014 
 252      28F6BDF6 
 252      24A0ABF8 
 253 08ac 132A8C1C 		.ascii	"\023*\214\034\011\036]\0141\010\223\274\314z\250\203"
 253      091E5D0C 
 253      310893BC 
 253      CC7AA883 
 254 08bc 1D803F02 		.ascii	"\035\200?\002 \020_\343P\205\017\033\317\314-\020\217"
 254      20105FE3 
 254      50850F1B 
 254      CFCC2D10 
 254      8F
ARM GAS  C:\Users\PUBLIC~1.LAP\AppData\Local\Temp\cchOHmQN.s 			page 19


 255 08cd 9212E199 		.ascii	"\222\022\341\231\330\270\345GN\303\212-EeX\324\223H"
 255      D8B8E547 
 255      4EC38A2D 
 255      456558D4 
 255      9348
 256 08df A5B4D655 		.ascii	"\245\264\326U\227\365\274\000\221)J\230`\222l\257\300"
 256      97F5BC00 
 256      91294A98 
 256      60926CAF 
 256      C0
 257 08f0 032E8DCB 		.ascii	"\003.\215\313\026\012<\340\3228\334+\260\201\301eP\300"
 257      160A3CE0 
 257      D238DC2B 
 257      B081C165 
 257      50C0
 258 0902 41C65F1A 		.ascii	"A\306_\032e\030pf\372.(\200\005TZ\336.\336\314~kf\222"
 258      65187066 
 258      FA2E2880 
 258      05545ADE 
 258      2EDECC7E 
 259 0919 F1D2E9CF 		.ascii	"\361\322\351\317\270a\270\205\006\322O\252fur\203k\223"
 259      B861B885 
 259      06D24FAA 
 259      66757283 
 259      6B93
 260 092b 413D0306 		.ascii	"A=\003\006O\305\003\252\025{\316x\014\361\245qw\313"
 260      4FC503AA 
 260      157BCE78 
 260      0CF1A571 
 260      77CB
 261 093d 70F1382E 		.ascii	"p\3618.\207C\372,\321)d:\004HO\305\014[\231\355\242"
 261      8743FA2C 
 261      D129643A 
 261      04484FC5 
 261      0C5B99ED 
 262 0952 E1942EE3 		.ascii	"\341\224.\343\241\201\270/\207\225\301VsMV\343\353_"
 262      A181B82F 
 262      8795C156 
 262      734D56E3 
 262      EB5F
 263 0964 0A16823E 		.ascii	"\012\026\202>\365\325\3542\316\337\231\3464"
 263      F5D5EC32 
 263      CEDF99E6 
 263      34
 264              		.text
 265              		.section	.gnu.lto_.symtab.83ad111f,"e",%progbits
 266 0000 68743332 		.ascii	"ht32_clock_init\000"
 266      5F636C6F 
 266      636B5F69 
 266      6E697400 
 267 0010 00       		.ascii	"\000"
 268 0011 00       		.ascii	"\000"
 269 0012 00       		.ascii	"\000"
 270 0013 00000000 		.ascii	"\000\000\000\000\000\000\000\000"
 270      00000000 
 271 001b 77010000 		.ascii	"w\001\000\000"
 272 001f 68616C5F 		.ascii	"hal_lld_init\000"
ARM GAS  C:\Users\PUBLIC~1.LAP\AppData\Local\Temp\cchOHmQN.s 			page 20


 272      6C6C645F 
 272      696E6974 
 272      00
 273 002c 00       		.ascii	"\000"
 274 002d 00       		.ascii	"\000"
 275 002e 00       		.ascii	"\000"
 276 002f 00000000 		.ascii	"\000\000\000\000\000\000\000\000"
 276      00000000 
 277 0037 79010000 		.ascii	"y\001\000\000"
 278              		.text
 279              		.section	.gnu.lto_.ext_symtab.83ad111f,"e",%progbits
 280 0000 01       		.ascii	"\001"
 281 0001 01       		.ascii	"\001"
 282 0002 00       		.ascii	"\000"
 283 0003 01       		.ascii	"\001"
 284 0004 00       		.ascii	"\000"
 285              		.text
 286              		.section	.gnu.lto_.opts,"e",%progbits
 287 0000 272D666E 		.ascii	"'-fno-openmp' '-fno-openacc' '-fno-pie' '-fcf-prote"
 287      6F2D6F70 
 287      656E6D70 
 287      2720272D 
 287      666E6F2D 
 288 0033 6374696F 		.ascii	"ction=none' '-mcpu=cortex-m3' '-mthumb' '-mfloat-ab"
 288      6E3D6E6F 
 288      6E652720 
 288      272D6D63 
 288      70753D63 
 289 0066 693D736F 		.ascii	"i=soft' '-mlibarch=armv7-m' '-march=armv7-m' '-Os' "
 289      66742720 
 289      272D6D6C 
 289      69626172 
 289      63683D61 
 290 0099 272D666F 		.ascii	"'-fomit-frame-pointer' '-falign-functions=16' '-ffu"
 290      6D69742D 
 290      6672616D 
 290      652D706F 
 290      696E7465 
 291 00cc 6E637469 		.ascii	"nction-sections' '-fdata-sections' '-fno-common' '-"
 291      6F6E2D73 
 291      65637469 
 291      6F6E7327 
 291      20272D66 
 292 00ff 666C746F 		.ascii	"flto' '-Xassembler' '-alms=./build/lst/hal_lld.lst'"
 292      2720272D 
 292      58617373 
 292      656D626C 
 292      65722720 
 293 0132 00       		.ascii	"\000"
 294              		.text
 295              		.comm	__gnu_lto_slim,1,1
 296              		.ident	"GCC: (GNU) 12.2.0"
ARM GAS  C:\Users\PUBLIC~1.LAP\AppData\Local\Temp\cchOHmQN.s 			page 21


DEFINED SYMBOLS
                            *ABS*:00000000 hal_lld.c
                            *COM*:00000001 __gnu_lto_slim

NO UNDEFINED SYMBOLS
