ARM GAS  C:\Users\PUBLIC~1.LAP\AppData\Local\Temp\ccRephnU.s 			page 1


   1              		.cpu cortex-m3
   2              		.arch armv7-m
   3              		.fpu softvfp
   4              		.eabi_attribute 20, 1
   5              		.eabi_attribute 21, 1
   6              		.eabi_attribute 23, 3
   7              		.eabi_attribute 24, 1
   8              		.eabi_attribute 25, 1
   9              		.eabi_attribute 26, 1
  10              		.eabi_attribute 30, 4
  11              		.eabi_attribute 34, 1
  12              		.eabi_attribute 18, 4
  13              		.file	"hal_st_lld.c"
  14              		.section	.gnu.lto_.profile.83ad5b4b,"e",%progbits
  15 0000 28B52FFD 		.ascii	"(\265/\375 \0061\000\000\002\000\000\000\000\000"
  15      20063100 
  15      00020000 
  15      000000
  16              		.text
  17              		.section	.gnu.lto_.icf.83ad5b4b,"e",%progbits
  18 0000 28B52FFD 		.ascii	"(\265/\375 (\365\000\000\260\034\000\002\000\253\375"
  18      2028F500 
  18      00B01C00 
  18      0200ABFD 
  19 0010 B6F00300 		.ascii	"\266\360\003\000\001\345\277\346\231\002\006\002\000"
  19      01E5BFE6 
  19      99020602 
  19      00
  20 001d 02010002 		.ascii	"\002\001\000\002\000w$l\240\015"
  20      0077246C 
  20      A00D
  21              		.text
  22              		.section	.gnu.lto_.ipa_sra.83ad5b4b,"e",%progbits
  23 0000 28B52FFD 		.ascii	"(\265/\375 \032\245\000\000`\016\000\002\000\000\001"
  23      201AA500 
  23      00600E00 
  23      02000001 
  24 0010 01000100 		.ascii	"\001\000\001\000\001\000\002\000\271@6\200\005"
  24      01000200 
  24      B9403680 
  24      05
  25              		.text
  26              		.section	.gnu.lto_.inline.83ad5b4b,"e",%progbits
  27 0000 28B52FFD 		.ascii	"(\265/\375 l-\002\000\364\002`\000\002\000\000\007\200"
  27      206C2D02 
  27      00F40260 
  27      00020000 
  27      0780
  28 0012 80808003 		.ascii	"\200\200\200\003g\001\000\000\002\004\002d\000\000\006"
  28      67010000 
  28      02040264 
  28      000006
  29 0021 02000001 		.ascii	"\002\000\000\001\012\000\011\200\200\200\220\002\006"
  29      0A000980 
  29      80809002 
  29      06
  30 002e 03030C00 		.ascii	"\003\003\014\000\000\000\002\000\000\000\000\000\010"
ARM GAS  C:\Users\PUBLIC~1.LAP\AppData\Local\Temp\ccRephnU.s 			page 2


  30      00000200 
  30      00000000 
  30      08
  31 003b 006004B0 		.ascii	"\000`\004\260;\2250)FC\205\3132\232K\250\033h\003"
  31      3B953029 
  31      464385CB 
  31      329A4BA8 
  31      1B6803
  32              		.text
  33              		.section	.gnu.lto_.jmpfuncs.83ad5b4b,"e",%progbits
  34 0000 28B52FFD 		.ascii	"(\265/\375 7}\001\000D\002+\000\002\000\001\000\000"
  34      20377D01 
  34      0044022B 
  34      00020001 
  34      0000
  35 0012 0402067B 		.ascii	"\004\002\006{\001\013\000\001\300\004\001\013\300\004"
  35      010B0001 
  35      C004010B 
  35      C004
  36 0020 01000002 		.ascii	"\001\000\000\002\006{\001\010\010\300\004\001\000\000"
  36      067B0108 
  36      08C00401 
  36      0000
  37 002e 000300CD 		.ascii	"\000\003\000\315\224\001B\333@\033"
  37      940142DB 
  37      401B
  38              		.text
  39              		.section	.gnu.lto_.pureconst.83ad5b4b,"e",%progbits
  40 0000 28B52FFD 		.ascii	"(\265/\375 \013Y\000\000\007\000\000\000\002\000\272"
  40      200B5900 
  40      00070000 
  40      000200BA 
  41 0010 05019A04 		.ascii	"\005\001\232\004"
  42              		.text
  43              		.section	.gnu.lto_.ipa_modref.83ad5b4b,"e",%progbits
  44 0000 28B52FFD 		.ascii	"(\265/\375  \315\000\000\210\024\000\001\001\000\001"
  44      2020CD00 
  44      00881400 
  44      01010001 
  45 0010 02030001 		.ascii	"\002\003\000\001\002\004\001\000\000\006\000\002\000"
  45      02040100 
  45      00060002 
  45      00
  46 001d 408C0D60 		.ascii	"@\214\015`\001"
  46      01
  47              		.text
  48              		.section	.gnu.lto_.lto.83ad5b4b,"e",%progbits
  49 0000 0C000000 		.ascii	"\014\000\000\000\001\000\001\000"
  49      01000100 
  50              		.text
  51              		.section	.gnu.lto_SysTick_Handler.312.83ad5b4b,"e",%progbits
  52 0000 28B52FFD 		.ascii	"(\265/\375`a\002=\022\000F_vJ\320\3608c\354\242\202"
  52      6061023D 
  52      1200465F 
  52      764AD0F0 
  52      3863ECA2 
  53 0015 323A0553 		.ascii	"2:\005S\366^\037\024,j*s\010|\201/\271F\253R\322\003"
ARM GAS  C:\Users\PUBLIC~1.LAP\AppData\Local\Temp\ccRephnU.s 			page 3


  53      F65E1F14 
  53      2C6A2A73 
  53      087C812F 
  53      B946AB52 
  54 002b 19B2A408 		.ascii	"\031\262\244\010\334\246\355P\347&\270F\215}\210\267"
  54      DCA6ED50 
  54      E726B846 
  54      8D7D88B7 
  55 003b 76B96960 		.ascii	"v\271i`\030\323\026\374\352\331\300\214\211\350\245"
  55      18D316FC 
  55      EAD9C08C 
  55      89E8A5
  56 004a 5091DEF5 		.ascii	"P\221\336\365e#u\217\355\265\270IJ\001\\\000_\000i\000"
  56      6523758F 
  56      EDB5B849 
  56      4A015C00 
  56      5F006900 
  57 005e EA734CD3 		.ascii	"\352sL\323\315\250\366A|\247\345#\234\002\032\272]\204"
  57      CDA8F641 
  57      7CA7E523 
  57      9C021ABA 
  57      5D84
  58 0070 532F2820 		.ascii	"S/( Ax\010\227~z2\270\353\330CE\317\315\214\204\347"
  58      41780897 
  58      7E7A32B8 
  58      EBD84345 
  58      CFCD8C84 
  59 0085 1824817A 		.ascii	"\030$\201zh\267\330\250\207 \3129\333\010@x]v&\320\270"
  59      68B7D8A8 
  59      8720CA39 
  59      DB084078 
  59      5D7626D0 
  60 009a F75A90C3 		.ascii	"\367Z\220\303s\377r\376q~\202\211q\371W2p\357\365\007"
  60      73FF72FE 
  60      717E8289 
  60      71F95732 
  60      70EFF507 
  61 00ae 13A3E106 		.ascii	"\023\243\341\006o\033\304~\003\373&\002\366\311/a\373"
  61      6F1BC47E 
  61      03FB2602 
  61      F6C92F61 
  61      FB
  62 00bf F470C5F4 		.ascii	"\364p\305\364\362\255\010y\310z\311\361\360\023\362"
  62      F2AD0879 
  62      C87AC9F1 
  62      F013F2
  63 00ce FDEFFC44 		.ascii	"\375\357\374D\244C\003#\206\356K\262y\273\017\264\261"
  63      A4430323 
  63      86EE4BB2 
  63      79BB0FB4 
  63      B1
  64 00df BF71C11A 		.ascii	"\277q\301\032\233\343\027>\004\341\260:\360n\206\244"
  64      9BE3173E 
  64      04E1B03A 
  64      F06E86A4 
  65 00ef 1AB7284C 		.ascii	"\032\267(L\341\301\366\201~\234b\261\301\301{N\311\350"
  65      E1C1F681 
ARM GAS  C:\Users\PUBLIC~1.LAP\AppData\Local\Temp\ccRephnU.s 			page 4


  65      7E9C62B1 
  65      C1C17B4E 
  65      C9E8
  66 0101 219DF771 		.ascii	"!\235\367q\251EO\006}\217=\\\354n\036<\307\367\031\272"
  66      A9454F06 
  66      7D8F3D5C 
  66      EC6E1E3C 
  66      C7F719BA 
  67 0115 F7F2CE13 		.ascii	"\367\362\316\023\256\024krrbGHR\022XuMQ\2335g\244UQ"
  67      AE146B72 
  67      72624748 
  67      52125875 
  67      4D519B35 
  68 012d 4B2BD3B5 		.ascii	"K+\323\265\206\266T\260\005%\255$[\261\001#\"\266s\\"
  68      86B654B0 
  68      0525AD24 
  68      5BB10123 
  68      22B6735C 
  69 0141 6338F256 		.ascii	"c8\362V\232\262\031\213\025#`\242\200\247\373\306\005"
  69      9AB2198B 
  69      152360A2 
  69      80A7FBC6 
  69      05
  70 0152 6B10C814 		.ascii	"k\020\310\024\351@\235\031\340\034\304B\005\024@\227"
  70      E9409D19 
  70      E01CC442 
  70      05144097 
  71 0162 E9D01C75 		.ascii	"\351\320\034u|>\317L\374\016\343\363\334d4\003\203\315"
  71      7C3ECF4C 
  71      FC0EE3F3 
  71      DC643403 
  71      83CD
  72 0174 D10EBCF6 		.ascii	"\321\016\274\366O\214\246\227\217($\350B\001\306\245"
  72      4F8CA697 
  72      8F2824E8 
  72      4201C6A5 
  73 0184 E8399E25 		.ascii	"\3509\236%\247\237Y\001>\004\224\251mTg\264\017\024"
  73      A79F5901 
  73      3E0494A9 
  73      6D5467B4 
  73      0F14
  74 0196 D8ABC3E4 		.ascii	"\330\253\303\344J\024Wdj\251\236.;\246h\313\302\\\260"
  74      4A145764 
  74      6AA99E2E 
  74      3BA668CB 
  74      C25CB0
  75 01a9 57CBAE11 		.ascii	"W\313\256\021Fr5\246\250H\212\366\245*ay\241\034\250"
  75      467235A6 
  75      A8488AF6 
  75      A52A6179 
  75      A11CA8
  76 01bc A1E7898A 		.ascii	"\241\347\211\212\005L\256T\234J\212vT\271\231b\255\264"
  76      054CAE54 
  76      9C4A8A76 
  76      54B99962 
  76      ADB4
  77 01ce 6B4A6272 		.ascii	"kJbrU\326Tkj\315\231\212\226X\\\251\230\246lUe\",\257"
ARM GAS  C:\Users\PUBLIC~1.LAP\AppData\Local\Temp\ccRephnU.s 			page 5


  77      55D6546B 
  77      6ACD998A 
  77      96585CA9 
  77      98A66C55 
  78 01e6 2D205002 		.ascii	"- P\002A\214i\007\015\350\003\303\010\237\340\242\005"
  78      418C6907 
  78      0DE803C3 
  78      089FE0A2 
  78      05
  79 01f7 F42B566E 		.ascii	"\364+Vnnq\207\263-L.F\005\002H`\017\3308\323\361\240"
  79      6E7187B3 
  79      2D4C2E46 
  79      05024860 
  79      0FD838D3 
  80 020d 251AAA0E 		.ascii	"%\032\252\016\376m\003\216\027\276l/+\016v\223\313\234"
  80      FE6D038E 
  80      17BE6C2F 
  80      2B0E7693 
  80      CB9C
  81 021f 7BE8178E 		.ascii	"{\350\027\216u\327v`\324$\206\263\242\336\320\310\034"
  81      75D77660 
  81      D42486B3 
  81      A2DED0C8 
  81      1C
  82 0230 C207849F 		.ascii	"\302\007\204\237\021\352F\310\232\3174\362A\274\005"
  82      11EA46C8 
  82      9ACF34F2 
  82      41BC05
  83 023f 83CC217C 		.ascii	"\203\314!|@N0\313\272\345U\273A7\026\002%\003"
  83      404E30CB 
  83      BAE555BB 
  83      41371602 
  83      2503
  84              		.text
  85              		.section	.gnu.lto_st_lld_init.313.83ad5b4b,"e",%progbits
  86 0000 28B52FFD 		.ascii	"(\265/\375`\207\000\005\012\000\364\020\010\001\000"
  86      60870005 
  86      0A00F410 
  86      080100
  87 000f 00500000 		.ascii	"\000P\000\000\000#\000\000\000\001\003\000\001\222\221"
  87      00230000 
  87      00010300 
  87      019291
  88 001e 8A020080 		.ascii	"\212\002\000\200\200\200@\007\002\001\201\221\212\011"
  88      80804007 
  88      02018191 
  88      8A09
  89 002c 01B70101 		.ascii	"\001\267\001\001\000\177\002\001\177\001\246\003/\200"
  89      007F0201 
  89      7F01A603 
  89      2F80
  90 003a 8080F884 		.ascii	"\200\200\370\204\324\341\200P\300\001\352\000\000\177"
  90      D4E18050 
  90      C001EA00 
  90      007F
  91 0048 000B0100 		.ascii	"\000\013\001\000\000\000\257\322\005\340\200\374\377"
  91      0000AFD2 
ARM GAS  C:\Users\PUBLIC~1.LAP\AppData\Local\Temp\ccRephnU.s 			page 6


  91      05E080FC 
  91      FF
  92 0055 8F8080C5 		.ascii	"\217\200\200\305\343\001\314#\006\000\000\243\003\200"
  92      E301CC23 
  92      060000A3 
  92      0380
  93 0063 04010000 		.ascii	"\004\001\000\000\244\003\002\201\300\000\000\376\002"
  93      A4030281 
  93      C00000FE 
  93      02
  94 0070 C2F4F8D6 		.ascii	"\302\364\370\326\221\005\005\001\006}\001\000\220\300"
  94      91050501 
  94      067D0100 
  94      90C0
  95 007e 83800E05 		.ascii	"\203\200\016\005\001\254\250\015{\272\001\271\001\000"
  95      01ACA80D 
  95      7BBA01B9 
  95      0100
  96 008c 36A18080 		.ascii	"6\241\200\200\010y\273\001w\000\000\006(\001\2378\334"
  96      0879BB01 
  96      77000006 
  96      28019F38 
  96      DC
  97 009d 8105BE01 		.ascii	"\201\005\276\001u\000\000\006s\001\270\335\301\001q"
  97      75000006 
  97      7301B8DD 
  97      C10171
  98 00ac 07008003 		.ascii	"\007\000\200\003\205\340\225\307\001\000\212\001\002"
  98      85E095C7 
  98      01008A01 
  98      02
  99 00b9 6F6D0B06 		.ascii	"om\013\006s\001\010\002\012\000\202\003\202\340\231"
  99      73010802 
  99      0A008203 
  99      82E099
 100 00c8 47A30380 		.ascii	"G\243\003\200\004\001\200\300ND:\\00a_liuhy\\temp12"
 100      040180C0 
 100      4E443A5C 
 100      3030615F 
 100      6C697568 
 101 00e4 365C4368 		.ascii	"6\\ChibiOS-Contrib/os/hal/ports/HT32/LLD/TIMv1_st_l"
 101      6962694F 
 101      532D436F 
 101      6E747269 
 101      622F6F73 
 102 0116 6C642E63 		.ascii	"ld.c\000\022\000\001\317\2103\241+\037\330\330\234\342"
 102      00120001 
 102      CF8833A1 
 102      2B1FD8D8 
 102      9CE2
 103 0128 B5552908 		.ascii	"\265U)\010\256TZ\010X\014\003_\352\017\266\316\320C"
 103      AE545A08 
 103      580C035F 
 103      EA0FB6CE 
 103      D043
 104 013a 4429D7BA 		.ascii	"D)\327\272&r\205\200_\206\020\227c\321N2"
 104      26728580 
ARM GAS  C:\Users\PUBLIC~1.LAP\AppData\Local\Temp\ccRephnU.s 			page 7


 104      5F861097 
 104      63D14E32 
 105              		.text
 106              		.section	.gnu.lto_.symbol_nodes.83ad5b4b,"e",%progbits
 107 0000 28B52FFD 		.ascii	"(\265/\375 \254\325\002\000\022D\017\033\260'\035\014"
 107      20ACD502 
 107      0012440F 
 107      1BB0271D 
 107      0C
 108 0011 C3AC4033 		.ascii	"\303\254@3\242@\003v\275\211g\030<\030fQY[\263d\313"
 108      A2400376 
 108      BD896718 
 108      3C186651 
 108      595BB364 
 109 0026 9D02A3B2 		.ascii	"\235\002\243\262B\272\031\266\021\327f\2702\205\211"
 109      42BA19B6 
 109      11D766B8 
 109      328589
 110 0035 5F3CC235 		.ascii	"_<\3025Up]zd\372{'\013!\"\002W\245\377I\012\000.D\267"
 110      55705D7A 
 110      64FA7B27 
 110      0B212202 
 110      57A5FF49 
 111 004e 06399861 		.ascii	"\0069\230a\200\232\374\004\215\325\322\254\004\303e"
 111      809AFC04 
 111      8DD5D2AC 
 111      04C365
 112 005d 10509ED9 		.ascii	"\020P\236\3319\006"
 112      3906
 113              		.text
 114              		.section	.gnu.lto_.refs.83ad5b4b,"e",%progbits
 115 0000 28B52FFD 		.ascii	"(\265/\375 \005)\000\000\001\000\000\000\000"
 115      20052900 
 115      00010000 
 115      0000
 116              		.text
 117              		.section	.gnu.lto_.decls.83ad5b4b,"e",%progbits
 118 0000 28B52FFD 		.ascii	"(\265/\375`z\012\3555\000\212_8\025F`\346Q\007\242\031"
 118      607A0AED 
 118      35008A5F 
 118      38154660 
 118      E65107A2 
 119 0015 4F43C3AD 		.ascii	"OC\303\255\200\244\224u\314\345\033\366\205\267Z\032"
 119      80A49475 
 119      CCE51BF6 
 119      85B75A1A 
 120 0025 549478E8 		.ascii	"T\224x\350\221\022\355bk\213\341\227S\020;jfp\236\372"
 120      9112ED62 
 120      6B8BE197 
 120      53103B6A 
 120      66709EFA 
 121 0039 B7377139 		.ascii	"\2677q9\0209\025\017(D\225)|WfF\232\265>\200\345\005"
 121      1039150F 
 121      28449529 
 121      7C576646 
 121      9AB53E80 
 122 004f B6F79BC9 		.ascii	"\266\367\233\311\224\002#\0014\001O\001LXu\272\361\203"
ARM GAS  C:\Users\PUBLIC~1.LAP\AppData\Local\Temp\ccRephnU.s 			page 8


 122      94022301 
 122      34014F01 
 122      4C5875BA 
 122      F183
 123 0061 FDBFAF09 		.ascii	"\375\277\257\011p\323U$-\243\261\021\021\240/g\360d"
 123      70D35524 
 123      2DA3B111 
 123      11A02F67 
 123      F064
 124 0073 B4DBC584 		.ascii	"\264\333\305\204A\327\310\364(3\352`\014\340\270\224"
 124      41D7C8F4 
 124      2833EA60 
 124      0CE0B894 
 125 0083 B58965B4 		.ascii	"\265\211e\264\335\251v\267\203y\230{\361.\216\305\277"
 125      DDA976B7 
 125      8379987B 
 125      F12E8EC5 
 125      BF
 126 0094 74BBD3B5 		.ascii	"t\273\323\2654\032\377'\377\177\347\325\247\212\037"
 126      341AFF27 
 126      FF7FE7D5 
 126      A78A1F
 127 00a3 A7EEDD97 		.ascii	"\247\356\335\227g\361\030L\013\212[\363\237\254\235"
 127      67F1184C 
 127      0B8A5BF3 
 127      9FAC9D
 128 00b2 ABDBA9F8 		.ascii	"\253\333\251\370\027\337\342\\<\006{d\234\034\224?0"
 128      17DFE25C 
 128      3C067B64 
 128      9C1C943F 
 128      30
 129 00c3 C4DCFEE9 		.ascii	"\304\334\376\351\030p\340\300\201\003\234\233\2360\""
 129      1870E0C0 
 129      81039C9B 
 129      9E3022
 130 00d2 00D018E7 		.ascii	"\000\320\030\347\264R#\316hc\251\376\256\224\036]\251"
 130      B45223CE 
 130      6863A9FE 
 130      AE941E5D 
 130      A9
 131 00e3 9D42752B 		.ascii	"\235Bu+~\305\261\344<\356\241d<f\244\306\371J\303\222"
 131      7EC5B1E4 
 131      3CEEA164 
 131      3C66A4C6 
 131      F94AC392 
 132 00f7 D12EA1B6 		.ascii	"\321.\241\266w\365\325\361#t\252\266\347R#\317\245\235"
 132      77F5D5F1 
 132      2374AAB6 
 132      E75223CF 
 132      A59D
 133 0109 55D5A774 		.ascii	"U\325\247t\273\024\347\312\241^\313w\373\217\007x 7"
 133      BB14E7CA 
 133      A15ECB77 
 133      FB8F0778 
 133      2037
 134 011b EE31A30B 		.ascii	"\3561\243\013\\)E=)\355\3561\007\353\322\335aa\210\272"
 134      5C29453D 
ARM GAS  C:\Users\PUBLIC~1.LAP\AppData\Local\Temp\ccRephnU.s 			page 9


 134      29EDEE31 
 134      07EBD2DD 
 134      616188BA 
 135 012f 9D091A1F 		.ascii	"\235\011\032\037\352v\265\333\203\002u\267\237\356n"
 135      EA76B5DB 
 135      830275B7 
 135      9FEE6E
 136 013e EB6E3EDD 		.ascii	"\353n>\335\275\326\335j\335\215\326\335g\335m\326\335"
 136      BDD6DD6A 
 136      DD8DD6DD 
 136      67DD6DD6 
 136      DD
 137 014f 6548DDAE 		.ascii	"eH\335\256\244\273\311\272[\254\273\331t\267\232\356"
 137      A4BBC9BA 
 137      5BACBBD9 
 137      74B79AEE 
 138 015f 7E7677DC 		.ascii	"~vw\334\335`\272[Lw\207i\000\335m\246\273\203\336\336"
 138      DD60BA5B 
 138      4C778769 
 138      00DD6DA6 
 138      BB83DEDE 
 139 0173 DEDEBA9B 		.ascii	"\336\336\272\233\253;\010\356\3065\010*\0336\376\314"
 139      AB3B08EE 
 139      C635082A 
 139      1B36FECC 
 140 0183 2D91640B 		.ascii	"-\221d\013\234\274\355h\272\375+s\250\031)`\272\234"
 140      9CBCED68 
 140      BAFD2B73 
 140      A8192960 
 140      BA9C
 141 0195 51A3C6F8 		.ascii	"Q\243\306\370e$-M{C\006GF;\203\251\355d\274L\273\031"
 141      65242D4D 
 141      7B430647 
 141      463B83A9 
 141      ED64BC4C 
 142 01ab 2C6EC69F 		.ascii	",n\306\237n\344q^\200n\354q{\2452\207\373j\242D\223"
 142      6EE4715E 
 142      806EEC71 
 142      7BA53287 
 142      FB6AA244 
 143 01c0 517F76FB 		.ascii	"Q\177v\373\031G\323w\010\374\263\375\177\202\000ogs"
 143      1947D377 
 143      08FCB3FD 
 143      7F82006F 
 143      6773
 144 01d2 6264F4C8 		.ascii	"bd\364\310\225\322\354f\352\221\307\336\030`\245\366"
 144      95D2EC66 
 144      EA91C7DE 
 144      1860A5F6 
 145 01e2 C6750179 		.ascii	"\306u\001y\302Vt\\&\211d\324\037\303\177/\037\003s\353"
 145      C256745C 
 145      268964D4 
 145      1FC37F2F 
 145      1F0373EB 
 146 01f6 E87532E1 		.ascii	"\350u2\341\367\231;\374u2\267^'\323\315\257\363\270"
 146      F7993BFC 
 146      7532B75E 
ARM GAS  C:\Users\PUBLIC~1.LAP\AppData\Local\Temp\ccRephnU.s 			page 10


 146      27D3CDAF 
 146      F3B8
 147 0208 053FD355 		.ascii	"\005?\323U\177\011\277\363\337\337?\376;\177\213(f\376"
 147      7F09BFF3 
 147      DFDF3FFE 
 147      3B7F8B28 
 147      66FE
 148 021a C747578D 		.ascii	"\307GW\215\217\360\377\037\375\215\231?\340M2\267\374"
 148      8FF0FF1F 
 148      FD8D993F 
 148      E04D32B7 
 148      FC
 149 022b 753EFCC9 		.ascii	"u>\374\311\207\221\336\377\255w2\325\374}&\374:\227"
 149      8791DEFF 
 149      AD7732D5 
 149      FC7D26FC 
 149      3A97
 150 023d 5B4736CA 		.ascii	"[G6\312\270\356\"\277\212\274\363H#\303\357\367\370"
 150      B8EE22BF 
 150      8ABCF348 
 150      23C3EFF7 
 150      F8
 151 024e 7F1E1E27 		.ascii	"\177\036\036'_\371\237\\\036\370\257\345+\206\\\032"
 151      5FF99F5C 
 151      1EF8AFE5 
 151      2B865C1A 
 152 025e 3D978D66 		.ascii	"=\227\215f\214\377O\233\364\0300\346\217\315\037S\036"
 152      8CFF4F9B 
 152      F41830E6 
 152      8FCD1F53 
 152      1E
 153 026f 11C0FF3D 		.ascii	"\021\300\377=\334\370{\244\361?\202\037k\376\277;\346"
 153      DCF87BA4 
 153      F13F821F 
 153      6BFEBF3B 
 153      E6
 154 0280 F1D8BB63 		.ascii	"\361\330\273c\222\377>\346_\371\342\377\217\376\277"
 154      92FF3EE6 
 154      5FF9E2FF 
 154      8FFEBF
 155 028f E8933868 		.ascii	"\350\2238h \207,\003\274@.a\374\023!\276\365:\207,w"
 155      20872C03 
 155      BC402E61 
 155      FC1321BE 
 155      F53A872C 
 156 02a4 64B6389B 		.ascii	"d\2668\233\217\214]\177i,\277\371v\002V\020 \220\250"
 156      8F8C5D7F 
 156      692CBFF9 
 156      76025610 
 156      2090A8
 157 02b7 A0614AEA 		.ascii	"\240aJ\352iDPw\347\031d\250\327r\200\000\035H\226\300"
 157      69445077 
 157      E71964A8 
 157      D7728000 
 157      1D4896C0 
 158 02cb 59C653C8 		.ascii	"Y\306S\310O\015-W2\3329Fw\206\221\337\"56C\254d\224"
 158      4F0D2D57 
ARM GAS  C:\Users\PUBLIC~1.LAP\AppData\Local\Temp\ccRephnU.s 			page 11


 158      32DA3946 
 158      778691DF 
 158      22353643 
 159 02e2 822BA538 		.ascii	"\202+\2458OJ\263\213]\347\027\002\220\010\321\001\226"
 159      4F4AB38B 
 159      5DE71702 
 159      9008D101 
 159      96
 160 02f3 D1F4AD73 		.ascii	"\321\364\255s2\273&\276\300\220\032\2306e2\232\335\234"
 160      32BB26BE 
 160      C0901A98 
 160      3665329A 
 160      DD9C
 161 0305 5D0580FE 		.ascii	"]\005\200\376\217\371\230\221\235\335\374\335\024\241"
 161      8FF99891 
 161      9DDDFCDD 
 161      14A1
 162 0313 835CAF4F 		.ascii	"\203\\\257O\373\217\335\031\27030\012\020v\324\223#"
 162      FB8FDD19 
 162      B833300A 
 162      1076D493 
 162      23
 163 0324 451B4743 		.ascii	"E\033GCm\332\265\277%\015%\3437\022\022\302D\206\214"
 163      6DDAB5BF 
 163      250D25E3 
 163      371212C2 
 163      44868C
 164 0337 8C026A0F 		.ascii	"\214\002j\017\004H\312\022\334\367i\367\323\307\354"
 164      0448CA12 
 164      DCF769F7 
 164      D3C7EC
 165 0346 ACAD6D8A 		.ascii	"\254\255m\212\0176.5|\272\371\370\323\235t5\277\326"
 165      0F362E35 
 165      7CBAF9F8 
 165      D39D7435 
 165      BFD6
 166 0358 D6D2C068 		.ascii	"\326\322\300hM\334\226\244\265\253\245\371SH\013\312"
 166      4DDC96A4 
 166      B5ABA5F9 
 166      53480BCA 
 167 0368 5B93489E 		.ascii	"[\223H\236v\264<\376| %\314\216\246[\212\343\354\314"
 167      76B43CFE 
 167      7C2025CC 
 167      8EA65B8A 
 167      E3ECCC
 168 037b 9F0EC362 		.ascii	"\237\016\303bf\370`\343J]33\1776\322\361\337\305\277"
 168      66F860E3 
 168      4A5D3333 
 168      7F36D2F1 
 168      DFC5BF
 169 038e 95242994 		.ascii	"\225$)\224&Z\023\241(r\332\351\310\3612!\030F\312Y\372"
 169      265A13A1 
 169      2872DAE9 
 169      C8F13221 
 169      1846CA59 
 170 03a3 D32C0BE2 		.ascii	"\323,\013\342\366J8\327\355u\332\313\344\204\265\351"
 170      F64A38D7 
ARM GAS  C:\Users\PUBLIC~1.LAP\AppData\Local\Temp\ccRephnU.s 			page 12


 170      ED75DACB 
 170      E484B5E9 
 171 03b3 33A77B28 		.ascii	"3\247{(\375\361\3455#\243\215\256Q\033\365\242\276y"
 171      FDF1E535 
 171      23A38DAE 
 171      511BF5A2 
 171      BE79
 172 03c5 E364D9EB 		.ascii	"\343d\331\353\203D\200\343DA\243Gl\210\217\265\223\241"
 172      834480E3 
 172      4441A347 
 172      6C888FB5 
 172      93A1
 173 03d7 6B5FBA70 		.ascii	"k_\272pd\324\341Hh\343\363\031m5\037\323\335CF\311\033"
 173      64D4E148 
 173      68E3F319 
 173      6D351FD3 
 173      DD4346C9 
 174 03ec 6E9A6862 		.ascii	"n\232hbb8/G|\260q\005\261\315\251\343\225\321\016*\022"
 174      62382F47 
 174      7CB07105 
 174      B1CDA9E3 
 174      95D10E2A 
 175 0401 ADD5AF87 		.ascii	"\255\325\257\207\022\011\263\010\000\205\"\210F\036"
 175      1209B308 
 175      00852288 
 175      461E
 176 040f 01104943 		.ascii	"\001\020IC-\221]\203\3036\305z\325\033\002W\244\243"
 176      2D915D83 
 176      C336C57A 
 176      D51B0257 
 176      A4A3
 177 0421 FE31B1C2 		.ascii	"\3761\261\302\245b\253\233@\305\213\012\016[\016W\275"
 177      A562AB9B 
 177      40C58B0A 
 177      0E5B0E57 
 177      BD
 178 0432 A114D1C8 		.ascii	"\241\024\321\310\003Z\021\207H=\025+\221%\006}B\026"
 178      035A1187 
 178      483D152B 
 178      9125067D 
 178      4216
 179 0444 286457A2 		.ascii	"(dW\242\321\252\005\320\252(\212*\304\006\336S\206\265"
 179      D1AA05D0 
 179      AA288A2A 
 179      C406DE53 
 179      86B5
 180 0456 E823AE6B 		.ascii	"\350#\256kQ\377\230tZSPSTO\027\214E\266\035\262m\210"
 180      51FF9874 
 180      5A535053 
 180      544F178C 
 180      45B61DB2 
 181 046c A0AF4834 		.ascii	"\240\257H4\362\212>^\217e!L\320?&\242\221\370cu\305"
 181      F28A3E5E 
 181      8F65214C 
 181      D03F26A2 
 181      91F86375 
 182 0481 D629AAF5 		.ascii	"\326)\252\365\005\177=\244\3761\371\332a\357\327\323"
ARM GAS  C:\Users\PUBLIC~1.LAP\AppData\Local\Temp\ccRephnU.s 			page 13


 182      057F3DA4 
 182      FE31F9DA 
 182      61EFD7D3 
 183 0491 4D2D4D60 		.ascii	"M-M`A\264\340\313R1\004\262X\276uE\313\256\353\232T"
 183      41B4E0CB 
 183      523104B2 
 183      58BE7545 
 183      CBAEEB9A 
 184 04a6 6485EC4A 		.ascii	"d\205\354J\324\037Z\037\020\205\320\312\203Q;\005\227"
 184      D41F5A1F 
 184      1085D0CA 
 184      83513B05 
 184      97
 185 04b7 B47CC576 		.ascii	"\264|\305v\330\003\320\301\245\011,\202\255\225\332"
 185      D803D0C1 
 185      A5092C82 
 185      AD95DA
 186 04c6 1276413E 		.ascii	"\022vA>,c\325z\325c\253\210F^\200\37619\005{\253\257"
 186      2C63D57A 
 186      D563AB88 
 186      465E80FE 
 186      3139057B 
 187 04dc 1DF6743E 		.ascii	"\035\366t>\024Y\300\2360J\347k\207P:^\024o\012J7E\365"
 187      1459C09E 
 187      304AE76B 
 187      87503A5E 
 187      146F0A4A 
 188 04f3 A42B6AF9 		.ascii	"\244+j\371t\302a08\354e\210\222z\202\022\222\242\252"
 188      74C26130 
 188      38EC6588 
 188      927A8212 
 188      92A2AA
 189 0506 8242353C 		.ascii	"\202B5<\201\220B\213k\223SQ\310f\251=a\007\265@\304"
 189      8190428B 
 189      6B935351 
 189      C866A93D 
 189      6107B540 
 190 051b 870E6A8F 		.ascii	"\207\016j\217\011\005\020\270\026\211\353\216\305TT"
 190      090510B8 
 190      1689EB8E 
 190      C55454
 191 052a 954E8394 		.ascii	"\225N\203\224\224\256\311\251\312\203\216Xl\207X:\240"
 191      94AEC9A9 
 191      CA838E58 
 191      6C87583A 
 191      A0
 192 053b D54F471C 		.ascii	"\325OG\034\352N\260mQ8\204Z\342\201`O\260?(\022\022"
 192      EA4EB06D 
 192      5138845A 
 192      E281604F 
 192      B03F2812 
 193 0550 9A765841 		.ascii	"\232vXA_\221\204\361\227\305\002\327\200\247\250q8e"
 193      5F9184F1 
 193      97C502D7 
 193      80A7A871 
 193      3865
 194 0562 A4416644 		.ascii	"\244AfDDDDh\244i\016\220\002\221\251\253:\022\340\203"
ARM GAS  C:\Users\PUBLIC~1.LAP\AppData\Local\Temp\ccRephnU.s 			page 14


 194      44444468 
 194      A4690E90 
 194      0291A9AB 
 194      3A12E083 
 195 0576 3DD13AC3 		.ascii	"=\321:\303\00443\"a\202\224\331j=\003\250d\313\303'"
 195      04343322 
 195      618294D9 
 195      6A3D03A8 
 195      64CBC327 
 196 058a 7E6DCDDA 		.ascii	"~m\315\332x%\000W$\306\335\234G\260\216\341\240\230"
 196      78250057 
 196      24C6DD9C 
 196      47B08EE1 
 196      A098
 197 059c CF2ED2F9 		.ascii	"\317.\322\371G\275\037L\275\224{\\\256B\337\015\201"
 197      47BD1F4C 
 197      BD947B5C 
 197      AE42DF0D 
 197      81
 198 05ad 2EF6B898 		.ascii	".\366\270\230\230[\321=\034\200\330\225ZnC\024L\256"
 198      985BD13D 
 198      1C80D895 
 198      5A6E4314 
 198      4CAE
 199 05bf 573E1F3E 		.ascii	"W>\037>$\372\356~\310c]\277\264\312\267\234\020\010"
 199      24FAEE7E 
 199      C8635DBF 
 199      B4CAB79C 
 199      1008
 200 05d1 C0976847 		.ascii	"\300\227hG\033\014\3618!\336\365um\346~\205\215\032"
 200      1B0CF138 
 200      21DEF575 
 200      6DE67E85 
 200      8D1A
 201 05e3 5AF7B82C 		.ascii	"Z\367\270,\220\243\260h\254\007\\iv\3441\014\232\320"
 201      90A3B068 
 201      AC075C69 
 201      76E4310C 
 201      9AD0
 202 05f5 BDD2B4EF 		.ascii	"\275\322\264\357\220,i\322\3634\331\305\0141\230'\315"
 202      902C69D2 
 202      F334D9C5 
 202      0C319827 
 202      CD
 203 0606 6F088251 		.ascii	"o\010\202Q!=f\0258\"h%ihh)\305o\317Ee\236\276\275\376"
 203      213D6615 
 203      38226825 
 203      69686829 
 203      C56FCF45 
 204 061f 56CC13A4 		.ascii	"V\314\023\244\031\340\360\322\310\005k\323a3\231Jm\031"
 204      19E0F0D2 
 204      C8056BD3 
 204      6133994A 
 204      6D19
 205 0631 94D41A15 		.ascii	"\224\324\032\025%C\027O2\314\352\011\340,\354ks\300"
 205      2543174F 
 205      32CCEA09 
ARM GAS  C:\Users\PUBLIC~1.LAP\AppData\Local\Temp\ccRephnU.s 			page 15


 205      E02CEC6B 
 205      73C0
 206 0643 E338CB07 		.ascii	"\3438\313\007\330\3543\316\207\330A\007J\211\220)\037"
 206      D8EC33CE 
 206      87D84107 
 206      4A899029 
 206      1F
 207 0654 855943BA 		.ascii	"\205YC\272\240\235\316\321\231\234x\3501J\226\360*\351"
 207      A09DCED1 
 207      999C78E8 
 207      314A96F0 
 207      2AE9
 208 0666 C8C82AEB 		.ascii	"\310\310*\353\305\333\3349\373\227]\336k\037/\250\214"
 208      C5DBDC39 
 208      FB975DDE 
 208      6B1F2FA8 
 208      8C
 209 0677 0F0FA44A 		.ascii	"\017\017\244J\033\364\220\372\321lUR\361\347\260\012"
 209      1BF490FA 
 209      D16C5552 
 209      F1E7B00A 
 210 0687 C1C8589B 		.ascii	"\301\310X\233v\353\217\332\307\012\276u\351\235\267"
 210      76EB8FDA 
 210      C70ABE75 
 210      E99DB7
 211 0696 7C5CA0EE 		.ascii	"|\\\240\356\221\000]J\012`\212\200\312n\343\032\230"
 211      91005D4A 
 211      0A608A80 
 211      CA6EE31A 
 211      98
 212 06a7 C44F84E0 		.ascii	"\304O\204\340\314~\304\232$\203\347\351)?\353\377\341"
 212      CC7EC49A 
 212      2483E7E9 
 212      293FEBFF 
 212      E1
 213 06b8 157C9BD8 		.ascii	"\025|\233\330C\362^\316\224o\376\036\260\243\001"
 213      43F25ECE 
 213      946FFE1E 
 213      B0A301
 214              		.text
 215              		.section	.gnu.lto_.symtab.83ad5b4b,"e",%progbits
 216 0000 53797354 		.ascii	"SysTick_Handler\000"
 216      69636B5F 
 216      48616E64 
 216      6C657200 
 217 0010 00       		.ascii	"\000"
 218 0011 00       		.ascii	"\000"
 219 0012 00       		.ascii	"\000"
 220 0013 00000000 		.ascii	"\000\000\000\000\000\000\000\000"
 220      00000000 
 221 001b D6000000 		.ascii	"\326\000\000\000"
 222 001f 73745F6C 		.ascii	"st_lld_init\000"
 222      6C645F69 
 222      6E697400 
 223 002b 00       		.ascii	"\000"
 224 002c 00       		.ascii	"\000"
 225 002d 00       		.ascii	"\000"
ARM GAS  C:\Users\PUBLIC~1.LAP\AppData\Local\Temp\ccRephnU.s 			page 16


 226 002e 00000000 		.ascii	"\000\000\000\000\000\000\000\000"
 226      00000000 
 227 0036 D8000000 		.ascii	"\330\000\000\000"
 228 003a 5F5F706F 		.ascii	"__port_irq_epilogue\000"
 228      72745F69 
 228      72715F65 
 228      70696C6F 
 228      67756500 
 229 004e 00       		.ascii	"\000"
 230 004f 02       		.ascii	"\002"
 231 0050 00       		.ascii	"\000"
 232 0051 00000000 		.ascii	"\000\000\000\000\000\000\000\000"
 232      00000000 
 233 0059 DA000000 		.ascii	"\332\000\000\000"
 234 005d 63685379 		.ascii	"chSysTimerHandlerI\000"
 234      7354696D 
 234      65724861 
 234      6E646C65 
 234      724900
 235 0070 00       		.ascii	"\000"
 236 0071 02       		.ascii	"\002"
 237 0072 00       		.ascii	"\000"
 238 0073 00000000 		.ascii	"\000\000\000\000\000\000\000\000"
 238      00000000 
 239 007b DC000000 		.ascii	"\334\000\000\000"
 240 007f 6E766963 		.ascii	"nvicSetSystemHandlerPriority\000"
 240      53657453 
 240      79737465 
 240      6D48616E 
 240      646C6572 
 241 009c 00       		.ascii	"\000"
 242 009d 02       		.ascii	"\002"
 243 009e 00       		.ascii	"\000"
 244 009f 00000000 		.ascii	"\000\000\000\000\000\000\000\000"
 244      00000000 
 245 00a7 E1000000 		.ascii	"\341\000\000\000"
 246              		.text
 247              		.section	.gnu.lto_.ext_symtab.83ad5b4b,"e",%progbits
 248 0000 01       		.ascii	"\001"
 249 0001 01       		.ascii	"\001"
 250 0002 00       		.ascii	"\000"
 251 0003 01       		.ascii	"\001"
 252 0004 00       		.ascii	"\000"
 253 0005 01       		.ascii	"\001"
 254 0006 00       		.ascii	"\000"
 255 0007 01       		.ascii	"\001"
 256 0008 00       		.ascii	"\000"
 257 0009 01       		.ascii	"\001"
 258 000a 00       		.ascii	"\000"
 259              		.text
 260              		.section	.gnu.lto_.opts,"e",%progbits
 261 0000 272D666E 		.ascii	"'-fno-openmp' '-fno-openacc' '-fno-pie' '-fcf-prote"
 261      6F2D6F70 
 261      656E6D70 
 261      2720272D 
 261      666E6F2D 
 262 0033 6374696F 		.ascii	"ction=none' '-mcpu=cortex-m3' '-mthumb' '-mfloat-ab"
ARM GAS  C:\Users\PUBLIC~1.LAP\AppData\Local\Temp\ccRephnU.s 			page 17


 262      6E3D6E6F 
 262      6E652720 
 262      272D6D63 
 262      70753D63 
 263 0066 693D736F 		.ascii	"i=soft' '-mlibarch=armv7-m' '-march=armv7-m' '-Os' "
 263      66742720 
 263      272D6D6C 
 263      69626172 
 263      63683D61 
 264 0099 272D666F 		.ascii	"'-fomit-frame-pointer' '-falign-functions=16' '-ffu"
 264      6D69742D 
 264      6672616D 
 264      652D706F 
 264      696E7465 
 265 00cc 6E637469 		.ascii	"nction-sections' '-fdata-sections' '-fno-common' '-"
 265      6F6E2D73 
 265      65637469 
 265      6F6E7327 
 265      20272D66 
 266 00ff 666C746F 		.ascii	"flto' '-Xassembler' '-alms=./build/lst/hal_st_lld.l"
 266      2720272D 
 266      58617373 
 266      656D626C 
 266      65722720 
 267 0132 73742700 		.ascii	"st'\000"
 268              		.text
 269              		.comm	__gnu_lto_slim,1,1
 270              		.ident	"GCC: (GNU) 12.2.0"
ARM GAS  C:\Users\PUBLIC~1.LAP\AppData\Local\Temp\ccRephnU.s 			page 18


DEFINED SYMBOLS
                            *ABS*:00000000 hal_st_lld.c
                            *COM*:00000001 __gnu_lto_slim

NO UNDEFINED SYMBOLS
