ARM GAS  C:\Users\PUBLIC~1.LAP\AppData\Local\Temp\cc8SrNTf.s 			page 1


   1              		.cpu cortex-m3
   2              		.arch armv7-m
   3              		.fpu softvfp
   4              		.eabi_attribute 20, 1
   5              		.eabi_attribute 21, 1
   6              		.eabi_attribute 23, 3
   7              		.eabi_attribute 24, 1
   8              		.eabi_attribute 25, 1
   9              		.eabi_attribute 26, 1
  10              		.eabi_attribute 30, 4
  11              		.eabi_attribute 34, 1
  12              		.eabi_attribute 18, 4
  13              		.file	"hal_pal.c"
  14              		.section	.gnu.lto_.profile.83ac84e6,"e",%progbits
  15 0000 28B52FFD 		.ascii	"(\265/\375 \0061\000\000\002\000\000\000\000\000"
  15      20063100 
  15      00020000 
  15      000000
  16              		.text
  17              		.section	.gnu.lto_.icf.83ac84e6,"e",%progbits
  18 0000 28B52FFD 		.ascii	"(\265/\375 S\025\002\000$\003G\000\003\000\244\207\247"
  18      20531502 
  18      00240347 
  18      000300A4 
  18      87A7
  19 0012 BF090802 		.ascii	"\277\011\010\002\000\002\001\002\002\002\003\002\004"
  19      00020102 
  19      02020302 
  19      04
  20 001f 02010205 		.ascii	"\002\001\002\005\002\001\001\257\215\224\351\006\012"
  20      020101AF 
  20      8D94E906 
  20      0A
  21 002c 050201E2 		.ascii	"\005\002\001\342\255\356\262\013\006\005\002\001\002"
  21      ADEEB20B 
  21      06050201 
  21      02
  22 0039 04020100 		.ascii	"\004\002\001\000\005\000>\245\214\012\340\363\216u\026"
  22      05003EA5 
  22      8C0AE0F3 
  22      8E7516
  23 0048 B7012C   		.ascii	"\267\001,"
  24              		.text
  25              		.section	.gnu.lto_.ipa_sra.83ac84e6,"e",%progbits
  26 0000 28B52FFD 		.ascii	"(\265/\375 x\035\002\000\004\003l\000\003\000\001\003"
  26      20781D02 
  26      0004036C 
  26      00030001 
  26      03
  27 0011 02060200 		.ascii	"\002\006\002\000\000\004\001\002\007\002\005\004\002"
  27      00040102 
  27      07020504 
  27      02
  28 001e 01020802 		.ascii	"\001\002\010\002\004\010\004\001\000\000\004\003\001"
  28      04080401 
  28      00000403 
  28      01
ARM GAS  C:\Users\PUBLIC~1.LAP\AppData\Local\Temp\cc8SrNTf.s 			page 2


  29 002b 02000000 		.ascii	"\002\000\000\000\000\001\002\005\001\003\001\001\000"
  29      00010205 
  29      01030101 
  29      00
  30 0038 00010006 		.ascii	"\000\001\000\006\000\273\000*1B\005w\250\245\374s\271"
  30      00BB002A 
  30      31420577 
  30      A8A5FC73 
  30      B9
  31 0049 0D6001   		.ascii	"\015`\001"
  32              		.text
  33              		.section	.gnu.lto_.inline.83ac84e6,"e",%progbits
  34 0000 28B52FFD 		.ascii	"(\265/\375`\306\000e\005\000\242H\031\036\2009\351\234"
  34      60C60065 
  34      0500A248 
  34      191E8039 
  34      E99C
  35 0012 8A78B220 		.ascii	"\212x\262 \275\302\260*\372\0330u\215\31284%\023<\031"
  35      BDC2B02A 
  35      FA1B3075 
  35      8DCA3834 
  35      25133C19 
  36 0026 326A986C 		.ascii	"2j\230l\271S\277\242W\364\212\356\027$f\207\015M\321"
  36      B953BFA2 
  36      57F48AEE 
  36      17246687 
  36      0D4DD1
  37 0039 76F14982 		.ascii	"v\361I\202\215\266\3124\024v8\363\223\020J\371\023\232"
  37      8DB6CA34 
  37      147638F3 
  37      93104AF9 
  37      139A
  38 004b 19748FB6 		.ascii	"\031t\217\266\203mY\246Z\245\235\273\231fC\233\363\341"
  38      836D59A6 
  38      5AA59DBB 
  38      9966439B 
  38      F3E1
  39 005d 3FD7B688 		.ascii	"?\327\266\210\232p\003\016\267\242\215\320\276\015\""
  39      9A70030E 
  39      B7A28DD0 
  39      BE0D22
  40 006c A36DE06F 		.ascii	"\243m\340os\004\034\000\013\023\003\256\013\010\004"
  40      73041C00 
  40      0B1303AE 
  40      0B0804
  41 007b 8B7DCC12 		.ascii	"\213}\314\022p,\222\025i2L\000\035\255\246Y\010\214"
  41      702C9215 
  41      69324C00 
  41      1DADA659 
  41      088C
  42 008d 11860412 		.ascii	"\021\206\004\022\342\022F\220\307\205\200)\3605\320"
  42      E2124690 
  42      C7858029 
  42      F035D0
  43 009c 60C2CDB9 		.ascii	"`\302\315\271G\013\301\242\012\313\271\371\305\370M"
  43      470BC1A2 
  43      0ACBB9F9 
ARM GAS  C:\Users\PUBLIC~1.LAP\AppData\Local\Temp\cc8SrNTf.s 			page 3


  43      C5F84D
  44 00ab 3358BAAE 		.ascii	"3X\272\256\354^s-\015\014\001"
  44      EC5E732D 
  44      0D0C01
  45              		.text
  46              		.section	.gnu.lto_.jmpfuncs.83ac84e6,"e",%progbits
  47 0000 28B52FFD 		.ascii	"(\265/\375 [\005\002\000$\003O\000\003\000\001\001\003"
  47      205B0502 
  47      0024034F 
  47      00030001 
  47      0103
  48 0012 00020101 		.ascii	"\000\002\001\001\002\001\001\017\000\002\001\177\002"
  48      0201010F 
  48      0002017F 
  48      02
  49 001f 09020201 		.ascii	"\011\002\002\001\001\013\012\006\000\000\001\300\004"
  49      010B0A06 
  49      000001C0 
  49      04
  50 002c 0100C004 		.ascii	"\001\000\300\004\001\377\377\377\377\017\000\003\000"
  50      01FFFFFF 
  50      FF0F0003 
  50      00
  51 0039 047F0100 		.ascii	"\004\177\001\000\004\0004em&\007l6\014\2036"
  51      04003465 
  51      6D26076C 
  51      360C8336 
  52              		.text
  53              		.section	.gnu.lto_.pureconst.83ac84e6,"e",%progbits
  54 0000 28B52FFD 		.ascii	"(\265/\375 \016q\000\000\012\000\000\000\003\000\232"
  54      200E7100 
  54      000A0000 
  54      0003009A 
  55 0010 04019A04 		.ascii	"\004\001\232\004\002\231\004"
  55      029904
  56              		.text
  57              		.section	.gnu.lto_.ipa_modref.83ac84e6,"e",%progbits
  58 0000 28B52FFD 		.ascii	"(\265/\375 \262\265\002\000T\003\246\000\003\000\001"
  58      20B2B502 
  58      005403A6 
  58      00030001 
  59 0010 7C000000 		.ascii	"|\000\000\000\002\002\013\000\003\002\006\000\001\000"
  59      02020B00 
  59      03020600 
  59      0100
  60 001e 01000020 		.ascii	"\001\000\000  \002\010\300\007 \020\020\002\014\000"
  60      200208C0 
  60      07201010 
  60      020C00
  61 002d 01020D01 		.ascii	"\001\002\015\001\006\001\002\024\000\007\001\006\002"
  61      06010214 
  61      00070106 
  61      02
  62 003a 01000000 		.ascii	"\001\000\000\000\000\000\015\000\200\010!0\022\241\260"
  62      00000D00 
  62      80082130 
  62      12A1B0
ARM GAS  C:\Users\PUBLIC~1.LAP\AppData\Local\Temp\cc8SrNTf.s 			page 4


  63 0049 566244B0 		.ascii	"VbD\260x*\000\\W\253\324^\005\202;\027c\2644\014\203"
  63      782A005C 
  63      57ABD45E 
  63      05823B17 
  63      63B4340C 
  64 005e 36       		.ascii	"6"
  65              		.text
  66              		.section	.gnu.lto_.lto.83ac84e6,"e",%progbits
  67 0000 0C000000 		.ascii	"\014\000\000\000\001\000\001\000"
  67      01000100 
  68              		.text
  69              		.section	.gnu.lto_palReadBus.312.83ac84e6,"e",%progbits
  70 0000 28B52FFD 		.ascii	"(\265/\375`\016\001\235\014\000\266\327TA q\223\016"
  70      600E019D 
  70      0C00B6D7 
  70      54412071 
  70      930E
  71 0012 A0C812CA 		.ascii	"\240\310\022\312\327\2006\021E{\350\246A\276P\032\301"
  71      D7803611 
  71      457BE8A6 
  71      41BE501A 
  71      C1
  72 0023 860CF40C 		.ascii	"\206\014\364\014`g\012-\352=\246\306\322\362s3\251\377"
  72      60670A2D 
  72      EA3DA6C6 
  72      D2F27333 
  72      A9FF
  73 0035 161D0286 		.ascii	"\026\035\002\206 \301\261\252\214\037O\330%S\201\222"
  73      20C1B1AA 
  73      8C1F4FD8 
  73      25538192 
  74 0045 07A849DB 		.ascii	"\007\250I\333\204\354\275\245L)B\000:\000C\000,Z\354"
  74      84ECBDA5 
  74      4C294200 
  74      3A004300 
  74      2C5AEC
  75 0058 6A069CC0 		.ascii	"j\006\234\300\372\3138\333\276\210\217\030\231\304\201"
  75      FACB38DB 
  75      BE888F18 
  75      99C481
  76 0067 A1628981 		.ascii	"\241b\211\201B\321\330\325\260\000\037\000\377\362\002"
  76      42D1D8D5 
  76      B0001F00 
  76      FFF202
  77 0076 E09F7A38 		.ascii	"\340\237z8\351I\362o\342.\304\312\214\024\025\223g\305"
  77      E949F26F 
  77      E22EC4CA 
  77      8C141593 
  77      67C5
  78 0088 60779D29 		.ascii	"`w\235)*\034n\275\355\002\266\025\330o\011w\253,6Lc"
  78      2A1C6EBD 
  78      ED02B615 
  78      D86F0977 
  78      AB2C364C 
  79 009d 60FA72E9 		.ascii	"`\372r\351\313KG\227\2664]\2714t\351\247i\347\264\336"
  79      CB4B4797 
  79      B6345DB9 
ARM GAS  C:\Users\PUBLIC~1.LAP\AppData\Local\Temp\cc8SrNTf.s 			page 5


  79      3474E9A7 
  79      69E7B4DE 
  80 00b1 F4E70601 		.ascii	"\364\347\006\001\015\227\361bwC\252\306\302x.@\330\036"
  80      0D97F162 
  80      7743AAC6 
  80      C2782E40 
  80      D81E
  81 00c3 D997ED4C 		.ascii	"\331\227\355L\373$^btS\211\343\256)\032O\021\216\372"
  81      FB245E62 
  81      745389E3 
  81      AE291A4F 
  81      118EFA
  82 00d6 58BB1D34 		.ascii	"X\273\0354~\212\220\004\022\370gi<\241\310\315P+\000"
  82      7E8A9004 
  82      12F86769 
  82      3CA1C8CD 
  82      502B00
  83 00e9 A9544A3B 		.ascii	"\251TJ;\007|\012\365(+'\271\331\351\323\243l\016\271"
  83      077C0AF5 
  83      282B27B9 
  83      D9E9D3A3 
  83      6C0EB9
  84 00fc 2662ED5E 		.ascii	"&b\355^\320\370',L\260>\374\371%\032O\245\334l\315$"
  84      D0F8272C 
  84      4CB03EFC 
  84      F9251A4F 
  84      A5DC6CCD 
  85 0111 B5C50EA2 		.ascii	"\265\305\016\242\221\017u\347\000(\013q:\024D\030(\363"
  85      910F75E7 
  85      00280B71 
  85      3A144418 
  85      28F3
  86 0123 6022110C 		.ascii	"`\"\021\014\302\203\317\307\307\323`\243\361@\020\012"
  86      C283CFC7 
  86      C7D360A3 
  86      F140100A 
  87 0133 01A9B021 		.ascii	"\001\251\260!\361\214|@\234\254\243c\263\300\201\207"
  87      F18C7C40 
  87      9CACA363 
  87      B3C08187 
  88 0143 B6B75533 		.ascii	"\266\267U3%-\031\243\227*\347+2\214\306\323E\257\250"
  88      252D19A3 
  88      972AE72B 
  88      328CC6D3 
  88      45AFA8
  89 0156 965EF419 		.ascii	"\226^\364\031\266\223\316U\200\304\030\000X\211\"34"
  89      B693CE55 
  89      80C41800 
  89      58892233 
  89      34
  90 0167 18E16FA1 		.ascii	"\030\341o\241\037\023\000\030\310VN\\v\204\201\020\\"
  90      1F130018 
  90      C8564E5C 
  90      76848110 
  90      5C
  91 0178 92C30643 		.ascii	"\222\303\006C\021\002\206\"\205]\015\212\260\244\007"
  91      11028622 
ARM GAS  C:\Users\PUBLIC~1.LAP\AppData\Local\Temp\cc8SrNTf.s 			page 6


  91      855D0D8A 
  91      B0A407
  92 0187 A4663062 		.ascii	"\244f0blw\015\023=\213C\200\011\002N\320\250VL\302$"
  92      6C770D13 
  92      3D8B4380 
  92      09024ED0 
  92      A8564CC2 
  93 019c 03       		.ascii	"\003"
  94              		.text
  95              		.section	.gnu.lto_palWriteBus.313.83ac84e6,"e",%progbits
  96 0000 28B52FFD 		.ascii	"(\265/\375`\304\001\325\017\000f]gE\360\220*\035 \336"
  96      60C401D5 
  96      0F00665D 
  96      6745F090 
  96      2A1D20DE 
  97 0014 CCDAA9CA 		.ascii	"\314\332\251\312\332s\341\216\241)\267\261\300\337B"
  97      DA73E18E 
  97      A129B7B1 
  97      C0DF42
  98 0023 D3932A1F 		.ascii	"\323\223*\037\351\325\200u\237\015\2051\377}\"\247\371"
  98      E9D58075 
  98      9F0D8531 
  98      FF7D22A7 
  98      F9
  99 0034 07608456 		.ascii	"\007`\204V\302c\315I\241,^\307\336\324CM\304\007F@\333"
  99      C263CD49 
  99      A12C5EC7 
  99      DED4434D 
  99      C4074640 
 100 0049 B66D6B24 		.ascii	"\266mk$ho\"eJ\001P\000H\000Y\000$d\377.\030\356\272"
 100      686F2265 
 100      4A015000 
 100      48005900 
 100      2464FF2E 
 101 0060 C430D01D 		.ascii	"\3040\320\035\206\362i\177\304[dw1\261\267\373\002\263"
 101      86F2697F 
 101      C45B6477 
 101      31B1B7FB 
 101      02B3
 102 0072 62B736C0 		.ascii	"b\2676\300\005\272\303\0007\305C\356\244xh\231-\343"
 102      05BAC300 
 102      37C543EE 
 102      A4786899 
 102      2DE3
 103 0084 3507FBA2 		.ascii	"5\007\373\242E\012\215\335=)\210\313\2362\3770\367T"
 103      450A8DDD 
 103      3D2988CB 
 103      9E32FF30 
 103      F754
 104 0096 564E9E9A 		.ascii	"VN\236\232\004\273\353TY\321p\353mo\330F`'\204\366\271"
 104      04BBEB54 
 104      59D170EB 
 104      6D6FD846 
 104      602784F6 
 105 00ab DD5D2B8B 		.ascii	"\335]+\213\315\245M\\\272\024\323\244\230\036\301\264"
 105      CDA54D5C 
 105      BA14D3A4 
ARM GAS  C:\Users\PUBLIC~1.LAP\AppData\Local\Temp\cc8SrNTf.s 			page 7


 105      981EC1B4 
 106 00bb 884B87B8 		.ascii	"\210K\207\2704(\246?1\355\321\244;1\315\201\351\015"
 106      3428A63F 
 106      31EDD1A4 
 106      3B31CD81 
 106      E90D
 107 00cd 97F634DD 		.ascii	"\227\3664\335qi\015\227\216\232\206\377~\275\313\237"
 107      71690D97 
 107      8E9A86FF 
 107      7EBDCB9F 
 108 00dd 0036600E 		.ascii	"\0006`\016\243\306n\206\333\314\312@\026\"l\237c;_\036"
 108      A3C66E86 
 108      DBCCCA40 
 108      16226C9F 
 108      633B5F1E 
 109 00f1 EAD16398 		.ascii	"\352\321c\230A\211\360\024\252\216z\337F9\253\243hm"
 109      4189F014 
 109      AA8E7ADF 
 109      4639ABA3 
 109      686D
 110 0103 D4FB3E7E 		.ascii	"\324\373>~BB\267\353\001\345\233\240\360*\211\207\236"
 110      4242B7EB 
 110      01E59BA0 
 110      F02A8987 
 110      9E
 111 0114 7A5F4CDA 		.ascii	"z_L\332\254\321\016t\273\335j\027\020\243j\3644\016"
 111      ACD10E74 
 111      BBDD6A17 
 111      10A36AF4 
 111      340E
 112 0126 286933D4 		.ascii	"(i3\324\250\247\331<\3411 \335n\012\312/a!\244\013a"
 112      A8A7D93C 
 112      E13120DD 
 112      6E0ACA2F 
 112      6121A40B 
 113 013b 120FA176 		.ascii	"\022\017\241v\270h\371fi\263k'\251\037\002\261\221\027"
 113      B868F966 
 113      69B36B27 
 113      A91F02B1 
 113      9117
 114 014d 8B8B91B0 		.ascii	"\213\213\221\260\324-\002\260\225\210\252U!v\202\255"
 114      D42D02B0 
 114      9588AA55 
 114      217682AD 
 115 015d 5CA758C8 		.ascii	"\\\247X\310\351A\203\027\353\345R\220Byt\210\200|\214"
 115      E9418317 
 115      EBE55290 
 115      42797488 
 115      807C8C
 116 0170 A44A5C24 		.ascii	"\244J\\$/\230j\305\301\221:\260\300\243\266\347VY\314"
 116      2F986AC5 
 116      C1913AB0 
 116      C0A3B6E7 
 116      5659CC
 117 0183 E02633D3 		.ascii	"\340&3\323\231M\252\342*3J\032R\223\236\266\201\244"
 117      994DAAE2 
 117      2A334A1A 
ARM GAS  C:\Users\PUBLIC~1.LAP\AppData\Local\Temp\cc8SrNTf.s 			page 8


 117      52939EB6 
 117      81A4
 118 0195 A5919244 		.ascii	"\245\221\222D:R\025\201\324\323\320GA\036\375\350i\035"
 118      3A521581 
 118      D4D3D047 
 118      411EFDE8 
 118      691D
 119 01a7 3ACA0927 		.ascii	":\312\011' \220\202\0212\273\001\230\243\010\305s\222"
 119      20908211 
 119      32BB0198 
 119      A308C573 
 119      92
 120 01b8 6810FDC0 		.ascii	"h\020\375\300Z\214}\230F\2308\211Y\002\330\314B\000"
 120      5A8C7D98 
 120      46983889 
 120      5902D8CC 
 120      4200
 121 01ca 63B40B00 		.ascii	"c\264\013\000\2141`\242k#\343\0022\320@\\\304\305\311"
 121      8C3160A2 
 121      6B23E302 
 121      32D0405C 
 121      C4C5C9
 122 01dd 971DDE24 		.ascii	"\227\035\336$\277\301\210\020\037\212\304]\015\022\266"
 122      BFC18810 
 122      1F8AC45D 
 122      0D12B6
 123 01ec F240844C 		.ascii	"\362@\204L\004\022\273\262\035&t\336\303\177\324\227"
 123      0412BBB2 
 123      1D2674DE 
 123      C37FD497 
 124 01fc 81C968F9 		.ascii	"\201\311h\371\341E\333\311"
 124      E145DBC9 
 125              		.text
 126              		.section	.gnu.lto_palSetBusMode.314.83ac84e6,"e",%progbits
 127 0000 28B52FFD 		.ascii	"(\265/\375`\350\000\325\013\0006\026P>\020Q\225\016"
 127      60E800D5 
 127      0B003616 
 127      503E1051 
 127      950E
 128 0012 515E3BB8 		.ascii	"Q^;\270\234\370\014 \020\300\201p\016=\003\005\321l"
 128      9CF80C20 
 128      10C08170 
 128      0E3D0305 
 128      D16C
 129 0024 57E5CD40 		.ascii	"W\345\315@'\334\"\034\321\360\317\305ZG^4\354\354|\014"
 129      27DC221C 
 129      D1F0CFC5 
 129      5A475E34 
 129      ECEC7C0C 
 130 0038 E127D99B 		.ascii	"\341'\331\233.P$\220L\325\364\304\277%\204\220M\244"
 130      2E502490 
 130      4CD5F4C4 
 130      BF258490 
 130      4DA4
 131 004a 4C293B00 		.ascii	"L);\000:\000?\000\346vY)T\354\206\002L`{\224<@\366\210"
 131      3A003F00 
 131      E6765929 
ARM GAS  C:\Users\PUBLIC~1.LAP\AppData\Local\Temp\cc8SrNTf.s 			page 9


 131      54EC8602 
 131      4C607B94 
 132 0062 1D40F668 		.ascii	"\035@\366h\320\206\361\260\301\272\230\341\252\261\273"
 132      D086F1B0 
 132      C1BA98E1 
 132      AAB1BB
 133 0071 9D7E38F8 		.ascii	"\235~8\370\004\375\2278\207J\225\236\032\202\335u\242"
 133      04FD9738 
 133      874A959E 
 133      1A82DD75 
 133      A2
 134 0082 521D6EBD 		.ascii	"R\035n\275\355\211\355\003\3661\004\351GLsYz\213i\015"
 134      ED89ED03 
 134      F63104E9 
 134      474C7359 
 134      7A8B690D 
 135 0096 4B679A8E 		.ascii	"Kg\232\216o\375\372\325\237\220\211\214\277\210\261"
 135      6FFDFAD5 
 135      9F90898C 
 135      BF88B1
 136 00a5 CBE106C7 		.ascii	"\313\341\006\307\276\342\212\020\266\017\261\235\254"
 136      BEE28A10 
 136      B60FB19D 
 136      AC
 137 00b2 9300DFBA 		.ascii	"\223\000\337\272\340\270\273jQ`{\214\344\323\276\210"
 137      E0B8BB6A 
 137      51607B8C 
 137      E4D3BE88 
 138 00c2 8F00BF22 		.ascii	"\217\000\277\"\005']s\372\330TSN\177\342\310\3009\012"
 138      05275D73 
 138      FAD85453 
 138      4E7FE2C8 
 138      C0390A
 139 00d5 089B7299 		.ascii	"\010\233r\231j\372\015\035\337]\0212\345\374\371\011"
 139      6AFA0D1D 
 139      DF5D1132 
 139      E5FCF909 
 140 00e5 D0B6ABE1 		.ascii	"\320\266\253\341\342\233\260 a\003A\312\036\243Vh\330"
 140      E29BB020 
 140      610341CA 
 140      1EA35668 
 140      D8
 141 00f6 6899B2C3 		.ascii	"h\231\262\303\016K\251\036\354c\273\273V\225\215\005"
 141      0E4BA91E 
 141      EC63BBBB 
 141      56958D05 
 142 0106 9C07A00F 		.ascii	"\234\007\240\017&\032i\324\233\001\036/\224\331L\020"
 142      261A69D4 
 142      9B011E2F 
 142      94D94C10 
 143 0116 751EAFD3 		.ascii	"u\036\257\323\211@\235\003\006\237\346\353$\300\\,\225"
 143      89409D03 
 143      069FE6EB 
 143      24C05C2C 
 143      95
 144 0127 D0874301 		.ascii	"\320\207C\001S\2413\372<\031\217B\301\030P`\011\367"
 144      53A133FA 
ARM GAS  C:\Users\PUBLIC~1.LAP\AppData\Local\Temp\cc8SrNTf.s 			page 10


 144      3C198F42 
 144      C1185060 
 144      09F7
 145 0139 D8AACA0B 		.ascii	"\330\252\312\013X\274Ljr$U\037\032\325\3666y\224%\001"
 145      58BC4C6A 
 145      7224551F 
 145      1AD5F636 
 145      79942501 
 146 014d 16005889 		.ascii	"\026\000X\211\"\023\317\363\242\001\027\264UX\250\002"
 146      2213CFF3 
 146      A20117B4 
 146      5558A802 
 147 015d 818B38F5 		.ascii	"\201\2138\365a\205f\000F\206\362\303\322\331\262\305"
 147      61856600 
 147      4686F2C3 
 147      D2D9B2C5 
 148 016d 4D31610D 		.ascii	"M1a\015\3270a\230\027\204\017F\301e`j\264\270\303\213"
 148      D7306198 
 148      17840F46 
 148      C165606A 
 148      B4B8C38B 
 149 0181 769201   		.ascii	"v\222\001"
 150              		.text
 151              		.section	.gnu.lto_.symbol_nodes.83ac84e6,"e",%progbits
 152 0000 28B52FFD 		.ascii	"(\265/\375 xU\002\000T\003t\000\000\000\000\002\270"
 152      20785502 
 152      00540374 
 152      00000000 
 152      02B8
 153 0012 027F0E80 		.ascii	"\002\177\016\200\200\200\200\004\001\220\316\000\000"
 153      80808004 
 153      0190CE00 
 153      00
 154 001f 7F0000BA 		.ascii	"\177\000\000\272\220\202\002\271\002\177\017\272\002"
 154      908202B9 
 154      027F0FBA 
 154      02
 155 002c 7F1001BD 		.ascii	"\177\020\001\275\002\177\021\377\037\000\000\200\220"
 155      027F11FF 
 155      1F000080 
 155      90
 156 0039 80030203 		.ascii	"\200\003\002\003\344\001\000\007\000h\314\210\"T\012"
 156      E4010007 
 156      0068CC88 
 156      22540A
 157 0048 97E13208 		.ascii	"\227\3412\010\350\014\236\314\326\034\003"
 157      E80C9ECC 
 157      D61C03
 158              		.text
 159              		.section	.gnu.lto_.refs.83ac84e6,"e",%progbits
 160 0000 28B52FFD 		.ascii	"(\265/\375 \005)\000\000\001\000\000\000\000"
 160      20052900 
 160      00010000 
 160      0000
 161              		.text
 162              		.section	.gnu.lto_.decls.83ac84e6,"e",%progbits
 163 0000 28B52FFD 		.ascii	"(\265/\375`\363\012\2657\000\332^0\025BP\246U\007\233"
ARM GAS  C:\Users\PUBLIC~1.LAP\AppData\Local\Temp\cc8SrNTf.s 			page 11


 163      60F30AB5 
 163      3700DA5E 
 163      30154250 
 163      A655079B 
 164 0014 C0C644D4 		.ascii	"\300\306D\324\006\254\376\344U\035F\266y\020\207\035"
 164      06ACFEE4 
 164      551D46B6 
 164      7910871D 
 165 0024 F1AEC99B 		.ascii	"\361\256\311\233\0133\215=\031\342\270\005\227@\360"
 165      0B338D3D 
 165      19E2B805 
 165      9740F0
 166 0033 EBABB397 		.ascii	"\353\253\263\227 \222k\330\372!\205\014\271\206i\371"
 166      20926BD8 
 166      FA21850C 
 166      B98669F9 
 167 0043 B1DA18DC 		.ascii	"\261\332\030\334\244#\320\263\022\033\273\311\224\002"
 167      A423D0B3 
 167      121BBBC9 
 167      9402
 168 0051 23013E01 		.ascii	"#\001>\001>\001Np\353lK<8\26748\270mo\223\177h\314l"
 168      3E014E70 
 168      EB6C4B3C 
 168      38B73438 
 168      B86D6F93 
 169 0069 59B37201 		.ascii	"Y\263r\0013\207L\032j\0305b\306\250\2359\303\245\013"
 169      33874C1A 
 169      6A183562 
 169      C6A89D39 
 169      C3A50B
 170 007c 1D6A554E 		.ascii	"\035jUN\267[\375\215\323q7.\307\343\370\034g\343p\274"
 170      B75BFD8D 
 170      D371372E 
 170      C7E3F81C 
 170      67E370BC 
 171 0090 8EAFF1A9 		.ascii	"\216\257\361\251\267\351v5W\323\355\373\317\374\377"
 171      B7E97635 
 171      57D3EDFB 
 171      CFFCFF
 172 009f 762DDD5E 		.ascii	"v-\335^\306L\357\277\306\240\221\376\2735T\367\257\275"
 172      C64CEFBF 
 172      C6A091FE 
 172      BB3554F7 
 172      AFBD
 173 00b1 8DA7F134 		.ascii	"\215\247\3614\036\363\375$Hge\276\342\260\377nNKNN\001"
 173      1EF3FD24 
 173      486765BE 
 173      E2B0FF6E 
 173      4E4B4E4E 
 174 00c6 D6605984 		.ascii	"\326`Y\204g\251\355\034\031_]\311\215p#\26717V\356a"
 174      67A9ED1C 
 174      195F5DC9 
 174      8D7023B7 
 174      313756EE 
 175 00db CE3272C3 		.ascii	"\3162r\303\310\275\025\271S\344%\022\331\275\370\027"
 175      C8BD15B9 
 175      53E42512 
ARM GAS  C:\Users\PUBLIC~1.LAP\AppData\Local\Temp\cc8SrNTf.s 			page 12


 175      D9BDF817 
 176 00eb 9F36F9DB 		.ascii	"\2376\371\333\236\305\265t\000\346\373\330\377kR\276"
 176      9EC5B574 
 176      00E6FBD8 
 176      FF6B52BE 
 177 00fb 437DFB82 		.ascii	"C}\373\202\333\366\220\333\233\334$or\233Cn\340\006"
 177      DBF690DB 
 177      9BDC246F 
 177      729B436E 
 177      E006
 178 010d DC2637E0 		.ascii	"\334&7\340\266\243\365\202\345[h\234\033\270\222\333"
 178      B6A3F582 
 178      E55B689C 
 178      1BB892DB 
 179 011d BA01B7DB 		.ascii	"\272\001\267\333\0250@\004a\016\214=\330Aw#:\024\327"
 179      15304004 
 179      610E8C3D 
 179      D8417723 
 179      3A14D7
 180 0130 0FBAFB45 		.ascii	"\017\272\373Ew35\201n\214\240\333\027t\273R\267\367"
 180      77333581 
 180      6E8CA0DB 
 180      1774BB52 
 180      B7F7
 181 0142 BA7DD7DD 		.ascii	"\272}\327\335ow\263u\267\\\267\343\356\336\323\355\335"
 181      6F77B375 
 181      B75CB7E3 
 181      EEDED3ED 
 181      DD
 182 0153 DDD9EE6E 		.ascii	"\335\331\356n\324\335\214\272{Qw\333\351\356\271\356"
 182      D4DD8CBA 
 182      7B5177DB 
 182      E9EEB9EE 
 183 0163 56D4DD6D 		.ascii	"V\324\335m\335]\240\273\333tw\233\315f\263\335\276\241"
 183      DD5DA0BB 
 183      DB74779B 
 183      CD66B3DD 
 183      BEA1
 184 0175 1B57E8CE 		.ascii	"\033W\350\316\310\316\1773\345\373f\356\373\012\376"
 184      C8CE7F33 
 184      E5FB66EE 
 184      FB0AFE
 185 0184 2AFD7FE5 		.ascii	"*\375\177\345\325\337\353+\327\230\377\276\366_\346"
 185      D5DFEB2B 
 185      D798FFBE 
 185      F65FE6
 186 0193 F5FFBD7F 		.ascii	"\365\377\275\177\001\317\034\363\321\305\004\312\363"
 186      01CF1CF3 
 186      D1C504CA 
 186      F3
 187 01a0 EA827EFD 		.ascii	"\352\202~\375\225%\376lV\231@\177k\304T\245\337\365"
 187      9525FE6C 
 187      5699407F 
 187      6BC454A5 
 187      DFF5
 188 01b2 2ABDE903 		.ascii	"*\275\351\003\372\322\357\023u\346\252\362}2\377\357"
 188      FAD2EF13 
ARM GAS  C:\Users\PUBLIC~1.LAP\AppData\Local\Temp\cc8SrNTf.s 			page 13


 188      75E6AAF2 
 188      7D32FFEF 
 189 01c2 8606B079 		.ascii	"\206\006\260y9{\303-^&\265\251\341A{\223_\254\016\312"
 189      397BC32D 
 189      5E26B5A9 
 189      E1417B93 
 189      5FAC0ECA 
 190 01d6 550C1B6E 		.ascii	"U\014\033n\3378\377b\263R\347\235\223\"\026\244\021"
 190      DF38FF62 
 190      B352E79D 
 190      932216A4 
 190      11
 191 01e7 930EED99 		.ascii	"\223\016\355\231}\303\250\255\000\262<\275\220-jrFl"
 191      7DC3A8AD 
 191      00B23CBD 
 191      902D6A72 
 191      466C
 192 01f9 CAA5CFB5 		.ascii	"\312\245\317\265\242\235\022\25712\334\272\334\313\\"
 192      A29D12AF 
 192      3132DCBA 
 192      DCCB5C
 193 0208 EBB32647 		.ascii	"\353\263&GMF\344\211\374\220O\035\333\355\203\234\220"
 193      4D46E489 
 193      FC904F1D 
 193      DBED839C 
 193      90
 194 0219 631D8FF3 		.ascii	"c\035\217\363\341-{\377u\006\366\346q?\244\377/\326"
 194      E12D7BFF 
 194      7506F6E6 
 194      713FA4FF 
 194      2FD6
 195 022b FBB8A001 		.ascii	"\373\270\240\001M\346\306\336\226\234\234\234\220\276"
 195      4DE6C6DE 
 195      969C9C9C 
 195      90BE
 196 0239 E4091B94 		.ascii	"\344\011\033\224[\207\363B>m\253\033\332\315\341\362"
 196      5B87F342 
 196      3E6DAB1B 
 196      DACDE1F2 
 197 0249 E503B78D 		.ascii	"\345\003\267\215\303r{[\333\3526f\346\346\271\001\327"
 197      C3727B5B 
 197      DBEA3666 
 197      E6E6B901 
 197      D7
 198 025a 03B980C4 		.ascii	"\003\271\200\304\246Y\271\334\355\200\376$\031y\362"
 198      A659B9DC 
 198      ED80FE24 
 198      1979F2
 199 0269 E48AB3ED 		.ascii	"\344\212\263\355\344\252\322$\270\355\366\323\376\376"
 199      E4AAD224 
 199      B8EDF6D3 
 199      FEFE
 200 0277 BF8B55E1 		.ascii	"\277\213U\341a-\224=\217\353\361)\223\357iw\363;}\264"
 200      612D943D 
 200      8FEBF129 
 200      93EF6977 
 200      F33B7DB4 
ARM GAS  C:\Users\PUBLIC~1.LAP\AppData\Local\Temp\cc8SrNTf.s 			page 14


 201 028b 7C3FEEFF 		.ascii	"|?\356\377MJ@VENOngru\331\2543\271\355\327\334s%\027"
 201      4D4A4056 
 201      454E4F6E 
 201      677275D9 
 201      AC33B9ED 
 202 02a4 5FDB746A 		.ascii	"_\333tjP&\231\251\267\331i\301@_\002m\221%t\002\000"
 202      502699A9 
 202      B7D969C1 
 202      405F026D 
 202      91257402 
 203 02b9 008551A9 		.ascii	"\000\205Q\251\202[\\\346|\216\302\300\212H\325\306\306"
 203      825B5CE6 
 203      7C8EC2C0 
 203      8A48D5C6 
 203      C6
 204 02ca B090DE7F 		.ascii	"\260\220\336\177Q\375H-\300\301!\013\322X\010\306\222"
 204      51FD482D 
 204      C0C1210B 
 204      D25808C6 
 204      92
 205 02db 75E9815B 		.ascii	"u\351\201[L\026\300\355\215\232\005w\011X\324v\344\354"
 205      4C16C0ED 
 205      8D9A0577 
 205      0958D476 
 205      E4EC
 206 02ed FDF1033B 		.ascii	"\375\361\003;\375\311\016\352\364-S\031\2226\007\244"
 206      FDC90EEA 
 206      F42D5319 
 206      923607A4 
 207 02fd B1B3FF00 		.ascii	"\261\263\377\000PB\323\242\340\026\213\371\220/\\\256"
 207      5042D3A2 
 207      E0168BF9 
 207      902F5CAE 
 208 030d 389F2068 		.ascii	"8\237 hn\352\340\266uWrc&\346\321\330\253\275pX~?\011"
 208      6EEAE0B6 
 208      75577263 
 208      26E6D1D8 
 208      ABBD7058 
 209 0324 002A98D9 		.ascii	"\000*\230\331\030\366\313\312\232vSAdcz4\016k\347s\340"
 209      18F6CBCA 
 209      9A765341 
 209      64637A34 
 209      0E6BE773 
 210 0339 9FC19118 		.ascii	"\237\301\221\0308'W\3346\034\006\353\356\000\256\233"
 210      382757DC 
 210      361C06EB 
 210      EE00AE9B 
 211 0349 E99B210C 		.ascii	"\351\233!\014\206\233n\314L\021\342r/\357\263ny\360"
 211      869B6ECC 
 211      4C11E272 
 211      2FEFB36E 
 211      79F0
 212 035b 1746947B 		.ascii	"\027F\224{\376zwp*\265\367\316:\345I\234\200%\224\331"
 212      FE7A7770 
 212      2AB5F7CE 
 212      3AE5499C 
 212      802594D9 
ARM GAS  C:\Users\PUBLIC~1.LAP\AppData\Local\Temp\cc8SrNTf.s 			page 15


 213 036f 04B7FE1D 		.ascii	"\004\267\376\035\376\033\372\035\242\317^\263\032u6"
 213      FE1BFA1D 
 213      A2CF5EB3 
 213      1A7536
 214 037e 3F4AC49B 		.ascii	"?J\304\233\325\350\263Y\215*q\263\272|:?\252\314\017"
 214      D5E8B359 
 214      8D2A71B3 
 214      BA7C3A3F 
 214      AACC0F
 215 0391 757EF5DF 		.ascii	"u~\365\337\233\277\374\257\376s\367F\377\337\2452\277"
 215      9BBFFCAF 
 215      FE73F746 
 215      FFDFA532 
 215      BF
 216 03a2 4BE7FF2F 		.ascii	"K\347\377/\275\371F\237@\223\031}z\263\372\316g\276"
 216      BDF9469F 
 216      4093197D 
 216      7AB3FACE 
 216      67BE
 217 03b4 B340F3FF 		.ascii	"\263@\363\377\371\325(\2347?\352lV\241\317\336\017Y"
 217      F9D5289C 
 217      373FEA6C 
 217      56A1CFDE 
 217      0F59
 218 03c6 A4746517 		.ascii	"\244te\027\365\354\253K\037\330\331|\263\377/\342/\363"
 218      F5ECAB4B 
 218      1FD8D97C 
 218      B3FF2FE2 
 218      2FF3
 219 03d8 CBFE99D0 		.ascii	"\313\376\231\320\004O\2056\353tA\223^\213\230\024\354"
 219      044F8536 
 219      EB744193 
 219      5E8B9814 
 219      EC
 220 03e9 FF5D2B66 		.ascii	"\377]+f\004\326~)\375k\331RA\2155ah4\006\1778|R&L\370"
 220      04D67E29 
 220      FD6BD952 
 220      418D3561 
 220      6834067F 
 221 0403 9029B4B8 		.ascii	"\220)\264\270\216[4\222Ddph4\006\225\210\303\343\011"
 221      8E5B3492 
 221      44647068 
 221      34069588 
 221      C3E309
 222 0416 24D78724 		.ascii	"$\327\207$\261\312(\324\022\200\344\372@L\026\267Z\030"
 222      B1CA28D4 
 222      1280E4FA 
 222      404C16B7 
 222      5A18
 223 0428 855ABB7E 		.ascii	"\205Z\273~Br}\030\012\211@\243P\013\251\241\262$\350"
 223      42727D18 
 223      0A8940A3 
 223      500BA9A1 
 223      B224E8
 224 043b 2026B78E 		.ascii	" &\267\216VH\235%\001\003\216\254-a\356\013?]2H\034"
 224      56489D25 
 224      01038EAC 
ARM GAS  C:\Users\PUBLIC~1.LAP\AppData\Local\Temp\cc8SrNTf.s 			page 16


 224      2D61EE0B 
 224      3F5D3248 
 225 0450 1EB38EC5 		.ascii	"\036\263\216\305\214\344\372@5u\324X\304!\227\321\312"
 225      8CE4FA40 
 225      3575D458 
 225      C42197D1 
 225      CA
 226 0461 46F14232 		.ascii	"F\361B2\230!\211\024^\005yI\"\362\352\352\350&\203\303"
 226      98218914 
 226      5E057949 
 226      22F2EAEA 
 226      E82683C3 
 227 0475 22D2B0E8 		.ascii	"\"\322\260\350&\203\311\255\243\326\261\310\253\201"
 227      2683C9AD 
 227      A3D6B1C8 
 227      AB81
 228 0483 1466B557 		.ascii	"\024f\265WD)\242\326\016\025A\252\251\024\"x\2155\201"
 228      4429A2D6 
 228      0E1541AA 
 228      A9142278 
 228      8D3581
 229 0496 06712B78 		.ascii	"\006q+x\365\004\225\304\362\351\260p\341\027\342\011"
 229      F50495C4 
 229      F2E9B070 
 229      E117E209 
 230 04a6 4AC5085F 		.ascii	"J\305\010_\325T\325\211(_R\007\321g\343\230\225u\264"
 230      D554D589 
 230      285F5207 
 230      D167E398 
 230      9575B4
 231 04b9 9A51DC4A 		.ascii	"\232Q\334J\3328FIp\001\004b`\024pJ\352\010\010\002\305"
 231      DA384649 
 231      70010462 
 231      6014704A 
 231      EA080802 
 232 04ce 540B5C91 		.ascii	"T\013\\\221B\007\224\242\322\001Y\000\245Z`\211(*\023"
 232      420794A2 
 232      D2015900 
 232      A55A6089 
 232      282A13
 233 04e1 47401453 		.ascii	"G@\024SR-P\305\012*\251\243d\360\011*i\243\310\225\201"
 233      522D50C5 
 233      0A2AA9A3 
 233      64F0092A 
 233      69A3C895 
 234 04f6 C02A5D63 		.ascii	"\300*]c\370E5X\201BD\266\232`\024j\005\255\266\220>"
 234      F8453558 
 234      814244B6 
 234      9A60146A 
 234      05ADB690 
 235 050b A310CB87 		.ascii	"\243\020\313\207<\372\252\250\2123\212XQ1.<\375\264"
 235      3CFAAAA8 
 235      8A338A58 
 235      51312E3C 
 235      FDB4
 236 051d B288C918 		.ascii	"\262\210\311\030;\260\270\212\306\240\220\002\205\030"
 236      3BB0B88A 
ARM GAS  C:\Users\PUBLIC~1.LAP\AppData\Local\Temp\cc8SrNTf.s 			page 17


 236      C6A09002 
 236      8518
 237 052b 1AA47E48 		.ascii	"\032\244~H\214\350\262X\363\330\301-&B\004\033\301`"
 237      8CE8B258 
 237      F3D8C12D 
 237      2642041B 
 237      C160
 238 053d 3E890B84 		.ascii	">\211\013\204\212\2222\354\177YS\233\226\306\004\315"
 238      8A9232EC 
 238      7F59539B 
 238      96C604CD 
 239 054d ACB1915D 		.ascii	"\254\261\221]\034\222@Vp\213\213\270\240\200\326\250"
 239      1C924056 
 239      708B8BB8 
 239      A080D6A8 
 240 055d B13C6794 		.ascii	"\261<g\2243\"#\"\"\222\246 \351\240\002\221\241\252"
 240      33222322 
 240      2292A620 
 240      E9A00291 
 240      A1AA
 241 056f 7A122006 		.ascii	"z\022 \0069\213z22\"\023$\005\005\345\354\006\345\305"
 241      398B7A32 
 241      32221324 
 241      0505E5EC 
 241      06E5C5
 242 0582 1378581F 		.ascii	"\023xX\037\243\337^\017\332\012e\202\261\210\021\244"
 242      A3DF5E0F 
 242      DA0A6582 
 242      B18811A4 
 243 0592 1623E8D1 		.ascii	"\026#\350\321P\331V\355\3603\303\247\010e\331\214\233"
 243      50D956ED 
 243      F033C3A7 
 243      0865D98C 
 243      9B
 244 05a3 EB7AD7B0 		.ascii	"\353z\327\260\231\252\361\016G\007\323\237\373)\341"
 244      99AAF10E 
 244      4707D39F 
 244      FB29E1
 245 05b2 AF8AB987 		.ascii	"\257\212\271\207\253\374\310E\3720#\256\033\332q\007"
 245      ABFCC845 
 245      FA3023AE 
 245      1BDA7107 
 246 05c2 B764A5AA 		.ascii	"\267d\245\252E\026\251Ut\234\372K\265\376\022s\203l"
 246      4516A955 
 246      749CFA4B 
 246      B5FE1273 
 246      836C
 247 05d4 38B58D9B 		.ascii	"8\265\215\233q\234G\377\244\334\320\376~x/\222\315\302"
 247      719C47FF 
 247      A4DCD0FE 
 247      7E782F92 
 247      CDC2
 248 05e6 DE509A16 		.ascii	"\336P\232\026\350\343\267\344 \360\337\310\001``>t'"
 248      E8E3B7E4 
 248      20F0DFC8 
 248      0160603E 
 248      7427
ARM GAS  C:\Users\PUBLIC~1.LAP\AppData\Local\Temp\cc8SrNTf.s 			page 18


 249 05f8 017B7AA3 		.ascii	"\001{z\243\037(\247\032\231\235\011\367e\221\222\224"
 249      1F28A71A 
 249      999D09F7 
 249      65919294 
 250 0608 0E6CD0A2 		.ascii	"\016l\320\242\024~\255\272\273|\211\224FcI\352\307\022"
 250      147EADBA 
 250      BB7C8994 
 250      466349EA 
 250      C712
 251 061a 2932F648 		.ascii	")2\366Hag|B\036z\240\2702\344D\350K\370\275\226\231"
 251      61677C42 
 251      1E7AA0B8 
 251      32E444E8 
 251      4BF8BD96 
 252 062f 478F4857 		.ascii	"G\217HW\326\311\373\215\303no\004\202\021\3044\326\260"
 252      D6C9FB8D 
 252      C36E6F04 
 252      8211C434 
 252      D6B0
 253 0641 C91141CE 		.ascii	"\311\021A\316N\372q\274\367\375\250\374a\"\357\000\302"
 253      4EFA71BC 
 253      F7FDA8FC 
 253      6122EF00 
 253      C2
 254 0652 C1DFB579 		.ascii	"\301\337\265y\014\212\033#\314_\340H\303nwj\024\177"
 254      0C8A1B23 
 254      CC5FE048 
 254      C36E776A 
 254      147F
 255 0664 8B8C2CFD 		.ascii	"\213\214,\375\210\230\023\271J\211\022 \004z\256\272"
 255      889813B9 
 255      4A891220 
 255      047AAEBA 
 256 0674 422D9AD6 		.ascii	"B-\232\326`,\223\346<\202\370\200\004#*`\255\332V\002"
 256      602C93E6 
 256      3C82F880 
 256      04232A60 
 256      ADDA5602 
 257 0688 014A046D 		.ascii	"\001J\004m2\324H\241\210\301\341\347\222{|Yyc\335I\200"
 257      32D448A1 
 257      88C1E1E7 
 257      927B7C59 
 257      7963DD49 
 258 069d 3F8FF101 		.ascii	"?\217\361\001\014s\342l\342%\270\243\3600\216\340\354"
 258      0C73E26C 
 258      E225B8A3 
 258      F0308EE0 
 258      EC
 259 06ae 6BB24B00 		.ascii	"k\262K\000pH3\004\361\323\307Z\031\341\243\215\306\311"
 259      70483304 
 259      F1D3C75A 
 259      19E1A38D 
 259      C6C9
 260 06c0 7579FEFC 		.ascii	"uy\376\374n\201\227\3469{&\371\206\272\347\271\207 "
 260      6E8197E6 
 260      397B26F9 
 260      86BAE7B9 
ARM GAS  C:\Users\PUBLIC~1.LAP\AppData\Local\Temp\cc8SrNTf.s 			page 19


 260      8720
 261 06d2 3D0926E8 		.ascii	"=\011&\350\225\346\023\353\326\240\245*\247\356We\351"
 261      95E613EB 
 261      D6A0A52A 
 261      A7EE5765 
 261      E9
 262 06e3 7E326A6D 		.ascii	"~2jm\374\307g\357|:_\213],\327\355\027\014\207\351\270"
 262      FCC767EF 
 262      7C3A5F8B 
 262      5D2CD7ED 
 262      170C87E9 
 263 06f8 6E3C2550 		.ascii	"n<%P\037VT\001"
 263      1F565401 
 264              		.text
 265              		.section	.gnu.lto_.symtab.83ac84e6,"e",%progbits
 266 0000 70616C52 		.ascii	"palReadBus\000"
 266      65616442 
 266      757300
 267 000b 00       		.ascii	"\000"
 268 000c 00       		.ascii	"\000"
 269 000d 00       		.ascii	"\000"
 270 000e 00000000 		.ascii	"\000\000\000\000\000\000\000\000"
 270      00000000 
 271 0016 0B010000 		.ascii	"\013\001\000\000"
 272 001a 70616C57 		.ascii	"palWriteBus\000"
 272      72697465 
 272      42757300 
 273 0026 00       		.ascii	"\000"
 274 0027 00       		.ascii	"\000"
 275 0028 00       		.ascii	"\000"
 276 0029 00000000 		.ascii	"\000\000\000\000\000\000\000\000"
 276      00000000 
 277 0031 10010000 		.ascii	"\020\001\000\000"
 278 0035 70616C53 		.ascii	"palSetBusMode\000"
 278      65744275 
 278      734D6F64 
 278      6500
 279 0043 00       		.ascii	"\000"
 280 0044 00       		.ascii	"\000"
 281 0045 00       		.ascii	"\000"
 282 0046 00000000 		.ascii	"\000\000\000\000\000\000\000\000"
 282      00000000 
 283 004e 15010000 		.ascii	"\025\001\000\000"
 284 0052 5F70616C 		.ascii	"_pal_lld_setgroupmode\000"
 284      5F6C6C64 
 284      5F736574 
 284      67726F75 
 284      706D6F64 
 285 0068 00       		.ascii	"\000"
 286 0069 02       		.ascii	"\002"
 287 006a 00       		.ascii	"\000"
 288 006b 00000000 		.ascii	"\000\000\000\000\000\000\000\000"
 288      00000000 
 289 0073 1B010000 		.ascii	"\033\001\000\000"
 290              		.text
 291              		.section	.gnu.lto_.ext_symtab.83ac84e6,"e",%progbits
 292 0000 01       		.ascii	"\001"
ARM GAS  C:\Users\PUBLIC~1.LAP\AppData\Local\Temp\cc8SrNTf.s 			page 20


 293 0001 01       		.ascii	"\001"
 294 0002 00       		.ascii	"\000"
 295 0003 01       		.ascii	"\001"
 296 0004 00       		.ascii	"\000"
 297 0005 01       		.ascii	"\001"
 298 0006 00       		.ascii	"\000"
 299 0007 01       		.ascii	"\001"
 300 0008 00       		.ascii	"\000"
 301              		.text
 302              		.section	.gnu.lto_.opts,"e",%progbits
 303 0000 272D666E 		.ascii	"'-fno-openmp' '-fno-openacc' '-fno-pie' '-fcf-prote"
 303      6F2D6F70 
 303      656E6D70 
 303      2720272D 
 303      666E6F2D 
 304 0033 6374696F 		.ascii	"ction=none' '-mcpu=cortex-m3' '-mthumb' '-mfloat-ab"
 304      6E3D6E6F 
 304      6E652720 
 304      272D6D63 
 304      70753D63 
 305 0066 693D736F 		.ascii	"i=soft' '-mlibarch=armv7-m' '-march=armv7-m' '-Os' "
 305      66742720 
 305      272D6D6C 
 305      69626172 
 305      63683D61 
 306 0099 272D666F 		.ascii	"'-fomit-frame-pointer' '-falign-functions=16' '-ffu"
 306      6D69742D 
 306      6672616D 
 306      652D706F 
 306      696E7465 
 307 00cc 6E637469 		.ascii	"nction-sections' '-fdata-sections' '-fno-common' '-"
 307      6F6E2D73 
 307      65637469 
 307      6F6E7327 
 307      20272D66 
 308 00ff 666C746F 		.ascii	"flto' '-Xassembler' '-alms=./build/lst/hal_pal.lst'"
 308      2720272D 
 308      58617373 
 308      656D626C 
 308      65722720 
 309 0132 00       		.ascii	"\000"
 310              		.text
 311              		.comm	__gnu_lto_slim,1,1
 312              		.ident	"GCC: (GNU) 12.2.0"
ARM GAS  C:\Users\PUBLIC~1.LAP\AppData\Local\Temp\cc8SrNTf.s 			page 21


DEFINED SYMBOLS
                            *ABS*:00000000 hal_pal.c
                            *COM*:00000001 __gnu_lto_slim

NO UNDEFINED SYMBOLS
