ARM GAS  C:\Users\PUBLIC~1.LAP\AppData\Local\Temp\ccjDifji.s 			page 1


   1              		.cpu cortex-m3
   2              		.arch armv7-m
   3              		.fpu softvfp
   4              		.eabi_attribute 20, 1
   5              		.eabi_attribute 21, 1
   6              		.eabi_attribute 23, 3
   7              		.eabi_attribute 24, 1
   8              		.eabi_attribute 25, 1
   9              		.eabi_attribute 26, 1
  10              		.eabi_attribute 30, 4
  11              		.eabi_attribute 34, 1
  12              		.eabi_attribute 18, 4
  13              		.file	"hal_st.c"
  14              		.section	.gnu.lto_.profile.83ac83a0,"e",%progbits
  15 0000 28B52FFD 		.ascii	"(\265/\375 \0061\000\000\002\000\000\000\000\000"
  15      20063100 
  15      00020000 
  15      000000
  16              		.text
  17              		.section	.gnu.lto_.icf.83ac83a0,"e",%progbits
  18 0000 28B52FFD 		.ascii	"(\265/\375 \025\215\000\000X\011\000\001\000\224\274"
  18      20158D00 
  18      00580900 
  18      010094BC 
  19 0010 D9E00C00 		.ascii	"\331\340\014\000\000\001\000\033\300\002"
  19      0001001B 
  19      C002
  20              		.text
  21              		.section	.gnu.lto_.ipa_sra.83ac83a0,"e",%progbits
  22 0000 28B52FFD 		.ascii	"(\265/\375 \023}\000\000H\007\000\001\000\000\001\000"
  22      20137D00 
  22      00480700 
  22      01000001 
  22      00
  23 0011 01000100 		.ascii	"\001\000\001\000\033\300\002"
  23      1BC002
  24              		.text
  25              		.section	.gnu.lto_.inline.83ac83a0,"e",%progbits
  26 0000 28B52FFD 		.ascii	"(\265/\375 8\235\001\000\244\002,\000\001\000\000\004"
  26      20389D01 
  26      00A4022C 
  26      00010000 
  26      04
  27 0011 80808080 		.ascii	"\200\200\200\200\003f\001\000\000\002\000\000\201\200"
  27      03660100 
  27      00020000 
  27      8180
  28 001f 80807E00 		.ascii	"\200\200~\000\000\006\002d\002\000\002\000\000\000\000"
  28      00060264 
  28      02000200 
  28      000000
  29 002e 010A0000 		.ascii	"\001\012\000\000\000\000\000\002\000\334\014c\003m"
  29      00000002 
  29      00DC0C63 
  29      036D
  30              		.text
  31              		.section	.gnu.lto_.jmpfuncs.83ac83a0,"e",%progbits
ARM GAS  C:\Users\PUBLIC~1.LAP\AppData\Local\Temp\ccjDifji.s 			page 2


  32 0000 28B52FFD 		.ascii	"(\265/\375 \022u\000\000@\006\000\001\000\000\000\000"
  32      20127500 
  32      00400600 
  32      01000000 
  32      00
  33 0011 0001001B 		.ascii	"\000\001\000\033\300\002"
  33      C002
  34              		.text
  35              		.section	.gnu.lto_.pureconst.83ac83a0,"e",%progbits
  36 0000 28B52FFD 		.ascii	"(\265/\375 \010A\000\000\004\000\000\000\001\000\230"
  36      20084100 
  36      00040000 
  36      00010098 
  37 0010 04       		.ascii	"\004"
  38              		.text
  39              		.section	.gnu.lto_.ipa_modref.83ac83a0,"e",%progbits
  40 0000 28B52FFD 		.ascii	"(\265/\375 \030e\000\000 \014\000\001\000\002\000`\343"
  40      20186500 
  40      00200C00 
  40      01000200 
  40      60E3
  41 0012 0D6001   		.ascii	"\015`\001"
  42              		.text
  43              		.section	.gnu.lto_.lto.83ac83a0,"e",%progbits
  44 0000 0C000000 		.ascii	"\014\000\000\000\001\000\001\000"
  44      01000100 
  45              		.text
  46              		.section	.gnu.lto_stInit.312.83ac83a0,"e",%progbits
  47 0000 28B52FFD 		.ascii	"(\265/\375 \334=\006\000B\213+4`K\324\001\320\212\216"
  47      20DC3D06 
  47      00428B2B 
  47      34604BD4 
  47      01D08A8E 
  48 0014 502C0025 		.ascii	"P,\000%*?\225\223\301\367\345\355,\307Z-\317\365<\271"
  48      2A3F9593 
  48      C1F7E5ED 
  48      2CC75A2D 
  48      CFF53CB9 
  49 0028 AE7C8C0B 		.ascii	"\256|\214\013\005\224cx?\341\363\274\177B\266$\020\360"
  49      05946378 
  49      3FE1F3BC 
  49      7F42B624 
  49      10F0
  50 003a F73F7F22 		.ascii	"\367?\177\"\267L\001\256,Z6U\013\331\304(kf\011\263"
  50      B74C01AE 
  50      2C5A3655 
  50      0BD9C428 
  50      6B6609B3 
  51 004e 60E032B8 		.ascii	"`\3402\270,\000)s\211\024\020\0164\251\301b\270\260"
  51      2C002973 
  51      8914100E 
  51      34A9C162 
  51      B8B0
  52 0060 89822049 		.ascii	"\211\202 I\023\020\205W\347\013Z@c\354\266\363J\373"
  52      13108557 
  52      E70B5A40 
  52      63ECB6F3 
ARM GAS  C:\Users\PUBLIC~1.LAP\AppData\Local\Temp\ccjDifji.s 			page 3


  52      4AFB
  53 0072 0142AA67 		.ascii	"\001B\252g\0253\306\210\275\035rr+lu\376\337\013\332"
  53      1533C688 
  53      BD1D7272 
  53      2B6C75FE 
  53      DF0BDA
  54 0085 FB50E847 		.ascii	"\373P\350G\307/1\"\362Q\302qa[+\336l\020\015\011\356"
  54      C72F3122 
  54      F251C271 
  54      615B2BDE 
  54      6C100D09 
  55 009a 216E84FC 		.ascii	"!n\204\374\237k\241\233\312\315\252\030J\361>N\345d"
  55      9F6BA19B 
  55      CACDAA18 
  55      4AF13E4E 
  55      E564
  56 00ac F3DFD2FB 		.ascii	"\363\337\322\373&\324\253\266\037\333\030\333\016\001"
  56      26D4ABB6 
  56      1FDB18DB 
  56      0E01
  57 00ba 08005889 		.ascii	"\010\000X\211\"\023\317\307\321\302\205L\227A^\206\020"
  57      2213CFC7 
  57      D1C2854C 
  57      97415E86 
  57      10
  58 00cb 9763D14E 		.ascii	"\227c\321N2"
  58      32
  59              		.text
  60              		.section	.gnu.lto_.symbol_nodes.83ac83a0,"e",%progbits
  61 0000 28B52FFD 		.ascii	"(\265/\375 E\015\002\000T\003A\000\000\000\000\002\270"
  61      20450D02 
  61      00540341 
  61      00000000 
  61      02B8
  62 0012 027F0080 		.ascii	"\002\177\000\200\200\200\200\004\001\220\316\000\000"
  62      80808004 
  62      0190CE00 
  62      00
  63 001f 7F0000BA 		.ascii	"\177\000\000\272\220\202\002\000\000\000\001\271\002"
  63      90820200 
  63      000001B9 
  63      02
  64 002c 7F01FF1F 		.ascii	"\177\001\377\037\000\000\200\220\200\003\000\001\200"
  64      00008090 
  64      80030001 
  64      80
  65 0039 80808004 		.ascii	"\200\200\200\004\001$\000\003\000?C\201\272\214\031"
  65      01240003 
  65      003F4381 
  65      BA8C19
  66 0048 2003     		.ascii	" \003"
  67              		.text
  68              		.section	.gnu.lto_.refs.83ac83a0,"e",%progbits
  69 0000 28B52FFD 		.ascii	"(\265/\375 \005)\000\000\001\000\000\000\000"
  69      20052900 
  69      00010000 
  69      0000
ARM GAS  C:\Users\PUBLIC~1.LAP\AppData\Local\Temp\ccjDifji.s 			page 4


  70              		.text
  71              		.section	.gnu.lto_.decls.83ac83a0,"e",%progbits
  72 0000 28B52FFD 		.ascii	"(\265/\375`1\002\225\023\000&'\213K\300\3608\035(\355"
  72      60310295 
  72      13002627 
  72      8B4BC0F0 
  72      381D28ED 
  73 0014 74F3AF3A 		.ascii	"t\363\257:(\032S\026&\204\0139\265\255\010\023\341\367"
  73      281A5316 
  73      26840B39 
  73      B5AD0813 
  73      E1F7
  74 0026 A5387108 		.ascii	"\2458q\010v\263Da>w\366\260\357\267B_e \206\021\243"
  74      76B34461 
  74      3E77F6B0 
  74      EFB7425F 
  74      65208611 
  75 003b C0307164 		.ascii	"\3000qdV\241rZ\2172\323\177Y\211\375\311x\177\355~\351"
  75      56A1725A 
  75      8F32D37F 
  75      5989FDC9 
  75      787FED7E 
  76 0050 69B6BF4A 		.ascii	"i\266\277J}\232\"\2212m\000i\000z\000J/m\327\321J\222"
  76      7D9A2291 
  76      326D0069 
  76      007A004A 
  76      2F6DD7D1 
  77 0066 D95F23EF 		.ascii	"\331_#\357k\340\375I\256\263\375'u}u'\225\352\337J?"
  77      6BE0FD49 
  77      AEB3FD27 
  77      757D7527 
  77      95EADF4A 
  78 007b CDE7FFE9 		.ascii	"\315\347\377\351\377\307\253\006 \031\321\351\341#;"
  78      FFC7AB06 
  78      2019D1E9 
  78      E1233B
  79 008a 2FFCC386 		.ascii	"/\374\303\206\376\177\323\246D\247\012\205\211\324v"
  79      FE7FD3A6 
  79      44A70A85 
  79      89D476
  80 0099 D925DB02 		.ascii	"\331%\333\002\235\267\375\005:\013S\362>\351\177\327"
  80      9DB7FD05 
  80      3A0B53F2 
  80      3EE97FD7 
  81 00a9 0061712B 		.ascii	"\000aq+\232\341}\314\214\224\373\230\333\0023_f\276"
  81      9AE17DCC 
  81      8C94FB98 
  81      DB02335F 
  81      66BE
  82 00bb 31730A66 		.ascii	"1s\012f\366v\273\335\216\231\0170\263\013f\017$([Q\323"
  82      F676BBDD 
  82      8E990F30 
  82      B30B660F 
  82      24285B51 
  83 00d0 D69B039E 		.ascii	"\326\233\003\236\242\246MQ\263\311\212\2226\351f\277"
  83      A2A64D51 
  83      B3C98A92 
ARM GAS  C:\Users\PUBLIC~1.LAP\AppData\Local\Temp\ccjDifji.s 			page 5


  83      36E966BF 
  84 00e0 7E668F1E 		.ascii	"~f\217\036\346\344\217\336\336\362\035:\363?\311~=I"
  84      E6E48FDE 
  84      DEF21D3A 
  84      F33FC97E 
  84      3D49
  85 00f2 FBDF7B7A 		.ascii	"\373\337{z\232\257\245\211\262ii\242\236\242?\375\324"
  85      9AAFA589 
  85      B26969A2 
  85      9EA23FFD 
  85      D4
  86 0103 DF5ED494 		.ascii	"\337^\324\224\360\364\246\255\350\014e_\376\257d\223"
  86      F0F4A6AD 
  86      E80C655F 
  86      FEAF6493 
  87 0113 B25CD1D3 		.ascii	"\262\\\321\323\022\310\233\331\327\376\013\365\255\247"
  87      12C89BD9 
  87      D7FE0BF5 
  87      ADA7
  88 0121 FDF524F0 		.ascii	"\375\365$\360\334iW\310\316\220\033e\260\375\374\007"
  88      DC6957C8 
  88      CE901B65 
  88      B0FDFC07 
  89 0131 3DD45001 		.ascii	"=\324P\001A%\220\274\257\244G\300\257E\300{\373\346"
  89      412590BC 
  89      AFA447C0 
  89      AF45C07B 
  89      FBE6
  90 0143 E13E04CA 		.ascii	"\341>\004\312\2040\320h\372i&\037\035H\310\270\367q"
  90      8430D068 
  90      FA69261F 
  90      1D48C8B8 
  90      F771
  91 0155 0785DC20 		.ascii	"\007\205\334 \332\210\373HD\037\365-\374_\336\017u."
  91      DA88FB48 
  91      441FF52D 
  91      FC5FDE0F 
  91      752E
  92 0167 C8C746D3 		.ascii	"\310\307F\323i4\023\216\243\245\023KK\3347\346\036\321"
  92      6934138E 
  92      A3A5134B 
  92      4BDC37E6 
  92      1ED1
  93 0179 480C43C0 		.ascii	"H\014C\300\317\364\277\200\307.F\213\037\357;\365\010"
  93      CFF4BF80 
  93      C72E468B 
  93      1FEF3BF5 
  93      08
  94 018a E8B508C8 		.ascii	"\350\265\010\310\334!8\002\356\010\330@\310$\341\251"
  94      DC213802 
  94      EE08D840 
  94      C824E1A9 
  95 019a 6FB3CB6C 		.ascii	"o\263\313l\204\233CT0}\224g\345\340}}\227\263\203\022"
  95      849B4354 
  95      307D9467 
  95      E5E07D7D 
  95      97B38312 
ARM GAS  C:\Users\PUBLIC~1.LAP\AppData\Local\Temp\ccjDifji.s 			page 6


  96 01ae 33CC42C9 		.ascii	"3\314B\311i\265V\252\036\00614)\030\031\231\224\312"
  96      69B556AA 
  96      1E063134 
  96      29181999 
  96      94CA
  97 01c0 0ACD8254 		.ascii	"\012\315\202Tl\204\275xnD\330\270\363z9\231\031\305"
  97      6C84BD78 
  97      6E44D8B8 
  97      F37A3999 
  97      19C5
  98 01d2 1D7195D3 		.ascii	"\035q\225\323j\255\306X\000Vq\213\352\245\004\302\214"
  98      6AADC658 
  98      0056718B 
  98      EAA504C2 
  98      8C
  99 01e3 82100765 		.ascii	"\202\020\007e\214\255p`\261T\313\206\225\212\275R\017"
  99      8CAD7060 
  99      B154CB86 
  99      958ABD52 
  99      0F
 100 01f4 1A883722 		.ascii	"\032\2107\"\353\245\206EE\305\343\322\031k*\260&\210"
 100      EBA58645 
 100      45C5E3D2 
 100      196B2AB0 
 100      2688
 101 0206 AD954D4A 		.ascii	"\255\225MJJM\002\230\224Q\334\211\031c \257\270N(\350"
 101      4A4D0298 
 101      9451DC89 
 101      196320AF 
 101      B84E28E8 
 102 021a 8CB0170E 		.ascii	"\214\260\027\016\000v\235\264\364\270`6!\263\2508R\346"
 102      00769DB4 
 102      F4B86036 
 102      21B3A838 
 102      52E6
 103 022c C675AE6F 		.ascii	"\306u\256o\037\356|\323\177Q\0357\002\031\000(\226\331"
 103      1FEE7CD3 
 103      7F511D37 
 103      02190028 
 103      96D9
 104 023e C0082E08 		.ascii	"\300\010.\010\214RWQ\217\025\213I\312\236\252v\351\324"
 104      8C525751 
 104      8F158B49 
 104      CA9EAA76 
 104      E9D4
 105 0250 3D9C10D7 		.ascii	"=\234\020\327\314\275\007\004+\2226\023Z\013U\360\200"
 105      CCBD0704 
 105      2B923613 
 105      5A0B55F0 
 105      80
 106 0261 31E34CAF 		.ascii	"1\343L\257\250&5\367!:7\322s\307Cm\036p\256\270\351"
 106      A82635F7 
 106      213A37D2 
 106      73C7436D 
 106      1E70AEB8 
 107 0276 D899FED9 		.ascii	"\330\231\376\331Z\306"
 107      5AC6
ARM GAS  C:\Users\PUBLIC~1.LAP\AppData\Local\Temp\ccjDifji.s 			page 7


 108              		.text
 109              		.section	.gnu.lto_.symtab.83ac83a0,"e",%progbits
 110 0000 7374496E 		.ascii	"stInit\000"
 110      697400
 111 0007 00       		.ascii	"\000"
 112 0008 00       		.ascii	"\000"
 113 0009 00       		.ascii	"\000"
 114 000a 00000000 		.ascii	"\000\000\000\000\000\000\000\000"
 114      00000000 
 115 0012 BE000000 		.ascii	"\276\000\000\000"
 116 0016 73745F6C 		.ascii	"st_lld_init\000"
 116      6C645F69 
 116      6E697400 
 117 0022 00       		.ascii	"\000"
 118 0023 02       		.ascii	"\002"
 119 0024 00       		.ascii	"\000"
 120 0025 00000000 		.ascii	"\000\000\000\000\000\000\000\000"
 120      00000000 
 121 002d C0000000 		.ascii	"\300\000\000\000"
 122              		.text
 123              		.section	.gnu.lto_.ext_symtab.83ac83a0,"e",%progbits
 124 0000 01       		.ascii	"\001"
 125 0001 01       		.ascii	"\001"
 126 0002 00       		.ascii	"\000"
 127 0003 01       		.ascii	"\001"
 128 0004 00       		.ascii	"\000"
 129              		.text
 130              		.section	.gnu.lto_.opts,"e",%progbits
 131 0000 272D666E 		.ascii	"'-fno-openmp' '-fno-openacc' '-fno-pie' '-fcf-prote"
 131      6F2D6F70 
 131      656E6D70 
 131      2720272D 
 131      666E6F2D 
 132 0033 6374696F 		.ascii	"ction=none' '-mcpu=cortex-m3' '-mthumb' '-mfloat-ab"
 132      6E3D6E6F 
 132      6E652720 
 132      272D6D63 
 132      70753D63 
 133 0066 693D736F 		.ascii	"i=soft' '-mlibarch=armv7-m' '-march=armv7-m' '-Os' "
 133      66742720 
 133      272D6D6C 
 133      69626172 
 133      63683D61 
 134 0099 272D666F 		.ascii	"'-fomit-frame-pointer' '-falign-functions=16' '-ffu"
 134      6D69742D 
 134      6672616D 
 134      652D706F 
 134      696E7465 
 135 00cc 6E637469 		.ascii	"nction-sections' '-fdata-sections' '-fno-common' '-"
 135      6F6E2D73 
 135      65637469 
 135      6F6E7327 
 135      20272D66 
 136 00ff 666C746F 		.ascii	"flto' '-Xassembler' '-alms=./build/lst/hal_st.lst'\000"
 136      2720272D 
 136      58617373 
 136      656D626C 
ARM GAS  C:\Users\PUBLIC~1.LAP\AppData\Local\Temp\ccjDifji.s 			page 8


 136      65722720 
 137              		.text
 138              		.comm	__gnu_lto_slim,1,1
 139              		.ident	"GCC: (GNU) 12.2.0"
ARM GAS  C:\Users\PUBLIC~1.LAP\AppData\Local\Temp\ccjDifji.s 			page 9


DEFINED SYMBOLS
                            *ABS*:00000000 hal_st.c
                            *COM*:00000001 __gnu_lto_slim

NO UNDEFINED SYMBOLS
