ARM GAS  C:\Users\PUBLIC~1.LAP\AppData\Local\Temp\ccx5xR5V.s 			page 1


   1              		.cpu cortex-m3
   2              		.arch armv7-m
   3              		.fpu softvfp
   4              		.eabi_attribute 20, 1
   5              		.eabi_attribute 21, 1
   6              		.eabi_attribute 23, 3
   7              		.eabi_attribute 24, 1
   8              		.eabi_attribute 25, 1
   9              		.eabi_attribute 26, 1
  10              		.eabi_attribute 30, 4
  11              		.eabi_attribute 34, 1
  12              		.eabi_attribute 18, 4
  13              		.file	"main.c"
  14              		.section	.gnu.lto_.profile.83ad52fd,"e",%progbits
  15 0000 28B52FFD 		.ascii	"(\265/\375 \0061\000\000\002\000\000\000\000\000"
  15      20063100 
  15      00020000 
  15      000000
  16              		.text
  17              		.section	.gnu.lto_.icf.83ad52fd,"e",%progbits
  18 0000 28B52FFD 		.ascii	"(\265/\375 %\275\000\000x\031\000\001\000\371\270\322"
  18      2025BD00 
  18      00781900 
  18      0100F9B8 
  18      D2
  19 0011 8F0E0802 		.ascii	"\217\016\010\002\000\002\001\000\002\000;\2366\200\005"
  19      00020100 
  19      02003B9E 
  19      368005
  20              		.text
  21              		.section	.gnu.lto_.ipa_sra.83ad52fd,"e",%progbits
  22 0000 28B52FFD 		.ascii	"(\265/\375 \033\205\000\000@\017\000\001\000\000\003"
  22      201B8500 
  22      00400F00 
  22      01000003 
  23 0010 00010200 		.ascii	"\000\001\002\000\271R6\200\005"
  23      B9523680 
  23      05
  24              		.text
  25              		.section	.gnu.lto_.inline.83ad52fd,"e",%progbits
  26 0000 28B52FFD 		.ascii	"(\265/\375 Xm\002\000\324\003L\000\001\000\000\021\323"
  26      20586D02 
  26      00D4034C 
  26      00010000 
  26      11D3
  27 0012 FFFFA102 		.ascii	"\377\377\241\002m\001\000\000\002\014\200\200\200\200"
  27      6D010000 
  27      020C8080 
  27      8080
  28 0020 03650000 		.ascii	"\003e\000\000\004\000\201\200\200\200~\002\000\002\000"
  28      04008180 
  28      80807E02 
  28      000200
  29 002f 00000002 		.ascii	"\000\000\000\002\013\001\003\014\000\000\000\001\002"
  29      0B01030C 
  29      00000001 
  29      02
ARM GAS  C:\Users\PUBLIC~1.LAP\AppData\Local\Temp\ccx5xR5V.s 			page 2


  30 003c 0B000001 		.ascii	"\013\000\000\001\012\001\012\000\000\000\000\000\005"
  30      0A010A00 
  30      00000000 
  30      05
  31 0049 00430549 		.ascii	"\000C\005I\211\00230\232\272e\003m"
  31      89023330 
  31      9ABA6503 
  31      6D
  32              		.text
  33              		.section	.gnu.lto_.jmpfuncs.83ad52fd,"e",%progbits
  34 0000 28B52FFD 		.ascii	"(\265/\375 x\225\002\000\022D\016\031\300%\215\001\300"
  34      20789502 
  34      0012440E 
  34      19C0258D 
  34      01C0
  35 0012 1DA42A08 		.ascii	"\035\244*\010\036\236\375\366-\316PU\031\212+\233\311"
  35      1E9EFDF6 
  35      2DCE5055 
  35      198A2B9B 
  35      C9
  36 0023 2D530AAA 		.ascii	"-S\012\252\246c:\037olEnS\336\224:\270\273\300\206,"
  36      A6633A1F 
  36      6F6C456E 
  36      53DE943A 
  36      B8BBC086 
  37 0038 62BA2143 		.ascii	"b\272!C[\200\202X(U\352\016\001\010\000B\010\034\364"
  37      5B808258 
  37      2855EA0E 
  37      01080042 
  37      081CF4
  38 004b C614DA22 		.ascii	"\306\024\332\"\024\2161C\25091\313\005\033h\003"
  38      148E3143 
  38      A83931CB 
  38      051B6803 
  39              		.text
  40              		.section	.gnu.lto_.pureconst.83ad52fd,"e",%progbits
  41 0000 28B52FFD 		.ascii	"(\265/\375 \010A\000\000\004\000\000\000\001\000\265"
  41      20084100 
  41      00040000 
  41      000100B5 
  42 0010 04       		.ascii	"\004"
  43              		.text
  44              		.section	.gnu.lto_.ipa_modref.83ad52fd,"e",%progbits
  45 0000 28B52FFD 		.ascii	"(\265/\375 (\305\000\000p\034\000\001\000\001\002\005"
  45      2028C500 
  45      00701C00 
  45      01000102 
  45      05
  46 0011 00010206 		.ascii	"\000\001\002\006\001\006\000\003\000-\314\201\305\033"
  46      01060003 
  46      002DCC81 
  46      C51B
  47 001f C002     		.ascii	"\300\002"
  48              		.text
  49              		.section	.gnu.lto_.lto.83ad52fd,"e",%progbits
  50 0000 0C000000 		.ascii	"\014\000\000\000\001\000\001\000"
  50      01000100 
ARM GAS  C:\Users\PUBLIC~1.LAP\AppData\Local\Temp\ccx5xR5V.s 			page 3


  51              		.text
  52              		.section	.gnu.lto_main.313.83ad52fd,"e",%progbits
  53 0000 28B52FFD 		.ascii	"(\265/\375`\222\001\355\016\000\266ZaF\340\264&\035"
  53      609201ED 
  53      0E00B65A 
  53      6146E0B4 
  53      261D
  54 0012 99E6141D 		.ascii	"\231\346\024\035\210\035\017\303\001\342\353\324\345"
  54      881D0FC3 
  54      01E2EBD4 
  54      E5
  55 001f E3081560 		.ascii	"\343\010\025`\016M8\021w\360\211;\030N\261C\276\356"
  55      0E4D3811 
  55      77F0893B 
  55      184EB143 
  55      BEEE
  56 0031 EA6B160A 		.ascii	"\352k\026\012\351\264Q\022#2\212F\373\016Oq!\302\016"
  56      E9B45112 
  56      23328A46 
  56      FB0E4F71 
  56      21C20E
  57 0044 72AAF122 		.ascii	"r\252\361\"\000\341\224)\212A\032![\312\224\002J\000"
  57      00E19429 
  57      8A411A21 
  57      5BCA9402 
  57      4A00
  58 0056 47005000 		.ascii	"G\000P\000\341\211\334\330%\361j\262-\214(\206m\320"
  58      E189DCD8 
  58      25F16AB2 
  58      2D8C2886 
  58      6DD0
  59 0068 06E0CBF8 		.ascii	"\006\340\313\370\014\320\036\022\205Z\240\370\013 E"
  59      0CD01E12 
  59      855AA0F8 
  59      0B2045
  60 0077 5614ED2E 		.ascii	"V\024\355.\002\002O\311\216\305\017\310\216)\013k\202"
  60      02024FC9 
  60      8EC50FC8 
  60      8E290B6B 
  60      82
  61 0088 8F9AA05F 		.ascii	"\217\232\240_\342y\354\271\236\254x\236#\226\335u\206"
  61      E279ECB9 
  61      9EAC789E 
  61      2396DD75 
  61      86
  62 0099 AB123776 		.ascii	"\253\0227v\333,\266\037\330g\022>\252t\331\376^#\245"
  62      DB2CB61F 
  62      D867123E 
  62      AA74D9FE 
  62      5E23A5
  63 00ac EDA630F9 		.ascii	"\355\2460\371Agi\320v\3670\216\305u\261\353\337d\307"
  63      416769D0 
  63      76F7308E 
  63      C575B1EB 
  63      DF64C7
  64 00bf AE0C4CB0 		.ascii	"\256\014L\260\206\322\225\023$\246\255\323!\037\372"
  64      86D29513 
ARM GAS  C:\Users\PUBLIC~1.LAP\AppData\Local\Temp\ccx5xR5V.s 			page 4


  64      24A6ADD3 
  64      211FFA
  65 00ce 340E21A8 		.ascii	"4\016!\250\245\322\265\205<\244\252\260\217\2158b\303"
  65      A5D2B585 
  65      3CA4AAB0 
  65      8F8D3862 
  65      C3
  66 00df FA633F1D 		.ascii	"\372c?\035\237\326\247\363\351\007(\020\231j\324\357"
  66      9FD6A7F3 
  66      E9072810 
  66      996AD4EF 
  67 00ef F4A8D2E5 		.ascii	"\364\250\322\345\037\252\015\204\260R\362@\367q\322"
  67      1FAA0D84 
  67      B052F240 
  67      F771D2
  68 00fe 7645F078 		.ascii	"vE\360x\217\011\221\302){x\002\372\216N\333\375\220"
  68      8F0991C2 
  68      297B7802 
  68      FA8E4EDB 
  68      FD90
  69 0110 E33A2AD8 		.ascii	"\343:*\330\\\227\017;\323\240\212Z!t\215\222N\342sR"
  69      5C970F3B 
  69      D3A08A5A 
  69      21748D92 
  69      4EE27352 
  70 0124 667B1794 		.ascii	"f{\027\224\264@\350:u\350!\022\001\257\327\222\327I"
  70      B440E83A 
  70      75E82112 
  70      01AFD792 
  70      D749
  71 0136 D935F53B 		.ascii	"\3315\365;\001\2469`\343u\337\31020/\\K\214\014\307"
  71      01A63960 
  71      E375DFC8 
  71      32302F5C 
  71      4B8C0CC7 
  72 014a 4181A904 		.ascii	"A\201\251\004\263\222@\202\203\355&\365\241,l3\336\006"
  72      B3924082 
  72      83ED26F5 
  72      A12C6C33 
  72      DE06
  73 015c 1C9B948B 		.ascii	"\034\233\224\213\201\230\010\336\214W\343\262\231VJ"
  73      819808DE 
  73      8C57E3B2 
  73      99564A
  74 016b 193E14CE 		.ascii	"\031>\024\316\246S\223\343a\340:\025\225m\301K\213m"
  74      A65393E3 
  74      61E03A15 
  74      956DC14B 
  74      8B6D
  75 017d 8F7CFDF1 		.ascii	"\217|\375\361\243Q2\215\234\330\304\261z\334\335UG\""
  75      A351328D 
  75      9CD8C4B1 
  75      7ADCDD55 
  75      4722
  76 018f 6D4F0A24 		.ascii	"mO\012$ p\002\241\252\342\003\213\010X\0326i\330W\331"
  76      207002A1 
  76      AAE2038B 
ARM GAS  C:\Users\PUBLIC~1.LAP\AppData\Local\Temp\ccx5xR5V.s 			page 5


  76      08581A36 
  76      69D857D9 
  77 01a3 5819574C 		.ascii	"X\031WL\242\204\025\370\305\034\037\240U\\\"]1{,}\024"
  77      A28415F8 
  77      C51C1FA0 
  77      555C225D 
  77      317B2C7D 
  78 01b8 35D8CA11 		.ascii	"5\330\312\021\007\342I\005<<D\2001\250/\354w\364*\354"
  78      07E24905 
  78      3C3C4480 
  78      31A82FEC 
  78      77F42AEC 
  79 01cc 69043206 		.ascii	"i\0042\006eQ\336\243\016{}B\232\336\364+\327\211\207"
  79      6551DEA3 
  79      0E7B7D42 
  79      9ADEF42B 
  79      D78987
  80 01df D6DB8D9C 		.ascii	"\326\333\215\234\033W\010N"
  80      1B57084E 
  81              		.text
  82              		.section	.gnu.lto_.symbol_nodes.83ad52fd,"e",%progbits
  83 0000 28B52FFD 		.ascii	"(\265/\375 \317\265\003\000\322\205\025!\240'\351\017"
  83      20CFB503 
  83      00D28515 
  83      21A027E9 
  83      0F
  84 0011 0EAE78C3 		.ascii	"\016\256x\303\357\230\375\377\001`P,{\346\357\253\316"
  84      EF98FDFF 
  84      0160502C 
  84      7BE6EFAB 
  84      CE
  85 0022 FF1B02F7 		.ascii	"\377\033\002\367\377\377\237l\262\345N\001\243\246N"
  85      FFFF9F6C 
  85      B2E54E01 
  85      A3A64E
  86 0031 66A66DD5 		.ascii	"f\246m\325\234\255\026\333\016\267\031\320F\300*\003"
  86      9CAD16DB 
  86      0EB719D0 
  86      46C02A03 
  87 0041 2C438075 		.ascii	",C\200u4S2\251\012\223\000\266Q\247\020D\373\270\377"
  87      345332A9 
  87      0A9300B6 
  87      51A71044 
  87      FBB8FF
  88 0054 1249797C 		.ascii	"\022Iy|&\325)$\013\000\273\350\177$\014\000-\242\301"
  88      26D52924 
  88      0B00BBE8 
  88      7F240C00 
  88      2DA2C1
  89 0067 11562319 		.ascii	"\021V#\031#\014P\023\000\022\000\344g\011\200\027\301"
  89      230C5013 
  89      001200E4 
  89      67098017 
  89      C1
  90 0078 79013BB4 		.ascii	"y\001;\264\265<\001"
  90      B53C01
  91              		.text
ARM GAS  C:\Users\PUBLIC~1.LAP\AppData\Local\Temp\ccx5xR5V.s 			page 6


  92              		.section	.gnu.lto_.refs.83ad52fd,"e",%progbits
  93 0000 28B52FFD 		.ascii	"(\265/\375 \017y\000\000\013\000\000\000\002\000\002"
  93      200F7900 
  93      000B0000 
  93      00020002 
  94 0010 01070002 		.ascii	"\001\007\000\002\002\007\000\000"
  94      02070000 
  95              		.text
  96              		.section	.gnu.lto_.decls.83ad52fd,"e",%progbits
  97 0000 28B52FFD 		.ascii	"(\265/\375`M\027\335n\000Z\264\200(R@\316J\352\244\207"
  97      604D17DD 
  97      6E005AB4 
  97      80285240 
  97      CE4AEAA4 
  98 0015 2829DCDD 		.ascii	"()\334\3351\361\365\341p\324\313\253O\225\016>%\375"
  98      31F1F5E1 
  98      70D4CBAB 
  98      4F950E3E 
  98      25FD
  99 0027 EAE3BA3E 		.ascii	"\352\343\272>\031\317\276]r&\354Y\215\361\030\022\344"
  99      19CFBE5D 
  99      7226EC59 
  99      8DF11812 
  99      E4
 100 0038 AE09B34F 		.ascii	"\256\011\263O\313\264O:\006dN\360\227\024\0214<f\214"
 100      CBB44F3A 
 100      06644EF0 
 100      97141134 
 100      3C668C
 101 004b 139ADEA0 		.ascii	"\023\232\336\240\032\301\372\204\304 OK\323\240\026"
 101      1AC1FA84 
 101      C4204F4B 
 101      D3A016
 102 005a 9A6CD72D 		.ascii	"\232l\327-SJ\001E\002w\002m\0024\274Fo\261\231\333\370"
 102      534A0145 
 102      0277026D 
 102      0234BC46 
 102      6FB199DB 
 103 006f F9B16272 		.ascii	"\371\261brA\372\270\334l\306f)\273\323\345\265\346\220"
 103      41FAB8DC 
 103      6CC66629 
 103      BBD3E5B5 
 103      E690
 104 0081 BA0C1D27 		.ascii	"\272\014\035'197\216\262\313\2701\220\272!qioL\354H"
 104      3139378E 
 104      B2CBB831 
 104      90BA2171 
 104      696F4CEC 
 105 0096 3603C03F 		.ascii	"6\003\300?\334\377\027\240\363b\245\214\223\243\234"
 105      DCFF17A0 
 105      F362A58C 
 105      93A39C
 106 00a5 C68FCC9C 		.ascii	"\306\217\314\234\343\243\345\207\0215?\272\361\307\253"
 106      E3A3E587 
 106      11353FBA 
 106      F1C7AB
 107 00b4 CC0D3047 		.ascii	"\314\0150G\267\334\350\377\377;iD\302\244\264\271\334"
ARM GAS  C:\Users\PUBLIC~1.LAP\AppData\Local\Temp\ccx5xR5V.s 			page 7


 107      B7DCE8FF 
 107      FF3B6944 
 107      C2A4B4B9 
 107      DC
 108 00c5 6FF74DB7 		.ascii	"o\367M\267\3517\020R\032k\254\344h\273\334\354\016)"
 108      E9371052 
 108      1A6BACE4 
 108      68BBDCEC 
 108      0E29
 109 00d7 3F67E8B8 		.ascii	"?g\350\270\336R\240\327p\2575\031\30696\037\256\307"
 109      DE52A0D7 
 109      70AF3519 
 109      C639361F 
 109      AEC7
 110 00e9 6DD97453 		.ascii	"m\331tS\273\334\012\244vn\256\025H\271\317.\267\013"
 110      BBDC0AA4 
 110      766EAE15 
 110      48B9CF2E 
 110      B70B
 111 00fb 578401AD 		.ascii	"W\204\001\255\306\032\271\376\307\"Y\203\373r\345rO"
 111      C61AB9FE 
 111      C7225983 
 111      FB72E572 
 111      4F
 112 010c B91CD71C 		.ascii	"\271\034\327\034R\010\272C\332m:\2542N\346\230\3346"
 112      5208BA43 
 112      DA6D3AAC 
 112      324EE698 
 112      DC36
 113 011e D3677AAB 		.ascii	"\323gz\253\3210\217(\301\335DK>\377\233=\375\305\006"
 113      D1308F28 
 113      C1DD444B 
 113      3EFF9B3D 
 113      FDC506
 114 0131 156540DA 		.ascii	"\025e@\332sm@\312Mu\375;\244\027\331R\227\271\303\244"
 114      736D40CA 
 114      4D75FD3B 
 114      A417D952 
 114      97B9C3A4 
 115 0145 A53C98DA 		.ascii	"\245<\230\332\2308\332h\036r\342\310\236-8\312\335\343"
 115      9838DA68 
 115      1E72E2C8 
 115      9E2D38CA 
 115      DDE3
 116 0157 7E01C22C 		.ascii	"~\001\302,k\263\356\322^\372\254\301\364V\177a\356\260"
 116      6BB3EED2 
 116      5EFAACC1 
 116      F4567F61 
 116      EEB0
 117 0169 AE32F415 		.ascii	"\2562\364\025\204JT\024\252\247\223/\315B\223Y\243R"
 117      844A5414 
 117      AAA7932F 
 117      CD429359 
 117      A352
 118 017b C59224CF 		.ascii	"\305\222$\317\377\347\326\372\322^\335%b\307w\232\""
 118      FFE7D6FA 
 118      D25EDD25 
ARM GAS  C:\Users\PUBLIC~1.LAP\AppData\Local\Temp\ccx5xR5V.s 			page 8


 118      62C7779A 
 118      22
 119 018c 4B843CFF 		.ascii	"K\204<\377\323Bx\010\001@\224\015$>(7\031s?i(=\346K"
 119      D3427808 
 119      0140940D 
 119      243E2837 
 119      19733F69 
 120 01a4 019C0D12 		.ascii	"\001\234\015\0228\031\216\016\201\035\031\372\262r\322"
 120      38198E0E 
 120      811D19FA 
 120      B272D2
 121 01b3 0216092A 		.ascii	"\002\026\011*\335\325M\260\027K\256\230\255\305\334"
 121      DDD54DB0 
 121      174BAE98 
 121      ADC5DC
 122 01c2 CE1E6B2C 		.ascii	"\316\036k,\335\305\203l~\224\216\030(6\271\270\3774"
 122      DDC5836C 
 122      7E948E18 
 122      2836B9B8 
 122      FF34
 123 01d4 175A4B6F 		.ascii	"\027ZKoi.\375Bo\365\030s\213u\026F\233\377\310\377\017"
 123      692EFD42 
 123      6FF51873 
 123      8B751646 
 123      9BFFC8FF 
 124 01e9 E1419705 		.ascii	"\341A\227\005ff\216\007\355ewH\001\210\340\262\003\267"
 124      66668E07 
 124      ED657748 
 124      0188E0B2 
 124      03B7
 125 01fb AD0C715F 		.ascii	"\255\014q_a\016\377\343S5\260\030\035\325\015\335\235"
 125      610EFFE3 
 125      5335B018 
 125      1DD50DDD 
 125      9D
 126 020c 2593062E 		.ascii	"%\223\006./p9\201\313\037\356m\016iK\351)\275\005\242"
 126      2F703981 
 126      CB1FEE6D 
 126      0E694BE9 
 126      29BD05A2 
 127 0220 B93807D9 		.ascii	"\2718\007\331D\373\271a\272\236S\034e\017\227\273\311"
 127      44FBB961 
 127      BA9E531C 
 127      650F97BB 
 127      C9
 128 0231 BA305F82 		.ascii	"\2720_\202\357\345\006\221\3764\210\224\375\352|wH{"
 128      EFE50691 
 128      FE348894 
 128      FDEA7C77 
 128      487B
 129 0243 D91C520D 		.ascii	"\331\034R\015+0w\223\326\002\201r-?\356\277\011\324"
 129      2B307793 
 129      D6028172 
 129      2D3FEEBF 
 129      09D4
 130 0255 6ECE8C47 		.ascii	"n\316\214GG\017\350\016)\332\034R\346\246bn'%\314\375"
 130      470FE80E 
ARM GAS  C:\Users\PUBLIC~1.LAP\AppData\Local\Temp\ccx5xR5V.s 			page 9


 130      29DA1C52 
 130      E6A6626E 
 130      2725CCFD 
 131 0269 CB626E21 		.ascii	"\313bn!Lf\376b\225\204\231\025\010\200\331\226`n,\346"
 131      4C66FE62 
 131      95849915 
 131      0880D996 
 131      606E2CE6 
 132 027d BE62EE2A 		.ascii	"\276b\356*\346^27\0243s13\032s\363`\356\020\230\033"
 132      E65E3237 
 132      14337331 
 132      331A73F3 
 132      60EE1098 
 133 0292 C8CC69CC 		.ascii	"\310\314i\314\254\305\314<\314\254\205\231}nnn\216\231"
 133      ACC5CC3C 
 133      CCAC8599 
 133      7D6E6E6E 
 133      8E99
 134 02a4 8130A352 		.ascii	"\2010\243R\314\033\346\002qG\260\220\304\000\227\005"
 134      CC1BE602 
 134      7147B090 
 134      C4009705 
 135 02b4 35668B1B 		.ascii	"5f\213\033;\234\25392\246F\224\243\256\306=\215\277"
 135      3B9CAB39 
 135      32A64694 
 135      A3AEC63D 
 135      8DBF
 136 02c6 B1ABF127 		.ascii	"\261\253\361'\217(\301<\310w5\350\377\261\373\203O\367"
 136      8F28C13C 
 136      C87735E8 
 136      FFB1FB83 
 136      4FF7
 137 02d8 076BE38A 		.ascii	"\007k\343\212\227\014)\3128S\027\247\307\355\307\311"
 137      970C29CA 
 137      385317A7 
 137      C7EDC7C9 
 138 02e8 71868DE7 		.ascii	"q\206\215\347\245\336\274\271\030\356\255\026\343l\255"
 138      A5DEBCB9 
 138      18EEAD16 
 138      E36CAD
 139 02f7 ECFF2A2C 		.ascii	"\354\377*,\304=\377\237\030H\311\274 \027\346\250\207"
 139      C43DFF9F 
 139      1848C9BC 
 139      2017E6A8 
 139      87
 140 0308 1F322854 		.ascii	"\0372(TOl\015\303\331\263\314\227~\205\007\251\341\177"
 140      4F6C0DC3 
 140      D9B3CC97 
 140      7E8507A9 
 140      E17F
 141 031a 8A0D9384 		.ascii	"\212\015\223\204\343\360\034aUC.4\014Mfp1\364\233}\246"
 141      E3F01C61 
 141      55432E34 
 141      0C4D6670 
 141      31F49B7D 
 142 032f CF8EAA2B 		.ascii	"\317\216\252+O\036O>\264Z\206\2602\\\252\314`9\343\306"
 142      4F1E4F3E 
ARM GAS  C:\Users\PUBLIC~1.LAP\AppData\Local\Temp\ccx5xR5V.s 			page 10


 142      B45A86B0 
 142      325CAACC 
 142      6039E3C6 
 143 0343 DCCF4ED3 		.ascii	"\334\317N\323o]\230l\274\254\335\364\033\373\314\242"
 143      6F5D986C 
 143      BCACDDF4 
 143      1BFBCCA2 
 144 0353 AA284F20 		.ascii	"\252(O ^\346A\374\2075*\213\302h\220)\363\0264|\323"
 144      5EE641FC 
 144      87352A8B 
 144      C2689029 
 144      F316347C 
 145 0368 949BD2CB 		.ascii	"\224\233\322\313\\\207;\361\0305|\323\214 \3144_s0\256"
 145      5C873BF1 
 145      18357CD3 
 145      8C20CC34 
 145      5F7330AE 
 146 037c E661FC8B 		.ascii	"\346a\374\213\223y\027'\343f.\306\317\274\214{q4\177"
 146      93791727 
 146      E3662EC6 
 146      CFBC8C7B 
 146      71347F
 147 038f C1C7F496 		.ascii	"\301\307\364\226\227\371s\253\365\030O\316\360\033a"
 147      97F973AB 
 147      F5184FCE 
 147      F01B61
 148 039e 4898CDA6 		.ascii	"H\230\315\246\254\347\274\251j\205\347P\231\213\371"
 148      ACE7BCA9 
 148      6A85E750 
 148      998BF9
 149 03ad 962F3039 		.ascii	"\226/09b\270\330\220\010\240\214\203\274\214\276\331"
 149      62B8D890 
 149      08A08C83 
 149      BC8CBED9 
 150 03bd A2E5B299 		.ascii	"\242\345\262\231\313\021&\213\2175\321\037mYZpY\320"
 150      CB11268B 
 150      8F35D11F 
 150      6D595A70 
 150      59D0
 151 03cf B6CB28DA 		.ascii	"\266\313(\332e\224\313\365+.\304\255\374\2145\351\202"
 151      6594CBF5 
 151      2B2EC4AD 
 151      FC8C35E9 
 151      82
 152 03e0 C40AB3B0 		.ascii	"\304\012\263\260\363\304G\333\032G\275J\023y\325\262"
 152      F3C447DB 
 152      1A47BD4A 
 152      1379D5B2 
 153 03f0 9001E328 		.ascii	"\220\001\343(\243\316\313$\264\2440\235\370\223 L2H"
 153      A3CECB24 
 153      B4A4309D 
 153      F893204C 
 153      3248
 154 0402 8CAC3D89 		.ascii	"\214\254=\211\370\224\227\\\323\271\234\212o\371\227"
 154      F894975C 
 154      D3B99C8A 
 154      6FF997
ARM GAS  C:\Users\PUBLIC~1.LAP\AppData\Local\Temp\ccx5xR5V.s 			page 11


 155 0411 4FF12E0F 		.ascii	"O\361.\017s\247\203\365\226{1;\024\217\262\202\026\323"
 155      73A783F5 
 155      967B313B 
 155      148FB282 
 155      16D3
 156 0423 99C49B58 		.ascii	"\231\304\233Xa\372\020\251\226\263/\34636\225tB\345"
 156      61FA10A9 
 156      96B32FE6 
 156      33369574 
 156      42E5
 157 0435 573C480D 		.ascii	"W<H\015\337\344\325\306\374oz\224\227K\361\034\326\250"
 157      DFE4D5C6 
 157      FC6F7A94 
 157      974BF11C 
 157      D6A8
 158 0447 FCD9F185 		.ascii	"\374\331\361\205\303\275\034\253\345x\216\315\017\262"
 158      C3BD1CAB 
 158      E5788ECD 
 158      0FB2
 159 0455 C1489910 		.ascii	"\301H\231\020\262\020\227\315Z\231\257\000P\266f\256"
 159      B21097CD 
 159      5A99AF00 
 159      50B666AE 
 160 0465 23F0B3D3 		.ascii	"#\360\263\323\306\312\0264a.\333.\227\255\026W\201\007"
 160      C6CA1634 
 160      612EDB2E 
 160      97AD1657 
 160      8107
 161 0477 D7DA8CAE 		.ascii	"\327\332\214\256\233\20239@M\355k\011;\223\034\032`"
 161      9B823339 
 161      404DED6B 
 161      093B931C 
 161      1A60
 162 0489 C0E870D4 		.ascii	"\300\350p\324\225\370q\3506\306\225\225C\026V\303\311"
 162      95F871E8 
 162      36C69595 
 162      431656C3 
 162      C9
 163 049a 5167E69C 		.ascii	"Qg\346\234I#f\344\311e\313\344\262\255\272l\203\\Y\345"
 163      492366E4 
 163      C965CBE4 
 163      B2ADBA6C 
 163      835C59E5 
 164 04ae 4429C255 		.ascii	"D)\302U\245\312\217\364x\3012\303\013\215*k\274\314"
 164      A5CA8FF4 
 164      78C132C3 
 164      0B8D2A6B 
 164      BCCC
 165 04c0 3E85022A 		.ascii	">\205\002*\246\011\015G\0217\342\243%F\031\\\333e.\302"
 165      A6090D47 
 165      1137E2A3 
 165      2546195C 
 165      DB652EC2 
 166 04d4 8D232B86 		.ascii	"\215#+\206\231\230\313Nv=l\271~@\225\013\302\1770{\017"
 166      9998CB4E 
 166      763D6CB9 
 166      7E40950B 
ARM GAS  C:\Users\PUBLIC~1.LAP\AppData\Local\Temp\ccx5xR5V.s 			page 12


 166      C27F307B 
 167 04e9 3F81D976 		.ascii	"?\201\331vpTIq\324}\014\261C\371X\015\351\001\346h\352"
 167      70544971 
 167      D47D0CB1 
 167      43F9580D 
 167      E901E668 
 168 04fe 536EA375 		.ascii	"Sn\243u\207\264\000\260\346\220\272\011\"x\211\221e"
 168      87B400B0 
 168      E690BA09 
 168      22788991 
 168      65
 169 050f F90EA7BA 		.ascii	"\371\016\247\272\214\3469\336P\256%\220\017\0255b\252"
 169      8CE639DE 
 169      50AE2590 
 169      0F153562 
 169      AA
 170 0520 2CAF0767 		.ascii	",\257\007g\324f8\312\367\210\224\224\255b\034\344C\361"
 170      D46638CA 
 170      F7889494 
 170      AD621CE4 
 170      43F1
 171 0532 913679CE 		.ascii	"\2216y\316qi\030fh%)\302\266\312R\375\334\210\261%\304"
 171      71691866 
 171      682529C2 
 171      B6CA52FD 
 171      DC88B125 
 172 0547 516BC4A2 		.ascii	"Qk\304\242\320[:;\305h\214\25773\264\335\027\257Ku\272"
 172      D05B3A3B 
 172      C5688CAF 
 172      3733B4DD 
 172      17AF4B75 
 173 055c D412E171 		.ascii	"\324\022\341qz\363B\305\267\240C\270$\311\250]\006\002"
 173      7AF342C5 
 173      B7A043B8 
 173      24C9A85D 
 173      0602
 174 056e C42E412C 		.ascii	"\304.A,\231\322>d5\331h\305\375?\201\270h\240~\270Y"
 174      99D23E64 
 174      35D968C5 
 174      FD3F81B8 
 174      68A07EB8 
 175 0583 216C9766 		.ascii	"!l\227f|\2648\001s\0265\206F\354\005Gm\020\234%4\252"
 175      7CB43801 
 175      73163586 
 175      46EC0547 
 175      6D109C25 
 176 0599 68455DD6 		.ascii	"hE]\326\231p\331\236`\237\330\372`\353\303B\335\377"
 176      9970D99E 
 176      609FD8FA 
 176      60EBC342 
 176      DDFF
 177 05ab 3F363FAA 		.ascii	"?6?\252\255\304\344T\210\373'-\020\316\005,F\025\247"
 177      ADC4E454 
 177      88FB272D 
 177      10CE052C 
 177      4615A7
 178 05be 610BC55E 		.ascii	"a\013\305^v\244nX\025q\224u2\256\206n6O\240\354\300"
ARM GAS  C:\Users\PUBLIC~1.LAP\AppData\Local\Temp\ccx5xR5V.s 			page 13


 178      76A46E58 
 178      15719475 
 178      32AE866E 
 178      364FA0EC 
 179 05d3 CDBA2959 		.ascii	"\315\272)YnTp=\307%\322\210\243\375\023\374\003\360"
 179      6E54703D 
 179      C725D288 
 179      A3FD13FC 
 179      03F0
 180 05e5 7F91523A 		.ascii	"\177\221R::\351\2242>R\352\011\224t.\225\037\222M\251"
 180      3AE99432 
 180      3E52EA09 
 180      94742E95 
 180      1F924DA9 
 181 05f9 1D8F5C2A 		.ascii	"\035\217\\*\373\221\307O6\377\201\376\227\237l\036\225"
 181      FB91C74F 
 181      36FF81FE 
 181      979F6C1E 
 181      95
 182 060a AD855C7E 		.ascii	"\255\205\\~\362\227\312N\276\324\022(\211\\\032\337"
 182      F297CA4E 
 182      BED41228 
 182      895C1ADF 
 183 061a 29A503E8 		.ascii	")\245\003\350\235R\312\244SJ\011\224l\036\377\233G\343"
 183      9D52CAA4 
 183      534A0994 
 183      6C1EFF9B 
 183      47E3
 184 062c 87FFA332 		.ascii	"\207\377\2432\351\304R\002=R\312\230t\036uL\360\377"
 184      E9C45202 
 184      3D52CA98 
 184      741E754C 
 184      F0FF
 185 063e 334031B6 		.ascii	"3@1\266\221\251k\352\235G\033\256L>\324\377\373\350"
 185      91A96BEA 
 185      9D471BAE 
 185      4C3ED4FF 
 185      FBE8
 186 0650 26F29FFE 		.ascii	"&\362\237\376\221\313\001\276k\231\364\302\264\374y"
 186      91CB01BE 
 186      6B99F4C2 
 186      B4FC79
 187 065f 2D1CCC19 		.ascii	"-\034\314\031\377\237*\201\002\022\373#\363\321\236"
 187      FF9F2A81 
 187      0212FB23 
 187      F3D19E
 188 066e 8E0428FF 		.ascii	"\216\004(\377\241\214\315\207J\233\377\004<\032\363"
 188      A18CCD87 
 188      4A9BFF04 
 188      3C1AF3
 189 067d FF8D68DD 		.ascii	"\377\215h\335D{\243\030\362\277\305\376\237d\374\277"
 189      447BA318 
 189      F2BFC5FE 
 189      9F64FCBF 
 190 068d 86FFEF79 		.ascii	"\206\377\357y\344\016\033LD\226<2\230\226M\317dH\353"
 190      E40E1B4C 
 190      44963C32 
ARM GAS  C:\Users\PUBLIC~1.LAP\AppData\Local\Temp\ccx5xR5V.s 			page 14


 190      98964DCF 
 190      6448EB
 191 06a0 483A892C 		.ascii	"H:\211,\207\262Pq2\237\251i\354\244\215\3453\177MJy"
 191      87B25071 
 191      329FA969 
 191      ECA48DE5 
 191      337F4D4A 
 192 06b5 9DC6E683 		.ascii	"\235\306\346\203\375\177\277\371\234I\231z\242\341\336"
 192      FD7FBFF9 
 192      9C49997A 
 192      A2E1DE
 193 06c4 72349647 		.ascii	"r4\226G+\233?\325d\315\310\324\244\211\373\007\302\200"
 193      2B9B3FD5 
 193      64CDC8D4 
 193      A489FB07 
 193      C280
 194 06d6 4F534AAC 		.ascii	"OSJ\254\351c\376\344\204+lwX\2455\301\352\350-\353\344"
 194      E963FEE4 
 194      842B6C77 
 194      58A535C1 
 194      EAE82DEB 
 195 06eb 6D1E6791 		.ascii	"m\036g\221X\314\034\336\004\306\2641,\216\257*\247u"
 195      58CC1CDE 
 195      04C6B431 
 195      2C8EAF2A 
 195      A775
 196 06fd 72187C86 		.ascii	"r\030|\206)(\036B\204Q\"C\025\035\224S\035\366F\217"
 196      29281E42 
 196      84512243 
 196      151D9453 
 196      1DF6468F 
 197 0711 934897D1 		.ascii	"\223H\227\321QN\221\326\206\255\321\\NP\322ei\260\255"
 197      514E91D6 
 197      86ADD15C 
 197      4E50D265 
 197      69B0AD
 198 0724 E14DCCEC 		.ascii	"\341M\314\354\014?\356\270\255a\273\262I\035g\216\257"
 198      0C3FEEB8 
 198      AD61BBB2 
 198      491D678E 
 198      AF
 199 0735 77D436F9 		.ascii	"w\3246\371\374H\343\302\331\032+\343i\231\272M\020e"
 199      FC48E3C2 
 199      D91A2BE3 
 199      6999BA4D 
 199      1065
 200 0747 92337BB4 		.ascii	"\2223{\264\306\2367-F\330\332\2605\332\36761d\231b\177"
 200      C69E372D 
 200      46D8DAB0 
 200      35DAF736 
 200      31649962 
 201 075c CEC3B6D2 		.ascii	"\316\303\266\322\260\334\370\2331Ul5\260\270q6~\324"
 201      B0DCF89B 
 201      31556C35 
 201      B0B87136 
 201      7ED4
 202 076e A5D0D403 		.ascii	"\245\320\324\003\315Q\227k%\225\012g\034\3655\375\326"
ARM GAS  C:\Users\PUBLIC~1.LAP\AppData\Local\Temp\ccx5xR5V.s 			page 15


 202      CD51976B 
 202      25950A67 
 202      1CF535FD 
 202      D6
 203 077f 53264BE9 		.ascii	"S&K\351\326rFdm\302D\2711\270\014p\311\374\013\032\221"
 203      D6724664 
 203      6DC244B9 
 203      31B80C70 
 203      C9FC0B1A 
 204 0794 C4FBE960 		.ascii	"\304\373\351`\020I\254\300`\012\"\014\243\237/\207\177"
 204      1049ACC0 
 204      600A220C 
 204      A39F2F87 
 204      7F
 205 07a5 4126D65D 		.ascii	"A&\326]\013\242\022\316:\344\255F=b\361\362/\210x\304"
 205      0BA212CE 
 205      3AE4AD46 
 205      3D62F1F2 
 205      2F8878C4 
 206 07b9 5387BFF5 		.ascii	"S\207\277\365\347\023R\217\212I\276 Ph\035>\260\356"
 206      E713528F 
 206      8A49BE20 
 206      50681D3E 
 206      B0EE
 207 07cb 92782E86 		.ascii	"\222x.\206\352"
 207      EA
 208 07d0 1A041261 		.ascii	"\032\004\022a\020{\226T5\311\350\350\247\342\347\323"
 208      107B9654 
 208      35C9E8E8 
 208      A7E2E7D3 
 209 07e0 615F900E 		.ascii	"a_\220\016e\022J\015\274P\327\241\320\247\303J\015<"
 209      65124A0D 
 209      BC50D7A1 
 209      D0A7C34A 
 209      0D3C
 210 07f2 E04269C8 		.ascii	"\340Bi\310\273lb\310\362/\250\210t\324#\026\205T\337"
 210      BB6C62C8 
 210      F22FA888 
 210      74D42316 
 210      8554DF
 211 0805 B028240A 		.ascii	"\260($\012\005m\340\025\026\240\330\261`A\024*\251G"
 211      056DE015 
 211      16A0D8B1 
 211      6041142A 
 211      A947
 212 0817 2C4EF47C 		.ascii	",N\364|;$!1]w=\037\317\252\023T]\250w\335\035\255j\213"
 212      3B242131 
 212      5D773D1F 
 212      CFAA1354 
 212      5DA877DD 
 213 082f 1EB1B8A1 		.ascii	"\036\261\270\241\247\347\333\015\205\353\022p\350#\252"
 213      A7E7DB0D 
 213      85EB1270 
 213      E823AA
 214 083e 47BB556D 		.ascii	"G\273Um\001\264\356\206j\322Q\220\367\033A\035&\011"
 214      01B4EE86 
 214      6AD25190 
ARM GAS  C:\Users\PUBLIC~1.LAP\AppData\Local\Temp\ccx5xR5V.s 			page 16


 214      F71B411D 
 214      2609
 215 0850 85277638 		.ascii	"\205'v8=\337N\004\241\360\267#\256D\2658\202:\324\320"
 215      3DDF4E04 
 215      A1F0B723 
 215      AE44B538 
 215      823AD4D0 
 216 0864 0229DD29 		.ascii	"\002)\335)\251JK\252\016N\332\"\010\\W\240\0221\310"
 216      A94A4BAA 
 216      0E4EDA22 
 216      085C57A0 
 216      1231C8
 217 0877 1BAE3C2D 		.ascii	"\033\256<-\202@\027@\325\247\016s\210N\030\255\000\342"
 217      82401740 
 217      D5A70E73 
 217      884E18AD 
 217      00E2
 218 0889 5FD05152 		.ascii	"_\320QR\322\256G,\356\206\\\2340Z!\204\"\203\014\204"
 218      D2AE472C 
 218      EE865C9C 
 218      305A2184 
 218      22830C84 
 219 089d 88EB50B8 		.ascii	"\210\353P\270$\224\304\373q\200T\354\345\250GB\245\335"
 219      2494C4FB 
 219      718054EC 
 219      E5A84742 
 219      A5DD
 220 08af 927A7BBE 		.ascii	"\222z{\276]\020\210\363\263\356t=_\032\004\352\274\340"
 220      5D1088F3 
 220      B3EE743D 
 220      5F1A04EA 
 220      BCE0
 221 08c1 29ED0453 		.ascii	")\355\004S\2340Z\261a\027\004^\2435\010\024.\035\005"
 221      9C305AB1 
 221      6117045E 
 221      A3350814 
 221      2E1D05
 222 08d4 2B588B1C 		.ascii	"+X\213\034\2340Z\301!\2078T\221\220\212\275\335\222"
 222      9C305AC1 
 222      21873854 
 222      91908ABD 
 222      DD92
 223 08e6 AAE35B52 		.ascii	"\252\343[Rm\020\230CT\342\015yK\273\265(\324Yw\352\372"
 223      6D109843 
 223      54E20D79 
 223      4BBBB528 
 223      D45977EA 
 224 08fb 42D5AD3B 		.ascii	"B\325\255;\225\004 1\015\212XR\321u'\202\217\327KJ\342"
 224      95042031 
 224      0D8A5852 
 224      D1752782 
 224      8FD74B4A 
 225 0910 F97AC462 		.ascii	"\371z\304b\317Pu\001\034\346\364|GAU\304\222z\227\212"
 225      CF507501 
 225      1CE6F47C 
 225      474155C4 
 225      927A978A 
ARM GAS  C:\Users\PUBLIC~1.LAP\AppData\Local\Temp\ccx5xR5V.s 			page 17


 226 0924 AB4AC459 		.ascii	"\253J\304Yw&\206\210\305\224HT\207GG<\335\272\203@\027"
 226      77268688 
 226      C5944854 
 226      8747473C 
 226      DDBA8340 
 227 0939 140257DE 		.ascii	"\024\002W\336\260\330\002\210\024\024\372z\326]\217"
 227      B0D80288 
 227      1414FA7A 
 227      D65D8F
 228 0948 58D45157 		.ascii	"X\324QW\336J\334\035\251.x\304\235!\024'\214V\340 \251"
 228      DE4ADC1D 
 228      A92E78C4 
 228      9D211427 
 228      8C56E020 
 229 095d 28D42518 		.ascii	"(\324%\030*v'\214V\354\360/\250\205:\334!\215 \261\376"
 229      2A76278C 
 229      56ECF02F 
 229      A8853ADC 
 229      218D20B1 
 230 0972 845E9430 		.ascii	"\204^\22401d\301\010\022*0\0202Ja\244\001\221\320\372"
 230      3164C108 
 230      122A3010 
 230      324A61A4 
 230      0191D0FA 
 231 0986 42150A0A 		.ascii	"B\025\012\012\225\224\204>!\242P\250\007\034\256A!Q"
 231      9594843E 
 231      21A250A8 
 231      071CAE41 
 231      2151
 232 0998 03461C00 		.ascii	"\003F\034\000{\300\037\021\013\023#\206\226\224\324"
 232      7BC01F11 
 232      0B132386 
 232      9694D4
 233 09a7 95058C5F 		.ascii	"\225\005\214_\021\230\264\343\211\020\301B\002\024\037"
 233      1198B4E3 
 233      8910C142 
 233      02141F
 234 09b6 1411A9B0 		.ascii	"\024\021\251\260E\027X@\204vP\201\027\031\021\331\242"
 234      45175840 
 234      84765081 
 234      171911D9 
 234      A2
 235 09c7 0A52D822 		.ascii	"\012R\330\"\243\024\266\210\310\002\273\356F\220X\203"
 235      A314B688 
 235      C802BBEE 
 235      46905883 
 236 09d7 C0E2E507 		.ascii	"\300\342\345\007\206\210\016X\261\301\005\327\027\024"
 236      86880E58 
 236      B1C105D7 
 236      1714
 237 09e5 04F294D2 		.ascii	"\004\362\224\322\"\012<\250\000\005\316\022\036e\210"
 237      220A3CA8 
 237      0005CE12 
 237      1E6588
 238 09f4 A8C55052 		.ascii	"\250\305PRu\344\314\331B\226]\232%\261\2001\331^\341"
 238      75E4CCD9 
 238      42965D9A 
ARM GAS  C:\Users\PUBLIC~1.LAP\AppData\Local\Temp\ccx5xR5V.s 			page 18


 238      25B18031 
 238      D95EE1
 239 0a07 C8DDF08A 		.ascii	"\310\335\360\212\342(\026\226\275r\256\217*!kJL\213"
 239      E2281696 
 239      BD72AE8F 
 239      2A216B4A 
 239      4C8B
 240 0a19 0795B1B9 		.ascii	"\007\225\261\2715++{\265$\215\010\231\303\215\011{s"
 240      352B2B7B 
 240      B5248D08 
 240      99C38D09 
 240      7B73
 241 0a2b C5331781 		.ascii	"\3053\027\201\333\250\221(\252\2303#\"2\"\222$I:!\005"
 241      DBA89128 
 241      AA983323 
 241      22322292 
 241      24493A21 
 242 0a40 C418E9A0 		.ascii	"\304\030\351\240C\333\022\300D5\220z%B\"RP\2202R\252"
 242      43DB12C0 
 242      4435907A 
 242      25422252 
 242      50903252 
 243 0a55 0C730038 		.ascii	"\014s\0008\210\377x\007\017/\014\005\210 \333?]\302"
 243      88FF7807 
 243      0F2F0C05 
 243      8820DB3F 
 243      5DC2
 244 0a67 E99FB25E 		.ascii	"\351\237\262^\011T\313\033\241\013+p\031\004\226\372"
 244      0954CB1B 
 244      A10B2B70 
 244      190496FA 
 245 0a77 75030AB4 		.ascii	"u\003\012\264U\220'\360\354KD\312\2277\011ZH\241\323"
 245      559027F0 
 245      EC4B44CA 
 245      9737095A 
 245      48A1D3
 246 0a8a 0FB6E6B4 		.ascii	"\017\266\346\264\366iF\354\324\022\321\300\275\372\366"
 246      F66946EC 
 246      D412D1C0 
 246      BDFAF6
 247 0a99 342BB1A8 		.ascii	"4+\261\250's\335\035\363\344S\272\322_\353>\005\351"
 247      2773DD1D 
 247      F3E453BA 
 247      D25FEB3E 
 247      05E9
 248 0aab 5EE1F036 		.ascii	"^\341\3606\247\320\375f{\243m=(\333t\264\364d\306oC"
 248      A7D0FD66 
 248      7BA36D3D 
 248      28DB74B4 
 248      F464C66F 
 249 0ac0 1BB4D3CF 		.ascii	"\033\264\323\317\202\223 \251\241\356t\340QX\374\371"
 249      829320A9 
 249      A1EE74E0 
 249      5158FCF9 
 250 0ad0 70A37428 		.ascii	"p\243t(\236\217\247\321\214cJ\241\361\257\001\224\303"
 250      9E8FA7D1 
 250      8C634AA1 
ARM GAS  C:\Users\PUBLIC~1.LAP\AppData\Local\Temp\ccx5xR5V.s 			page 19


 250      F1AF0194 
 250      C3
 251 0ae1 D70F4287 		.ascii	"\327\017B\207\202\315\220\333Lr\253\272QW\332M\2672"
 251      82CD90DB 
 251      4C72ABBA 
 251      5157DA4D 
 251      B732
 252 0af3 9A2F30C6 		.ascii	"\232/0\306\262\321\352\235\322~\236=\020\271\250\261"
 252      B2D1EA9D 
 252      D27E9E3D 
 252      10B9A8B1 
 253 0b03 2EC85716 		.ascii	".\310W\026\363\033`\235\302\\\356]g\203\325\300L\376"
 253      F31B609D 
 253      C25CEE5D 
 253      6783D5C0 
 253      4CFE
 254 0b15 A8741320 		.ascii	"\250t\023 \345.\022\303\2421\213\300\253\333\211\013"
 254      E52E12C3 
 254      A2318BC0 
 254      ABDB890B 
 255 0b25 7E8F5C2D 		.ascii	"~\217\\-\301\202P\246\233Y7\224s\221\202S\362\334\271"
 255      C18250A6 
 255      9B593794 
 255      73918253 
 255      F2DCB9
 256 0b38 3BD18EB1 		.ascii	";\321\216\261\\\365\221r\227\302\373\204Zwy$\004\223"
 256      5CF59172 
 256      97C2FB84 
 256      5A777924 
 256      0493
 257 0b4a 67FA6266 		.ascii	"g\372bf$\246\325\212\346\376\303\223\306#\001\215\374"
 257      24A6D58A 
 257      E6FEC393 
 257      C623018D 
 257      FC
 258 0b5b 4AC778DB 		.ascii	"J\307x\333\236\223\025\344\205-]\213h\022dq\360\215"
 258      9E9315E4 
 258      852D5D8B 
 258      68126471 
 258      F08D
 259 0b6d 61300DC8 		.ascii	"a0\015\310\015k\014\267\377\003\277J@\252\261\364\\"
 259      0D6B0CB7 
 259      FF03BF4A 
 259      40AAB1F4 
 259      5C
 260 0b7e 65715155 		.ascii	"eqQU\307={DT\351B,+\345c\214hf\201\364\210\330\2725"
 260      C73D7B44 
 260      54E9422C 
 260      2BE5638C 
 260      686681F4 
 261 0b96 C53926A5 		.ascii	"\3059&\245\304\362\303\320!\340cnC*\353lP\224\221\305"
 261      C4F2C3D0 
 261      21E0636E 
 261      432AEB6C 
 261      509491C5 
 262 0baa C3380875 		.ascii	"\3038\010uQDq\370\202\326\205\013\301\015\017\240p("
 262      514471F8 
ARM GAS  C:\Users\PUBLIC~1.LAP\AppData\Local\Temp\ccx5xR5V.s 			page 20


 262      82D6850B 
 262      C10D0FA0 
 262      7028
 263 0bbc 332FCCF7 		.ascii	"3/\314\367?\000\026P\007!\347^f\015%Ui\323!yRP\005 "
 263      3F001650 
 263      0721E75E 
 263      660D2555 
 263      69D32179 
 264 0bd4 241E2A0C 		.ascii	"$\036*\014\230\0164\323\030\205\267}\264\035\221\217"
 264      980E34D3 
 264      1885B77D 
 264      B41D918F 
 265 0be4 E05F413C 		.ascii	"\340_A<\366\010\220\351\245;s\351k\330\254dT\327\206"
 265      F60890E9 
 265      A53B73E9 
 265      6BD8AC64 
 265      54D786
 266 0bf7 9B85C495 		.ascii	"\233\205\304\225@zBk\272\267\011@\342\"\231\227\225"
 266      407A426B 
 266      BAB70940 
 266      E2229997 
 266      95
 267 0c08 3CE6CA12 		.ascii	"<\346\312\022\232O\231\220\024\026\005SPa:\020\200I"
 267      9A4F9990 
 267      14160553 
 267      50613A10 
 267      8049
 268 0c1a C6CAC5DC 		.ascii	"\306\312\305\334\025\212\004i\326\000\010k%\323\007"
 268      158A0469 
 268      D600086B 
 268      25D307
 269 0c29 004333DF 		.ascii	"\000C3\337\366\336\213*r]2\221\023~\350\232\016\202"
 269      F6DE8B2A 
 269      725D3291 
 269      137EE89A 
 269      0E82
 270 0c3b 62CDF764 		.ascii	"b\315\367d\020\350\270\027\223<\001\334\375\361O\364"
 270      10E8B817 
 270      933C01DC 
 270      FDF14FF4 
 271 0c4b 90943882 		.ascii	"\220\2248\202\026\310H\302\351+\003\2247\250\261q\035"
 271      16C848C2 
 271      E92B0394 
 271      37A8B171 
 271      1D
 272 0c5c B22C36E9 		.ascii	"\262,6\351 G\307\020\304x\3360\343\330\303\323\350\013"
 272      2047C710 
 272      C478DE30 
 272      E3D8C3D3 
 272      E80B
 273 0c6e EF726C69 		.ascii	"\357rli(H\006\322\223\032\327\231\026\243\222>\367/"
 273      284806D2 
 273      931AD799 
 273      16A3923E 
 273      F72F
 274 0c80 E4273C3E 		.ascii	"\344'<>\244\331\217\233\333\005\201\215\004\372Q=\006"
 274      A4D98F9B 
ARM GAS  C:\Users\PUBLIC~1.LAP\AppData\Local\Temp\ccx5xR5V.s 			page 21


 274      DB05818D 
 274      04FA513D 
 274      06
 275 0c91 642788DA 		.ascii	"d'\210\332\300\000\012\205\262\002\032\0341\201#\346"
 275      C0000A85 
 275      B2021A1C 
 275      318123E6 
 276 0ca1 CFD71A66 		.ascii	"\317\327\032f\3636\353c\247\323\"\000\301\260\360\270"
 276      F336EB63 
 276      A7D32200 
 276      C1B0F0B8 
 277 0cb1 423603B6 		.ascii	"B6\003\266D\321\025\356[\243\342\226\336\247\027\272"
 277      44D115EE 
 277      5BA3E296 
 277      DEA717BA 
 278 0cc1 28C9E04A 		.ascii	"(\311\340J\327#\263\013\214\315\246b\2058\341]\327\366"
 278      D723B30B 
 278      8CCDA662 
 278      8538E15D 
 278      D7F6
 279 0cd3 C21186A5 		.ascii	"\302\021\206\245\353\241`\263\351\354!\240\37403\211"
 279      EBA160B3 
 279      E9EC21A0 
 279      FC303389 
 280 0ce3 3E860BCE 		.ascii	">\206\013\316|\202\011\372\006}!\032\016;,\240c\341"
 280      7C8209FA 
 280      067D211A 
 280      0E3B2CA0 
 280      63E1
 281 0cf5 19B9E724 		.ascii	"\031\271\347$;\260\247j\226\367b\211[\302%Q9U\304B\260"
 281      3BB0A76A 
 281      96F76289 
 281      5BC22551 
 281      3955C442 
 282 0d0a C653886F 		.ascii	"\306S\210oy\217\004\375\000Q\325\000\344o\015\014\021"
 282      798F04FD 
 282      0051D500 
 282      E46F0D0C 
 282      11
 283 0d1b 360FC5FC 		.ascii	"6\017\305\374+3n\027\210u\307\301\216\006ovp\3018\002"
 283      2B336E17 
 283      8875C7C1 
 283      8E066F76 
 283      70C13802 
 284 0d2f 58512F26 		.ascii	"XQ/&3\326I\000\014T\370\022\363\014\363\214\016\362"
 284      33D64900 
 284      0C54F812 
 284      F30CF38C 
 284      0EF2
 285 0d41 490811E7 		.ascii	"I\010\021\347\306G\230\276H\331H\030\270\342a\211\334"
 285      C64798BE 
 285      48D94818 
 285      B8E26189 
 285      DC
 286 0d52 C0AAD76D 		.ascii	"\300\252\327m_S\3271\372U\021G\002^z\013x\004'9L\015"
 286      5F53D731 
 286      FA551147 
ARM GAS  C:\Users\PUBLIC~1.LAP\AppData\Local\Temp\ccx5xR5V.s 			page 22


 286      025E7A0B 
 286      78042739 
 287 0d68 EFB5C21F 		.ascii	"\357\265\302\037ye\002\213\015\016\2332#\0335&\336\352"
 287      7965028B 
 287      0D0E9B32 
 287      231B3526 
 287      DEEA
 288 0d7a 2EB11AFE 		.ascii	".\261\032\376\0129WE\334}vp\036\347\000^47\221\374\002"
 288      0A395745 
 288      DC7D7670 
 288      1EE7005E 
 288      343791FC 
 289 0d8f 3B9A7F88 		.ascii	";\232\177\210Z\277\300d\325\003\235\210\313\031\356"
 289      5ABFC064 
 289      D5039D88 
 289      CB19EE
 290 0d9e DC77E6BA 		.ascii	"\334w\346\272\374\377\345\322->\251:\300\364\207\005"
 290      FCFFE5D2 
 290      2D3EA93A 
 290      C0F48705 
 291 0dae 008564A3 		.ascii	"\000\205d\243\267A\0219\247\354\243\304,w\250\012\350"
 291      B7411139 
 291      A7ECA3C4 
 291      2C77A80A 
 291      E8
 292 0dbf 467BE01C 		.ascii	"F{\340\034\236\301\004\373\342\310*k'\011\346\376\333"
 292      9EC104FB 
 292      E2C82A6B 
 292      2709E6FE 
 292      DB
 293 0dd0 EEBCB3C6 		.ascii	"\356\274\263\306\360hqDpPy2\316\347\357\031\023\275"
 293      F0687144 
 293      70507932 
 293      CEE7EF19 
 293      13BD
 294 0de2 ECA802   		.ascii	"\354\250\002"
 295              		.text
 296              		.section	.gnu.lto_.symtab.83ad52fd,"e",%progbits
 297 0000 6D61696E 		.ascii	"main\000"
 297      00
 298 0005 00       		.ascii	"\000"
 299 0006 00       		.ascii	"\000"
 300 0007 00       		.ascii	"\000"
 301 0008 00000000 		.ascii	"\000\000\000\000\000\000\000\000"
 301      00000000 
 302 0010 9A010000 		.ascii	"\232\001\000\000"
 303 0014 55534244 		.ascii	"USBD1\000"
 303      3100
 304 001a 00       		.ascii	"\000"
 305 001b 02       		.ascii	"\002"
 306 001c 00       		.ascii	"\000"
 307 001d 00000000 		.ascii	"\000\000\000\000\000\000\000\000"
 307      00000000 
 308 0025 69010000 		.ascii	"i\001\000\000"
 309 0029 75736263 		.ascii	"usbcfg\000"
 309      666700
 310 0030 00       		.ascii	"\000"
ARM GAS  C:\Users\PUBLIC~1.LAP\AppData\Local\Temp\ccx5xR5V.s 			page 23


 311 0031 02       		.ascii	"\002"
 312 0032 00       		.ascii	"\000"
 313 0033 00000000 		.ascii	"\000\000\000\000\000\000\000\000"
 313      00000000 
 314 003b 95010000 		.ascii	"\225\001\000\000"
 315 003f 63685468 		.ascii	"chThdSleep\000"
 315      64536C65 
 315      657000
 316 004a 00       		.ascii	"\000"
 317 004b 02       		.ascii	"\002"
 318 004c 00       		.ascii	"\000"
 319 004d 00000000 		.ascii	"\000\000\000\000\000\000\000\000"
 319      00000000 
 320 0055 A0010000 		.ascii	"\240\001\000\000"
 321 0059 75736253 		.ascii	"usbStart\000"
 321      74617274 
 321      00
 322 0062 00       		.ascii	"\000"
 323 0063 02       		.ascii	"\002"
 324 0064 00       		.ascii	"\000"
 325 0065 00000000 		.ascii	"\000\000\000\000\000\000\000\000"
 325      00000000 
 326 006d A9010000 		.ascii	"\251\001\000\000"
 327 0071 63685379 		.ascii	"chSysInit\000"
 327      73496E69 
 327      7400
 328 007b 00       		.ascii	"\000"
 329 007c 02       		.ascii	"\002"
 330 007d 00       		.ascii	"\000"
 331 007e 00000000 		.ascii	"\000\000\000\000\000\000\000\000"
 331      00000000 
 332 0086 AC010000 		.ascii	"\254\001\000\000"
 333 008a 68616C49 		.ascii	"halInit\000"
 333      6E697400 
 334 0092 00       		.ascii	"\000"
 335 0093 02       		.ascii	"\002"
 336 0094 00       		.ascii	"\000"
 337 0095 00000000 		.ascii	"\000\000\000\000\000\000\000\000"
 337      00000000 
 338 009d AE010000 		.ascii	"\256\001\000\000"
 339              		.text
 340              		.section	.gnu.lto_.ext_symtab.83ad52fd,"e",%progbits
 341 0000 01       		.ascii	"\001"
 342 0001 01       		.ascii	"\001"
 343 0002 00       		.ascii	"\000"
 344 0003 02       		.ascii	"\002"
 345 0004 01       		.ascii	"\001"
 346 0005 02       		.ascii	"\002"
 347 0006 00       		.ascii	"\000"
 348 0007 01       		.ascii	"\001"
 349 0008 00       		.ascii	"\000"
 350 0009 01       		.ascii	"\001"
 351 000a 00       		.ascii	"\000"
 352 000b 01       		.ascii	"\001"
 353 000c 00       		.ascii	"\000"
 354 000d 01       		.ascii	"\001"
 355 000e 00       		.ascii	"\000"
ARM GAS  C:\Users\PUBLIC~1.LAP\AppData\Local\Temp\ccx5xR5V.s 			page 24


 356              		.text
 357              		.section	.gnu.lto_.opts,"e",%progbits
 358 0000 272D666E 		.ascii	"'-fno-openmp' '-fno-openacc' '-fno-pie' '-fcf-prote"
 358      6F2D6F70 
 358      656E6D70 
 358      2720272D 
 358      666E6F2D 
 359 0033 6374696F 		.ascii	"ction=none' '-mcpu=cortex-m3' '-mthumb' '-mfloat-ab"
 359      6E3D6E6F 
 359      6E652720 
 359      272D6D63 
 359      70753D63 
 360 0066 693D736F 		.ascii	"i=soft' '-mlibarch=armv7-m' '-march=armv7-m' '-Os' "
 360      66742720 
 360      272D6D6C 
 360      69626172 
 360      63683D61 
 361 0099 272D666F 		.ascii	"'-fomit-frame-pointer' '-falign-functions=16' '-ffu"
 361      6D69742D 
 361      6672616D 
 361      652D706F 
 361      696E7465 
 362 00cc 6E637469 		.ascii	"nction-sections' '-fdata-sections' '-fno-common' '-"
 362      6F6E2D73 
 362      65637469 
 362      6F6E7327 
 362      20272D66 
 363 00ff 666C746F 		.ascii	"flto' '-Xassembler' '-alms=./build/lst/main.lst'\000"
 363      2720272D 
 363      58617373 
 363      656D626C 
 363      65722720 
 364              		.text
 365              		.comm	__gnu_lto_slim,1,1
 366              		.ident	"GCC: (GNU) 12.2.0"
ARM GAS  C:\Users\PUBLIC~1.LAP\AppData\Local\Temp\ccx5xR5V.s 			page 25


DEFINED SYMBOLS
                            *ABS*:00000000 main.c
                            *COM*:00000001 __gnu_lto_slim

NO UNDEFINED SYMBOLS
