ARM GAS  C:\Users\PUBLIC~1.LAP\AppData\Local\Temp\ccPLKM5P.s 			page 1


   1              		.cpu cortex-m3
   2              		.arch armv7-m
   3              		.fpu softvfp
   4              		.eabi_attribute 20, 1
   5              		.eabi_attribute 21, 1
   6              		.eabi_attribute 23, 3
   7              		.eabi_attribute 24, 1
   8              		.eabi_attribute 25, 1
   9              		.eabi_attribute 26, 1
  10              		.eabi_attribute 30, 4
  11              		.eabi_attribute 34, 1
  12              		.eabi_attribute 18, 4
  13              		.file	"nvic.c"
  14              		.section	.gnu.lto_.profile.83ad2513,"e",%progbits
  15 0000 28B52FFD 		.ascii	"(\265/\375 \0061\000\000\002\000\000\000\000\000"
  15      20063100 
  15      00020000 
  15      000000
  16              		.text
  17              		.section	.gnu.lto_.icf.83ad2513,"e",%progbits
  18 0000 28B52FFD 		.ascii	"(\265/\375 g\235\002\0004\004[\000\006\000\223\267\341"
  18      20679D02 
  18      0034045B 
  18      00060093 
  18      B7E1
  19 0012 FE020602 		.ascii	"\376\002\006\002\000\002\001\002\000\002\002\001\334"
  19      00020102 
  19      00020201 
  19      DC
  20 001f BBC7DF04 		.ascii	"\273\307\337\004\006\002\003\002\002\002\236\243\224"
  20      06020302 
  20      02029EA3 
  20      94
  21 002c D5070603 		.ascii	"\325\007\006\003\002\002\003\215\256\364\376\013\002"
  21      0202038D 
  21      AEF4FE0B 
  21      02
  22 0039 02030204 		.ascii	"\002\003\002\004\004\355\243\326%\005\223\264\274\321"
  22      04EDA3D6 
  22      250593B4 
  22      BCD1
  23 0047 0D020200 		.ascii	"\015\002\002\000\002\002\000\005\000\237\022Af\3316"
  23      02020005 
  23      009F1241 
  23      66D936
  24 0056 C9DB85B5 		.ascii	"\311\333\205\265\001,"
  24      012C
  25              		.text
  26              		.section	.gnu.lto_.ipa_sra.83ad2513,"e",%progbits
  27 0000 28B52FFD 		.ascii	"(\265/\375 <-\001\000\2700\000\006\000\000\001\001\002"
  27      203C2D01 
  27      00B83000 
  27      06000001 
  27      0102
  28 0012 00010201 		.ascii	"\000\001\002\001\001\003\004\005\001\000\000\000\000"
  28      01030405 
  28      01000000 
ARM GAS  C:\Users\PUBLIC~1.LAP\AppData\Local\Temp\ccPLKM5P.s 			page 2


  28      00
  29 001f 01000500 		.ascii	"\001\000\005\000`\210\232\213Y\354\000\331l\000\013"
  29      60889A8B 
  29      59EC00D9 
  29      6C000B
  30              		.text
  31              		.section	.gnu.lto_.inline.83ad2513,"e",%progbits
  32 0000 28B52FFD 		.ascii	"(\265/\375`]\000\205\004\000\"\306\023\034\300%\303"
  32      605D0085 
  32      040022C6 
  32      131CC025 
  32      C3
  33 0011 011BC7DB 		.ascii	"\001\033\307\333j\370\377\317\274\217T\262\033\373\377"
  33      6AF8FFCF 
  33      BC8F54B2 
  33      1BFBFF
  34 0020 B36BDBB2 		.ascii	"\263k\333\262\001\331[J\231\002\037DU\264Id\"\025\011"
  34      01D95B4A 
  34      99021F44 
  34      55B44964 
  34      221509
  35 0033 35AB16DD 		.ascii	"5\253\026\335;h Z\265\330\234H\243\346p\343;\032x\377"
  35      3B68205A 
  35      B5D89C48 
  35      A3E670E3 
  35      3B1A78FF 
  36 0047 9C06D75A 		.ascii	"\234\006\327Z\213x\244\205dQ\004\374!=$\213\002x\342"
  36      8B78A485 
  36      645104FC 
  36      213D248B 
  36      0278E2
  37 005a 0D021B00 		.ascii	"\015\002\033\000\301\352\010p\000\302\011\241\003\354"
  37      C1EA0870 
  37      00C209A1 
  37      03EC
  38 0068 F5C37012 		.ascii	"\365\303p\022\302\000\203 `\240\032\260\302\017\037"
  38      C2008320 
  38      60A01AB0 
  38      C20F1F
  39 0077 87E98BD5 		.ascii	"\207\351\213\325\022X\017(\023\202\2032ET\025\244%\012"
  39      12580F28 
  39      13828332 
  39      455415A4 
  39      250A
  40 0089 AAE05675 		.ascii	"\252\340Vu\310\324\261J\2637\345`f(\005p\003"
  40      C8D4B14A 
  40      B337E560 
  40      66280570 
  40      03
  41              		.text
  42              		.section	.gnu.lto_.jmpfuncs.83ad2513,"e",%progbits
  43 0000 28B52FFD 		.ascii	"(\265/\375 <m\001\000$\0020\000\006\000\000\000\001"
  43      203C6D01 
  43      00240230 
  43      00060000 
  43      0001
  44 0012 0201010F 		.ascii	"\002\001\001\017\177\002\005\177\002\005\002\001\001"
ARM GAS  C:\Users\PUBLIC~1.LAP\AppData\Local\Temp\ccPLKM5P.s 			page 3


  44      7F02057F 
  44      02050201 
  44      01
  45 001f 037F0205 		.ascii	"\003\177\002\005\003\004\005\001\001\003\177\002\005"
  45      03040501 
  45      01037F02 
  45      05
  46 002c 00030060 		.ascii	"\000\003\000`\2105w\333\000\026"
  46      883577DB 
  46      0016
  47              		.text
  48              		.section	.gnu.lto_.pureconst.83ad2513,"e",%progbits
  49 0000 28B52FFD 		.ascii	"(\265/\375 \027\271\000\000\023\000\000\000\006\000"
  49      2017B900 
  49      00130000 
  49      000600
  50 000f 9A04019A 		.ascii	"\232\004\001\232\004\002\232\004\003\232\004\004\232"
  50      04029A04 
  50      039A0404 
  50      9A
  51 001c 04059A04 		.ascii	"\004\005\232\004"
  52              		.text
  53              		.section	.gnu.lto_.ipa_modref.83ad2513,"e",%progbits
  54 0000 28B52FFD 		.ascii	"(\265/\375 y\025\002\000t\002m\000\006\000\001\002\006"
  54      20791502 
  54      0074026D 
  54      00060001 
  54      0206
  55 0012 00010207 		.ascii	"\000\001\002\007\001\000\000\001\002\010\000\001\002"
  55      01000001 
  55      02080001 
  55      02
  56 001f 09010000 		.ascii	"\011\001\000\000\006\001\000\001\002\010\002\003\002"
  56      06010001 
  56      02080203 
  56      02
  57 002c BC060A04 		.ascii	"\274\006\012\004\005\000\013\0005\011@9!\220\000u 0"
  57      05000B00 
  57      35094039 
  57      21900075 
  57      2030
  58 003e A18804C7 		.ascii	"\241\210\004\307b\206\013N\000\3336\320\006"
  58      62860B4E 
  58      00DB36D0 
  58      06
  59              		.text
  60              		.section	.gnu.lto_.lto.83ad2513,"e",%progbits
  61 0000 0C000000 		.ascii	"\014\000\000\000\001\000\001\000"
  61      01000100 
  62              		.text
  63              		.section	.gnu.lto_nvicInit.312.83ad2513,"e",%progbits
  64 0000 28B52FFD 		.ascii	"(\265/\375`\247\001U\020\000\246]mH\340\262(\035\223"
  64      60A70155 
  64      1000A65D 
  64      6D48E0B2 
  64      281D93
  65 0013 7BC1ACE0 		.ascii	"{\301\254\340;\334d1\356\243\206\014\000?\331\326\253"
ARM GAS  C:\Users\PUBLIC~1.LAP\AppData\Local\Temp\ccPLKM5P.s 			page 4


  65      3BDC6431 
  65      EEA3860C 
  65      003FD9D6 
  65      AB
  66 0024 750AC3E0 		.ascii	"u\012\303\340\376\026\256\206\342X\272PV?\352\253\210"
  66      FE16AE86 
  66      E258BA50 
  66      563FEAAB 
  66      88
  67 0035 77BC7CF5 		.ascii	"w\274|\365=\353\344\024\355\320\320\246\206{&9\3634"
  67      3DEBE414 
  67      EDD0D0A6 
  67      867B2639 
  67      F334
  68 0047 87B8B008 		.ascii	"\207\270\260\010\016\004\316A\356\244\221M\366N)T\000"
  68      0E04CE41 
  68      EEA4914D 
  68      F64E2954 
  68      00
  69 0058 55005B00 		.ascii	"U\000[\000\337\253\367\001\337\253[v\217\223\027\226"
  69      DFABF701 
  69      DFAB5B76 
  69      8F931796 
  70 0068 078E9CA0 		.ascii	"\007\216\234\240\335\015i\013\203\367\310\333\233\255"
  70      DD0D690B 
  70      83F7C8DB 
  70      9BAD
  71 0076 578FCE96 		.ascii	"W\217\316\226o{\002\025@b\243\353\325\023\301``\210"
  71      6F7B0215 
  71      4062A3EB 
  71      D513C160 
  71      6088
  72 0088 8C308F24 		.ascii	"\2140\217$\364\323s\334\347\211\3615\275\030\262\323"
  72      F4D373DC 
  72      E789F135 
  72      BD18B2D3 
  73 0098 E3BE6056 		.ascii	"\343\276`V\306F\331\247H\302\356z\306\306\024\367w\333"
  73      C646D9A7 
  73      48C2EE7A 
  73      C6C614F7 
  73      77DB
  74 00aa 29DB15EC 		.ascii	")\333\025\354\357\002w\371(N\216\033\\n\016\331\244"
  74      EF0277F9 
  74      284E8E1B 
  74      5C6E0ED9 
  74      A4
  75 00bb 6B529A7D 		.ascii	"kR\232}\322\214\320\217\251\214-z\355\366~\273\017\202"
  75      D28CD08F 
  75      A98C2D7A 
  75      EDF67EBB 
  75      0F82
  76 00cd 3F742F0E 		.ascii	"?t/\016\224\2730\245\220\365\251=5\277\375\265O\373"
  76      94BB30A5 
  76      90F5A93D 
  76      35BFFDB5 
  76      4FFB
  77 00df F665F8B8 		.ascii	"\366e\370\270[L\246\306\004|\375m\016\340\333\374\246"
ARM GAS  C:\Users\PUBLIC~1.LAP\AppData\Local\Temp\ccPLKM5P.s 			page 5


  77      5B4CA6C6 
  77      047CFD6D 
  77      0EE0DBFC 
  77      A6
  78 00f0 F51A0B74 		.ascii	"\365\032\013t\241\0301\361\242\371\331%\031\274\232"
  78      A11831F1 
  78      A2F9D925 
  78      19BC9A
  79 00ff 02F88AE0 		.ascii	"\002\370\212\340\005\002TD/\233\225%V\274\346\220_\343"
  79      05025444 
  79      2F9B9525 
  79      56BCE690 
  79      5FE3
  80 0111 37C4DBA8 		.ascii	"7\304\333\250<\272 \240\221\262,\313\263>\333#\276\323"
  80      3CBA20A0 
  80      91B22CCB 
  80      B33EDB23 
  80      BED3
  81 0123 81C06E37 		.ascii	"\201\300n7\206d\243\256\243\002wcF9\247\341A\300.\267"
  81      8664A3AE 
  81      A3027763 
  81      4639A7E1 
  81      41C02EB7 
  82 0137 5FADBED7 		.ascii	"_\255\276\327\343\256\200Gg\003\224\233C\224\356\350"
  82      E3AE8047 
  82      6703949B 
  82      4394EEE8 
  83 0147 808D94D2 		.ascii	"\200\215\224\322\314\362\\\010p\227\305\310'\217\323"
  83      CCF25C08 
  83      7097C5C8 
  83      278FD3
  84 0156 626086E6 		.ascii	"b`\206\346Ud_\344\336%\342S\267\251\201I\004\221\012"
  84      55645FE4 
  84      DE25E253 
  84      B7A98149 
  84      04910A
  85 0169 459C949C 		.ascii	"E\234\224\234`\230\020\246T(\224\312\024\256V>\250T"
  85      609810A6 
  85      542894CA 
  85      14AE563E 
  85      A854
  86 017b C2149453 		.ascii	"\302\024\224S\270R\205\031,\210\033\304SIi\364\300\201"
  86      B8528519 
  86      2C881BC4 
  86      534969F4 
  86      C081
  87 018d 0A8AC34A 		.ascii	"\012\212\303J\251\345\304\"\246h@!!)A0\211@\356m\007"
  87      A9E5C422 
  87      A6684021 
  87      21294130 
  87      8940EE6D 
  88 01a2 7586F8BC 		.ascii	"u\206\370\274\320\227Ji\006\340\202\212h\235M\307<z"
  88      D0974A69 
  88      06E0828A 
  88      689D4DC7 
  88      3C7A
  89 01b4 7A1F3376 		.ascii	"z\0373v\220\230A\356\355\356z?\353{# \240\202\0312\272"
ARM GAS  C:\Users\PUBLIC~1.LAP\AppData\Local\Temp\ccPLKM5P.s 			page 6


  89      909841EE 
  89      EDEE7A3F 
  89      EB7B2320 
  89      A0821932 
  90 01c9 0121908F 		.ascii	"\001!\220\217u\304,2\366\250H}\372\230P\243\032l\272"
  90      75C42C32 
  90      F6A8487D 
  90      FA9850A3 
  90      1A6CBA
  91 01dc DD857031 		.ascii	"\335\205p1}\004\004N\015\012\355\361\266d\011$z\035"
  91      7D04044E 
  91      0D0AEDF1 
  91      B6640924 
  91      7A1D
  92 01ee B31C6EF0 		.ascii	"\263\034n\360{\373\214\035_W\342R[\002\355\211\356`"
  92      7BFB8C1D 
  92      5F57E252 
  92      5B02ED89 
  92      EE60
  93 0200 26DD0902 		.ascii	"&\335\011\002C\031\331b)\202m\241\022\277O\"\235K<\001"
  93      4319D962 
  93      29826DA1 
  93      12BF4F22 
  93      9D4B3C01 
  94              		.text
  95              		.section	.gnu.lto_nvicEnableVector.313.83ad2513,"e",%progbits
  96 0000 28B52FFD 		.ascii	"(\265/\375`>\001\225\015\000\366\230[D\000\223\223\016"
  96      603E0195 
  96      0D00F698 
  96      5B440093 
  96      930E
  97 0012 646B4223 		.ascii	"dkB#\220\360\227\207\250_\246\254\204\345\332/\274\223"
  97      90F09787 
  97      A85FA6AC 
  97      84E5DA2F 
  97      BC93
  98 0024 B606EAE8 		.ascii	"\266\006\352\350\223\321\220]\202\267(N=\330k\331\310"
  98      93D1905D 
  98      82B7284E 
  98      3DD86BD9 
  98      C8
  99 0035 0295171B 		.ascii	"\002\225\027\033\"\322\306/\360\344\316\202\337\257"
  99      22D2C62F 
  99      F0E4CE82 
  99      DFAF
 100 0043 06C8687F 		.ascii	"\006\310h\177\222\374\352/a\004\355\275\245L)D\000?"
 100      92FCEA2F 
 100      6104EDBD 
 100      A54C2944 
 100      003F
 101 0055 00480069 		.ascii	"\000H\000i_\305W\240^\003\302\236]\326\315\214]\016"
 101      5FC557A0 
 101      5E03C29E 
 101      5DD6CD8C 
 101      5D0E
 102 0067 81236087 		.ascii	"\201#`\207\006N \036\276\017\210\207F\331;\316UX\034"
 102      064E201E 
ARM GAS  C:\Users\PUBLIC~1.LAP\AppData\Local\Temp\ccPLKM5P.s 			page 7


 102      BE0F8887 
 102      46D93BCE 
 102      55581C
 103 007a 3A42FCD8 		.ascii	":B\374\330\335LM\034\365D\371gq\317\012\246\345\011"
 103      DD4C4D1C 
 103      F544F967 
 103      71CF0AA6 
 103      E509
 104 008c F260779D 		.ascii	"\362`w\235+\230\021\267\336\266\210\355\011\366m\002"
 104      2B9811B7 
 104      DEB688ED 
 104      09F66D02 
 105 009c D7D4AB5E 		.ascii	"\327\324\253^.\3319\352\025\203L\217\227.\225\235\315"
 105      2ED939EA 
 105      15834C8F 
 105      972E959D 
 105      CD
 106 00ad B5A496B0 		.ascii	"\265\244\226\260\377Vi\354\327\374\330Y\177|i\250\351"
 106      FF5669EC 
 106      D7FCD859 
 106      7F7C69A8 
 106      E9
 107 00be A769CD74 		.ascii	"\247i\315tf\372\001Dx<\207kW\304\316kq \215\024\266"
 107      66FA0144 
 107      783C876B 
 107      57C4CE6B 
 107      71208D14 
 108 00d3 0FC066D9 		.ascii	"\017\300f\3310\301\016\375!9\332o8\250\014\325CU\037"
 108      30C10EFD 
 108      2139DA6F 
 108      38A80CD5 
 108      43551F
 109 00e6 AA17C4F4 		.ascii	"\252\027\304\364i\272T]\201\037\210\230\252>Ff\347%"
 109      69BA545D 
 109      811F8898 
 109      AA3E4666 
 109      E725
 110 00f8 26D5F6E8 		.ascii	"&\325\366\350.D!'vg\030\330\333[\035\260\335\031\022"
 110      2E442127 
 110      766718D8 
 110      DB5B1DB0 
 110      DD1912
 111 010b EE2D4C9A 		.ascii	"\356-L\232\203\342P\300\272\264\366\247x\212\207\351"
 111      83E250C0 
 111      BAB4F6A7 
 111      788A87E9 
 112 011b 5AE9B4B2 		.ascii	"Z\351\264\262\363\273k\304\233V\"\275\321\015J\000\322"
 112      F3BB6BC4 
 112      9B5622BD 
 112      D10D4A00 
 112      D2
 113 012c 58469987 		.ascii	"XF\231\207\223\222\023\013\020\262\321&\022m\240\314"
 113      9392130B 
 113      10B2D126 
 113      126DA0CC 
 114 013c B452DA48 		.ascii	"\264R\332H\231\012J(3m\331\005\012\232\006-T\362!Y\240"
 114      990A4A28 
ARM GAS  C:\Users\PUBLIC~1.LAP\AppData\Local\Temp\ccPLKM5P.s 			page 8


 114      336DD905 
 114      0A9A062D 
 114      54F22159 
 115 0151 80244A59 		.ascii	"\200$JY\371|\010\2354\225\014(##\237\006&\016\270\375"
 115      F97C089D 
 115      34950C28 
 115      23239F06 
 115      260EB8FD 
 116 0165 5BA5B184 		.ascii	"[\245\261\204\0338)M\305H9\214\022\011\233\225N\213"
 116      1B38294D 
 116      C548398C 
 116      12099B95 
 116      4E8B
 117 0177 E52F3604 		.ascii	"\345/6\004\033\0002\241\251/0.\030 \027\024\343j\325"
 117      1B0032A1 
 117      A92F302E 
 117      18201714 
 117      E36AD5
 118 018a 11188055 		.ascii	"\021\030\200U\000#j(\254\207\0312\243h\342\2468\270"
 118      00236A28 
 118      AC871932 
 118      A368E2A6 
 118      38B8
 119 019c 9A505A38 		.ascii	"\232PZ8\006O@\375\307\344\307\004\355\232h;\013\273"
 119      064F40FD 
 119      C7E4C704 
 119      ED9A683B 
 119      0BBB
 120 01ae 0AC30123 		.ascii	"\012\303\001#`\334\0025E\334\341E;\311"
 120      60DC0235 
 120      45DCE145 
 120      3BC9
 121              		.text
 122              		.section	.gnu.lto_nvicDisableVector.314.83ad2513,"e",%progbits
 123 0000 28B52FFD 		.ascii	"(\265/\375`\365\0005\014\000f\326SA\000S\225\016\304"
 123      60F50035 
 123      0C0066D6 
 123      53410053 
 123      950EC4
 124 0013 F39E4086 		.ascii	"\363\236@\206\276w5\022\253\204-\242\215\342\263\324"
 124      BE773512 
 124      AB842DA2 
 124      8DE2B3D4 
 125 0023 C72809C5 		.ascii	"\307(\011\305'\030\240\277\235\335,\334.\274\357\360"
 125      2718A0BF 
 125      9DDD2CDC 
 125      2EBCEFF0 
 126 0033 E47C80C3 		.ascii	"\344|\200\303\025\237e\341\202e7\253\031\215#\014es"
 126      159F65E1 
 126      826537AB 
 126      198D230C 
 126      6573
 127 0045 80965554 		.ascii	"\200\226UT\010\222M\344N)=\000>\000C\000\"\\\331\215"
 127      08924DE4 
 127      4E293D00 
 127      3E004300 
 127      225CD98D 
ARM GAS  C:\Users\PUBLIC~1.LAP\AppData\Local\Temp\ccPLKM5P.s 			page 9


 128 0059 21926357 		.ascii	"!\222cWT\340\011\224O\003'\300}n\037\300}:\264\201\\"
 128      54E00994 
 128      4F0327C0 
 128      7D6E1FC0 
 128      7D3AB481 
 129 006e BCB03D46 		.ascii	"\274\260=F\032%\273\333\251\212\207\227\241\177\030"
 129      1A25BBDB 
 129      A98A8797 
 129      A17F18
 130 007d AFB45CA9 		.ascii	"\257\264\\\251K\000\021v\327\262\345*q\353m\037\260"
 130      4B001176 
 130      D7B2E52A 
 130      71EB6D1F 
 130      B0
 131 008e 9DB1BF0A 		.ascii	"\235\261\277\012\334\246R\345\016\326X\340\011\270M"
 131      DCA652E5 
 131      0ED658E0 
 131      09B84D
 132 009d AF7F9D38 		.ascii	"\257\177\2358\031\361Z\311\321\026SRS\330\337Vc\366"
 132      19F15AC9 
 132      D1165352 
 132      53D8DF56 
 132      63F6
 133 00af 67FFA6D2 		.ascii	"g\377\246\322*\245\245\224~\005\201\211\373\370\261"
 133      2AA5A594 
 133      7E058189 
 133      FBF8B1
 134 00be 4BE2C464 		.ascii	"K\342\304dG\246\016\026\001l_\332w\361\027\341g\001"
 134      47A60E16 
 134      016C5FDA 
 134      77F117E1 
 134      6701
 135 00d0 A78B70B0 		.ascii	"\247\213p\260\310\274\337\3500Q\324J\204\324\276\327"
 135      C8BCDFE8 
 135      3051D44A 
 135      84D4BED7 
 136 00e0 18C96CA8 		.ascii	"\030\311l\250\332\016\361\031\240\205d\027\346\300\366"
 136      DA0EF119 
 136      A0856417 
 136      E6C0F6
 137 00ef 701A89B2 		.ascii	"p\032\211\262\013\303\210\227aR\222\025\237\002vE\333"
 137      0BC38897 
 137      61529215 
 137      9F027645 
 137      DB
 138 0100 A38EE23E 		.ascii	"\243\216\342>\025G+\010M\216\276^U\207\260L\346\315"
 138      15472B08 
 138      4D8EBE5E 
 138      5587B04C 
 138      E6CD
 139 0112 23A1BBB3 		.ascii	"#\241\273\263\240\343\235B\335\007MF\203AB\027\002\277"
 139      A0E39D42 
 139      DD074D46 
 139      83414217 
 139      02BF
 140 0124 0FEC74A4 		.ascii	"\017\354t\244\322\010\024u \316\247#\201]\006\013\336"
 140      D2081475 
ARM GAS  C:\Users\PUBLIC~1.LAP\AppData\Local\Temp\ccPLKM5P.s 			page 10


 140      20CEA723 
 140      815D060B 
 140      DE
 141 0135 06EF93D9 		.ascii	"\006\357\223\331`\0320\020}\236\322\006\304\307\344"
 141      601A3010 
 141      7D9ED206 
 141      C4C7E4
 142 0144 8134702E 		.ascii	"\2014p.\227\315\003\012\020\304\375\266\032s\205\026"
 142      97CD030A 
 142      10C4FDB6 
 142      1A738516 
 143 0154 232A55D9 		.ascii	"#*U\331\367p\266\003\025\0002\241G/p\\`` @)0\014\024"
 143      F770B603 
 143      150032A1 
 143      472F705C 
 143      60602040 
 144 016c EE6A751A 		.ascii	"\356ju\032\0011\217\301\363[W3\266dZA\323\376\232\226"
 144      01318FC1 
 144      F35B5733 
 144      B6645A41 
 144      D3FE9A96 
 145 0180 B9863762 		.ascii	"\271\2067b\342]\002 VS\304\035^\264\223\014"
 145      E25D0220 
 145      5653C41D 
 145      5EB4930C 
 146              		.text
 147              		.section	.gnu.lto_nvicSetSystemHandlerPriority.315.83ad2513,"e",%progbits
 148 0000 28B52FFD 		.ascii	"(\265/\375`\235\000M\013\000\206\025QC m\225\016,D9"
 148      609D004D 
 148      0B008615 
 148      5143206D 
 148      950E2C44 
 149 0015 882626AC 		.ascii	"\210&&\254\354l\210\262\333\220\260#A\022X!\001 \213"
 149      EC6C88B2 
 149      DB90B023 
 149      41125821 
 149      01208B
 150 0028 3094FE86 		.ascii	"0\224\376\206\306\007W\264\243\254E\221\320\256 \201"
 150      C60757B4 
 150      A3AC4591 
 150      D0AE2081 
 151 0038 F486FE0E 		.ascii	"\364\206\376\016\324\340\251\265\024\305'\273\242\230"
 151      D4E0A9B5 
 151      14C527BB 
 151      A298
 152 0046 C6B5B71E 		.ascii	"\306\265\267\036\355\355\223\275\367N):\000:\000=\000"
 152      EDED93BD 
 152      F74E293A 
 152      003A003D 
 152      00
 153 0057 4B13C161 		.ascii	"K\023\301aW\354\260I\345\365r\015\356\225>\203{uh\233"
 153      57ECB049 
 153      E5F5720D 
 153      EE953E83 
 153      7B75689B 
 154 006b B8286047 		.ascii	"\270(`Gx\320\220bw\273\031\341\341e\350\377\302-\256"
 154      78D09062 
ARM GAS  C:\Users\PUBLIC~1.LAP\AppData\Local\Temp\ccPLKM5P.s 			page 11


 154      77BB19E1 
 154      E165E8FF 
 154      C22DAE
 155 007e D7EA9242 		.ascii	"\327\352\222B\262\273\226\256\327\203{\3366\207m\000"
 155      B2BB96AE 
 155      D7837BDE 
 155      36876D00 
 156 008e F62F0112 		.ascii	"\366/\001\022J4\030Yr\264\305\225\234\020\354\323\235"
 156      4A341859 
 156      72B4C595 
 156      9C10ECD3 
 156      9D
 157 009f 315B4A57 		.ascii	"1[JW)M?\373\347i\377)\364\303\211\015\022\273\016V\334"
 157      294D3FFB 
 157      E769FF29 
 157      F4C3890D 
 157      12BB0E56 
 158 00b4 D6563B50 		.ascii	"\326V;P\260}\013\2336n*\257\276\264_\341\026\302\317"
 158      B07D0B9B 
 158      366E2AAF 
 158      BEB45FE1 
 158      16C2CF
 159 00c7 16D8B201 		.ascii	"\026\330\262\001*l\254\311r\235\266S\317\200\000C\266"
 159      2A6CACC9 
 159      729DB653 
 159      CF800043 
 159      B6
 160 00d8 0B0BB14D 		.ascii	"\013\013\261M\257\241*\273\260\214x\014\012\246lw?\341"
 160      AFA12ABB 
 160      B08C780C 
 160      0AA66C77 
 160      3FE1
 161 00ea F5625B20 		.ascii	"\365b[ \366*N\305\275\316\015.\02459\232\336!8:\353"
 161      F62A4EC5 
 161      BDCE0D2E 
 161      1435399A 
 161      DE21383A 
 162 00ff 3C835B4B 		.ascii	"<\203[K\216\376\244\363\024\340W\"\321\022(t`\344\361"
 162      8EFEA4F3 
 162      14E05722 
 162      D1122874 
 162      60E4F1
 163 0112 28FE787C 		.ascii	"(\376x|\276\004\243.\305\321p\006\224t#P$\002?\235\351"
 163      BE04A32E 
 163      C5D17006 
 163      94742350 
 163      24023F9D 
 164 0127 5402495D 		.ascii	"T\002I]\310\343u&\260#\020\3403\360y\232N\006\344\203"
 164      C8E37526 
 164      B02310E0 
 164      33F0799A 
 164      4E06E483 
 165 013b 24029D3A 		.ascii	"$\002\235:*\017\365\205\012x0\230\216\310\311\210\270"
 165      2A0FF585 
 165      0A783098 
 165      8EC8C988 
 165      B8
ARM GAS  C:\Users\PUBLIC~1.LAP\AppData\Local\Temp\ccPLKM5P.s 			page 12


 166 014c A73B63DE 		.ascii	"\247;c\336\004\015\0002Cg\025X\270xy\202q\362BqM\324"
 166      040D0032 
 166      43671558 
 166      B8787982 
 166      71F24271 
 167 0162 CB82AEC2 		.ascii	"\313\202\256\302p\300\010\030\267@M\021wx\321N2"
 167      70C00818 
 167      B7404D11 
 167      7778D14E 
 167      32
 168              		.text
 169              		.section	.gnu.lto_nvicClearPending.316.83ad2513,"e",%progbits
 170 0000 28B52FFD 		.ascii	"(\265/\375`\230\000-\013\000\246UO=\0203T:\204J\005"
 170      6098002D 
 170      0B00A655 
 170      4F3D1033 
 170      543A844A 
 171 0015 0600C98F 		.ascii	"\006\000\311\217\310\004\010\233]\3334X-\001X\020CK"
 171      C804089B 
 171      5DDB3458 
 171      2D015810 
 171      434B
 172 0027 EBBDB535 		.ascii	"\353\275\2655\274]\264Vh\032s\2741\230\352:(\300\254"
 172      BC5DB456 
 172      681A73BC 
 172      3198EA3A 
 172      28C0AC
 173 003a 418A6995 		.ascii	"A\212i\225\216\272\264\000+\316\210ed\023)S\012;\000"
 173      8EBAB400 
 173      2BCE8865 
 173      64132953 
 173      0A3B00
 174 004d 39003D00 		.ascii	"9\000=\000\2730j\330\330\005\033\330B\344\361\300\013"
 174      BB306AD8 
 174      D8051BD8 
 174      42E4F1C0 
 174      0B
 175 005e 6C8FDA09 		.ascii	"l\217\332\011l\217\376\354\037\0075,\017\0373\202\354"
 175      6C8FFEEC 
 175      1F07352C 
 175      0F1F3382 
 175      EC
 176 006f 2EA72AFE 		.ascii	".\247*\376=?\377/.I\251HO\000\024v\327\231R\231\270"
 176      3D3FFF2F 
 176      2E49A948 
 176      4F001476 
 176      D7995299 
 177 0084 F5B611D8 		.ascii	"\365\266\021\330\256\330W\020_\260E\275\376D+\004\205"
 177      AED85710 
 177      5FB045BD 
 177      FE442B04 
 177      85
 178 0095 C294A10D 		.ascii	"\302\224\241\015\222RS\330\327VY\366]\177\314\264\226"
 178      925253D8 
 178      D75659F6 
 178      5D7FCCB4 
 178      96
ARM GAS  C:\Users\PUBLIC~1.LAP\AppData\Local\Temp\ccPLKM5P.s 			page 13


 179 00a6 69D57466 		.ascii	"i\325tf\372\221\0049\336c\307n\211\220\331\302\342\215"
 179      FA910439 
 179      DE63C76E 
 179      8990D9C2 
 179      E28D
 180 00b8 15016C3F 		.ascii	"\025\001l?\355\267\270\213\357.\022\226\004\036\375"
 180      EDB7B88B 
 180      EF2E1296 
 180      041EFD
 181 00c7 E50D90ED 		.ascii	"\345\015\220\355\256\"\330 .\343\023\331]Qb\034\014"
 181      AE22D820 
 181      2EE313D9 
 181      5D51621C 
 181      0C
 182 00d8 A9ACF528 		.ascii	"\251\254\365(`M\257\275\350\242\355Qi\244\200\2742t"
 182      604DAFBD 
 182      E8A2ED51 
 182      69A480BC 
 182      3274
 183 00ea AAA61A43 		.ascii	"\252\246\032C\205\245\014\035o\035[T\325\304q\012\257"
 183      85A50C1D 
 183      6F1D5B54 
 183      D5C4710A 
 183      AF
 184 00fb 0C9EAAB1 		.ascii	"\014\236\252\261\323\314@\235;\343 \323\211\350p#K\305"
 184      D3CC409D 
 184      3BE320D3 
 184      89E87023 
 184      4BC5
 185 010d B2A102D7 		.ascii	"\262\241\002\327\3618\034/\303}@!<\017\267\301h\270"
 185      F1381C2F 
 185      C37D4021 
 185      3C0FB7C1 
 185      68B8
 186 011f 8FC771C8 		.ascii	"\217\307q\310\320y\3504\225\013\005\302\003\017\347"
 186      D079E834 
 186      950B05C2 
 186      030FE7
 187 012e 03E83242 		.ascii	"\003\3502B\023\3526\0350\223\311E\302\205\011\340^["
 187      13EA361D 
 187      3093C945 
 187      C28509E0 
 187      5E5B
 188 0140 6519030B 		.ascii	"e\031\003\013XIK\326\324\016\016\0002Cg\025X\270x<Q"
 188      58494BD6 
 188      D40E0E00 
 188      32436715 
 188      58B8783C 
 189 0155 E81FC842 		.ascii	"\350\037\310B\023/f\2405\003s\015O\305D\271\004K\254"
 189      132F66A0 
 189      3503730D 
 189      4FC544B9 
 189      044BAC
 190 0168 A6883BBC 		.ascii	"\246\210;\274h'\031"
 190      682719
 191              		.text
 192              		.section	.gnu.lto_nvicSetPending.317.83ad2513,"e",%progbits
ARM GAS  C:\Users\PUBLIC~1.LAP\AppData\Local\Temp\ccPLKM5P.s 			page 14


 193 0000 28B52FFD 		.ascii	"(\265/\375`\230\0005\013\000\246\225O>\000S\225\016"
 193      60980035 
 193      0B00A695 
 193      4F3E0053 
 193      950E
 194 0012 C47FAA04 		.ascii	"\304\177\252\004\224\320\322\332\371(\320\201\346~B"
 194      94D0D2DA 
 194      F928D081 
 194      E67E42
 195 0021 3D0A0ACA 		.ascii	"=\012\012\312w\377\241\270\204\337>,>\3343<o\005\362"
 195      77FFA1B8 
 195      84DF3E2C 
 195      3EDC333C 
 195      6F05F2
 196 0034 213ECBC2 		.ascii	"!>\313\302\005\330oV3\032G\260\245\213\003\264t] F6"
 196      05D86F56 
 196      331A47B0 
 196      A58B03B4 
 196      745D2046 
 197 0049 9132A53B 		.ascii	"\2212\245;\0009\000=\000\2731d\344\330\005\033\330B"
 197      0039003D 
 197      00BB3164 
 197      E4D8051B 
 197      D842
 198 005b E4F1C00B 		.ascii	"\344\361\300\013l\217\332\011l\217\376\354\331A\015"
 198      6C8FDA09 
 198      6C8FFEEC 
 198      D9410D
 199 006a CBC3470D 		.ascii	"\313\303G\015 \273\313\251\212\177\317\317?\214KR*\322"
 199      20BBCBA9 
 199      8A7FCFCF 
 199      3F8C4B52 
 199      2AD2
 200 007c 130085DD 		.ascii	"\023\000\205\335u\246T&n\275m\004\266+\366\025\004_"
 200      75A65426 
 200      6EBD6D04 
 200      B62BF615 
 200      045F
 201 008e B045BDFE 		.ascii	"\260E\275\376\004\013\034(\024\246\014m\220\224\232"
 201      040B1C28 
 201      14A60C6D 
 201      90949A
 202 009d C2BEB6CA 		.ascii	"\302\276\266\312\262\337\372c\246\265L\253\2463\323"
 202      B2DFFA63 
 202      A6B54CAB 
 202      A633D3
 203 00ac 8F2498BD 		.ascii	"\217$\230\275\307\215\335\022AB\026\026u\264\010`\373"
 203      C78DDD12 
 203      41421616 
 203      75B40860 
 203      FB
 204 00bd 69DFC55F 		.ascii	"i\337\305_|o\221\260$\036\335\345\015\220\355\256\""
 204      7C6F91B0 
 204      241EDDE5 
 204      0D90EDAE 
 204      22
 205 00ce D8204EE3 		.ascii	"\330 N\343\023\331]Qf\034\014\251l\305\243\2005\271"
ARM GAS  C:\Users\PUBLIC~1.LAP\AppData\Local\Temp\ccPLKM5P.s 			page 15


 205      13D95D51 
 205      661C0CA9 
 205      6CC5A380 
 205      35B9
 206 00e0 F6A28BB6 		.ascii	"\366\242\213\266G\265\221\372\341\312\320\251\232j\014"
 206      47B591FA 
 206      E1CAD0A9 
 206      9A6A0C
 207 00ef 15963274 		.ascii	"\025\2262t\274wlQU\363u\012\257\014\236\252\261S\210"
 207      BC776C51 
 207      55F3750A 
 207      AF0C9EAA 
 207      B15388
 208 0102 819D3BE3 		.ascii	"\201\235;\343 \323\211\350p#K\305\262\241\002\327\361"
 208      20D389E8 
 208      70234BC5 
 208      B2A102D7 
 208      F1
 209 0113 381C2FC3 		.ascii	"8\034/\303}@!<\017\267\301h\270\217\307q\310\320y\350"
 209      7D40213C 
 209      0FB7C168 
 209      B88FC771 
 209      C8D079E8 
 210 0127 34950B05 		.ascii	"4\225\013\005\302\003\017\347\003\3502B\023\3526\035"
 210      C2030FE7 
 210      03E83242 
 210      13EA361D 
 211 0137 3093C945 		.ascii	"0\223\311E\302\205\011\340^[e\031\303\013V\322\2225"
 211      C28509E0 
 211      5E5B6519 
 211      C30B56D2 
 211      9235
 212 0149 B5030E00 		.ascii	"\265\003\016\0002Cg\025X\270x<Q\350\037\310B\023/f\240"
 212      32436715 
 212      58B8783C 
 212      51E81FC8 
 212      42132F66 
 213 015e 3503730D 		.ascii	"5\003s\015O\305D\271\004K\254\246\210;\274h'\031"
 213      4FC544B9 
 213      044BACA6 
 213      883BBC68 
 213      2719
 214              		.text
 215              		.section	.gnu.lto_.symbol_nodes.83ad2513,"e",%progbits
 216 0000 28B52FFD 		.ascii	"(\265/\375 \2335\002\000D\003\227\000\000\000\000\002"
 216      209B3502 
 216      00440397 
 216      00000000 
 216      02
 217 0011 B8027F0B 		.ascii	"\270\002\177\013\360\372\2508\001\220\316\000\000\177"
 217      F0FAA838 
 217      0190CE00 
 217      007F
 218 001f 0000BA90 		.ascii	"\000\000\272\220\202\002\271\002\177\014\200\200\200"
 218      8202B902 
 218      7F0C8080 
 218      80
ARM GAS  C:\Users\PUBLIC~1.LAP\AppData\Local\Temp\ccPLKM5P.s 			page 16


 219 002c 8004BA02 		.ascii	"\200\004\272\002\177\015\273\002\177\016\274\002\177"
 219      7F0DBB02 
 219      7F0EBC02 
 219      7F
 220 0039 0FBD027F 		.ascii	"\017\275\002\177\020\000\006\000\200&\340#\340#\340"
 220      10000600 
 220      8026E023 
 220      E023E0
 221 0048 233CF1B8 		.ascii	"#<\361\270\301\034\003"
 221      C11C03
 222              		.text
 223              		.section	.gnu.lto_.refs.83ad2513,"e",%progbits
 224 0000 28B52FFD 		.ascii	"(\265/\375 \005)\000\000\001\000\000\000\000"
 224      20052900 
 224      00010000 
 224      0000
 225              		.text
 226              		.section	.gnu.lto_.decls.83ad2513,"e",%progbits
 227 0000 28B52FFD 		.ascii	"(\265/\375`j\021\235O\000Z\2058\035RP\016R\352\371\030"
 227      606A119D 
 227      4F005A85 
 227      381D5250 
 227      0E52EAF9 
 228 0015 F77A6F1F 		.ascii	"\367zo\0373\177\374\301\324\037\363\363\343\246\343"
 228      337FFCC1 
 228      D41FF3F3 
 228      E3A6E3
 229 0024 2B9DC29E 		.ascii	"+\235\302\236>R\327\236\327\346\271\375B\025\331\335"
 229      3E52D79E 
 229      D7E6B9FD 
 229      4215D9DD 
 230 0034 4EF2AD69 		.ascii	"N\362\255i\301 F|\023P\357y2\346\304\025\316\234\332"
 230      C120467C 
 230      1350EF79 
 230      32E6C415 
 230      CE9CDA
 231 0047 8E9A75FC 		.ascii	"\216\232u\374\243G,\3576\200G\262\207\251a\343\206\006"
 231      A3472CEF 
 231      368047B2 
 231      87A961E3 
 231      8606
 232 0059 BC33976F 		.ascii	"\2743\227o\225$\245\024\233\001\267\001\267\001)\364"
 232      9524A514 
 232      9B01B701 
 232      B70129F4 
 233 0069 946E6B61 		.ascii	"\224nka\261\204u\301s\333U:\332b\035\232\215C\210\340"
 233      B18475C1 
 233      73DB553A 
 233      DA621D9A 
 233      8D4388E0 
 234 007d 5E91ECE5 		.ascii	"^\221\354\345zA\264\324\255\241]\316\353\016iS\361q"
 234      7A41B4D4 
 234      ADA15DCE 
 234      EB0E6953 
 234      F171
 235 008f AF0D99AA 		.ascii	"\257\015\231\252b\346\266\343\316\356M\247\337R\230"
 235      62E6B6E3 
ARM GAS  C:\Users\PUBLIC~1.LAP\AppData\Local\Temp\ccPLKM5P.s 			page 17


 235      CEEE4DA7 
 235      DF5298
 236 009e 5BAD9D1C 		.ascii	"[\255\235\034e\300\230l@\3346\024\037w\024\233\033%"
 236      65C0986C 
 236      40DC3614 
 236      1F77149B 
 236      1B25
 237 00b0 C469711B 		.ascii	"\304iq\033\363\324d\267\265\276w\322\000\222\255\223"
 237      F3D464B7 
 237      B5BE77D2 
 237      0092AD93 
 238 00c0 CAC8B54E 		.ascii	"\312\310\265N\312\363P\264\036\224\257*\357\266\233"
 238      CAF350B4 
 238      1E94AF2A 
 238      EFB69B
 239 00cf 6CB859F6 		.ascii	"l\270Y\366\320b\301-w\011\227\273\371\325c@\230\377"
 239      D062C12D 
 239      770997BB 
 239      F9D56340 
 239      98FF
 240 00e1 6E4BFAD9 		.ascii	"nK\372\331LZ\254\317\230;I\233\300v\375?\372\310\032"
 240      4C5AACCF 
 240      983B499B 
 240      C076FD3F 
 240      FAC81A
 241 00f4 49AF6633 		.ascii	"I\257f3\272~0\377\237\177\230\333\310Y\233\265\222^"
 241      BA7E30FF 
 241      9F7F98DB 
 241      C8599BB5 
 241      925E
 242 0106 CDFEA9AD 		.ascii	"\315\376\251\255\247+\004(\346\335?\333\207\015\037"
 242      A72B0428 
 242      E6DD3FDB 
 242      870D1F
 243 0115 3ED4C465 		.ascii	">\324\304e\375@r\355\337\266291\267\354\342r\264wR\232"
 243      FD4072ED 
 243      DFB63239 
 243      31B7ECE2 
 243      72B47752 
 244 012a 46C2ED74 		.ascii	"F\302\355t\345kh\253\033\\\034\270\275\311\340\302\231"
 244      E56B68AB 
 244      1B5C1CB8 
 244      BDC9E0C2 
 244      99
 245 013b 1338B73E 		.ascii	"\0238\267>\037w\231\316\314q\375\033\014y/T\201q\313"
 245      1F7799CE 
 245      CC71FD1B 
 245      0C792F54 
 245      8171CB
 246 014e 10DC06EB 		.ascii	"\020\334\006\353#-\326\323+\317\034\327\365\356?z#\343"
 246      232DD6D3 
 246      2BCF1CD7 
 246      F5EE3F7A 
 246      23E3
 247 0160 04B3B1BA 		.ascii	"\004\263\261\272e\024\227;\214\217\310^\004\313\\\356"
 247      6514973B 
 247      8C8FC85E 
ARM GAS  C:\Users\PUBLIC~1.LAP\AppData\Local\Temp\ccPLKM5P.s 			page 18


 247      04CB5CEE 
 248 0170 9EF4A67B 		.ascii	"\236\364\246{R\366{\333\213\271\213t\263\307\222)\377"
 248      52F67BDB 
 248      8BB98B74 
 248      B3C79229 
 248      FF
 249 0181 EE7FCDE9 		.ascii	"\356\177\315\3510T\212F\267\036z'\265\255\223\336\\"
 249      30548A46 
 249      B71E7A27 
 249      B5AD93DE 
 249      5C
 250 0192 E0654702 		.ascii	"\340eG\002\236av\"\346\376\361e\3668ff\223\301\205\271"
 250      9E617622 
 250      E6FEF165 
 250      F6386666 
 250      93C185B9 
 251 01a6 73769886 		.ascii	"sv\230\206\231\257D\300\314\00303\017\3330\273\025\346"
 251      99AF44C0 
 251      CC033033 
 251      0FDB30BB 
 251      15E6
 252 01b8 DEA96166 		.ascii	"\336\251af\27234\246av\024\230\373\002\346vbn\013\230"
 252      BA3334A6 
 252      61761498 
 252      FB02E676 
 252      626E0B98 
 253 01cc 5B067353 		.ascii	"[\006sS\300\334J\314\215\304\314f\314\275\201\231Wf"
 253      C0DC4ACC 
 253      8DC4CC66 
 253      CCBD8199 
 253      5766
 254 01de 6EC2CC65 		.ascii	"n\302\314e\314-dn\016\314-\0003\2431s\223\231s\230Y"
 254      CC2D646E 
 254      0ECC2D00 
 254      33A33173 
 254      93997398 
 255 01f3 8D9965F2 		.ascii	"\215\231e\362\362\362\362\230\033\311\354*\263\315\007"
 255      F2F2F298 
 255      1BC9EC2A 
 255      B3CD07
 256 0202 65DDD6C2 		.ascii	"e\335\326\302\352\011\331\234[\037\363\261\223\265\020"
 256      EA09D99C 
 256      5B1FF3B1 
 256      93B510
 257 0211 0D9836DC 		.ascii	"\015\2306\334f`\273\033\246\\v(\227=\355\366\234]\366"
 257      6660BB1B 
 257      A65C7628 
 257      973DEDF6 
 257      9C5DF6
 258 0224 2417C4D8 		.ascii	"$\027\304\330e\007\273\010\264N:\026\304+\012\323-;"
 258      6507BB08 
 258      B44E3A16 
 258      C42B0AD3 
 258      2D3B
 259 0236 1167467D 		.ascii	"\021gF}\010\031s\033\302\307>$Fk\004)\251\346\345u%"
 259      0819731B 
 259      C2C73E24 
ARM GAS  C:\Users\PUBLIC~1.LAP\AppData\Local\Temp\ccPLKM5P.s 			page 19


 259      466B0429 
 259      A9E6E575 
 260 024b E1B2332F 		.ascii	"\341\2623/\233\265N:V\344\301%\207[v \314\356\303?H"
 260      9BB54E3A 
 260      56E4C125 
 260      875B7620 
 260      CCEEC33F 
 261 0260 B5A07878 		.ascii	"\265\240xx\271u\020|\354?h\244\206\270e\340\266\347"
 261      B975107C 
 261      EC3F68A4 
 261      86B865E0 
 261      B6E7
 262 0272 5CB771A0 		.ascii	"\\\267q\240\255\223\216\271RC\272\002\036\024\314\007"
 262      AD938EB9 
 262      5243BA02 
 262      1E14CC07 
 263 0282 975D8BD9 		.ascii	"\227]\213\331yx\0071w\035@\325\334v\021\037\273\262"
 263      79780731 
 263      771D40D5 
 263      DC76111F 
 263      BBB2
 264 0294 F7CC8B8B 		.ascii	"\367\314\213\213r\333\312F\372\216\016\030\266\276\336"
 264      72DBCA46 
 264      FA8E0E18 
 264      B6BEDE
 265 02a3 3C702CD7 		.ascii	"<p,\327\201\024\006\302\026\267~5S\344\255\313\017\267"
 265      811406C2 
 265      16B77E35 
 265      53E4ADCB 
 265      0FB7
 266 02b5 EC59F785 		.ascii	"\354Y\367\205\274\306\373r!\014\330\012-\027\226\346"
 266      BCC6FB72 
 266      210CD80A 
 266      2D1796E6 
 267 02c5 561ED54A 		.ascii	"V\036\325Jh\2168\017\305d\011\363\237\215\231=\003\247"
 267      688E380F 
 267      C56409F3 
 267      9F8D993D 
 267      03A7
 268 02d7 721B2EE5 		.ascii	"r\033.\345\0328\016\337\300sx\322k\370\015\237\362\252"
 268      1A380EDF 
 268      C07378D2 
 268      6BF80D9F 
 268      F2AA
 269 02e9 16732B66 		.ascii	"\026s+f\207r$\015!'\270U?i)J\276h\304\356\356\310\321"
 269      8772240D 
 269      2127B855 
 269      3F69294A 
 269      BE68C4EE 
 270 0300 AD1C83AE 		.ascii	"\255\034\203\256\24396Qp\253V\241\335h\212f\314\177"
 270      A3393651 
 270      70AB56A1 
 270      DD688A66 
 270      CC7F
 271 0312 2DFE6932 		.ascii	"-\376i2\021\334\350V\376\324x^X\334\252\337\032\216"
 271      11DCE856 
 271      FED4785E 
ARM GAS  C:\Users\PUBLIC~1.LAP\AppData\Local\Temp\ccPLKM5P.s 			page 20


 271      58DCAADF 
 271      1A8E
 272 0324 E688F3CF 		.ascii	"\346\210\363\317%\266\341C\252\325\324:\302c\331s\334"
 272      25B6E143 
 272      AAD5D43A 
 272      C263D973 
 272      DC
 273 0335 8E2A7B27 		.ascii	"\216*{'\3459V]v\033\267\337\217\267\225y\327\337\356"
 273      E539565D 
 273      761BB7DF 
 273      8FB79579 
 273      D7DFEE
 274 0348 BA52EEF6 		.ascii	"\272R\356\366\032\217\271[h/\367\255h\005\003\267\375"
 274      1A8FB95B 
 274      682FF7AD 
 274      680503B7 
 274      FD
 275 0359 C5C70DE6 		.ascii	"\305\307\015\346\216\360\224d\315\255\006,7\345\236"
 275      8EF09464 
 275      CDAD062C 
 275      37E59E
 276 0368 125706F9 		.ascii	"\022W\006\371\222R\347\226\233\216\271\273t\034\006"
 276      9252E796 
 276      9B8EB9BB 
 276      741C06
 277 0377 16C4D4D2 		.ascii	"\026\304\324\322\334\366\234\217\233\005\337\252\201"
 277      DCF69C8F 
 277      9B05DFAA 
 277      81
 278 0384 56742BC3 		.ascii	"Vt+\303v\335C\3031w\226\326\342\312'Y\262\334\366\026"
 278      76DD43C3 
 278      317796D6 
 278      E2CA2759 
 278      B2DCF616 
 279 0398 1F37979A 		.ascii	"\0377\227\232gq\013\314-\211(\327&\332:\251U\266Nze"
 279      67710BCC 
 279      2D8928D7 
 279      26DA3AA9 
 279      55B64E7A 
 280 03ad C6AA09C7 		.ascii	"\306\252\011\307\203\210\025\254\024\334r\007\317C\223"
 280      838815AC 
 280      14DC7207 
 280      CF4393
 281 03bc C7E54A94 		.ascii	"\307\345J\224[\234\336I\275\007\344\342\364\332\\\""
 281      5B9CDE49 
 281      BD07E4E2 
 281      F4DA5C22 
 282 03cc B9C3CD35 		.ascii	"\271\303\3155b]\315\272\032\243\362\350\303m\177\211"
 282      625DCDBA 
 282      1AA3F2E8 
 282      C36D7F89 
 283 03dc 7F567E89 		.ascii	"\177V~\211%\025\016\322\271L\"\177\231\243\221\316%"
 283      25150ED2 
 283      B94C227F 
 283      99A391CE 
 283      25
 284 03ed 15D2B92C 		.ascii	"\025\322\271,:\322i\244J\376\262x_\231|\347\177#\337"
ARM GAS  C:\Users\PUBLIC~1.LAP\AppData\Local\Temp\ccPLKM5P.s 			page 21


 284      3AD269A4 
 284      4AFEB278 
 284      5F997CE7 
 284      7F23DF
 285 0400 F8EF7CAA 		.ascii	"\370\357|\252\014\353\362\1775\026\357jL\376\277\261"
 285      0CEBF27F 
 285      3516EF6A 
 285      4CFEBFB1 
 286 0410 91EBF273 		.ascii	"\221\353\362s\220\307%U#\235\237\374\343'\001@\376S"
 286      90C72555 
 286      239D9FFC 
 286      E3270140 
 286      FE53
 287 0422 BD7339D7 		.ascii	"\275s9\327\310_&\221N%\025\016\226\223b\027\237\312"
 287      C85F2691 
 287      4E25150E 
 287      96936217 
 287      9FCA
 288 0434 B6DE699C 		.ascii	"\266\336i\234\362$\362\261\376_G\257\307\277\372?*\005"
 288      F224F2B1 
 288      FE5F47AF 
 288      C7BFFA3F 
 288      2A05
 289 0446 F8322552 		.ascii	"\3702%R\205'\345\3157o0\243\376?\035\202\225\003}#\363"
 289      8527E5CD 
 289      376F30A3 
 289      FE3F1D82 
 289      95037D23 
 290 045b A357460E 		.ascii	"\243WF\016\311\177\254\342\372X\351\372\317\341\243"
 290      C97FACE2 
 290      FA58E9FA 
 290      CFE1A3
 291 046a C568AFD1 		.ascii	"\305h\257\321/B\217\377\015\375\277\242\361\3778\377"
 291      2F428FFF 
 291      0DFDBFA2 
 291      F1FF38FF 
 292 047a 5FF3C7AA 		.ascii	"_\363\307\252\251\247\036J\032\032OJ\250'A\253\251\220"
 292      A9A71E4A 
 292      1A1A4F4A 
 292      A82741AB 
 292      A990
 293 048c CE1E4A5F 		.ascii	"\316\036J_Z\022'\363\237\326b#\247\224\317|-\313\344"
 293      5A1227F3 
 293      9FD66223 
 293      A794CF7C 
 293      2DCBE4
 294 049f 7516D737 		.ascii	"u\026\3277\373\377\246\263\241\022\266%\207\305mDU\026"
 294      FBFFA6B3 
 294      A112B625 
 294      87C56D44 
 294      5516
 295 04b1 A35BBF72 		.ascii	"\243[\277r\303\276\330\332\334r/\352~\035A\"\011#\202"
 295      C3BED8DA 
 295      DC722FEA 
 295      7E1D4122 
 295      092382
 296 04c4 437D0427 		.ascii	"C}\004'\341\306\217\221\247T7M\300\363\221\204\211\013"
ARM GAS  C:\Users\PUBLIC~1.LAP\AppData\Local\Temp\ccPLKM5P.s 			page 22


 296      E1C68F91 
 296      A754374D 
 296      C0F39184 
 296      890B
 297 04d6 5D45A642 		.ascii	"]E\246B\020\362\304\341\201C}\313\271t\204\020\344y"
 297      10F2C4E1 
 297      81437DCB 
 297      B9748410 
 297      E479
 298 04e8 E55F60CF 		.ascii	"\345_`\317(\337\222\036\273\363)\371b\304\214\011\230"
 298      28DF921E 
 298      BBF329F9 
 298      62C48C09 
 298      98
 299 04f9 1F5F7A0F 		.ascii	"\037_z\017,\346\277\017\357*\341i\203\003\2076\231k"
 299      2CE6BF0F 
 299      EF2AE169 
 299      83038736 
 299      996B
 300 050b 05D9C1F4 		.ascii	"\005\331\301\364\246\327\263F\326\363\231\225\346j\376"
 300      A6D7B346 
 300      D6F39995 
 300      E66AFE
 301 051a C4A7780A 		.ascii	"\304\247x\012\256\202\263\271\023\247\342'x\324Qp+\216"
 301      AE82B3B9 
 301      13A7E227 
 301      78D45170 
 301      2B8E
 302 052c E64DBCCD 		.ascii	"\346M\274\315\327\274\212C\361(.\245\305\034\312\354"
 302      D7BC8A43 
 302      F1282EA5 
 302      C51CCAEC 
 303 053c 4CFC8CBB 		.ascii	"L\374\214\273\011\365\260<1\207\372\352\316\027>\304"
 303      09F5B03C 
 303      3187FAEA 
 303      CE173EC4 
 304 054c 6CD120A2 		.ascii	"l\321 \242F\200\345\336\323\275\321\2510\227\375\356"
 304      4680E5DE 
 304      D3BDD1A9 
 304      3097FDEE 
 305 055c B2D35DF6 		.ascii	"\262\323]\366\025.\373\333ew\273WZ\014YK\313r\313\036"
 305      152EFBDB 
 305      6577BB57 
 305      5A0C594B 
 305      CB72CB1E 
 306 0570 130C9390 		.ascii	"\023\014\223\220\206\302\"\2420h3\3010\011i(,j2\022"
 306      86C222A2 
 306      306833C1 
 306      30096928 
 306      2C6A3212 
 307 0584 2AFD9C88 		.ascii	"*\375\234\210IMLIMEMB%\244\241\321\211%!1\206S\220("
 307      494D4C49 
 307      4D454D42 
 307      25A4A1D1 
 307      89252131 
 308 059c 0CF2C448 		.ascii	"\014\362\304H\012\312ib\"\036\011U\010\225\\\030\015"
 308      0ACA6962 
ARM GAS  C:\Users\PUBLIC~1.LAP\AppData\Local\Temp\ccPLKM5P.s 			page 23


 308      221E0955 
 308      08955C18 
 308      0D
 309 05ad 85707801 		.ascii	"\205px\001b\322\020x\371g\251\200\031Bb\023\323\021"
 309      62D21078 
 309      F967A980 
 309      19426213 
 309      D311
 310 05bf 065E2A80 		.ascii	"\006^*\200D\005KMF\227G\370zW\375\001\025\375b\202\200"
 310      44054B4D 
 310      469747F8 
 310      7A57FD01 
 310      15FD6282 
 311 05d4 0F14FD62 		.ascii	"\017\024\375b\324\340\017hU\024)TX\365\247\002\201b"
 311      D4E00F68 
 311      55142954 
 311      58F5A702 
 311      8162
 312 05e6 D45FB0A7 		.ascii	"\324_\260\247\376~\275\242\023\301\236\032\374\235\010"
 312      FE7EBDA2 
 312      13C19E1A 
 312      FC9D08
 313 05f5 C6A8C1A1 		.ascii	"\306\250\301\241\337\211 \253\002\015\021\021\305\250"
 313      DF8920AB 
 313      020D1111 
 313      C5A8
 314 0603 404326AC 		.ascii	"@C&\254\032\034\002\262\352PQO\035\012\352\251A@=u\210"
 314      1A1C02B2 
 314      EA50514F 
 314      1D0AEAA9 
 314      41403D75 
 315 0618 88C8AA40 		.ascii	"\210\310\252@A\240\375\001U80\243\002S\004\255*\024"
 315      41A0FD01 
 315      553830A3 
 315      025304AD 
 315      2A14
 316 062a 045A55E8 		.ascii	"\004ZU\350\007\264>\365\252EA\240\015Q\364\003\332\037"
 316      07B43EF5 
 316      AA4541A0 
 316      0D51F403 
 316      DA1F
 317 063c D50410D0 		.ascii	"\325\004\020\320\036\200\200L\021\320E\010a8\245`a\342"
 317      1E80804C 
 317      11D04508 
 317      6138A560 
 317      61E2
 318 064e 171CFE82 		.ascii	"\027\034\376\202\031\370\205\001?KG,\204MLG>B$\031J"
 318      19F88501 
 318      3F4B472C 
 318      844D4C47 
 318      3E422419 
 319 0663 4743A08F 		.ascii	"GC\240\217\260\211\351\347\023\004\006\211~>\304\031"
 319      B089E9E7 
 319      13040689 
 319      7E3EC419 
 320 0673 4222B581 		.ascii	"B\"\265\201\024?\240\030\020AB*T\241\240\220:Cd\021"
 320      143FA018 
ARM GAS  C:\Users\PUBLIC~1.LAP\AppData\Local\Temp\ccPLKM5P.s 			page 24


 320      1041422A 
 320      54A1A090 
 320      3A436411 
 321 0687 E287384C 		.ascii	"\342\2078L\222q\231\204\357\347\341\001\007\030\270"
 321      92719984 
 321      EFE7E101 
 321      0718B8
 322 0696 47061C25 		.ascii	"G\006\034%U0\364\231A\364#R\201|\206LKKLG>1\210ML0|"
 322      5530F499 
 322      41F42352 
 322      817C864C 
 322      4B4B4C47 
 323 06b1 948C5EF8 		.ascii	"\224\214^\370\304`\362\011\242Hr\221\364\342\267bD\010"
 323      C460F209 
 323      A2487291 
 323      F4E2B762 
 323      4408
 324 06c3 1F8C2521 		.ascii	"\037\214%!q\205\323\013\031IJ,\214@\200X\221@\220\002"
 324      7185D30B 
 324      19494A2C 
 324      8C408058 
 324      91409002 
 325 06d7 6A8A1FD0 		.ascii	"j\212\037\3202\036\236\333U\321\361\346ut~\371\342v"
 325      321E9EDB 
 325      55D1F1E6 
 325      75747EF9 
 325      E276
 326 06e9 4FA72C5C 		.ascii	"O\247,\\_D\274x\3619$\\\314\224nK1j\003::\267\013s\363"
 326      5F44BC78 
 326      F139245C 
 326      CC946E4B 
 326      316A033A 
 327 0702 5C7B3ED5 		.ascii	"\\{>\325\261\333YY2\345\213=v\351\342s\367\377\2158"
 327      B1DB5959 
 327      32E58B3D 
 327      76E9E273 
 327      F7FF8D38 
 328 0716 0F55D684 		.ascii	"\017U\326\204\3514\244t1]\216}\316\322\235\205U\271"
 328      E934A474 
 328      315D8E7D 
 328      CED29D85 
 328      55B9
 329 0728 F5B8115E 		.ascii	"\365\270\021^\354\346\332ys\304A\205\231\305\265\260"
 329      ECE6DA79 
 329      73C44185 
 329      99C5B5B0 
 330 0738 BF89F99B 		.ascii	"\277\211\371\233\303\335\365ytY\007;\240\334\375\325"
 330      C3DDF579 
 330      7459073B 
 330      A0DCFDD5 
 331 0748 558F757B 		.ascii	"U\217u{FI\361\034;\034\263oq.\274%\200\377\272\377\201"
 331      4649F11C 
 331      3B1CB36F 
 331      712EBC25 
 331      80FFBAFF 
 332 075d 5BA89138 		.ascii	"[\250\2218\307\214B\206DDF$I\222ta\005\304 )\235\231"
 332      C78C4286 
ARM GAS  C:\Users\PUBLIC~1.LAP\AppData\Local\Temp\ccPLKM5P.s 			page 25


 332      44444624 
 332      49927461 
 332      05C42029 
 333 0773 0712A034 		.ascii	"\007\022\24045\014\023\211DHJ\012\312\252\024\332\016"
 333      350C1389 
 333      44484A0A 
 333      CAAA14DA 
 333      0E
 334 0784 2062A0DD 		.ascii	" b\240\335\323\302\224\2341\221\375\253\321\300\311"
 334      D3C2949C 
 334      3191FDAB 
 334      D1C0C9
 335 0793 32B999FB 		.ascii	"2\271\231\3733}\011\375\200\231\377\363\020\271\204"
 335      337D09FD 
 335      8099FFF3 
 335      10B984
 336 07a2 8766C1A6 		.ascii	"\207f\301\246\240\300\340\273\327\226\367\316M\262P"
 336      A0C0E0BB 
 336      D796F7CE 
 336      4DB250
 337 07b1 F237F996 		.ascii	"\3627\371\226d\015\313\210?\373\354>\313\370\250G\226"
 337      640DCB88 
 337      3FFBEC3E 
 337      CBF8A847 
 337      96
 338 07c2 DC679868 		.ascii	"\334g\230h\371\374\240\004\340B\303}\307\324"
 338      F9FCA004 
 338      E042C37D 
 338      C7D4
 339 07d0 E2DEC4DD 		.ascii	"\342\336\304\335\006j \276\355\252\363\2635=\210\350"
 339      066A20BE 
 339      EDAAF3B3 
 339      353D88E8 
 340 07e0 2715FAD0 		.ascii	"'\025\372\320\320}}\370!(E\345\275\221qI\260\201\237"
 340      D07D7DF8 
 340      212845E5 
 340      BD917149 
 340      B0819F
 341 07f3 EC68EB5F 		.ascii	"\354h\353_&r\212\217 \007+|\012\036\020*=>\212\017\023"
 341      26728A8F 
 341      20072B7C 
 341      0A1E102A 
 341      3D3E8A0F 
 342 0808 3F7E4496 		.ascii	"?~D\226\300\267\372\351\012\352#@\235r\213\366\231\202"
 342      C0B7FAE9 
 342      0AEA2340 
 342      9D728BF6 
 342      9982
 343 081a 8FF8C0A8 		.ascii	"\217\370\300\250@\316-\330F\206\255\011\316;\260n\031"
 343      40CE2DD8 
 343      4686AD09 
 343      CE3BB06E 
 343      19
 344 082b C3627BDE 		.ascii	"\303b{\336\310,=\011\226\020$\033\021\331\263\301\003"
 344      C82C3D09 
 344      9610241B 
 344      11D9B3C1 
ARM GAS  C:\Users\PUBLIC~1.LAP\AppData\Local\Temp\ccPLKM5P.s 			page 26


 344      03
 345 083c 6C6CF464 		.ascii	"ll\364d\020\207sLa\214I\316\012\310\000\036\354\364"
 345      1087734C 
 345      618C49CE 
 345      0AC8001E 
 345      ECF4
 346 084e 836439FE 		.ascii	"\203d9\376)\260'\320\015\025\"Z\202c\220\307\366\362"
 346      29B027D0 
 346      0D15225A 
 346      826390C7 
 346      F6F2
 347 0860 E93F420B 		.ascii	"\351?B\013\012\277\206\300\331\247;\031t\003\313\225"
 347      0ABF86C0 
 347      D9A73B19 
 347      7403CB95 
 348 0870 B8A856FC 		.ascii	"\270\250V\374\362>EX\335\345\230\306sm&4\237$\241\345"
 348      F23E4558 
 348      DDE598C6 
 348      736D2634 
 348      9F24A1E5 
 349 0884 4B21D235 		.ascii	"K!\3225&H\242x/\235l\233\005\241\202\265\225\004\323"
 349      2648A278 
 349      2F9D6C9B 
 349      05A182B5 
 349      9504D3
 350 0897 36F8CA02 		.ascii	"6\370\312\002\230\354H\314 _\331/Z\301\357;\002\373"
 350      98EC48CC 
 350      205FD92F 
 350      5AC1EF3B 
 350      02FB
 351 08a9 75F54CC0 		.ascii	"u\365L\300k\316\375%Q#\366pgXG\363a\035kT\340>\301U"
 351      6BCEFD25 
 351      5123F670 
 351      675847F3 
 351      611D6B54 
 352 08c1 88BDC2AF 		.ascii	"\210\275\302\2579\204\306Nm\235X\220\211\321\323\247"
 352      3984C64E 
 352      6D9D5890 
 352      89D1D3A7 
 353 08d1 96679499 		.ascii	"\226g\224\231yU\265H+\301\274\335\210f\253M\276\212"
 353      7955B548 
 353      2BC1BCDD 
 353      8866AB4D 
 353      BE8A
 354 08e3 415608FD 		.ascii	"AV\010\375s\246=\263\376\221)\323Hx yB\332\205Y\021"
 354      73A63DB3 
 354      FE9129D3 
 354      48782079 
 354      42DA8559 
 355 08f8 811B4EB1 		.ascii	"\201\033N\261TkX\034'G=8\370\346Yg\331\003Bw!\001\306"
 355      546B581C 
 355      27473D38 
 355      F8E65967 
 355      D9034277 
 356 090f A2536F06 		.ascii	"\242So\006!\352H\015\352>\303\257\033\331Zh\270\034"
 356      21EA480D 
 356      EA3EC3AF 
ARM GAS  C:\Users\PUBLIC~1.LAP\AppData\Local\Temp\ccPLKM5P.s 			page 27


 356      1BD95A68 
 356      B81C
 357 0921 2220A60F 		.ascii	"\" \246\017\216t{&\353]T\202\273':\000S61X\307H\306"
 357      8E747B26 
 357      EB5D5482 
 357      BB273A00 
 357      53363158 
 358 0938 89EA66E0 		.ascii	"\211\352f\340\206\300\037\330\306b7\344(f$\344MB\323"
 358      86C01FD8 
 358      C66237E4 
 358      286624E4 
 358      4D42D3
 359 094b F7724779 		.ascii	"\367rGy\0103\032p\006\301\274\335\250(\375\033\314-"
 359      08331A70 
 359      06C1BCDD 
 359      A828FD1B 
 359      CC2D
 360 095d DD5A24D6 		.ascii	"\335Z$\326s`\022:M\350\333\301\305\312p\372\031\212"
 360      7360123A 
 360      4DE8DBC1 
 360      C5CA70FA 
 360      198A
 361 096f 781B44D1 		.ascii	"x\033D\321!\342\005\316\231\271\003\303>T,\302/Z\254"
 361      21E205CE 
 361      99B903C3 
 361      3E542CC2 
 361      2F5AAC
 362 0982 B26BDD08 		.ascii	"\262k\335\010\231\2530E\213\324\"=\317 \007\016\244"
 362      99AB3045 
 362      8BD4223D 
 362      CF20070E 
 362      A4
 363 0993 0DE6F546 		.ascii	"\015\346\365F\324{\207\243\233TG\346\004\027\0343|S"
 363      D47B87A3 
 363      9B5447E6 
 363      04171C33 
 363      7C53
 364 09a5 FF1629DB 		.ascii	"\377\026)\333`AHu$T\012\233\353\305}\320\205C\214l\271"
 364      60414875 
 364      24540A9B 
 364      EBC57DD0 
 364      85438C6C 
 365 09ba 72A86491 		.ascii	"r\250d\221\313\206[x\347\030#\262\014\304\337\215_\207"
 365      CB865B78 
 365      E71823B2 
 365      0CC4DF8D 
 365      5F87
 366 09cc 957B6932 		.ascii	"\225{i2\257\363.\362\375\031\340\303\000\005\236\241"
 366      AFF32EF2 
 366      FD19E0C3 
 366      00059EA1 
 367 09dc F781FA0C 		.ascii	"\367\201\372\014\256o\031\015\2219D\1770\366E\332X{"
 367      AE6F190D 
 367      9139447F 
 367      30F645DA 
 367      587B
 368 09ee C96B122F 		.ascii	"\311k\022/J~\222\017\332\037\006\314\261\007\253"
ARM GAS  C:\Users\PUBLIC~1.LAP\AppData\Local\Temp\ccPLKM5P.s 			page 28


 368      4A7E920F 
 368      DA1F06CC 
 368      B107AB
 369              		.text
 370              		.section	.gnu.lto_.symtab.83ad2513,"e",%progbits
 371 0000 6E766963 		.ascii	"nvicInit\000"
 371      496E6974 
 371      00
 372 0009 00       		.ascii	"\000"
 373 000a 00       		.ascii	"\000"
 374 000b 00       		.ascii	"\000"
 375 000c 00000000 		.ascii	"\000\000\000\000\000\000\000\000"
 375      00000000 
 376 0014 6C010000 		.ascii	"l\001\000\000"
 377 0018 6E766963 		.ascii	"nvicEnableVector\000"
 377      456E6162 
 377      6C655665 
 377      63746F72 
 377      00
 378 0029 00       		.ascii	"\000"
 379 002a 00       		.ascii	"\000"
 380 002b 00       		.ascii	"\000"
 381 002c 00000000 		.ascii	"\000\000\000\000\000\000\000\000"
 381      00000000 
 382 0034 71010000 		.ascii	"q\001\000\000"
 383 0038 6E766963 		.ascii	"nvicDisableVector\000"
 383      44697361 
 383      626C6556 
 383      6563746F 
 383      7200
 384 004a 00       		.ascii	"\000"
 385 004b 00       		.ascii	"\000"
 386 004c 00       		.ascii	"\000"
 387 004d 00000000 		.ascii	"\000\000\000\000\000\000\000\000"
 387      00000000 
 388 0055 75010000 		.ascii	"u\001\000\000"
 389 0059 6E766963 		.ascii	"nvicSetSystemHandlerPriority\000"
 389      53657453 
 389      79737465 
 389      6D48616E 
 389      646C6572 
 390 0076 00       		.ascii	"\000"
 391 0077 00       		.ascii	"\000"
 392 0078 00       		.ascii	"\000"
 393 0079 00000000 		.ascii	"\000\000\000\000\000\000\000\000"
 393      00000000 
 394 0081 77010000 		.ascii	"w\001\000\000"
 395 0085 6E766963 		.ascii	"nvicClearPending\000"
 395      436C6561 
 395      7250656E 
 395      64696E67 
 395      00
 396 0096 00       		.ascii	"\000"
 397 0097 00       		.ascii	"\000"
 398 0098 00       		.ascii	"\000"
 399 0099 00000000 		.ascii	"\000\000\000\000\000\000\000\000"
 399      00000000 
ARM GAS  C:\Users\PUBLIC~1.LAP\AppData\Local\Temp\ccPLKM5P.s 			page 29


 400 00a1 79010000 		.ascii	"y\001\000\000"
 401 00a5 6E766963 		.ascii	"nvicSetPending\000"
 401      53657450 
 401      656E6469 
 401      6E6700
 402 00b4 00       		.ascii	"\000"
 403 00b5 00       		.ascii	"\000"
 404 00b6 00       		.ascii	"\000"
 405 00b7 00000000 		.ascii	"\000\000\000\000\000\000\000\000"
 405      00000000 
 406 00bf 7B010000 		.ascii	"{\001\000\000"
 407              		.text
 408              		.section	.gnu.lto_.ext_symtab.83ad2513,"e",%progbits
 409 0000 01       		.ascii	"\001"
 410 0001 01       		.ascii	"\001"
 411 0002 00       		.ascii	"\000"
 412 0003 01       		.ascii	"\001"
 413 0004 00       		.ascii	"\000"
 414 0005 01       		.ascii	"\001"
 415 0006 00       		.ascii	"\000"
 416 0007 01       		.ascii	"\001"
 417 0008 00       		.ascii	"\000"
 418 0009 01       		.ascii	"\001"
 419 000a 00       		.ascii	"\000"
 420 000b 01       		.ascii	"\001"
 421 000c 00       		.ascii	"\000"
 422              		.text
 423              		.section	.gnu.lto_.opts,"e",%progbits
 424 0000 272D666E 		.ascii	"'-fno-openmp' '-fno-openacc' '-fno-pie' '-fcf-prote"
 424      6F2D6F70 
 424      656E6D70 
 424      2720272D 
 424      666E6F2D 
 425 0033 6374696F 		.ascii	"ction=none' '-mcpu=cortex-m3' '-mthumb' '-mfloat-ab"
 425      6E3D6E6F 
 425      6E652720 
 425      272D6D63 
 425      70753D63 
 426 0066 693D736F 		.ascii	"i=soft' '-mlibarch=armv7-m' '-march=armv7-m' '-Os' "
 426      66742720 
 426      272D6D6C 
 426      69626172 
 426      63683D61 
 427 0099 272D666F 		.ascii	"'-fomit-frame-pointer' '-falign-functions=16' '-ffu"
 427      6D69742D 
 427      6672616D 
 427      652D706F 
 427      696E7465 
 428 00cc 6E637469 		.ascii	"nction-sections' '-fdata-sections' '-fno-common' '-"
 428      6F6E2D73 
 428      65637469 
 428      6F6E7327 
 428      20272D66 
 429 00ff 666C746F 		.ascii	"flto' '-Xassembler' '-alms=./build/lst/nvic.lst'\000"
 429      2720272D 
 429      58617373 
 429      656D626C 
ARM GAS  C:\Users\PUBLIC~1.LAP\AppData\Local\Temp\ccPLKM5P.s 			page 30


 429      65722720 
 430              		.text
 431              		.comm	__gnu_lto_slim,1,1
 432              		.ident	"GCC: (GNU) 12.2.0"
ARM GAS  C:\Users\PUBLIC~1.LAP\AppData\Local\Temp\ccPLKM5P.s 			page 31


DEFINED SYMBOLS
                            *ABS*:00000000 nvic.c
                            *COM*:00000001 __gnu_lto_slim

NO UNDEFINED SYMBOLS
