ARM GAS  C:\Users\PUBLIC~1.LAP\AppData\Local\Temp\ccn9qy26.s 			page 1


   1              		.cpu cortex-m0
   2              		.arch armv6s-m
   3              		.fpu softvfp
   4              		.eabi_attribute 20, 1
   5              		.eabi_attribute 21, 1
   6              		.eabi_attribute 23, 3
   7              		.eabi_attribute 24, 1
   8              		.eabi_attribute 25, 1
   9              		.eabi_attribute 26, 1
  10              		.eabi_attribute 30, 4
  11              		.eabi_attribute 34, 0
  12              		.eabi_attribute 18, 4
  13              		.file	"board.c"
  14              		.file 1 "d:\\qmk_msys\\mingw64\\arm-none-eabi\\include\\machine\\_default_types.h"
  15              		.file 2 "d:\\qmk_msys\\mingw64\\arm-none-eabi\\include\\sys\\_stdint.h"
  16              		.file 3 "D:\\00a_liuhy\\temp126\\ChibiOS-Contrib/os/common/ext/CMSIS/ES32/FS026/md/md_timer.h"
  17              		.file 4 "D:\\00a_liuhy\\temp126\\ChibiOS-Contrib/os/hal/boards/FS026/board.c"
  18              		.section	.gnu.debuglto_.debug_info,"e",%progbits
  19              	.Ldebug_info0:
  20              		.hidden	board.c.a313ae33
  21              		.weak	board.c.a313ae33
  22              	board.c.a313ae33:
  23 0000 33010000 		.4byte	0x133
  24 0004 0500     		.2byte	0x5
  25 0006 01       		.byte	0x1
  26 0007 04       		.byte	0x4
  27 0008 00000000 		.4byte	.Ldebug_abbrev0
  28 000c 08       		.uleb128 0x8
  29 000d 3B000000 		.4byte	.LASF21
  30 0011 1D       		.byte	0x1d
  31 0012 AF010000 		.4byte	.LASF22
  32 0016 FF010000 		.4byte	.LASF23
  33 001a 00000000 		.4byte	.Ldebug_line0
  34 001e 09       		.uleb128 0x9
  35 001f 04       		.byte	0x4
  36 0020 05       		.byte	0x5
  37 0021 696E7400 		.ascii	"int\000"
  38 0025 01       		.uleb128 0x1
  39 0026 04       		.byte	0x4
  40 0027 07       		.byte	0x7
  41 0028 1F000000 		.4byte	.LASF0
  42 002c 01       		.uleb128 0x1
  43 002d 08       		.byte	0x8
  44 002e 05       		.byte	0x5
  45 002f 00000000 		.4byte	.LASF1
  46 0033 01       		.uleb128 0x1
  47 0034 08       		.byte	0x8
  48 0035 04       		.byte	0x4
  49 0036 A3010000 		.4byte	.LASF2
  50 003a 01       		.uleb128 0x1
  51 003b 01       		.byte	0x1
  52 003c 06       		.byte	0x6
  53 003d 97010000 		.4byte	.LASF3
  54 0041 04       		.uleb128 0x4
  55 0042 11010000 		.4byte	.LASF10
  56 0046 01       		.byte	0x1
  57 0047 2B       		.byte	0x2b
ARM GAS  C:\Users\PUBLIC~1.LAP\AppData\Local\Temp\ccn9qy26.s 			page 2


  58 0048 18       		.byte	0x18
  59 0049 4D000000 		.4byte	0x4d
  60 004d 01       		.uleb128 0x1
  61 004e 01       		.byte	0x1
  62 004f 08       		.byte	0x8
  63 0050 4D010000 		.4byte	.LASF4
  64 0054 01       		.uleb128 0x1
  65 0055 02       		.byte	0x2
  66 0056 05       		.byte	0x5
  67 0057 35020000 		.4byte	.LASF5
  68 005b 01       		.uleb128 0x1
  69 005c 02       		.byte	0x2
  70 005d 07       		.byte	0x7
  71 005e 1B010000 		.4byte	.LASF6
  72 0062 01       		.uleb128 0x1
  73 0063 04       		.byte	0x4
  74 0064 05       		.byte	0x5
  75 0065 60010000 		.4byte	.LASF7
  76 0069 01       		.uleb128 0x1
  77 006a 04       		.byte	0x4
  78 006b 07       		.byte	0x7
  79 006c FA000000 		.4byte	.LASF8
  80 0070 01       		.uleb128 0x1
  81 0071 08       		.byte	0x8
  82 0072 07       		.byte	0x7
  83 0073 2E010000 		.4byte	.LASF9
  84 0077 04       		.uleb128 0x4
  85 0078 45010000 		.4byte	.LASF11
  86 007c 02       		.byte	0x2
  87 007d 18       		.byte	0x18
  88 007e 13       		.byte	0x13
  89 007f 41000000 		.4byte	0x41
  90 0083 03       		.uleb128 0x3
  91 0084 77000000 		.4byte	0x77
  92 0088 01       		.uleb128 0x1
  93 0089 01       		.byte	0x1
  94 008a 08       		.byte	0x8
  95 008b 5B010000 		.4byte	.LASF12
  96 008f 01       		.uleb128 0x1
  97 0090 01       		.byte	0x1
  98 0091 02       		.byte	0x2
  99 0092 69010000 		.4byte	.LASF13
 100 0096 05       		.uleb128 0x5
 101 0097 83000000 		.4byte	0x83
 102 009b A6000000 		.4byte	0xa6
 103 009f 06       		.uleb128 0x6
 104 00a0 25000000 		.4byte	0x25
 105 00a4 07       		.byte	0x7
 106 00a5 00       		.byte	0
 107 00a6 03       		.uleb128 0x3
 108 00a7 96000000 		.4byte	0x96
 109 00ab 02       		.uleb128 0x2
 110 00ac 0E000000 		.4byte	.LASF14
 111 00b0 3B       		.byte	0x3b
 112 00b1 A6000000 		.4byte	0xa6
 113 00b5 08       		.byte	0x8
 114 00b6 00       		.byte	0
ARM GAS  C:\Users\PUBLIC~1.LAP\AppData\Local\Temp\ccn9qy26.s 			page 3


 115 00b7 00       		.byte	0
 116 00b8 00       		.byte	0
 117 00b9 00       		.byte	0
 118 00ba 04       		.byte	0x4
 119 00bb 04       		.byte	0x4
 120 00bc 04       		.byte	0x4
 121 00bd 04       		.byte	0x4
 122 00be 02       		.uleb128 0x2
 123 00bf F0010000 		.4byte	.LASF15
 124 00c3 47       		.byte	0x47
 125 00c4 A6000000 		.4byte	0xa6
 126 00c8 08       		.byte	0x8
 127 00c9 00       		.byte	0
 128 00ca 00       		.byte	0
 129 00cb 08       		.byte	0x8
 130 00cc 00       		.byte	0
 131 00cd 00       		.byte	0
 132 00ce 00       		.byte	0
 133 00cf 08       		.byte	0x8
 134 00d0 00       		.byte	0
 135 00d1 02       		.uleb128 0x2
 136 00d2 2C000000 		.4byte	.LASF16
 137 00d6 53       		.byte	0x53
 138 00d7 A6000000 		.4byte	0xa6
 139 00db 08       		.byte	0x8
 140 00dc 00       		.byte	0
 141 00dd 00       		.byte	0
 142 00de 08       		.byte	0x8
 143 00df 00       		.byte	0
 144 00e0 00       		.byte	0
 145 00e1 00       		.byte	0
 146 00e2 08       		.byte	0x8
 147 00e3 00       		.byte	0
 148 00e4 02       		.uleb128 0x2
 149 00e5 6F010000 		.4byte	.LASF17
 150 00e9 5F       		.byte	0x5f
 151 00ea A6000000 		.4byte	0xa6
 152 00ee 08       		.byte	0x8
 153 00ef 00       		.byte	0
 154 00f0 02       		.byte	0x2
 155 00f1 04       		.byte	0x4
 156 00f2 06       		.byte	0x6
 157 00f3 08       		.byte	0x8
 158 00f4 0A       		.byte	0xa
 159 00f5 0C       		.byte	0xc
 160 00f6 0E       		.byte	0xe
 161 00f7 05       		.uleb128 0x5
 162 00f8 83000000 		.4byte	0x83
 163 00fc 07010000 		.4byte	0x107
 164 0100 06       		.uleb128 0x6
 165 0101 25000000 		.4byte	0x25
 166 0105 06       		.byte	0x6
 167 0106 00       		.byte	0
 168 0107 03       		.uleb128 0x3
 169 0108 F7000000 		.4byte	0xf7
 170 010c 02       		.uleb128 0x2
 171 010d 7E010000 		.4byte	.LASF18
ARM GAS  C:\Users\PUBLIC~1.LAP\AppData\Local\Temp\ccn9qy26.s 			page 4


 172 0111 6B       		.byte	0x6b
 173 0112 07010000 		.4byte	0x107
 174 0116 07       		.byte	0x7
 175 0117 00       		.byte	0
 176 0118 01       		.byte	0x1
 177 0119 02       		.byte	0x2
 178 011a 03       		.byte	0x3
 179 011b 04       		.byte	0x4
 180 011c 05       		.byte	0x5
 181 011d 06       		.byte	0x6
 182 011e 0A       		.uleb128 0xa
 183 011f 0C010000 		.4byte	.LASF24
 184 0123 04       		.byte	0x4
 185 0124 19       		.byte	0x19
 186 0125 0C       		.byte	0xc
 187 0126 1E000000 		.4byte	0x1e
 188 012a 07       		.uleb128 0x7
 189 012b 8D010000 		.4byte	.LASF19
 190 012f 32       		.byte	0x32
 191 0130 07       		.uleb128 0x7
 192 0131 ED000000 		.4byte	.LASF20
 193 0135 24       		.byte	0x24
 194 0136 00       		.byte	0
 195              		.section	.gnu.debuglto_.debug_abbrev,"e",%progbits
 196              	.Ldebug_abbrev0:
 197 0000 01       		.uleb128 0x1
 198 0001 24       		.uleb128 0x24
 199 0002 00       		.byte	0
 200 0003 0B       		.uleb128 0xb
 201 0004 0B       		.uleb128 0xb
 202 0005 3E       		.uleb128 0x3e
 203 0006 0B       		.uleb128 0xb
 204 0007 03       		.uleb128 0x3
 205 0008 0E       		.uleb128 0xe
 206 0009 00       		.byte	0
 207 000a 00       		.byte	0
 208 000b 02       		.uleb128 0x2
 209 000c 34       		.uleb128 0x34
 210 000d 00       		.byte	0
 211 000e 03       		.uleb128 0x3
 212 000f 0E       		.uleb128 0xe
 213 0010 3A       		.uleb128 0x3a
 214 0011 21       		.uleb128 0x21
 215 0012 03       		.sleb128 3
 216 0013 3B       		.uleb128 0x3b
 217 0014 0B       		.uleb128 0xb
 218 0015 39       		.uleb128 0x39
 219 0016 21       		.uleb128 0x21
 220 0017 16       		.sleb128 22
 221 0018 49       		.uleb128 0x49
 222 0019 13       		.uleb128 0x13
 223 001a 1C       		.uleb128 0x1c
 224 001b 0A       		.uleb128 0xa
 225 001c 00       		.byte	0
 226 001d 00       		.byte	0
 227 001e 03       		.uleb128 0x3
 228 001f 26       		.uleb128 0x26
ARM GAS  C:\Users\PUBLIC~1.LAP\AppData\Local\Temp\ccn9qy26.s 			page 5


 229 0020 00       		.byte	0
 230 0021 49       		.uleb128 0x49
 231 0022 13       		.uleb128 0x13
 232 0023 00       		.byte	0
 233 0024 00       		.byte	0
 234 0025 04       		.uleb128 0x4
 235 0026 16       		.uleb128 0x16
 236 0027 00       		.byte	0
 237 0028 03       		.uleb128 0x3
 238 0029 0E       		.uleb128 0xe
 239 002a 3A       		.uleb128 0x3a
 240 002b 0B       		.uleb128 0xb
 241 002c 3B       		.uleb128 0x3b
 242 002d 0B       		.uleb128 0xb
 243 002e 39       		.uleb128 0x39
 244 002f 0B       		.uleb128 0xb
 245 0030 49       		.uleb128 0x49
 246 0031 13       		.uleb128 0x13
 247 0032 00       		.byte	0
 248 0033 00       		.byte	0
 249 0034 05       		.uleb128 0x5
 250 0035 01       		.uleb128 0x1
 251 0036 01       		.byte	0x1
 252 0037 49       		.uleb128 0x49
 253 0038 13       		.uleb128 0x13
 254 0039 01       		.uleb128 0x1
 255 003a 13       		.uleb128 0x13
 256 003b 00       		.byte	0
 257 003c 00       		.byte	0
 258 003d 06       		.uleb128 0x6
 259 003e 21       		.uleb128 0x21
 260 003f 00       		.byte	0
 261 0040 49       		.uleb128 0x49
 262 0041 13       		.uleb128 0x13
 263 0042 2F       		.uleb128 0x2f
 264 0043 0B       		.uleb128 0xb
 265 0044 00       		.byte	0
 266 0045 00       		.byte	0
 267 0046 07       		.uleb128 0x7
 268 0047 2E       		.uleb128 0x2e
 269 0048 00       		.byte	0
 270 0049 3F       		.uleb128 0x3f
 271 004a 19       		.uleb128 0x19
 272 004b 03       		.uleb128 0x3
 273 004c 0E       		.uleb128 0xe
 274 004d 3A       		.uleb128 0x3a
 275 004e 21       		.uleb128 0x21
 276 004f 04       		.sleb128 4
 277 0050 3B       		.uleb128 0x3b
 278 0051 0B       		.uleb128 0xb
 279 0052 39       		.uleb128 0x39
 280 0053 21       		.uleb128 0x21
 281 0054 06       		.sleb128 6
 282 0055 27       		.uleb128 0x27
 283 0056 19       		.uleb128 0x19
 284 0057 00       		.byte	0
 285 0058 00       		.byte	0
ARM GAS  C:\Users\PUBLIC~1.LAP\AppData\Local\Temp\ccn9qy26.s 			page 6


 286 0059 08       		.uleb128 0x8
 287 005a 11       		.uleb128 0x11
 288 005b 01       		.byte	0x1
 289 005c 25       		.uleb128 0x25
 290 005d 0E       		.uleb128 0xe
 291 005e 13       		.uleb128 0x13
 292 005f 0B       		.uleb128 0xb
 293 0060 03       		.uleb128 0x3
 294 0061 0E       		.uleb128 0xe
 295 0062 1B       		.uleb128 0x1b
 296 0063 0E       		.uleb128 0xe
 297 0064 10       		.uleb128 0x10
 298 0065 17       		.uleb128 0x17
 299 0066 00       		.byte	0
 300 0067 00       		.byte	0
 301 0068 09       		.uleb128 0x9
 302 0069 24       		.uleb128 0x24
 303 006a 00       		.byte	0
 304 006b 0B       		.uleb128 0xb
 305 006c 0B       		.uleb128 0xb
 306 006d 3E       		.uleb128 0x3e
 307 006e 0B       		.uleb128 0xb
 308 006f 03       		.uleb128 0x3
 309 0070 08       		.uleb128 0x8
 310 0071 00       		.byte	0
 311 0072 00       		.byte	0
 312 0073 0A       		.uleb128 0xa
 313 0074 34       		.uleb128 0x34
 314 0075 00       		.byte	0
 315 0076 03       		.uleb128 0x3
 316 0077 0E       		.uleb128 0xe
 317 0078 3A       		.uleb128 0x3a
 318 0079 0B       		.uleb128 0xb
 319 007a 3B       		.uleb128 0x3b
 320 007b 0B       		.uleb128 0xb
 321 007c 39       		.uleb128 0x39
 322 007d 0B       		.uleb128 0xb
 323 007e 49       		.uleb128 0x49
 324 007f 13       		.uleb128 0x13
 325 0080 00       		.byte	0
 326 0081 00       		.byte	0
 327 0082 00       		.byte	0
 328              		.section	.gnu.debuglto_.debug_line,"e",%progbits
 329              	.Ldebug_line0:
 330 0000 51000000 		.4byte	.LELT0-.LSLT0
 331              	.LSLT0:
 332 0004 0500     		.2byte	0x5
 333 0006 04       		.byte	0x4
 334 0007 00       		.byte	0
 335 0008 49000000 		.4byte	.LELTP0-.LASLTP0
 336              	.LASLTP0:
 337 000c 01       		.byte	0x1
 338 000d 01       		.byte	0x1
 339 000e 01       		.byte	0x1
 340 000f F6       		.byte	0xf6
 341 0010 F2       		.byte	0xf2
 342 0011 0D       		.byte	0xd
ARM GAS  C:\Users\PUBLIC~1.LAP\AppData\Local\Temp\ccn9qy26.s 			page 7


 343 0012 00       		.byte	0
 344 0013 01       		.byte	0x1
 345 0014 01       		.byte	0x1
 346 0015 01       		.byte	0x1
 347 0016 01       		.byte	0x1
 348 0017 00       		.byte	0
 349 0018 00       		.byte	0
 350 0019 00       		.byte	0
 351 001a 01       		.byte	0x1
 352 001b 00       		.byte	0
 353 001c 00       		.byte	0
 354 001d 01       		.byte	0x1
 355 001e 01       		.byte	0x1
 356 001f 01       		.uleb128 0x1
 357 0020 1F       		.uleb128 0x1f
 358 0021 05       		.uleb128 0x5
 359 0022 56000000 		.4byte	.LASF25
 360 0026 BA000000 		.4byte	.LASF26
 361 002a 42010000 		.4byte	.LASF27
 362 002e 13000000 		.4byte	.LASF28
 363 0032 8C000000 		.4byte	.LASF29
 364 0036 02       		.byte	0x2
 365 0037 01       		.uleb128 0x1
 366 0038 1F       		.uleb128 0x1f
 367 0039 02       		.uleb128 0x2
 368 003a 0B       		.uleb128 0xb
 369 003b 05       		.uleb128 0x5
 370 003c 01010000 		.4byte	.LASF30
 371 0040 00       		.byte	0
 372 0041 45000000 		.4byte	.LASF31
 373 0045 03       		.byte	0x3
 374 0046 7B010000 		.4byte	.LASF32
 375 004a 04       		.byte	0x4
 376 004b 08000000 		.4byte	.LASF33
 377 004f 01       		.byte	0x1
 378 0050 00000000 		.4byte	.LASF34
 379 0054 02       		.byte	0x2
 380              	.LELTP0:
 381              	.LELT0:
 382              		.section	.gnu.debuglto_.debug_str,"eMS",%progbits,1
 383              	.LASF1:
 384 0000 6C6F6E67 		.ascii	"long long int\000"
 384      206C6F6E 
 384      6720696E 
 384      7400
 385              	.LASF14:
 386 000e 4F464653 		.ascii	"OFFSET_TAB_CHMRx\000"
 386      45545F54 
 386      41425F43 
 386      484D5278 
 386      00
 387              	.LASF0:
 388 001f 756E7369 		.ascii	"unsigned int\000"
 388      676E6564 
 388      20696E74 
 388      00
 389              	.LASF16:
ARM GAS  C:\Users\PUBLIC~1.LAP\AppData\Local\Temp\ccn9qy26.s 			page 8


 390 002c 53484946 		.ascii	"SHIFT_TAB_ICxx\000"
 390      545F5441 
 390      425F4943 
 390      787800
 391              	.LASF21:
 392 003b 474E5520 		.ascii	"GNU C17 12.2.0 -mcpu=cortex-m0 -mthumb -mfloat-abi="
 392      43313720 
 392      31322E32 
 392      2E30202D 
 392      6D637075 
 393 006e 736F6674 		.ascii	"soft -march=armv6s-m -ggdb -Os -fomit-frame-pointer"
 393      202D6D61 
 393      7263683D 
 393      61726D76 
 393      36732D6D 
 394 00a1 202D6661 		.ascii	" -falign-functions=16 -ffunction-sections -fdata-se"
 394      6C69676E 
 394      2D66756E 
 394      6374696F 
 394      6E733D31 
 395 00d4 6374696F 		.ascii	"ctions -fno-common -flto\000"
 395      6E73202D 
 395      666E6F2D 
 395      636F6D6D 
 395      6F6E202D 
 396              	.LASF20:
 397 00ed 5F5F6561 		.ascii	"__early_init\000"
 397      726C795F 
 397      696E6974 
 397      00
 398              	.LASF8:
 399 00fa 6C6F6E67 		.ascii	"long unsigned int\000"
 399      20756E73 
 399      69676E65 
 399      6420696E 
 399      7400
 400              	.LASF24:
 401 010c 666C6167 		.ascii	"flag\000"
 401      00
 402              	.LASF10:
 403 0111 5F5F7569 		.ascii	"__uint8_t\000"
 403      6E74385F 
 403      7400
 404              	.LASF6:
 405 011b 73686F72 		.ascii	"short unsigned int\000"
 405      7420756E 
 405      7369676E 
 405      65642069 
 405      6E7400
 406              	.LASF9:
 407 012e 6C6F6E67 		.ascii	"long long unsigned int\000"
 407      206C6F6E 
 407      6720756E 
 407      7369676E 
 407      65642069 
 408              	.LASF11:
 409 0145 75696E74 		.ascii	"uint8_t\000"
ARM GAS  C:\Users\PUBLIC~1.LAP\AppData\Local\Temp\ccn9qy26.s 			page 9


 409      385F7400 
 410              	.LASF4:
 411 014d 756E7369 		.ascii	"unsigned char\000"
 411      676E6564 
 411      20636861 
 411      7200
 412              	.LASF12:
 413 015b 63686172 		.ascii	"char\000"
 413      00
 414              	.LASF7:
 415 0160 6C6F6E67 		.ascii	"long int\000"
 415      20696E74 
 415      00
 416              	.LASF13:
 417 0169 5F426F6F 		.ascii	"_Bool\000"
 417      6C00
 418              	.LASF17:
 419 016f 53484946 		.ascii	"SHIFT_TAB_CCxP\000"
 419      545F5441 
 419      425F4343 
 419      785000
 420              	.LASF18:
 421 017e 53484946 		.ascii	"SHIFT_TAB_OISx\000"
 421      545F5441 
 421      425F4F49 
 421      537800
 422              	.LASF19:
 423 018d 626F6172 		.ascii	"boardInit\000"
 423      64496E69 
 423      7400
 424              	.LASF3:
 425 0197 7369676E 		.ascii	"signed char\000"
 425      65642063 
 425      68617200 
 426              	.LASF2:
 427 01a3 6C6F6E67 		.ascii	"long double\000"
 427      20646F75 
 427      626C6500 
 428              	.LASF22:
 429 01af 443A5C30 		.ascii	"D:\\00a_liuhy\\temp126\\ChibiOS-Contrib/os/hal/boar"
 429      30615F6C 
 429      69756879 
 429      5C74656D 
 429      70313236 
 430 01df 64732F46 		.ascii	"ds/FS026/board.c\000"
 430      53303236 
 430      2F626F61 
 430      72642E63 
 430      00
 431              	.LASF15:
 432 01f0 53484946 		.ascii	"SHIFT_TAB_OCxx\000"
 432      545F5441 
 432      425F4F43 
 432      787800
 433              	.LASF23:
 434 01ff 443A5C30 		.ascii	"D:\\00a_liuhy\\temp126\\ChibiOS-Contrib\\demos\\ES3"
 434      30615F6C 
ARM GAS  C:\Users\PUBLIC~1.LAP\AppData\Local\Temp\ccn9qy26.s 			page 10


 434      69756879 
 434      5C74656D 
 434      70313236 
 435 022d 325C4653 		.ascii	"2\\FS026\000"
 435      30323600 
 436              	.LASF5:
 437 0235 73686F72 		.ascii	"short int\000"
 437      7420696E 
 437      7400
 438              		.section	.gnu.debuglto_.debug_line_str,"eMS",%progbits,1
 439              	.LASF34:
 440 0000 626F6172 		.ascii	"board.c\000"
 440      642E6300 
 441              	.LASF33:
 442 0008 6D645F74 		.ascii	"md_timer.h\000"
 442      696D6572 
 442      2E6800
 443              	.LASF28:
 444 0013 643A5C71 		.ascii	"d:\\qmk_msys\\mingw64\\arm-none-eabi\\include\\mach"
 444      6D6B5F6D 
 444      7379735C 
 444      6D696E67 
 444      7736345C 
 445 0041 696E6500 		.ascii	"ine\000"
 446              	.LASF31:
 447 0045 5F646566 		.ascii	"_default_types.h\000"
 447      61756C74 
 447      5F747970 
 447      65732E68 
 447      00
 448              	.LASF25:
 449 0056 443A5C30 		.ascii	"D:\\00a_liuhy\\temp126\\ChibiOS-Contrib\\demos\\ES3"
 449      30615F6C 
 449      69756879 
 449      5C74656D 
 449      70313236 
 450 0084 325C4653 		.ascii	"2\\FS026\000"
 450      30323600 
 451              	.LASF29:
 452 008c 643A5C71 		.ascii	"d:\\qmk_msys\\mingw64\\arm-none-eabi\\include\\sys\000"
 452      6D6B5F6D 
 452      7379735C 
 452      6D696E67 
 452      7736345C 
 453              	.LASF26:
 454 00ba 443A5C30 		.ascii	"D:\\00a_liuhy\\temp126\\ChibiOS-Contrib/os/common/e"
 454      30615F6C 
 454      69756879 
 454      5C74656D 
 454      70313236 
 455 00ea 78742F43 		.ascii	"xt/CMSIS/ES32/FS026/md\000"
 455      4D534953 
 455      2F455333 
 455      322F4653 
 455      3032362F 
 456              	.LASF30:
 457 0101 443A5C30 		.ascii	"D:\\00a_liuhy\\temp126\\ChibiOS-Contrib/os/hal/boar"
ARM GAS  C:\Users\PUBLIC~1.LAP\AppData\Local\Temp\ccn9qy26.s 			page 11


 457      30615F6C 
 457      69756879 
 457      5C74656D 
 457      70313236 
 458 0131 64732F46 		.ascii	"ds/FS026/board.c\000"
 458      53303236 
 458      2F626F61 
 458      72642E63 
 458      00
 459              	.LASF27:
 460 0142 443A5C30 		.ascii	"D:\\00a_liuhy\\temp126\\ChibiOS-Contrib/os/hal/boar"
 460      30615F6C 
 460      69756879 
 460      5C74656D 
 460      70313236 
 461 0172 64732F46 		.ascii	"ds/FS026\000"
 461      53303236 
 461      00
 462              	.LASF32:
 463 017b 5F737464 		.ascii	"_stdint.h\000"
 463      696E742E 
 463      6800
 464              		.text
 465              		.section	.gnu.lto_.profile.840cda86,"e",%progbits
 466 0000 28B52FFD 		.ascii	"(\265/\375 \0061\000\000\002\000\000\000\000\000"
 466      20063100 
 466      00020000 
 466      000000
 467              		.text
 468              		.section	.gnu.lto_.icf.840cda86,"e",%progbits
 469 0000 28B52FFD 		.ascii	"(\265/\375 \"\325\000\000\220\026\000\003\000\251\257"
 469      2022D500 
 469      00901600 
 469      0300A9AF 
 470 0010 F0B20300 		.ascii	"\360\262\003\000\001\002\255\333\243\351\007\000\002"
 470      0102ADDB 
 470      A3E90700 
 470      02
 471 001d 002AE36C 		.ascii	"\000*\343l\000\013"
 471      000B
 472              		.text
 473              		.section	.gnu.lto_.ipa_sra.840cda86,"e",%progbits
 474 0000 28B52FFD 		.ascii	"(\265/\375 \024\205\000\000P\010\000\002\000\000\001"
 474      20148500 
 474      00500800 
 474      02000001 
 475 0010 01000100 		.ascii	"\001\000\001\000\001\000\033\300\002"
 475      01001BC0 
 475      02
 476              		.text
 477              		.section	.gnu.lto_.inline.840cda86,"e",%progbits
 478 0000 28B52FFD 		.ascii	"(\265/\375 VM\001\000\320J\000\002\000\000\003\200\200"
 478      20564D01 
 478      00D04A00 
 478      02000003 
 478      8080
 479 0012 80800264 		.ascii	"\200\200\002d\001\201\200\200\200~\000\000\006\002\000"
ARM GAS  C:\Users\PUBLIC~1.LAP\AppData\Local\Temp\ccn9qy26.s 			page 12


 479      01818080 
 479      807E0000 
 479      060200
 480 0021 00010005 		.ascii	"\000\001\000\005\000\216\242\261\271\356M\3440\233\207"
 480      008EA2B1 
 480      B9EE4DE4 
 480      309B87
 481 0030 0116     		.ascii	"\001\026"
 482              		.text
 483              		.section	.gnu.lto_.jmpfuncs.840cda86,"e",%progbits
 484 0000 28B52FFD 		.ascii	"(\265/\375 \024\205\000\000P\010\000\002\000\000\000"
 484      20148500 
 484      00500800 
 484      02000000 
 485 0010 01000000 		.ascii	"\001\000\000\000\001\000\033\300\002"
 485      01001BC0 
 485      02
 486              		.text
 487              		.section	.gnu.lto_.pureconst.840cda86,"e",%progbits
 488 0000 28B52FFD 		.ascii	"(\265/\375 \013Y\000\000\007\000\000\000\002\000\200"
 488      200B5900 
 488      00070000 
 488      00020080 
 489 0010 04018004 		.ascii	"\004\001\200\004"
 490              		.text
 491              		.section	.gnu.lto_.ipa_modref.840cda86,"e",%progbits
 492 0000 28B52FFD 		.ascii	"(\265/\375 \016E\000\000\020\002\000\001\000\034\300"
 492      200E4500 
 492      00100200 
 492      01001CC0 
 493 0010 02       		.ascii	"\002"
 494              		.text
 495              		.section	.gnu.lto_.lto.840cda86,"e",%progbits
 496 0000 0C000000 		.ascii	"\014\000\000\000\001\000\001\000"
 496      01000100 
 497              		.text
 498              		.section	.gnu.lto___early_init.2997.840cda86,"e",%progbits
 499 0000 28B52FFD 		.ascii	"(\265/\375 \333=\006\000\344\012i\000\000\000C\000\000"
 499      20DB3D06 
 499      00E40A69 
 499      00000043 
 499      0000
 500 0012 00230000 		.ascii	"\000#\000\000\000\001\003\000\001\222\221\212\002\000"
 500      00010300 
 500      0192918A 
 500      0200
 501 0020 80808040 		.ascii	"\200\200\200@\007\002\001\201\221\212\011\001\267\001"
 501      07020181 
 501      918A0901 
 501      B701
 502 002e 01007F02 		.ascii	"\001\000\177\002\001\177\001\246\003/\200\200\200\370"
 502      017F01A6 
 502      032F8080 
 502      80F8
 503 003c 84A68680 		.ascii	"\204\246\206\200\005\030\352\000\000\177\000\013\001"
 503      0518EA00 
 503      007F000B 
ARM GAS  C:\Users\PUBLIC~1.LAP\AppData\Local\Temp\ccn9qy26.s 			page 13


 503      01
 504 0049 000000AF 		.ascii	"\000\000\000\257\322\005\340\200\374\377\217\200\200"
 504      D205E080 
 504      FCFF8F80 
 504      80
 505 0056 F714860B 		.ascii	"\367\024\206\013\002\000\000\243\003\000\200\200\200"
 505      020000A3 
 505      03008080 
 505      80
 506 0063 80040100 		.ascii	"\200\004\001\000\000\244\003\002\201\300\000\000\372"
 506      00A40302 
 506      81C00000 
 506      FA
 507 0070 02802200 		.ascii	"\002\200\"\000\202\003\202 \243\003\001\200\300AD:\\"
 507      82038220 
 507      A3030180 
 507      C041443A 
 507      5C
 508 0081 3030615F 		.ascii	"00a_liuhy\\temp126\\ChibiOS-Contrib/os/hal/boards/F"
 508      6C697568 
 508      795C7465 
 508      6D703132 
 508      365C4368 
 509 00b2 53303236 		.ascii	"S026.c\000\010\000\011s\340\314\200}f(\360\375s\031"
 509      2E630008 
 509      000973E0 
 509      CC807D66 
 509      28F0FD73 
 510 00c7 FF326EB8 		.ascii	"\3772n\270\034\213v\222\001"
 510      1C8B7692 
 510      01
 511              		.text
 512              		.section	.gnu.lto_boardInit.2998.840cda86,"e",%progbits
 513 0000 28B52FFD 		.ascii	"(\265/\375 \333M\006\000\024\013i\000\000\000C\000\000"
 513      20DB4D06 
 513      00140B69 
 513      00000043 
 513      0000
 514 0012 00230000 		.ascii	"\000#\000\000\000\001\003\000\001\222\221\212\002\000"
 514      00010300 
 514      0192918A 
 514      0200
 515 0020 80808040 		.ascii	"\200\200\200@\007\002\001\201\221\212\011\001\267\001"
 515      07020181 
 515      918A0901 
 515      B701
 516 002e 01007F02 		.ascii	"\001\000\177\002\001\177\001\246\003/\200\200\200\370"
 516      017F01A6 
 516      032F8080 
 516      80F8
 517 003c 84B58680 		.ascii	"\204\265\206\200\005\030\352\000\000\177\000\013\001"
 517      0518EA00 
 517      007F000B 
 517      01
 518 0049 000000AF 		.ascii	"\000\000\000\257\322\005\340\200\374\377\217\200\200"
 518      D205E080 
 518      FCFF8F80 
ARM GAS  C:\Users\PUBLIC~1.LAP\AppData\Local\Temp\ccn9qy26.s 			page 14


 518      80
 519 0056 E716E60D 		.ascii	"\347\026\346\015\002\000\000\243\003\000\200\200\200"
 519      020000A3 
 519      03008080 
 519      80
 520 0063 80040100 		.ascii	"\200\004\001\000\000\244\003\002\201\300\000\000\372"
 520      00A40302 
 520      81C00000 
 520      FA
 521 0070 02802200 		.ascii	"\002\200\"\000\202\003\202 \000\243\003\200\004\001"
 521      82038220 
 521      00A30380 
 521      0401
 522 007e 80C04144 		.ascii	"\200\300AD:\\00a_liuhy\\temp126\\ChibiOS-Contrib/os"
 522      3A5C3030 
 522      615F6C69 
 522      7568795C 
 522      74656D70 
 523 00a8 2F68616C 		.ascii	"/hal/boards/FS026.c\000\010\000\011s\240L\350\026\007"
 523      2F626F61 
 523      7264732F 
 523      46533032 
 523      362E6300 
 524 00c5 860B6A2E 		.ascii	"\206\013j.\343_\306\015\227c\321N2"
 524      E35FC60D 
 524      9763D14E 
 524      32
 525              		.text
 526              		.section	.gnu.lto_.symbol_nodes.840cda86,"e",%progbits
 527 0000 28B52FFD 		.ascii	"(\265/\375 G\305\001\000\364\002C\000\000\000\000\002"
 527      2047C501 
 527      00F40243 
 527      00000000 
 527      02
 528 0011 B5177F00 		.ascii	"\265\027\177\000\200\200\200\200\004\001\220\316\000"
 528      80808080 
 528      040190CE 
 528      00
 529 001e 007F0000 		.ascii	"\000\177\000\000\272\220\202\002\266\027\177\001\005"
 529      BA908202 
 529      B6177F01 
 529      05
 530 002b B41702C4 		.ascii	"\264\027\002\304\204\001\000.flag\000\003\000\002\000"
 530      8401002E 
 530      666C6167 
 530      00030002 
 530      00
 531 003c 80C8CCCE 		.ascii	"\200\310\314\3161"
 531      31
 532              		.text
 533              		.section	.gnu.lto_.refs.840cda86,"e",%progbits
 534 0000 28B52FFD 		.ascii	"(\265/\375 \005)\000\000\001\000\000\000\000"
 534      20052900 
 534      00010000 
 534      0000
 535              		.text
 536              		.section	.gnu.lto_.decls.840cda86,"e",%progbits
ARM GAS  C:\Users\PUBLIC~1.LAP\AppData\Local\Temp\ccn9qy26.s 			page 15


 537 0000 28B52FFD 		.ascii	"(\265/\375`\027\003\225\031\000Ft\267J\260\226q\306"
 537      60170395 
 537      19004674 
 537      B74AB096 
 537      71C6
 538 0012 B4E602E3 		.ascii	"\264\346\002\343E4\353\236\306\213B\325\20268`\363&"
 538      4534EB9E 
 538      C68B42D5 
 538      82363860 
 538      F326
 539 0024 42C8D809 		.ascii	"B\310\330\011\370(\224(\237T\327\267\003z\333M\340s"
 539      F8289428 
 539      9F54D7B7 
 539      037ADB4D 
 539      E073
 540 0036 727D3C98 		.ascii	"r}<\230\313|\312\301\374\204\222\224z\364\340\237q\214"
 540      CB7CCAC1 
 540      FC849294 
 540      7AF4E09F 
 540      718C
 541 0048 979F324E 		.ascii	"\227\2372N:)\243W\377L\372r\337\270e\012\222\000\232"
 541      3A29A357 
 541      FF4CFA72 
 541      DFB8650A 
 541      92009A
 542 005b 00A400FF 		.ascii	"\000\244\000\377i^\263\267$\343-\217H\364\241\007\376"
 542      695EB3B7 
 542      24E32D8F 
 542      48F4A107 
 542      FE
 543 006c 6771D9F3 		.ascii	"gq\331\363\277\377T\011|IE\251zj\314\217\212\202C\377"
 543      BFFF5409 
 543      7C4945A9 
 543      7A6ACC8F 
 543      8A8243FF 
 544 0080 C91B4098 		.ascii	"\311\033@\230\360\274\340\207?^\001\337\0174\331\003"
 544      F0BCE087 
 544      3F5E01DF 
 544      0F34D903 
 545 0090 49F62FF0 		.ascii	"I\366/\360a\360\2779\274\354\360\246\360\374\257\360"
 545      61F0BF39 
 545      BCECF0A6 
 545      F0FCAFF0 
 546 00a0 FF09FD7F 		.ascii	"\377\011\375\177\375\017\3603\005Q/\206\352\022\352"
 546      FD0FF033 
 546      05512F86 
 546      EA12EA
 547 00af A9279E03 		.ascii	"\251'\236\003\306\375\377\024mc\250\263(\2466\370\036"
 547      C6FDFF14 
 547      6D63A8B3 
 547      28A636F8 
 547      1E
 548 00c0 6B5E9448 		.ascii	"k^\224H}\360QV_\331\232\354\233\376_,.\033L\246\214"
 548      7DF05156 
 548      5FD99AEC 
 548      9BFE5F2C 
 548      2E1B4CA6 
ARM GAS  C:\Users\PUBLIC~1.LAP\AppData\Local\Temp\ccn9qy26.s 			page 16


 549 00d5 88A379ED 		.ascii	"\210\243y\355k\302\266\224m\326\266\222m$\266[\262\262"
 549      6BC2B694 
 549      6DD6B692 
 549      6D24B65B 
 549      B2B2
 550 00e7 B2B26CCB 		.ascii	"\262\262l\313lW\261\305\2523\376\002\005\205\342\207"
 550      6C57B1C5 
 550      AA33FE02 
 550      0585E287 
 551 00f7 F55F0B06 		.ascii	"\365_\013\0060N'l\360\020G\333W|\225\354\233t}\270J"
 551      304E276C 
 551      F01047DB 
 551      577C95EC 
 551      9B747DB8 
 552 010c C07FF5FF 		.ascii	"\300\177\365\377\200+k\312\223!q|]\031R\2741\322\225"
 552      802B6BCA 
 552      9321717C 
 552      5D1952BC 
 552      31D295
 553 011f E36111EB 		.ascii	"\343a\021\353\035\230Ai\003\345\353\262v\216O\306\266"
 553      1D984169 
 553      03E5EBB2 
 553      768E4FC6 
 553      B6
 554 0130 80DFD50B 		.ascii	"\200\337\325\013\212\226\305\012q\274\317\271\205/\224"
 554      8A96C50A 
 554      71BCCFB9 
 554      852F94
 555 013f 55D7143D 		.ascii	"U\327\024=\237\016x\273\246h\273\246\327<W\023mzz\177"
 555      9F0E78BB 
 555      A668BBA6 
 555      D73C5713 
 555      6D7A7A7F 
 556 0153 DE87B2EB 		.ascii	"\336\207\262\353%\334\374\327\024\206\266\274\243,\357"
 556      25DCFCD7 
 556      1486B6BC 
 556      A32CEF
 557 0162 2EC3F457 		.ascii	".\303\364W\315\373S5\321\377\342[5\375\311Ka\350\311"
 557      CDFB5335 
 557      D1FFE25B 
 557      35FDC94B 
 557      61E8C9
 558 0175 4B616FD7 		.ascii	"Kao\327\277\206\316\037e\327\024\304\333\247\350\271"
 558      BF86CE1F 
 558      65D714C4 
 558      DBA7E8B9 
 559 0185 FA60E879 		.ascii	"\372`\350y\017NJ_#\266[.+\216&T\304\361\026)\205\356"
 559      0F4E4A5F 
 559      23B65B2E 
 559      2B8E2654 
 559      C4F11629 
 560 019b 9205008A 		.ascii	"\222\005\000\212\254t$\021G\337\"\366m\272C\356\323"
 560      AC742411 
 560      47DF22F6 
 560      6DBA43EE 
 560      D3
 561 01ac 86FFFC3F 		.ascii	"\206\377\374?\000\346\005\224\")q\274O\342}B\220\345"
ARM GAS  C:\Users\PUBLIC~1.LAP\AppData\Local\Temp\ccn9qy26.s 			page 17


 561      00E60594 
 561      222971BC 
 561      4FE27D42 
 561      90E5
 562 01be E75DA84B 		.ascii	"\347]\250K\304\367\351:\331\306\201[L \267\372\331{"
 562      C4F7E93A 
 562      D9C6815B 
 562      4C20B7FA 
 562      D97B
 563 01d0 15DCAB20 		.ascii	"\025\334\253 \306\345\304\263\242\202\034}\247J\331"
 563      C6E5C4B3 
 563      A2821C7D 
 563      A74AD9
 564 01df 9521C91B 		.ascii	"\225!\311\033#o;\363\025b\337 \227)\326:\331c\375\217"
 564      236F3BF3 
 564      1562DF20 
 564      9729D63A 
 564      D963FD8F 
 565 01f3 19CFA303 		.ascii	"\031\317\243\003\3051\301\225!\307\033#]n\214\364\025"
 565      C531C195 
 565      21C71B23 
 565      5D6E8CF4 
 565      15
 566 0204 9625A668 		.ascii	"\226%\246h\030M]S\221\242\021\313^\245\362\277\313\237"
 566      184D5D53 
 566      91A211CB 
 566      5EA5F2BF 
 566      CB9F
 567 0216 54153C8F 		.ascii	"T\025<\217\340\200\"\216\276L\245\030\314\335\035\367"
 567      E080228E 
 567      BE4CA518 
 567      CCDD1DF7 
 568 0226 C817A9C7 		.ascii	"\310\027\251\307E\272J7\034l\272\020c\020\356\266\253"
 568      45BA4A37 
 568      1C6CBA10 
 568      6310EEB6 
 568      AB
 569 0237 D9742FA6 		.ascii	"\331t/\246!s4\237\332\350\201\366\323a\334\335\202,"
 569      2173349F 
 569      DAE881F6 
 569      D361DCDD 
 569      822C
 570 0249 B41CC137 		.ascii	"\264\034\301776\332\315\354\206FS\243\201\371\301L'"
 570      3736DACD 
 570      EC864653 
 570      A381F9C1 
 570      4C27
 571 025b 81860B14 		.ascii	"\201\206\013\024\312\032\015\216\215,\303\204\032\035"
 571      CA1A0D8E 
 571      8D2CC384 
 571      1A1D
 572 0269 871C0DD7 		.ascii	"\207\034\015\327S\363C\363\251\321\341jzn\271]\020N"
 572      53F343F3 
 572      A9D1E16A 
 572      7A6EB95D 
 572      104E
 573 027b 67260386 		.ascii	"g&\003\206[\317\315Gg\007\307f\366\001\310\266\333!"
ARM GAS  C:\Users\PUBLIC~1.LAP\AppData\Local\Temp\ccn9qy26.s 			page 18


 573      5BCFCD47 
 573      6707C766 
 573      F601C8B6 
 573      DB21
 574 028d E113E2F6 		.ascii	"\341\023\342\366\303C\223\311v H\310\331\335\202n<$"
 574      C34393C9 
 574      762048C8 
 574      D9DD826E 
 574      3C24
 575 029f 7E72341B 		.ascii	"~r4\033\017\217\3132\240\231\021\266]\016W\003`\240"
 575      0F8FCB32 
 575      A09911B6 
 575      5D0E5703 
 575      60A0
 576 02b1 191D8E08 		.ascii	"\031\035\216\010\240\034\255e\234Y\213E\027\271\373"
 576      A01CAD65 
 576      9C598B45 
 576      17B9FB
 577 02c0 E3DE255F 		.ascii	"\343\336%_\251\333\343.\231\252\302x\254#$\253\373\336"
 577      A9DBE32E 
 577      99AAC278 
 577      AC2324AB 
 577      FBDE
 578 02d2 E01EF145 		.ascii	"\340\036\361Eb\267b\224D%]I)}\2057\312n\301\274\250"
 578      62B76294 
 578      44255D49 
 578      297D8537 
 578      CA6EC1BC 
 579 02e7 61041520 		.ascii	"a\004\025  0\002\202(\323\016\\\254\213\013\353g\371"
 579      20300282 
 579      28D30E5C 
 579      AC8B0BEB 
 579      67F9
 580 02f9 81962B08 		.ascii	"\201\226+\010\215\271-\267[=;\313\012n,\"\0130\371\315"
 580      8DB92DB7 
 580      5B3D3BCB 
 580      0A6E2C22 
 580      0B30F9CD 
 581 030d 1A732E65 		.ascii	"\032s.e\231\003\0140Z\272cM\261(\236\273\301\360\020"
 581      99030C30 
 581      5ABA634D 
 581      B1289EBB 
 581      C1F010
 582 0320 0B09822D 		.ascii	"\013\011\202-\356\201\306\251\342!JDz1\036G~\034\373"
 582      EE81C6A9 
 582      E2214A44 
 582      7A311E47 
 582      7E1CFB
 583 0333 18D6CBE2 		.ascii	"\030\326\313\342%\027\263\346\030"
 583      2517B3E6 
 583      18
 584              		.text
 585              		.section	.gnu.lto_.symtab.840cda86,"e",%progbits
 586 0000 5F5F6561 		.ascii	"__early_init\000"
 586      726C795F 
 586      696E6974 
 586      00
ARM GAS  C:\Users\PUBLIC~1.LAP\AppData\Local\Temp\ccn9qy26.s 			page 19


 587 000d 00       		.ascii	"\000"
 588 000e 00       		.ascii	"\000"
 589 000f 00       		.ascii	"\000"
 590 0010 00000000 		.ascii	"\000\000\000\000\000\000\000\000"
 590      00000000 
 591 0018 BE000000 		.ascii	"\276\000\000\000"
 592 001c 626F6172 		.ascii	"boardInit\000"
 592      64496E69 
 592      7400
 593 0026 00       		.ascii	"\000"
 594 0027 00       		.ascii	"\000"
 595 0028 00       		.ascii	"\000"
 596 0029 00000000 		.ascii	"\000\000\000\000\000\000\000\000"
 596      00000000 
 597 0031 C0000000 		.ascii	"\300\000\000\000"
 598              		.text
 599              		.section	.gnu.lto_.ext_symtab.840cda86,"e",%progbits
 600 0000 01       		.ascii	"\001"
 601 0001 01       		.ascii	"\001"
 602 0002 00       		.ascii	"\000"
 603 0003 01       		.ascii	"\001"
 604 0004 00       		.ascii	"\000"
 605              		.text
 606              		.section	.gnu.lto_.opts,"e",%progbits
 607 0000 272D666E 		.ascii	"'-fno-openmp' '-fno-openacc' '-fno-pie' '-fcf-prote"
 607      6F2D6F70 
 607      656E6D70 
 607      2720272D 
 607      666E6F2D 
 608 0033 6374696F 		.ascii	"ction=none' '-g' '-mcpu=cortex-m0' '-mthumb' '-mflo"
 608      6E3D6E6F 
 608      6E652720 
 608      272D6727 
 608      20272D6D 
 609 0066 61742D61 		.ascii	"at-abi=soft' '-mlibarch=armv6s-m' '-march=armv6s-m'"
 609      62693D73 
 609      6F667427 
 609      20272D6D 
 609      6C696261 
 610 0099 20272D4F 		.ascii	" '-Os' '-fomit-frame-pointer' '-falign-functions=16"
 610      73272027 
 610      2D666F6D 
 610      69742D66 
 610      72616D65 
 611 00cc 2720272D 		.ascii	"' '-ffunction-sections' '-fdata-sections' '-fno-com"
 611      6666756E 
 611      6374696F 
 611      6E2D7365 
 611      6374696F 
 612 00ff 6D6F6E27 		.ascii	"mon' '-flto' '-Xassembler' '-alms=./build/lst/board"
 612      20272D66 
 612      6C746F27 
 612      20272D58 
 612      61737365 
 613 0132 2E6C7374 		.ascii	".lst'\000"
 613      2700
 614              		.text
ARM GAS  C:\Users\PUBLIC~1.LAP\AppData\Local\Temp\ccn9qy26.s 			page 20


 615              		.comm	__gnu_lto_slim,1,1
 616              		.ident	"GCC: (GNU) 12.2.0"
ARM GAS  C:\Users\PUBLIC~1.LAP\AppData\Local\Temp\ccn9qy26.s 			page 21


DEFINED SYMBOLS
                            *ABS*:00000000 board.c
C:\Users\PUBLIC~1.LAP\AppData\Local\Temp\ccn9qy26.s:22     .gnu.debuglto_.debug_info:00000000 board.c.a313ae33
                            *COM*:00000001 __gnu_lto_slim

NO UNDEFINED SYMBOLS
