ARM GAS  C:\Users\PUBLIC~1.LAP\AppData\Local\Temp\ccaAzWBF.s 			page 1


   1              		.cpu cortex-m0
   2              		.arch armv6s-m
   3              		.fpu softvfp
   4              		.eabi_attribute 20, 1
   5              		.eabi_attribute 21, 1
   6              		.eabi_attribute 23, 3
   7              		.eabi_attribute 24, 1
   8              		.eabi_attribute 25, 1
   9              		.eabi_attribute 26, 1
  10              		.eabi_attribute 30, 4
  11              		.eabi_attribute 34, 0
  12              		.eabi_attribute 18, 4
  13              		.file	"chtm.c"
  14              		.file 1 "d:\\qmk_msys\\mingw64\\arm-none-eabi\\include\\machine\\_default_types.h"
  15              		.file 2 "d:\\qmk_msys\\mingw64\\arm-none-eabi\\include\\sys\\_stdint.h"
  16              		.file 3 "D:\\00a_liuhy\\temp126\\ChibiOS-Contrib/os/common/ext/CMSIS/ES32/FS026/md/md_timer.h"
  17              		.section	.gnu.debuglto_.debug_info,"e",%progbits
  18              	.Ldebug_info0:
  19              		.hidden	chtm.c.4b79ff6d
  20              		.weak	chtm.c.4b79ff6d
  21              	chtm.c.4b79ff6d:
  22 0000 1B010000 		.4byte	0x11b
  23 0004 0500     		.2byte	0x5
  24 0006 01       		.byte	0x1
  25 0007 04       		.byte	0x4
  26 0008 00000000 		.4byte	.Ldebug_abbrev0
  27 000c 07       		.uleb128 0x7
  28 000d 3B000000 		.4byte	.LASF19
  29 0011 1D       		.byte	0x1d
  30 0012 3B010000 		.4byte	.LASF20
  31 0016 B5010000 		.4byte	.LASF21
  32 001a 00000000 		.4byte	.Ldebug_line0
  33 001e 08       		.uleb128 0x8
  34 001f 04       		.byte	0x4
  35 0020 05       		.byte	0x5
  36 0021 696E7400 		.ascii	"int\000"
  37 0025 01       		.uleb128 0x1
  38 0026 04       		.byte	0x4
  39 0027 07       		.byte	0x7
  40 0028 1F000000 		.4byte	.LASF0
  41 002c 01       		.uleb128 0x1
  42 002d 08       		.byte	0x8
  43 002e 05       		.byte	0x5
  44 002f 00000000 		.4byte	.LASF1
  45 0033 01       		.uleb128 0x1
  46 0034 08       		.byte	0x8
  47 0035 04       		.byte	0x4
  48 0036 FA010000 		.4byte	.LASF2
  49 003a 01       		.uleb128 0x1
  50 003b 01       		.byte	0x1
  51 003c 06       		.byte	0x6
  52 003d A9010000 		.4byte	.LASF3
  53 0041 04       		.uleb128 0x4
  54 0042 16010000 		.4byte	.LASF11
  55 0046 01       		.byte	0x1
  56 0047 2B       		.byte	0x2b
  57 0048 18       		.byte	0x18
ARM GAS  C:\Users\PUBLIC~1.LAP\AppData\Local\Temp\ccaAzWBF.s 			page 2


  58 0049 4D000000 		.4byte	0x4d
  59 004d 01       		.uleb128 0x1
  60 004e 01       		.byte	0x1
  61 004f 08       		.byte	0x8
  62 0050 28010000 		.4byte	.LASF4
  63 0054 01       		.uleb128 0x1
  64 0055 02       		.byte	0x2
  65 0056 05       		.byte	0x5
  66 0057 06020000 		.4byte	.LASF5
  67 005b 01       		.uleb128 0x1
  68 005c 02       		.byte	0x2
  69 005d 07       		.byte	0x7
  70 005e 96010000 		.4byte	.LASF6
  71 0062 01       		.uleb128 0x1
  72 0063 04       		.byte	0x4
  73 0064 05       		.byte	0x5
  74 0065 69010000 		.4byte	.LASF7
  75 0069 01       		.uleb128 0x1
  76 006a 04       		.byte	0x4
  77 006b 07       		.byte	0x7
  78 006c ED000000 		.4byte	.LASF8
  79 0070 01       		.uleb128 0x1
  80 0071 08       		.byte	0x8
  81 0072 07       		.byte	0x7
  82 0073 FF000000 		.4byte	.LASF9
  83 0077 01       		.uleb128 0x1
  84 0078 01       		.byte	0x1
  85 0079 08       		.byte	0x8
  86 007a 36010000 		.4byte	.LASF10
  87 007e 04       		.uleb128 0x4
  88 007f 20010000 		.4byte	.LASF12
  89 0083 02       		.byte	0x2
  90 0084 18       		.byte	0x18
  91 0085 13       		.byte	0x13
  92 0086 41000000 		.4byte	0x41
  93 008a 03       		.uleb128 0x3
  94 008b 7E000000 		.4byte	0x7e
  95 008f 01       		.uleb128 0x1
  96 0090 01       		.byte	0x1
  97 0091 02       		.byte	0x2
  98 0092 72010000 		.4byte	.LASF13
  99 0096 05       		.uleb128 0x5
 100 0097 8A000000 		.4byte	0x8a
 101 009b A6000000 		.4byte	0xa6
 102 009f 06       		.uleb128 0x6
 103 00a0 25000000 		.4byte	0x25
 104 00a4 07       		.byte	0x7
 105 00a5 00       		.byte	0
 106 00a6 03       		.uleb128 0x3
 107 00a7 96000000 		.4byte	0x96
 108 00ab 02       		.uleb128 0x2
 109 00ac 0E000000 		.4byte	.LASF14
 110 00b0 3B       		.byte	0x3b
 111 00b1 A6000000 		.4byte	0xa6
 112 00b5 08       		.byte	0x8
 113 00b6 00       		.byte	0
 114 00b7 00       		.byte	0
ARM GAS  C:\Users\PUBLIC~1.LAP\AppData\Local\Temp\ccaAzWBF.s 			page 3


 115 00b8 00       		.byte	0
 116 00b9 00       		.byte	0
 117 00ba 04       		.byte	0x4
 118 00bb 04       		.byte	0x4
 119 00bc 04       		.byte	0x4
 120 00bd 04       		.byte	0x4
 121 00be 02       		.uleb128 0x2
 122 00bf EB010000 		.4byte	.LASF15
 123 00c3 47       		.byte	0x47
 124 00c4 A6000000 		.4byte	0xa6
 125 00c8 08       		.byte	0x8
 126 00c9 00       		.byte	0
 127 00ca 00       		.byte	0
 128 00cb 08       		.byte	0x8
 129 00cc 00       		.byte	0
 130 00cd 00       		.byte	0
 131 00ce 00       		.byte	0
 132 00cf 08       		.byte	0x8
 133 00d0 00       		.byte	0
 134 00d1 02       		.uleb128 0x2
 135 00d2 2C000000 		.4byte	.LASF16
 136 00d6 53       		.byte	0x53
 137 00d7 A6000000 		.4byte	0xa6
 138 00db 08       		.byte	0x8
 139 00dc 00       		.byte	0
 140 00dd 00       		.byte	0
 141 00de 08       		.byte	0x8
 142 00df 00       		.byte	0
 143 00e0 00       		.byte	0
 144 00e1 00       		.byte	0
 145 00e2 08       		.byte	0x8
 146 00e3 00       		.byte	0
 147 00e4 02       		.uleb128 0x2
 148 00e5 78010000 		.4byte	.LASF17
 149 00e9 5F       		.byte	0x5f
 150 00ea A6000000 		.4byte	0xa6
 151 00ee 08       		.byte	0x8
 152 00ef 00       		.byte	0
 153 00f0 02       		.byte	0x2
 154 00f1 04       		.byte	0x4
 155 00f2 06       		.byte	0x6
 156 00f3 08       		.byte	0x8
 157 00f4 0A       		.byte	0xa
 158 00f5 0C       		.byte	0xc
 159 00f6 0E       		.byte	0xe
 160 00f7 05       		.uleb128 0x5
 161 00f8 8A000000 		.4byte	0x8a
 162 00fc 07010000 		.4byte	0x107
 163 0100 06       		.uleb128 0x6
 164 0101 25000000 		.4byte	0x25
 165 0105 06       		.byte	0x6
 166 0106 00       		.byte	0
 167 0107 03       		.uleb128 0x3
 168 0108 F7000000 		.4byte	0xf7
 169 010c 02       		.uleb128 0x2
 170 010d 87010000 		.4byte	.LASF18
 171 0111 6B       		.byte	0x6b
ARM GAS  C:\Users\PUBLIC~1.LAP\AppData\Local\Temp\ccaAzWBF.s 			page 4


 172 0112 07010000 		.4byte	0x107
 173 0116 07       		.byte	0x7
 174 0117 00       		.byte	0
 175 0118 01       		.byte	0x1
 176 0119 02       		.byte	0x2
 177 011a 03       		.byte	0x3
 178 011b 04       		.byte	0x4
 179 011c 05       		.byte	0x5
 180 011d 06       		.byte	0x6
 181 011e 00       		.byte	0
 182              		.section	.gnu.debuglto_.debug_abbrev,"e",%progbits
 183              	.Ldebug_abbrev0:
 184 0000 01       		.uleb128 0x1
 185 0001 24       		.uleb128 0x24
 186 0002 00       		.byte	0
 187 0003 0B       		.uleb128 0xb
 188 0004 0B       		.uleb128 0xb
 189 0005 3E       		.uleb128 0x3e
 190 0006 0B       		.uleb128 0xb
 191 0007 03       		.uleb128 0x3
 192 0008 0E       		.uleb128 0xe
 193 0009 00       		.byte	0
 194 000a 00       		.byte	0
 195 000b 02       		.uleb128 0x2
 196 000c 34       		.uleb128 0x34
 197 000d 00       		.byte	0
 198 000e 03       		.uleb128 0x3
 199 000f 0E       		.uleb128 0xe
 200 0010 3A       		.uleb128 0x3a
 201 0011 21       		.uleb128 0x21
 202 0012 03       		.sleb128 3
 203 0013 3B       		.uleb128 0x3b
 204 0014 0B       		.uleb128 0xb
 205 0015 39       		.uleb128 0x39
 206 0016 21       		.uleb128 0x21
 207 0017 16       		.sleb128 22
 208 0018 49       		.uleb128 0x49
 209 0019 13       		.uleb128 0x13
 210 001a 1C       		.uleb128 0x1c
 211 001b 0A       		.uleb128 0xa
 212 001c 00       		.byte	0
 213 001d 00       		.byte	0
 214 001e 03       		.uleb128 0x3
 215 001f 26       		.uleb128 0x26
 216 0020 00       		.byte	0
 217 0021 49       		.uleb128 0x49
 218 0022 13       		.uleb128 0x13
 219 0023 00       		.byte	0
 220 0024 00       		.byte	0
 221 0025 04       		.uleb128 0x4
 222 0026 16       		.uleb128 0x16
 223 0027 00       		.byte	0
 224 0028 03       		.uleb128 0x3
 225 0029 0E       		.uleb128 0xe
 226 002a 3A       		.uleb128 0x3a
 227 002b 0B       		.uleb128 0xb
 228 002c 3B       		.uleb128 0x3b
ARM GAS  C:\Users\PUBLIC~1.LAP\AppData\Local\Temp\ccaAzWBF.s 			page 5


 229 002d 0B       		.uleb128 0xb
 230 002e 39       		.uleb128 0x39
 231 002f 0B       		.uleb128 0xb
 232 0030 49       		.uleb128 0x49
 233 0031 13       		.uleb128 0x13
 234 0032 00       		.byte	0
 235 0033 00       		.byte	0
 236 0034 05       		.uleb128 0x5
 237 0035 01       		.uleb128 0x1
 238 0036 01       		.byte	0x1
 239 0037 49       		.uleb128 0x49
 240 0038 13       		.uleb128 0x13
 241 0039 01       		.uleb128 0x1
 242 003a 13       		.uleb128 0x13
 243 003b 00       		.byte	0
 244 003c 00       		.byte	0
 245 003d 06       		.uleb128 0x6
 246 003e 21       		.uleb128 0x21
 247 003f 00       		.byte	0
 248 0040 49       		.uleb128 0x49
 249 0041 13       		.uleb128 0x13
 250 0042 2F       		.uleb128 0x2f
 251 0043 0B       		.uleb128 0xb
 252 0044 00       		.byte	0
 253 0045 00       		.byte	0
 254 0046 07       		.uleb128 0x7
 255 0047 11       		.uleb128 0x11
 256 0048 01       		.byte	0x1
 257 0049 25       		.uleb128 0x25
 258 004a 0E       		.uleb128 0xe
 259 004b 13       		.uleb128 0x13
 260 004c 0B       		.uleb128 0xb
 261 004d 03       		.uleb128 0x3
 262 004e 0E       		.uleb128 0xe
 263 004f 1B       		.uleb128 0x1b
 264 0050 0E       		.uleb128 0xe
 265 0051 10       		.uleb128 0x10
 266 0052 17       		.uleb128 0x17
 267 0053 00       		.byte	0
 268 0054 00       		.byte	0
 269 0055 08       		.uleb128 0x8
 270 0056 24       		.uleb128 0x24
 271 0057 00       		.byte	0
 272 0058 0B       		.uleb128 0xb
 273 0059 0B       		.uleb128 0xb
 274 005a 3E       		.uleb128 0x3e
 275 005b 0B       		.uleb128 0xb
 276 005c 03       		.uleb128 0x3
 277 005d 08       		.uleb128 0x8
 278 005e 00       		.byte	0
 279 005f 00       		.byte	0
 280 0060 00       		.byte	0
 281              		.section	.gnu.debuglto_.debug_line,"e",%progbits
 282              	.Ldebug_line0:
 283 0000 48000000 		.4byte	.LELT0-.LSLT0
 284              	.LSLT0:
 285 0004 0500     		.2byte	0x5
ARM GAS  C:\Users\PUBLIC~1.LAP\AppData\Local\Temp\ccaAzWBF.s 			page 6


 286 0006 04       		.byte	0x4
 287 0007 00       		.byte	0
 288 0008 40000000 		.4byte	.LELTP0-.LASLTP0
 289              	.LASLTP0:
 290 000c 01       		.byte	0x1
 291 000d 01       		.byte	0x1
 292 000e 01       		.byte	0x1
 293 000f F6       		.byte	0xf6
 294 0010 F2       		.byte	0xf2
 295 0011 0D       		.byte	0xd
 296 0012 00       		.byte	0
 297 0013 01       		.byte	0x1
 298 0014 01       		.byte	0x1
 299 0015 01       		.byte	0x1
 300 0016 01       		.byte	0x1
 301 0017 00       		.byte	0
 302 0018 00       		.byte	0
 303 0019 00       		.byte	0
 304 001a 01       		.byte	0x1
 305 001b 00       		.byte	0
 306 001c 00       		.byte	0
 307 001d 01       		.byte	0x1
 308 001e 01       		.byte	0x1
 309 001f 01       		.uleb128 0x1
 310 0020 1F       		.uleb128 0x1f
 311 0021 04       		.uleb128 0x4
 312 0022 71000000 		.4byte	.LASF22
 313 0026 D5000000 		.4byte	.LASF23
 314 002a 2E000000 		.4byte	.LASF24
 315 002e A7000000 		.4byte	.LASF25
 316 0032 02       		.byte	0x2
 317 0033 01       		.uleb128 0x1
 318 0034 1F       		.uleb128 0x1f
 319 0035 02       		.uleb128 0x2
 320 0036 0B       		.uleb128 0xb
 321 0037 04       		.uleb128 0x4
 322 0038 00000000 		.4byte	.LASF26
 323 003c 00       		.byte	0
 324 003d 60000000 		.4byte	.LASF27
 325 0041 02       		.byte	0x2
 326 0042 27010000 		.4byte	.LASF28
 327 0046 03       		.byte	0x3
 328 0047 1C010000 		.4byte	.LASF29
 329 004b 01       		.byte	0x1
 330              	.LELTP0:
 331              	.LELT0:
 332              		.section	.gnu.debuglto_.debug_str,"eMS",%progbits,1
 333              	.LASF1:
 334 0000 6C6F6E67 		.ascii	"long long int\000"
 334      206C6F6E 
 334      6720696E 
 334      7400
 335              	.LASF14:
 336 000e 4F464653 		.ascii	"OFFSET_TAB_CHMRx\000"
 336      45545F54 
 336      41425F43 
 336      484D5278 
ARM GAS  C:\Users\PUBLIC~1.LAP\AppData\Local\Temp\ccaAzWBF.s 			page 7


 336      00
 337              	.LASF0:
 338 001f 756E7369 		.ascii	"unsigned int\000"
 338      676E6564 
 338      20696E74 
 338      00
 339              	.LASF16:
 340 002c 53484946 		.ascii	"SHIFT_TAB_ICxx\000"
 340      545F5441 
 340      425F4943 
 340      787800
 341              	.LASF19:
 342 003b 474E5520 		.ascii	"GNU C17 12.2.0 -mcpu=cortex-m0 -mthumb -mfloat-abi="
 342      43313720 
 342      31322E32 
 342      2E30202D 
 342      6D637075 
 343 006e 736F6674 		.ascii	"soft -march=armv6s-m -ggdb -Os -fomit-frame-pointer"
 343      202D6D61 
 343      7263683D 
 343      61726D76 
 343      36732D6D 
 344 00a1 202D6661 		.ascii	" -falign-functions=16 -ffunction-sections -fdata-se"
 344      6C69676E 
 344      2D66756E 
 344      6374696F 
 344      6E733D31 
 345 00d4 6374696F 		.ascii	"ctions -fno-common -flto\000"
 345      6E73202D 
 345      666E6F2D 
 345      636F6D6D 
 345      6F6E202D 
 346              	.LASF8:
 347 00ed 6C6F6E67 		.ascii	"long unsigned int\000"
 347      20756E73 
 347      69676E65 
 347      6420696E 
 347      7400
 348              	.LASF9:
 349 00ff 6C6F6E67 		.ascii	"long long unsigned int\000"
 349      206C6F6E 
 349      6720756E 
 349      7369676E 
 349      65642069 
 350              	.LASF11:
 351 0116 5F5F7569 		.ascii	"__uint8_t\000"
 351      6E74385F 
 351      7400
 352              	.LASF12:
 353 0120 75696E74 		.ascii	"uint8_t\000"
 353      385F7400 
 354              	.LASF4:
 355 0128 756E7369 		.ascii	"unsigned char\000"
 355      676E6564 
 355      20636861 
 355      7200
 356              	.LASF10:
ARM GAS  C:\Users\PUBLIC~1.LAP\AppData\Local\Temp\ccaAzWBF.s 			page 8


 357 0136 63686172 		.ascii	"char\000"
 357      00
 358              	.LASF20:
 359 013b 443A5C30 		.ascii	"D:\\00a_liuhy\\temp126\\ChibiOS/os/rt/src/chtm.c\000"
 359      30615F6C 
 359      69756879 
 359      5C74656D 
 359      70313236 
 360              	.LASF7:
 361 0169 6C6F6E67 		.ascii	"long int\000"
 361      20696E74 
 361      00
 362              	.LASF13:
 363 0172 5F426F6F 		.ascii	"_Bool\000"
 363      6C00
 364              	.LASF17:
 365 0178 53484946 		.ascii	"SHIFT_TAB_CCxP\000"
 365      545F5441 
 365      425F4343 
 365      785000
 366              	.LASF18:
 367 0187 53484946 		.ascii	"SHIFT_TAB_OISx\000"
 367      545F5441 
 367      425F4F49 
 367      537800
 368              	.LASF6:
 369 0196 73686F72 		.ascii	"short unsigned int\000"
 369      7420756E 
 369      7369676E 
 369      65642069 
 369      6E7400
 370              	.LASF3:
 371 01a9 7369676E 		.ascii	"signed char\000"
 371      65642063 
 371      68617200 
 372              	.LASF21:
 373 01b5 443A5C30 		.ascii	"D:\\00a_liuhy\\temp126\\ChibiOS-Contrib\\demos\\ES3"
 373      30615F6C 
 373      69756879 
 373      5C74656D 
 373      70313236 
 374 01e3 325C4653 		.ascii	"2\\FS026\000"
 374      30323600 
 375              	.LASF15:
 376 01eb 53484946 		.ascii	"SHIFT_TAB_OCxx\000"
 376      545F5441 
 376      425F4F43 
 376      787800
 377              	.LASF2:
 378 01fa 6C6F6E67 		.ascii	"long double\000"
 378      20646F75 
 378      626C6500 
 379              	.LASF5:
 380 0206 73686F72 		.ascii	"short int\000"
 380      7420696E 
 380      7400
 381              		.section	.gnu.debuglto_.debug_line_str,"eMS",%progbits,1
ARM GAS  C:\Users\PUBLIC~1.LAP\AppData\Local\Temp\ccaAzWBF.s 			page 9


 382              	.LASF26:
 383 0000 443A5C30 		.ascii	"D:\\00a_liuhy\\temp126\\ChibiOS/os/rt/src/chtm.c\000"
 383      30615F6C 
 383      69756879 
 383      5C74656D 
 383      70313236 
 384              	.LASF24:
 385 002e 643A5C71 		.ascii	"d:\\qmk_msys\\mingw64\\arm-none-eabi\\include\\mach"
 385      6D6B5F6D 
 385      7379735C 
 385      6D696E67 
 385      7736345C 
 386 005c 696E6500 		.ascii	"ine\000"
 387              	.LASF27:
 388 0060 5F646566 		.ascii	"_default_types.h\000"
 388      61756C74 
 388      5F747970 
 388      65732E68 
 388      00
 389              	.LASF22:
 390 0071 443A5C30 		.ascii	"D:\\00a_liuhy\\temp126\\ChibiOS-Contrib\\demos\\ES3"
 390      30615F6C 
 390      69756879 
 390      5C74656D 
 390      70313236 
 391 009f 325C4653 		.ascii	"2\\FS026\000"
 391      30323600 
 392              	.LASF25:
 393 00a7 643A5C71 		.ascii	"d:\\qmk_msys\\mingw64\\arm-none-eabi\\include\\sys\000"
 393      6D6B5F6D 
 393      7379735C 
 393      6D696E67 
 393      7736345C 
 394              	.LASF23:
 395 00d5 443A5C30 		.ascii	"D:\\00a_liuhy\\temp126\\ChibiOS-Contrib/os/common/e"
 395      30615F6C 
 395      69756879 
 395      5C74656D 
 395      70313236 
 396 0105 78742F43 		.ascii	"xt/CMSIS/ES32/FS026/md\000"
 396      4D534953 
 396      2F455333 
 396      322F4653 
 396      3032362F 
 397              	.LASF29:
 398 011c 6D645F74 		.ascii	"md_timer.h\000"
 398      696D6572 
 398      2E6800
 399              	.LASF28:
 400 0127 5F737464 		.ascii	"_stdint.h\000"
 400      696E742E 
 400      6800
 401              		.text
 402              		.section	.gnu.lto_.profile.840c8894,"e",%progbits
 403 0000 28B52FFD 		.ascii	"(\265/\375 \0061\000\000\002\000\000\000\000\000"
 403      20063100 
 403      00020000 
ARM GAS  C:\Users\PUBLIC~1.LAP\AppData\Local\Temp\ccaAzWBF.s 			page 10


 403      000000
 404              		.text
 405              		.section	.gnu.lto_.icf.840c8894,"e",%progbits
 406 0000 28B52FFD 		.ascii	"(\265/\375 \016E\000\000\020\002\000\001\000\034\300"
 406      200E4500 
 406      00100200 
 406      01001CC0 
 407 0010 02       		.ascii	"\002"
 408              		.text
 409              		.section	.gnu.lto_.ipa_sra.840c8894,"e",%progbits
 410 0000 28B52FFD 		.ascii	"(\265/\375 \016E\000\000\020\002\000\001\000\034\300"
 410      200E4500 
 410      00100200 
 410      01001CC0 
 411 0010 02       		.ascii	"\002"
 412              		.text
 413              		.section	.gnu.lto_.inline.840c8894,"e",%progbits
 414 0000 28B52FFD 		.ascii	"(\265/\375 \016E\000\000\020\002\000\001\000\034\300"
 414      200E4500 
 414      00100200 
 414      01001CC0 
 415 0010 02       		.ascii	"\002"
 416              		.text
 417              		.section	.gnu.lto_.jmpfuncs.840c8894,"e",%progbits
 418 0000 28B52FFD 		.ascii	"(\265/\375 \016E\000\000\020\002\000\001\000\034\300"
 418      200E4500 
 418      00100200 
 418      01001CC0 
 419 0010 02       		.ascii	"\002"
 420              		.text
 421              		.section	.gnu.lto_.pureconst.840c8894,"e",%progbits
 422 0000 28B52FFD 		.ascii	"(\265/\375 \005)\000\000\001\000\000\000\000"
 422      20052900 
 422      00010000 
 422      0000
 423              		.text
 424              		.section	.gnu.lto_.ipa_modref.840c8894,"e",%progbits
 425 0000 28B52FFD 		.ascii	"(\265/\375 \016E\000\000\020\002\000\001\000\034\300"
 425      200E4500 
 425      00100200 
 425      01001CC0 
 426 0010 02       		.ascii	"\002"
 427              		.text
 428              		.section	.gnu.lto_.lto.840c8894,"e",%progbits
 429 0000 0C000000 		.ascii	"\014\000\000\000\001\000\001\000"
 429      01000100 
 430              		.text
 431              		.section	.gnu.lto_.symbol_nodes.840c8894,"e",%progbits
 432 0000 28B52FFD 		.ascii	"(\265/\375 \0061\000\000\002\000\000\000\000\000"
 432      20063100 
 432      00020000 
 432      000000
 433              		.text
 434              		.section	.gnu.lto_.refs.840c8894,"e",%progbits
 435 0000 28B52FFD 		.ascii	"(\265/\375 \005)\000\000\001\000\000\000\000"
 435      20052900 
 435      00010000 
ARM GAS  C:\Users\PUBLIC~1.LAP\AppData\Local\Temp\ccaAzWBF.s 			page 11


 435      0000
 436              		.text
 437              		.section	.gnu.lto_.decls.840c8894,"e",%progbits
 438 0000 28B52FFD 		.ascii	"(\265/\375 \035\351\000\000\000\000\000\000\001\000"
 438      201DE900 
 438      00000000 
 438      000100
 439 000f 00000C00 		.ascii	"\000\000\014\000\000\000\377\377\377\377\001\000\000"
 439      0000FFFF 
 439      FFFF0100 
 439      00
 440 001c 00D30000 		.ascii	"\000\323\000\000\000\000\000\000\000\000"
 440      00000000 
 440      0000
 441              		.text
 442              		.section	.gnu.lto_.symtab.840c8894,"e",%progbits
 443              		.text
 444              		.section	.gnu.lto_.ext_symtab.840c8894,"e",%progbits
 445 0000 01       		.ascii	"\001"
 446              		.text
 447              		.section	.gnu.lto_.opts,"e",%progbits
 448 0000 272D666E 		.ascii	"'-fno-openmp' '-fno-openacc' '-fno-pie' '-fcf-prote"
 448      6F2D6F70 
 448      656E6D70 
 448      2720272D 
 448      666E6F2D 
 449 0033 6374696F 		.ascii	"ction=none' '-g' '-mcpu=cortex-m0' '-mthumb' '-mflo"
 449      6E3D6E6F 
 449      6E652720 
 449      272D6727 
 449      20272D6D 
 450 0066 61742D61 		.ascii	"at-abi=soft' '-mlibarch=armv6s-m' '-march=armv6s-m'"
 450      62693D73 
 450      6F667427 
 450      20272D6D 
 450      6C696261 
 451 0099 20272D4F 		.ascii	" '-Os' '-fomit-frame-pointer' '-falign-functions=16"
 451      73272027 
 451      2D666F6D 
 451      69742D66 
 451      72616D65 
 452 00cc 2720272D 		.ascii	"' '-ffunction-sections' '-fdata-sections' '-fno-com"
 452      6666756E 
 452      6374696F 
 452      6E2D7365 
 452      6374696F 
 453 00ff 6D6F6E27 		.ascii	"mon' '-flto' '-Xassembler' '-alms=./build/lst/chtm."
 453      20272D66 
 453      6C746F27 
 453      20272D58 
 453      61737365 
 454 0132 6C737427 		.ascii	"lst'\000"
 454      00
 455              		.text
 456              		.comm	__gnu_lto_slim,1,1
 457              		.ident	"GCC: (GNU) 12.2.0"
ARM GAS  C:\Users\PUBLIC~1.LAP\AppData\Local\Temp\ccaAzWBF.s 			page 12


DEFINED SYMBOLS
                            *ABS*:00000000 chtm.c
C:\Users\PUBLIC~1.LAP\AppData\Local\Temp\ccaAzWBF.s:21     .gnu.debuglto_.debug_info:00000000 chtm.c.4b79ff6d
                            *COM*:00000001 __gnu_lto_slim

NO UNDEFINED SYMBOLS
