ARM GAS  C:\Users\PUBLIC~1.LAP\AppData\Local\Temp\ccu1w26O.s 			page 1


   1              		.cpu cortex-m0
   2              		.arch armv6s-m
   3              		.fpu softvfp
   4              		.eabi_attribute 20, 1
   5              		.eabi_attribute 21, 1
   6              		.eabi_attribute 23, 3
   7              		.eabi_attribute 24, 1
   8              		.eabi_attribute 25, 1
   9              		.eabi_attribute 26, 1
  10              		.eabi_attribute 30, 4
  11              		.eabi_attribute 34, 0
  12              		.eabi_attribute 18, 4
  13              		.file	"hal_pal_lld.c"
  14              		.file 1 "d:\\qmk_msys\\mingw64\\arm-none-eabi\\include\\machine\\_default_types.h"
  15              		.file 2 "d:\\qmk_msys\\mingw64\\arm-none-eabi\\include\\sys\\_stdint.h"
  16              		.file 3 "D:\\00a_liuhy\\temp126\\ChibiOS-Contrib/os/common/ext/CMSIS/ES32/FS026/FS026/reg_gpio.h"
  17              		.file 4 "D:\\00a_liuhy\\temp126\\ChibiOS-Contrib/os/common/ext/CMSIS/ES32/FS026/md/md_timer.h"
  18              		.file 5 "D:\\00a_liuhy\\temp126\\ChibiOS-Contrib/os/hal/ports/ES32/LLD/GPIOv1/hal_pal_lld.h"
  19              		.file 6 "D:\\00a_liuhy\\temp126\\ChibiOS-Contrib/os/hal/ports/ES32/LLD/GPIOv1/hal_pal_lld.c"
  20              		.section	.gnu.debuglto_.debug_info,"e",%progbits
  21              	.Ldebug_info0:
  22              		.hidden	hal_pal_lld.c.1de7272e
  23              		.weak	hal_pal_lld.c.1de7272e
  24              	hal_pal_lld.c.1de7272e:
  25 0000 B9020000 		.4byte	0x2b9
  26 0004 0500     		.2byte	0x5
  27 0006 01       		.byte	0x1
  28 0007 04       		.byte	0x4
  29 0008 00000000 		.4byte	.Ldebug_abbrev0
  30 000c 0B       		.uleb128 0xb
  31 000d 08020000 		.4byte	.LASF31
  32 0011 1D       		.byte	0x1d
  33 0012 5D000000 		.4byte	.LASF32
  34 0016 19000000 		.4byte	.LASF33
  35 001a 00000000 		.4byte	.Ldebug_line0
  36 001e 0C       		.uleb128 0xc
  37 001f 04       		.byte	0x4
  38 0020 05       		.byte	0x5
  39 0021 696E7400 		.ascii	"int\000"
  40 0025 01       		.uleb128 0x1
  41 0026 04       		.byte	0x4
  42 0027 07       		.byte	0x7
  43 0028 AD000000 		.4byte	.LASF0
  44 002c 01       		.uleb128 0x1
  45 002d 08       		.byte	0x8
  46 002e 05       		.byte	0x5
  47 002f 83010000 		.4byte	.LASF1
  48 0033 01       		.uleb128 0x1
  49 0034 08       		.byte	0x8
  50 0035 04       		.byte	0x4
  51 0036 D3010000 		.4byte	.LASF2
  52 003a 01       		.uleb128 0x1
  53 003b 01       		.byte	0x1
  54 003c 06       		.byte	0x6
  55 003d DF010000 		.4byte	.LASF3
  56 0041 04       		.uleb128 0x4
  57 0042 00000000 		.4byte	.LASF8
ARM GAS  C:\Users\PUBLIC~1.LAP\AppData\Local\Temp\ccu1w26O.s 			page 2


  58 0046 01       		.byte	0x1
  59 0047 2B       		.byte	0x2b
  60 0048 18       		.byte	0x18
  61 0049 4D000000 		.4byte	0x4d
  62 004d 01       		.uleb128 0x1
  63 004e 01       		.byte	0x1
  64 004f 08       		.byte	0x8
  65 0050 DF000000 		.4byte	.LASF4
  66 0054 01       		.uleb128 0x1
  67 0055 02       		.byte	0x2
  68 0056 05       		.byte	0x5
  69 0057 9B010000 		.4byte	.LASF5
  70 005b 01       		.uleb128 0x1
  71 005c 02       		.byte	0x2
  72 005d 07       		.byte	0x7
  73 005e 0E010000 		.4byte	.LASF6
  74 0062 01       		.uleb128 0x1
  75 0063 04       		.byte	0x4
  76 0064 05       		.byte	0x5
  77 0065 CA010000 		.4byte	.LASF7
  78 0069 04       		.uleb128 0x4
  79 006a 37010000 		.4byte	.LASF9
  80 006e 01       		.byte	0x1
  81 006f 4F       		.byte	0x4f
  82 0070 19       		.byte	0x19
  83 0071 75000000 		.4byte	0x75
  84 0075 01       		.uleb128 0x1
  85 0076 04       		.byte	0x4
  86 0077 07       		.byte	0x7
  87 0078 FC000000 		.4byte	.LASF10
  88 007c 01       		.uleb128 0x1
  89 007d 08       		.byte	0x8
  90 007e 07       		.byte	0x7
  91 007f F1010000 		.4byte	.LASF11
  92 0083 04       		.uleb128 0x4
  93 0084 71010000 		.4byte	.LASF12
  94 0088 02       		.byte	0x2
  95 0089 18       		.byte	0x18
  96 008a 13       		.byte	0x13
  97 008b 41000000 		.4byte	0x41
  98 008f 06       		.uleb128 0x6
  99 0090 83000000 		.4byte	0x83
 100 0094 04       		.uleb128 0x4
 101 0095 C1010000 		.4byte	.LASF13
 102 0099 02       		.byte	0x2
 103 009a 30       		.byte	0x30
 104 009b 14       		.byte	0x14
 105 009c 69000000 		.4byte	0x69
 106 00a0 0D       		.uleb128 0xd
 107 00a1 94000000 		.4byte	0x94
 108 00a5 06       		.uleb128 0x6
 109 00a6 A0000000 		.4byte	0xa0
 110 00aa 01       		.uleb128 0x1
 111 00ab 01       		.byte	0x1
 112 00ac 08       		.byte	0x8
 113 00ad 6C010000 		.4byte	.LASF14
 114 00b1 0E       		.uleb128 0xe
ARM GAS  C:\Users\PUBLIC~1.LAP\AppData\Local\Temp\ccu1w26O.s 			page 3


 115 00b2 30       		.byte	0x30
 116 00b3 03       		.byte	0x3
 117 00b4 8C03     		.2byte	0x38c
 118 00b6 09       		.byte	0x9
 119 00b7 55010000 		.4byte	0x155
 120 00bb 02       		.uleb128 0x2
 121 00bc 494400   		.ascii	"ID\000"
 122 00bf 8E03     		.2byte	0x38e
 123 00c1 12       		.byte	0x12
 124 00c2 A5000000 		.4byte	0xa5
 125 00c6 00       		.byte	0
 126 00c7 02       		.uleb128 0x2
 127 00c8 4F4400   		.ascii	"OD\000"
 128 00cb 8F03     		.2byte	0x38f
 129 00cd 13       		.byte	0x13
 130 00ce A0000000 		.4byte	0xa0
 131 00d2 04       		.byte	0x4
 132 00d3 0F       		.uleb128 0xf
 133 00d4 7E010000 		.4byte	.LASF15
 134 00d8 03       		.byte	0x3
 135 00d9 9003     		.2byte	0x390
 136 00db 12       		.byte	0x12
 137 00dc A0000000 		.4byte	0xa0
 138 00e0 08       		.byte	0x8
 139 00e1 02       		.uleb128 0x2
 140 00e2 4C434B00 		.ascii	"LCK\000"
 141 00e6 9103     		.2byte	0x391
 142 00e8 13       		.byte	0x13
 143 00e9 A0000000 		.4byte	0xa0
 144 00ed 0C       		.byte	0xc
 145 00ee 02       		.uleb128 0x2
 146 00ef 4D4F4400 		.ascii	"MOD\000"
 147 00f3 9203     		.2byte	0x392
 148 00f5 13       		.byte	0x13
 149 00f6 A0000000 		.4byte	0xa0
 150 00fa 10       		.byte	0x10
 151 00fb 02       		.uleb128 0x2
 152 00fc 50554400 		.ascii	"PUD\000"
 153 0100 9303     		.2byte	0x393
 154 0102 13       		.byte	0x13
 155 0103 A0000000 		.4byte	0xa0
 156 0107 14       		.byte	0x14
 157 0108 02       		.uleb128 0x2
 158 0109 4F5400   		.ascii	"OT\000"
 159 010c 9403     		.2byte	0x394
 160 010e 13       		.byte	0x13
 161 010f A0000000 		.4byte	0xa0
 162 0113 18       		.byte	0x18
 163 0114 02       		.uleb128 0x2
 164 0115 445300   		.ascii	"DS\000"
 165 0118 9503     		.2byte	0x395
 166 011a 13       		.byte	0x13
 167 011b A0000000 		.4byte	0xa0
 168 011f 1C       		.byte	0x1c
 169 0120 02       		.uleb128 0x2
 170 0121 46495200 		.ascii	"FIR\000"
 171 0125 9603     		.2byte	0x396
ARM GAS  C:\Users\PUBLIC~1.LAP\AppData\Local\Temp\ccu1w26O.s 			page 4


 172 0127 13       		.byte	0x13
 173 0128 A0000000 		.4byte	0xa0
 174 012c 20       		.byte	0x20
 175 012d 02       		.uleb128 0x2
 176 012e 49535400 		.ascii	"IST\000"
 177 0132 9703     		.2byte	0x397
 178 0134 13       		.byte	0x13
 179 0135 A0000000 		.4byte	0xa0
 180 0139 24       		.byte	0x24
 181 013a 02       		.uleb128 0x2
 182 013b 41464C00 		.ascii	"AFL\000"
 183 013f 9803     		.2byte	0x398
 184 0141 13       		.byte	0x13
 185 0142 A0000000 		.4byte	0xa0
 186 0146 28       		.byte	0x28
 187 0147 02       		.uleb128 0x2
 188 0148 41464800 		.ascii	"AFH\000"
 189 014c 9903     		.2byte	0x399
 190 014e 13       		.byte	0x13
 191 014f A0000000 		.4byte	0xa0
 192 0153 2C       		.byte	0x2c
 193 0154 00       		.byte	0
 194 0155 10       		.uleb128 0x10
 195 0156 21010000 		.4byte	.LASF16
 196 015a 03       		.byte	0x3
 197 015b 9A03     		.2byte	0x39a
 198 015d 03       		.byte	0x3
 199 015e B1000000 		.4byte	0xb1
 200 0162 01       		.uleb128 0x1
 201 0163 01       		.byte	0x1
 202 0164 02       		.byte	0x2
 203 0165 EB010000 		.4byte	.LASF17
 204 0169 08       		.uleb128 0x8
 205 016a 8F000000 		.4byte	0x8f
 206 016e 79010000 		.4byte	0x179
 207 0172 09       		.uleb128 0x9
 208 0173 25000000 		.4byte	0x25
 209 0177 07       		.byte	0x7
 210 0178 00       		.byte	0
 211 0179 06       		.uleb128 0x6
 212 017a 69010000 		.4byte	0x169
 213 017e 05       		.uleb128 0x5
 214 017f B0010000 		.4byte	.LASF18
 215 0183 3B       		.byte	0x3b
 216 0184 79010000 		.4byte	0x179
 217 0188 08       		.byte	0x8
 218 0189 00       		.byte	0
 219 018a 00       		.byte	0
 220 018b 00       		.byte	0
 221 018c 00       		.byte	0
 222 018d 04       		.byte	0x4
 223 018e 04       		.byte	0x4
 224 018f 04       		.byte	0x4
 225 0190 04       		.byte	0x4
 226 0191 05       		.uleb128 0x5
 227 0192 ED000000 		.4byte	.LASF19
 228 0196 47       		.byte	0x47
ARM GAS  C:\Users\PUBLIC~1.LAP\AppData\Local\Temp\ccu1w26O.s 			page 5


 229 0197 79010000 		.4byte	0x179
 230 019b 08       		.byte	0x8
 231 019c 00       		.byte	0
 232 019d 00       		.byte	0
 233 019e 08       		.byte	0x8
 234 019f 00       		.byte	0
 235 01a0 00       		.byte	0
 236 01a1 00       		.byte	0
 237 01a2 08       		.byte	0x8
 238 01a3 00       		.byte	0
 239 01a4 05       		.uleb128 0x5
 240 01a5 0A000000 		.4byte	.LASF20
 241 01a9 53       		.byte	0x53
 242 01aa 79010000 		.4byte	0x179
 243 01ae 08       		.byte	0x8
 244 01af 00       		.byte	0
 245 01b0 00       		.byte	0
 246 01b1 08       		.byte	0x8
 247 01b2 00       		.byte	0
 248 01b3 00       		.byte	0
 249 01b4 00       		.byte	0
 250 01b5 08       		.byte	0x8
 251 01b6 00       		.byte	0
 252 01b7 05       		.uleb128 0x5
 253 01b8 58010000 		.4byte	.LASF21
 254 01bc 5F       		.byte	0x5f
 255 01bd 79010000 		.4byte	0x179
 256 01c1 08       		.byte	0x8
 257 01c2 00       		.byte	0
 258 01c3 02       		.byte	0x2
 259 01c4 04       		.byte	0x4
 260 01c5 06       		.byte	0x6
 261 01c6 08       		.byte	0x8
 262 01c7 0A       		.byte	0xa
 263 01c8 0C       		.byte	0xc
 264 01c9 0E       		.byte	0xe
 265 01ca 08       		.uleb128 0x8
 266 01cb 8F000000 		.4byte	0x8f
 267 01cf DA010000 		.4byte	0x1da
 268 01d3 09       		.uleb128 0x9
 269 01d4 25000000 		.4byte	0x25
 270 01d8 06       		.byte	0x6
 271 01d9 00       		.byte	0
 272 01da 06       		.uleb128 0x6
 273 01db CA010000 		.4byte	0x1ca
 274 01df 05       		.uleb128 0x5
 275 01e0 BA000000 		.4byte	.LASF22
 276 01e4 6B       		.byte	0x6b
 277 01e5 DA010000 		.4byte	0x1da
 278 01e9 07       		.byte	0x7
 279 01ea 00       		.byte	0
 280 01eb 01       		.byte	0x1
 281 01ec 02       		.byte	0x2
 282 01ed 03       		.byte	0x3
 283 01ee 04       		.byte	0x4
 284 01ef 05       		.byte	0x5
 285 01f0 06       		.byte	0x6
ARM GAS  C:\Users\PUBLIC~1.LAP\AppData\Local\Temp\ccu1w26O.s 			page 6


 286 01f1 04       		.uleb128 0x4
 287 01f2 C9000000 		.4byte	.LASF23
 288 01f6 05       		.byte	0x5
 289 01f7 B9       		.byte	0xb9
 290 01f8 12       		.byte	0x12
 291 01f9 94000000 		.4byte	0x94
 292 01fd 04       		.uleb128 0x4
 293 01fe D6000000 		.4byte	.LASF24
 294 0202 05       		.byte	0x5
 295 0203 BE       		.byte	0xbe
 296 0204 12       		.byte	0x12
 297 0205 94000000 		.4byte	0x94
 298 0209 04       		.uleb128 0x4
 299 020a A5010000 		.4byte	.LASF25
 300 020e 05       		.byte	0x5
 301 020f D0       		.byte	0xd0
 302 0210 18       		.byte	0x18
 303 0211 15020000 		.4byte	0x215
 304 0215 11       		.uleb128 0x11
 305 0216 04       		.byte	0x4
 306 0217 55010000 		.4byte	0x155
 307 021b 12       		.uleb128 0x12
 308 021c 42010000 		.4byte	.LASF34
 309 0220 06       		.byte	0x6
 310 0221 59       		.byte	0x59
 311 0222 06       		.byte	0x6
 312 0223 B4020000 		.4byte	0x2b4
 313 0227 07       		.uleb128 0x7
 314 0228 96010000 		.4byte	.LASF26
 315 022c 59       		.byte	0x59
 316 022d 27       		.byte	0x27
 317 022e 09020000 		.4byte	0x209
 318 0232 07       		.uleb128 0x7
 319 0233 91010000 		.4byte	.LASF27
 320 0237 5A       		.byte	0x5a
 321 0238 29       		.byte	0x29
 322 0239 F1010000 		.4byte	0x1f1
 323 023d 07       		.uleb128 0x7
 324 023e 79010000 		.4byte	.LASF28
 325 0242 5B       		.byte	0x5b
 326 0243 25       		.byte	0x25
 327 0244 FD010000 		.4byte	0x1fd
 328 0248 03       		.uleb128 0x3
 329 0249 6D6F6400 		.ascii	"mod\000"
 330 024d 5E       		.byte	0x5e
 331 024e 0C       		.byte	0xc
 332 024f 94000000 		.4byte	0x94
 333 0253 03       		.uleb128 0x3
 334 0254 6F7400   		.ascii	"ot\000"
 335 0257 5F       		.byte	0x5f
 336 0258 0C       		.byte	0xc
 337 0259 94000000 		.4byte	0x94
 338 025d 03       		.uleb128 0x3
 339 025e 647300   		.ascii	"ds\000"
 340 0261 60       		.byte	0x60
 341 0262 0C       		.byte	0xc
 342 0263 94000000 		.4byte	0x94
ARM GAS  C:\Users\PUBLIC~1.LAP\AppData\Local\Temp\ccu1w26O.s 			page 7


 343 0267 03       		.uleb128 0x3
 344 0268 70756400 		.ascii	"pud\000"
 345 026c 61       		.byte	0x61
 346 026d 0C       		.byte	0xc
 347 026e 94000000 		.4byte	0x94
 348 0272 0A       		.uleb128 0xa
 349 0273 67010000 		.4byte	.LASF29
 350 0277 62       		.byte	0x62
 351 0278 0C       		.byte	0xc
 352 0279 94000000 		.4byte	0x94
 353 027d 03       		.uleb128 0x3
 354 027e 62697400 		.ascii	"bit\000"
 355 0282 63       		.byte	0x63
 356 0283 0C       		.byte	0xc
 357 0284 94000000 		.4byte	0x94
 358 0288 13       		.uleb128 0x13
 359 0289 0A       		.uleb128 0xa
 360 028a 2E010000 		.4byte	.LASF30
 361 028e 66       		.byte	0x66
 362 028f 10       		.byte	0x10
 363 0290 94000000 		.4byte	0x94
 364 0294 03       		.uleb128 0x3
 365 0295 6D3100   		.ascii	"m1\000"
 366 0298 66       		.byte	0x66
 367 0299 1A       		.byte	0x1a
 368 029a 94000000 		.4byte	0x94
 369 029e 03       		.uleb128 0x3
 370 029f 6D3200   		.ascii	"m2\000"
 371 02a2 66       		.byte	0x66
 372 02a3 1E       		.byte	0x1e
 373 02a4 94000000 		.4byte	0x94
 374 02a8 03       		.uleb128 0x3
 375 02a9 6D3400   		.ascii	"m4\000"
 376 02ac 66       		.byte	0x66
 377 02ad 22       		.byte	0x22
 378 02ae 94000000 		.4byte	0x94
 379 02b2 00       		.byte	0
 380 02b3 00       		.byte	0
 381 02b4 14       		.uleb128 0x14
 382 02b5 4F000000 		.4byte	.LASF35
 383 02b9 06       		.byte	0x6
 384 02ba 41       		.byte	0x41
 385 02bb 06       		.byte	0x6
 386 02bc 00       		.byte	0
 387              		.section	.gnu.debuglto_.debug_abbrev,"e",%progbits
 388              	.Ldebug_abbrev0:
 389 0000 01       		.uleb128 0x1
 390 0001 24       		.uleb128 0x24
 391 0002 00       		.byte	0
 392 0003 0B       		.uleb128 0xb
 393 0004 0B       		.uleb128 0xb
 394 0005 3E       		.uleb128 0x3e
 395 0006 0B       		.uleb128 0xb
 396 0007 03       		.uleb128 0x3
 397 0008 0E       		.uleb128 0xe
 398 0009 00       		.byte	0
 399 000a 00       		.byte	0
ARM GAS  C:\Users\PUBLIC~1.LAP\AppData\Local\Temp\ccu1w26O.s 			page 8


 400 000b 02       		.uleb128 0x2
 401 000c 0D       		.uleb128 0xd
 402 000d 00       		.byte	0
 403 000e 03       		.uleb128 0x3
 404 000f 08       		.uleb128 0x8
 405 0010 3A       		.uleb128 0x3a
 406 0011 21       		.uleb128 0x21
 407 0012 03       		.sleb128 3
 408 0013 3B       		.uleb128 0x3b
 409 0014 05       		.uleb128 0x5
 410 0015 39       		.uleb128 0x39
 411 0016 0B       		.uleb128 0xb
 412 0017 49       		.uleb128 0x49
 413 0018 13       		.uleb128 0x13
 414 0019 38       		.uleb128 0x38
 415 001a 0B       		.uleb128 0xb
 416 001b 00       		.byte	0
 417 001c 00       		.byte	0
 418 001d 03       		.uleb128 0x3
 419 001e 34       		.uleb128 0x34
 420 001f 00       		.byte	0
 421 0020 03       		.uleb128 0x3
 422 0021 08       		.uleb128 0x8
 423 0022 3A       		.uleb128 0x3a
 424 0023 21       		.uleb128 0x21
 425 0024 06       		.sleb128 6
 426 0025 3B       		.uleb128 0x3b
 427 0026 0B       		.uleb128 0xb
 428 0027 39       		.uleb128 0x39
 429 0028 0B       		.uleb128 0xb
 430 0029 49       		.uleb128 0x49
 431 002a 13       		.uleb128 0x13
 432 002b 00       		.byte	0
 433 002c 00       		.byte	0
 434 002d 04       		.uleb128 0x4
 435 002e 16       		.uleb128 0x16
 436 002f 00       		.byte	0
 437 0030 03       		.uleb128 0x3
 438 0031 0E       		.uleb128 0xe
 439 0032 3A       		.uleb128 0x3a
 440 0033 0B       		.uleb128 0xb
 441 0034 3B       		.uleb128 0x3b
 442 0035 0B       		.uleb128 0xb
 443 0036 39       		.uleb128 0x39
 444 0037 0B       		.uleb128 0xb
 445 0038 49       		.uleb128 0x49
 446 0039 13       		.uleb128 0x13
 447 003a 00       		.byte	0
 448 003b 00       		.byte	0
 449 003c 05       		.uleb128 0x5
 450 003d 34       		.uleb128 0x34
 451 003e 00       		.byte	0
 452 003f 03       		.uleb128 0x3
 453 0040 0E       		.uleb128 0xe
 454 0041 3A       		.uleb128 0x3a
 455 0042 21       		.uleb128 0x21
 456 0043 04       		.sleb128 4
ARM GAS  C:\Users\PUBLIC~1.LAP\AppData\Local\Temp\ccu1w26O.s 			page 9


 457 0044 3B       		.uleb128 0x3b
 458 0045 0B       		.uleb128 0xb
 459 0046 39       		.uleb128 0x39
 460 0047 21       		.uleb128 0x21
 461 0048 16       		.sleb128 22
 462 0049 49       		.uleb128 0x49
 463 004a 13       		.uleb128 0x13
 464 004b 1C       		.uleb128 0x1c
 465 004c 0A       		.uleb128 0xa
 466 004d 00       		.byte	0
 467 004e 00       		.byte	0
 468 004f 06       		.uleb128 0x6
 469 0050 26       		.uleb128 0x26
 470 0051 00       		.byte	0
 471 0052 49       		.uleb128 0x49
 472 0053 13       		.uleb128 0x13
 473 0054 00       		.byte	0
 474 0055 00       		.byte	0
 475 0056 07       		.uleb128 0x7
 476 0057 05       		.uleb128 0x5
 477 0058 00       		.byte	0
 478 0059 03       		.uleb128 0x3
 479 005a 0E       		.uleb128 0xe
 480 005b 3A       		.uleb128 0x3a
 481 005c 21       		.uleb128 0x21
 482 005d 06       		.sleb128 6
 483 005e 3B       		.uleb128 0x3b
 484 005f 0B       		.uleb128 0xb
 485 0060 39       		.uleb128 0x39
 486 0061 0B       		.uleb128 0xb
 487 0062 49       		.uleb128 0x49
 488 0063 13       		.uleb128 0x13
 489 0064 00       		.byte	0
 490 0065 00       		.byte	0
 491 0066 08       		.uleb128 0x8
 492 0067 01       		.uleb128 0x1
 493 0068 01       		.byte	0x1
 494 0069 49       		.uleb128 0x49
 495 006a 13       		.uleb128 0x13
 496 006b 01       		.uleb128 0x1
 497 006c 13       		.uleb128 0x13
 498 006d 00       		.byte	0
 499 006e 00       		.byte	0
 500 006f 09       		.uleb128 0x9
 501 0070 21       		.uleb128 0x21
 502 0071 00       		.byte	0
 503 0072 49       		.uleb128 0x49
 504 0073 13       		.uleb128 0x13
 505 0074 2F       		.uleb128 0x2f
 506 0075 0B       		.uleb128 0xb
 507 0076 00       		.byte	0
 508 0077 00       		.byte	0
 509 0078 0A       		.uleb128 0xa
 510 0079 34       		.uleb128 0x34
 511 007a 00       		.byte	0
 512 007b 03       		.uleb128 0x3
 513 007c 0E       		.uleb128 0xe
ARM GAS  C:\Users\PUBLIC~1.LAP\AppData\Local\Temp\ccu1w26O.s 			page 10


 514 007d 3A       		.uleb128 0x3a
 515 007e 21       		.uleb128 0x21
 516 007f 06       		.sleb128 6
 517 0080 3B       		.uleb128 0x3b
 518 0081 0B       		.uleb128 0xb
 519 0082 39       		.uleb128 0x39
 520 0083 0B       		.uleb128 0xb
 521 0084 49       		.uleb128 0x49
 522 0085 13       		.uleb128 0x13
 523 0086 00       		.byte	0
 524 0087 00       		.byte	0
 525 0088 0B       		.uleb128 0xb
 526 0089 11       		.uleb128 0x11
 527 008a 01       		.byte	0x1
 528 008b 25       		.uleb128 0x25
 529 008c 0E       		.uleb128 0xe
 530 008d 13       		.uleb128 0x13
 531 008e 0B       		.uleb128 0xb
 532 008f 03       		.uleb128 0x3
 533 0090 0E       		.uleb128 0xe
 534 0091 1B       		.uleb128 0x1b
 535 0092 0E       		.uleb128 0xe
 536 0093 10       		.uleb128 0x10
 537 0094 17       		.uleb128 0x17
 538 0095 00       		.byte	0
 539 0096 00       		.byte	0
 540 0097 0C       		.uleb128 0xc
 541 0098 24       		.uleb128 0x24
 542 0099 00       		.byte	0
 543 009a 0B       		.uleb128 0xb
 544 009b 0B       		.uleb128 0xb
 545 009c 3E       		.uleb128 0x3e
 546 009d 0B       		.uleb128 0xb
 547 009e 03       		.uleb128 0x3
 548 009f 08       		.uleb128 0x8
 549 00a0 00       		.byte	0
 550 00a1 00       		.byte	0
 551 00a2 0D       		.uleb128 0xd
 552 00a3 35       		.uleb128 0x35
 553 00a4 00       		.byte	0
 554 00a5 49       		.uleb128 0x49
 555 00a6 13       		.uleb128 0x13
 556 00a7 00       		.byte	0
 557 00a8 00       		.byte	0
 558 00a9 0E       		.uleb128 0xe
 559 00aa 13       		.uleb128 0x13
 560 00ab 01       		.byte	0x1
 561 00ac 0B       		.uleb128 0xb
 562 00ad 0B       		.uleb128 0xb
 563 00ae 3A       		.uleb128 0x3a
 564 00af 0B       		.uleb128 0xb
 565 00b0 3B       		.uleb128 0x3b
 566 00b1 05       		.uleb128 0x5
 567 00b2 39       		.uleb128 0x39
 568 00b3 0B       		.uleb128 0xb
 569 00b4 01       		.uleb128 0x1
 570 00b5 13       		.uleb128 0x13
ARM GAS  C:\Users\PUBLIC~1.LAP\AppData\Local\Temp\ccu1w26O.s 			page 11


 571 00b6 00       		.byte	0
 572 00b7 00       		.byte	0
 573 00b8 0F       		.uleb128 0xf
 574 00b9 0D       		.uleb128 0xd
 575 00ba 00       		.byte	0
 576 00bb 03       		.uleb128 0x3
 577 00bc 0E       		.uleb128 0xe
 578 00bd 3A       		.uleb128 0x3a
 579 00be 0B       		.uleb128 0xb
 580 00bf 3B       		.uleb128 0x3b
 581 00c0 05       		.uleb128 0x5
 582 00c1 39       		.uleb128 0x39
 583 00c2 0B       		.uleb128 0xb
 584 00c3 49       		.uleb128 0x49
 585 00c4 13       		.uleb128 0x13
 586 00c5 38       		.uleb128 0x38
 587 00c6 0B       		.uleb128 0xb
 588 00c7 00       		.byte	0
 589 00c8 00       		.byte	0
 590 00c9 10       		.uleb128 0x10
 591 00ca 16       		.uleb128 0x16
 592 00cb 00       		.byte	0
 593 00cc 03       		.uleb128 0x3
 594 00cd 0E       		.uleb128 0xe
 595 00ce 3A       		.uleb128 0x3a
 596 00cf 0B       		.uleb128 0xb
 597 00d0 3B       		.uleb128 0x3b
 598 00d1 05       		.uleb128 0x5
 599 00d2 39       		.uleb128 0x39
 600 00d3 0B       		.uleb128 0xb
 601 00d4 49       		.uleb128 0x49
 602 00d5 13       		.uleb128 0x13
 603 00d6 00       		.byte	0
 604 00d7 00       		.byte	0
 605 00d8 11       		.uleb128 0x11
 606 00d9 0F       		.uleb128 0xf
 607 00da 00       		.byte	0
 608 00db 0B       		.uleb128 0xb
 609 00dc 0B       		.uleb128 0xb
 610 00dd 49       		.uleb128 0x49
 611 00de 13       		.uleb128 0x13
 612 00df 00       		.byte	0
 613 00e0 00       		.byte	0
 614 00e1 12       		.uleb128 0x12
 615 00e2 2E       		.uleb128 0x2e
 616 00e3 01       		.byte	0x1
 617 00e4 3F       		.uleb128 0x3f
 618 00e5 19       		.uleb128 0x19
 619 00e6 03       		.uleb128 0x3
 620 00e7 0E       		.uleb128 0xe
 621 00e8 3A       		.uleb128 0x3a
 622 00e9 0B       		.uleb128 0xb
 623 00ea 3B       		.uleb128 0x3b
 624 00eb 0B       		.uleb128 0xb
 625 00ec 39       		.uleb128 0x39
 626 00ed 0B       		.uleb128 0xb
 627 00ee 27       		.uleb128 0x27
ARM GAS  C:\Users\PUBLIC~1.LAP\AppData\Local\Temp\ccu1w26O.s 			page 12


 628 00ef 19       		.uleb128 0x19
 629 00f0 01       		.uleb128 0x1
 630 00f1 13       		.uleb128 0x13
 631 00f2 00       		.byte	0
 632 00f3 00       		.byte	0
 633 00f4 13       		.uleb128 0x13
 634 00f5 0B       		.uleb128 0xb
 635 00f6 01       		.byte	0x1
 636 00f7 00       		.byte	0
 637 00f8 00       		.byte	0
 638 00f9 14       		.uleb128 0x14
 639 00fa 2E       		.uleb128 0x2e
 640 00fb 00       		.byte	0
 641 00fc 3F       		.uleb128 0x3f
 642 00fd 19       		.uleb128 0x19
 643 00fe 03       		.uleb128 0x3
 644 00ff 0E       		.uleb128 0xe
 645 0100 3A       		.uleb128 0x3a
 646 0101 0B       		.uleb128 0xb
 647 0102 3B       		.uleb128 0x3b
 648 0103 0B       		.uleb128 0xb
 649 0104 39       		.uleb128 0x39
 650 0105 0B       		.uleb128 0xb
 651 0106 27       		.uleb128 0x27
 652 0107 19       		.uleb128 0x19
 653 0108 00       		.byte	0
 654 0109 00       		.byte	0
 655 010a 00       		.byte	0
 656              		.section	.gnu.debuglto_.debug_line,"e",%progbits
 657              	.Ldebug_line0:
 658 0000 5F000000 		.4byte	.LELT0-.LSLT0
 659              	.LSLT0:
 660 0004 0500     		.2byte	0x5
 661 0006 04       		.byte	0x4
 662 0007 00       		.byte	0
 663 0008 57000000 		.4byte	.LELTP0-.LASLTP0
 664              	.LASLTP0:
 665 000c 01       		.byte	0x1
 666 000d 01       		.byte	0x1
 667 000e 01       		.byte	0x1
 668 000f F6       		.byte	0xf6
 669 0010 F2       		.byte	0xf2
 670 0011 0D       		.byte	0xd
 671 0012 00       		.byte	0
 672 0013 01       		.byte	0x1
 673 0014 01       		.byte	0x1
 674 0015 01       		.byte	0x1
 675 0016 01       		.byte	0x1
 676 0017 00       		.byte	0
 677 0018 00       		.byte	0
 678 0019 00       		.byte	0
 679 001a 01       		.byte	0x1
 680 001b 00       		.byte	0
 681 001c 00       		.byte	0
 682 001d 01       		.byte	0x1
 683 001e 01       		.byte	0x1
 684 001f 01       		.uleb128 0x1
ARM GAS  C:\Users\PUBLIC~1.LAP\AppData\Local\Temp\ccu1w26O.s 			page 13


 685 0020 1F       		.uleb128 0x1f
 686 0021 06       		.uleb128 0x6
 687 0022 7B010000 		.4byte	.LASF36
 688 0026 9E000000 		.4byte	.LASF37
 689 002a 00000000 		.4byte	.LASF38
 690 002e 5C000000 		.4byte	.LASF39
 691 0032 E8000000 		.4byte	.LASF40
 692 0036 D8010000 		.4byte	.LASF41
 693 003a 02       		.byte	0x2
 694 003b 01       		.uleb128 0x1
 695 003c 1F       		.uleb128 0x1f
 696 003d 02       		.uleb128 0x2
 697 003e 0B       		.uleb128 0xb
 698 003f 07       		.uleb128 0x7
 699 0040 2B010000 		.4byte	.LASF42
 700 0044 00       		.byte	0
 701 0045 1A010000 		.4byte	.LASF43
 702 0049 04       		.byte	0x4
 703 004a 47000000 		.4byte	.LASF44
 704 004e 05       		.byte	0x5
 705 004f B1010000 		.4byte	.LASF45
 706 0053 01       		.byte	0x1
 707 0054 51000000 		.4byte	.LASF46
 708 0058 02       		.byte	0x2
 709 0059 CA010000 		.4byte	.LASF47
 710 005d 03       		.byte	0x3
 711 005e BC010000 		.4byte	.LASF48
 712 0062 03       		.byte	0x3
 713              	.LELTP0:
 714              	.LELT0:
 715              		.section	.gnu.debuglto_.debug_str,"eMS",%progbits,1
 716              	.LASF8:
 717 0000 5F5F7569 		.ascii	"__uint8_t\000"
 717      6E74385F 
 717      7400
 718              	.LASF20:
 719 000a 53484946 		.ascii	"SHIFT_TAB_ICxx\000"
 719      545F5441 
 719      425F4943 
 719      787800
 720              	.LASF33:
 721 0019 443A5C30 		.ascii	"D:\\00a_liuhy\\temp126\\ChibiOS-Contrib\\demos\\ES3"
 721      30615F6C 
 721      69756879 
 721      5C74656D 
 721      70313236 
 722 0047 325C4653 		.ascii	"2\\FS026\000"
 722      30323600 
 723              	.LASF35:
 724 004f 5F70616C 		.ascii	"_pal_lld_init\000"
 724      5F6C6C64 
 724      5F696E69 
 724      7400
 725              	.LASF32:
 726 005d 443A5C30 		.ascii	"D:\\00a_liuhy\\temp126\\ChibiOS-Contrib/os/hal/port"
 726      30615F6C 
 726      69756879 
ARM GAS  C:\Users\PUBLIC~1.LAP\AppData\Local\Temp\ccu1w26O.s 			page 14


 726      5C74656D 
 726      70313236 
 727 008d 732F4553 		.ascii	"s/ES32/LLD/GPIOv1/hal_pal_lld.c\000"
 727      33322F4C 
 727      4C442F47 
 727      50494F76 
 727      312F6861 
 728              	.LASF0:
 729 00ad 756E7369 		.ascii	"unsigned int\000"
 729      676E6564 
 729      20696E74 
 729      00
 730              	.LASF22:
 731 00ba 53484946 		.ascii	"SHIFT_TAB_OISx\000"
 731      545F5441 
 731      425F4F49 
 731      537800
 732              	.LASF23:
 733 00c9 696F706F 		.ascii	"ioportmask_t\000"
 733      72746D61 
 733      736B5F74 
 733      00
 734              	.LASF24:
 735 00d6 696F6D6F 		.ascii	"iomode_t\000"
 735      64655F74 
 735      00
 736              	.LASF4:
 737 00df 756E7369 		.ascii	"unsigned char\000"
 737      676E6564 
 737      20636861 
 737      7200
 738              	.LASF19:
 739 00ed 53484946 		.ascii	"SHIFT_TAB_OCxx\000"
 739      545F5441 
 739      425F4F43 
 739      787800
 740              	.LASF10:
 741 00fc 6C6F6E67 		.ascii	"long unsigned int\000"
 741      20756E73 
 741      69676E65 
 741      6420696E 
 741      7400
 742              	.LASF6:
 743 010e 73686F72 		.ascii	"short unsigned int\000"
 743      7420756E 
 743      7369676E 
 743      65642069 
 743      6E7400
 744              	.LASF16:
 745 0121 4750494F 		.ascii	"GPIO_TypeDef\000"
 745      5F547970 
 745      65446566 
 745      00
 746              	.LASF30:
 747 012e 616C7472 		.ascii	"altrmask\000"
 747      6D61736B 
 747      00
ARM GAS  C:\Users\PUBLIC~1.LAP\AppData\Local\Temp\ccu1w26O.s 			page 15


 748              	.LASF9:
 749 0137 5F5F7569 		.ascii	"__uint32_t\000"
 749      6E743332 
 749      5F7400
 750              	.LASF34:
 751 0142 5F70616C 		.ascii	"_pal_lld_setgroupmode\000"
 751      5F6C6C64 
 751      5F736574 
 751      67726F75 
 751      706D6F64 
 752              	.LASF21:
 753 0158 53484946 		.ascii	"SHIFT_TAB_CCxP\000"
 753      545F5441 
 753      425F4343 
 753      785000
 754              	.LASF29:
 755 0167 616C7472 		.ascii	"altr\000"
 755      00
 756              	.LASF14:
 757 016c 63686172 		.ascii	"char\000"
 757      00
 758              	.LASF12:
 759 0171 75696E74 		.ascii	"uint8_t\000"
 759      385F7400 
 760              	.LASF28:
 761 0179 6D6F6465 		.ascii	"mode\000"
 761      00
 762              	.LASF15:
 763 017e 42534252 		.ascii	"BSBR\000"
 763      00
 764              	.LASF1:
 765 0183 6C6F6E67 		.ascii	"long long int\000"
 765      206C6F6E 
 765      6720696E 
 765      7400
 766              	.LASF27:
 767 0191 6D61736B 		.ascii	"mask\000"
 767      00
 768              	.LASF26:
 769 0196 706F7274 		.ascii	"port\000"
 769      00
 770              	.LASF5:
 771 019b 73686F72 		.ascii	"short int\000"
 771      7420696E 
 771      7400
 772              	.LASF25:
 773 01a5 696F706F 		.ascii	"ioportid_t\000"
 773      72746964 
 773      5F7400
 774              	.LASF18:
 775 01b0 4F464653 		.ascii	"OFFSET_TAB_CHMRx\000"
 775      45545F54 
 775      41425F43 
 775      484D5278 
 775      00
 776              	.LASF13:
 777 01c1 75696E74 		.ascii	"uint32_t\000"
ARM GAS  C:\Users\PUBLIC~1.LAP\AppData\Local\Temp\ccu1w26O.s 			page 16


 777      33325F74 
 777      00
 778              	.LASF7:
 779 01ca 6C6F6E67 		.ascii	"long int\000"
 779      20696E74 
 779      00
 780              	.LASF2:
 781 01d3 6C6F6E67 		.ascii	"long double\000"
 781      20646F75 
 781      626C6500 
 782              	.LASF3:
 783 01df 7369676E 		.ascii	"signed char\000"
 783      65642063 
 783      68617200 
 784              	.LASF17:
 785 01eb 5F426F6F 		.ascii	"_Bool\000"
 785      6C00
 786              	.LASF11:
 787 01f1 6C6F6E67 		.ascii	"long long unsigned int\000"
 787      206C6F6E 
 787      6720756E 
 787      7369676E 
 787      65642069 
 788              	.LASF31:
 789 0208 474E5520 		.ascii	"GNU C17 12.2.0 -mcpu=cortex-m0 -mthumb -mfloat-abi="
 789      43313720 
 789      31322E32 
 789      2E30202D 
 789      6D637075 
 790 023b 736F6674 		.ascii	"soft -march=armv6s-m -ggdb -Os -fomit-frame-pointer"
 790      202D6D61 
 790      7263683D 
 790      61726D76 
 790      36732D6D 
 791 026e 202D6661 		.ascii	" -falign-functions=16 -ffunction-sections -fdata-se"
 791      6C69676E 
 791      2D66756E 
 791      6374696F 
 791      6E733D31 
 792 02a1 6374696F 		.ascii	"ctions -fno-common -flto\000"
 792      6E73202D 
 792      666E6F2D 
 792      636F6D6D 
 792      6F6E202D 
 793              		.section	.gnu.debuglto_.debug_line_str,"eMS",%progbits,1
 794              	.LASF38:
 795 0000 443A5C30 		.ascii	"D:\\00a_liuhy\\temp126\\ChibiOS-Contrib/os/common/e"
 795      30615F6C 
 795      69756879 
 795      5C74656D 
 795      70313236 
 796 0030 78742F43 		.ascii	"xt/CMSIS/ES32/FS026/md\000"
 796      4D534953 
 796      2F455333 
 796      322F4653 
 796      3032362F 
 797              	.LASF44:
ARM GAS  C:\Users\PUBLIC~1.LAP\AppData\Local\Temp\ccu1w26O.s 			page 17


 798 0047 5F737464 		.ascii	"_stdint.h\000"
 798      696E742E 
 798      6800
 799              	.LASF46:
 800 0051 6D645F74 		.ascii	"md_timer.h\000"
 800      696D6572 
 800      2E6800
 801              	.LASF39:
 802 005c 443A5C30 		.ascii	"D:\\00a_liuhy\\temp126\\ChibiOS-Contrib/os/hal/port"
 802      30615F6C 
 802      69756879 
 802      5C74656D 
 802      70313236 
 803 008c 732F4553 		.ascii	"s/ES32/LLD/GPIOv1\000"
 803      33322F4C 
 803      4C442F47 
 803      50494F76 
 803      3100
 804              	.LASF37:
 805 009e 443A5C30 		.ascii	"D:\\00a_liuhy\\temp126\\ChibiOS-Contrib/os/common/e"
 805      30615F6C 
 805      69756879 
 805      5C74656D 
 805      70313236 
 806 00ce 78742F43 		.ascii	"xt/CMSIS/ES32/FS026/FS026\000"
 806      4D534953 
 806      2F455333 
 806      322F4653 
 806      3032362F 
 807              	.LASF40:
 808 00e8 643A5C71 		.ascii	"d:\\qmk_msys\\mingw64\\arm-none-eabi\\include\\mach"
 808      6D6B5F6D 
 808      7379735C 
 808      6D696E67 
 808      7736345C 
 809 0116 696E6500 		.ascii	"ine\000"
 810              	.LASF43:
 811 011a 5F646566 		.ascii	"_default_types.h\000"
 811      61756C74 
 811      5F747970 
 811      65732E68 
 811      00
 812              	.LASF42:
 813 012b 443A5C30 		.ascii	"D:\\00a_liuhy\\temp126\\ChibiOS-Contrib/os/hal/port"
 813      30615F6C 
 813      69756879 
 813      5C74656D 
 813      70313236 
 814 015b 732F4553 		.ascii	"s/ES32/LLD/GPIOv1/hal_pal_lld.c\000"
 814      33322F4C 
 814      4C442F47 
 814      50494F76 
 814      312F6861 
 815              	.LASF36:
 816 017b 443A5C30 		.ascii	"D:\\00a_liuhy\\temp126\\ChibiOS-Contrib\\demos\\ES3"
 816      30615F6C 
 816      69756879 
ARM GAS  C:\Users\PUBLIC~1.LAP\AppData\Local\Temp\ccu1w26O.s 			page 18


 816      5C74656D 
 816      70313236 
 817 01a9 325C4653 		.ascii	"2\\FS026\000"
 817      30323600 
 818              	.LASF45:
 819 01b1 7265675F 		.ascii	"reg_gpio.h\000"
 819      6770696F 
 819      2E6800
 820              	.LASF48:
 821 01bc 68616C5F 		.ascii	"hal_pal_lld.c\000"
 821      70616C5F 
 821      6C6C642E 
 821      6300
 822              	.LASF47:
 823 01ca 68616C5F 		.ascii	"hal_pal_lld.h\000"
 823      70616C5F 
 823      6C6C642E 
 823      6800
 824              	.LASF41:
 825 01d8 643A5C71 		.ascii	"d:\\qmk_msys\\mingw64\\arm-none-eabi\\include\\sys\000"
 825      6D6B5F6D 
 825      7379735C 
 825      6D696E67 
 825      7736345C 
 826              		.text
 827              		.section	.gnu.lto_.profile.840c6e69,"e",%progbits
 828 0000 28B52FFD 		.ascii	"(\265/\375 \0061\000\000\002\000\000\000\000\000"
 828      20063100 
 828      00020000 
 828      000000
 829              		.text
 830              		.section	.gnu.lto_.icf.840c6e69,"e",%progbits
 831 0000 28B52FFD 		.ascii	"(\265/\375 d\365\000\000\260X\000\002\000\251\257\360"
 831      2064F500 
 831      00B05800 
 831      0200A9AF 
 831      F0
 832 0011 B2030001 		.ascii	"\262\003\000\001\326\203\211\203\010$\002\000\002\001"
 832      D6838983 
 832      08240200 
 832      0201
 833 001f 00020063 		.ascii	"\000\002\000c\207\002\014\332"
 833      87020CDA 
 834              		.text
 835              		.section	.gnu.lto_.ipa_sra.840c6e69,"e",%progbits
 836 0000 28B52FFD 		.ascii	"(\265/\375  \235\000\000X\024\000\002\000\000\001\001"
 836      20209D00 
 836      00581400 
 836      02000001 
 836      01
 837 0011 03000100 		.ascii	"\003\000\001\000\002\000\300\230\015`\001"
 837      0200C098 
 837      0D6001
 838              		.text
 839              		.section	.gnu.lto_.inline.840c6e69,"e",%progbits
 840 0000 28B52FFD 		.ascii	"(\265/\375 \272\245\004\000\022I\037*\200EI\007`\300"
 840      20BAA504 
ARM GAS  C:\Users\PUBLIC~1.LAP\AppData\Local\Temp\ccu1w26O.s 			page 19


 840      0012491F 
 840      2A804549 
 840      0760C0
 841 0013 8ECEF435 		.ascii	"\216\316\3645\250\311k\347\347\037\2275T\2024\341\213"
 841      A8C96BE7 
 841      E71F9735 
 841      548234E1 
 841      8B
 842 0024 A15061DC 		.ascii	"\241Pa\334\026\014\314C\002\204\3035\265\224 \205l\271"
 842      160CCC43 
 842      0284C335 
 842      B5942085 
 842      6CB9
 843 0036 53FF77DD 		.ascii	"S\377w\335\345`TM\025\366z=(\020U\003\314\355\006\341"
 843      E560544D 
 843      15F67A3D 
 843      28105503 
 843      CCED06E1 
 844 004a 253399DB 		.ascii	"%3\231\333nS\340a\250\224IbA<\230 Q\010\206_\264\240"
 844      6E53E061 
 844      A8944962 
 844      413C9820 
 844      5108865F 
 845 0060 9A2689C2 		.ascii	"\232&\211\302\337^/\340\016\340ZG\361\0326\326\271{"
 845      DF5E2FE0 
 845      0EE05A47 
 845      F11A36D6 
 845      B97B
 846 0072 0D6B1BC5 		.ascii	"\015k\033\305\217\321\010u`0\301\367e\377\310L\3109"
 846      8FD10875 
 846      6030C1F7 
 846      65FFC84C 
 846      C839
 847 0084 CDCCC4EF 		.ascii	"\315\314\304\357R\007\000f\3149\012a\200\346h\233A\334"
 847      52070066 
 847      CC390A61 
 847      80E6689B 
 847      41DC
 848 0096 1C0EF3FA 		.ascii	"\034\016\363\372\015`\001"
 848      0D6001
 849              		.text
 850              		.section	.gnu.lto_.jmpfuncs.840c6e69,"e",%progbits
 851 0000 28B52FFD 		.ascii	"(\265/\375  \345\000\000\260\024\000\002\000\000\000"
 851      2020E500 
 851      00B01400 
 851      02000000 
 852 0010 01030101 		.ascii	"\001\003\001\001\001?\177\002\001\177\002\004\177\002"
 852      013F7F02 
 852      017F0204 
 852      7F02
 853 001e 02000100 		.ascii	"\002\000\001\000\033\300\002"
 853      1BC002
 854              		.text
 855              		.section	.gnu.lto_.pureconst.840c6e69,"e",%progbits
 856 0000 28B52FFD 		.ascii	"(\265/\375 \013Y\000\000\007\000\000\000\002\000\200"
 856      200B5900 
 856      00070000 
ARM GAS  C:\Users\PUBLIC~1.LAP\AppData\Local\Temp\ccu1w26O.s 			page 20


 856      00020080 
 857 0010 04019A04 		.ascii	"\004\001\232\004"
 858              		.text
 859              		.section	.gnu.lto_.ipa_modref.840c6e69,"e",%progbits
 860 0000 28B52FFD 		.ascii	"(\265/\375 Lu\001\000$\002@\000\001\001\003\020\274"
 860      204C7501 
 860      00240240 
 860      00010103 
 860      10BC
 861 0012 06010205 		.ascii	"\006\001\002\005\000\001\002\006\000\002\000\001\000"
 861      00010206 
 861      00020001 
 861      00
 862 001f 80012080 		.ascii	"\200\001 \200\001\000\001\000\300\002 \300\006\000\003"
 862      01000100 
 862      C00220C0 
 862      060003
 863 002e 00F4E421 		.ascii	"\000\364\344!3\300\015\264\001"
 863      33C00DB4 
 863      01
 864              		.text
 865              		.section	.gnu.lto_.lto.840c6e69,"e",%progbits
 866 0000 0C000000 		.ascii	"\014\000\000\000\001\000\001\000"
 866      01000100 
 867              		.text
 868              		.section	.gnu.lto__pal_lld_init.2996.840c6e69,"e",%progbits
 869 0000 28B52FFD 		.ascii	"(\265/\375 \354\325\006\000\024\014k\000\000\000R\000"
 869      20ECD506 
 869      00140C6B 
 869      00000052 
 869      00
 870 0011 00002300 		.ascii	"\000\000#\000\000\000\001\003\000\001\222\221\212\002"
 870      00000103 
 870      00019291 
 870      8A02
 871 001f 00808080 		.ascii	"\000\200\200\200@\007\002\001\201\221\212\011\001\267"
 871      40070201 
 871      81918A09 
 871      01B7
 872 002d 0101007F 		.ascii	"\001\001\000\177\002\001\177\001\246\003/\200\200\200"
 872      02017F01 
 872      A6032F80 
 872      8080
 873 003b F8C4C4E1 		.ascii	"\370\304\304\341\200P\300\001\352\000\000\177\000\013"
 873      8050C001 
 873      EA00007F 
 873      000B
 874 0049 01000000 		.ascii	"\001\000\000\000\257\322\005\340\200\374\377\217\200"
 874      AFD205E0 
 874      80FCFF8F 
 874      80
 875 0056 80D5E301 		.ascii	"\200\325\343\001\232#\002\000\000\243\003\000\200\200"
 875      9A230200 
 875      00A30300 
 875      8080
 876 0064 80800401 		.ascii	"\200\200\004\001\000\000\244\003\002\201\300\000\000"
 876      0000A403 
ARM GAS  C:\Users\PUBLIC~1.LAP\AppData\Local\Temp\ccu1w26O.s 			page 21


 876      0281C000 
 876      00
 877 0071 FA028022 		.ascii	"\372\002\200\"\000\202\003\202 \243\003\001\200\300"
 877      00820382 
 877      20A30301 
 877      80C0
 878 007f 50443A5C 		.ascii	"PD:\\00a_liuhy\\temp126\\ChibiOS-Contrib/os/hal/por"
 878      3030615F 
 878      6C697568 
 878      795C7465 
 878      6D703132 
 879 00af 74732F45 		.ascii	"ts/ES32/LLD/GPIOv1_pal_lld.c\000\010\000B\317\2103\003"
 879      5333322F 
 879      4C4C442F 
 879      4750494F 
 879      76315F70 
 880 00d3 F699C1C0 		.ascii	"\366\231\301\300\367\323e\374\313\270\342r,\332I\006"
 880      F7D365FC 
 880      CBB8E272 
 880      2CDA4906 
 881              		.text
 882              		.section	.gnu.lto__pal_lld_setgroupmode.2997.840c6e69,"e",%progbits
 883 0000 28B52FFD 		.ascii	"(\265/\375`\275\014=:\000\032hT\026?PdN:\013\255{|\\"
 883      60BD0C3D 
 883      3A001A68 
 883      54163F50 
 883      644E3A0B 
 884 0018 21410CE3 		.ascii	"!A\014\343\015\375\322\310\217\276hG\035\241\255\312"
 884      0DFDD2C8 
 884      8FBE6847 
 884      1DA1ADCA 
 885 0028 CD3E023E 		.ascii	"\315>\002>p*\346\206s\005\177\366\013\200B\031\341%"
 885      702AE686 
 885      73057FF6 
 885      0B804219 
 885      E125
 886 003a C5301CF6 		.ascii	"\3050\034\3664\377\205\216J\203\253\336\330u5K6\221"
 886      34FF858E 
 886      4A83ABDE 
 886      D875354B 
 886      3691
 887 004c 32C95A01 		.ascii	"2\311Z\001%\001Y\001i\237:\247\313\367\3768?\337\337"
 887      25015901 
 887      699F3AA7 
 887      CBF7FE38 
 887      3FDFDF
 888 005f F7D7FD76 		.ascii	"\367\327\375v?\233\037\357\317\373\233'\356\276\012"
 888      3F9B1FEF 
 888      CFFB9B27 
 888      EEBE0A
 889 006e 09DBBFD9 		.ascii	"\011\333\277\331\303\271\234\3179\235-\326!}rO\336\370"
 889      C3B99CCF 
 889      399D2DD6 
 889      217D724F 
 889      DEF8
 890 0080 CE30810B 		.ascii	"\3160\201\013\333\215s\003\212N\316\333\360\265\312"
 890      DB8D7303 
ARM GAS  C:\Users\PUBLIC~1.LAP\AppData\Local\Temp\ccu1w26O.s 			page 22


 890      8A4ECEDB 
 890      F0B5CA
 891 008f ED21B983 		.ascii	"\355!\271\203\003\3506|\375\327\374\356m\316\274\233"
 891      03E8367C 
 891      FDD7FCEE 
 891      6DCEBC9B 
 892 009f EB6DF1CC 		.ascii	"\353m\361\314k\322\025\351\313S\263\364\303\313S\006"
 892      6BD215E9 
 892      CB53B3F4 
 892      C3CB5306 
 893 00af 62E3E63F 		.ascii	"b\343\346?\024\331\335\200\002\002 U\3365\275\360\020"
 893      14D9DD80 
 893      02022055 
 893      DE35BDF0 
 893      10
 894 00c0 0CDBADBB 		.ascii	"\014\333\255\2731\364\321\306\244\374\2417\365\2729"
 894      31F4D1C6 
 894      A4FCA137 
 894      F5BA39
 895 00cf 86AFBB67 		.ascii	"\206\257\273g\232\260\246\303\3616\246$W\320\324\000"
 895      9AB0A6C3 
 895      F136A624 
 895      57D0D400 
 896 00df 13C6733A 		.ascii	"\023\306s:\336\306\264\344\312\031\300\264\341\353\231"
 896      DEC6B4E4 
 896      CA19C0B4 
 896      E1EB99
 897 00ee 25ECBCFB 		.ascii	"%\354\274\37327\323\343gv\254R\232\316\305\221\223\246"
 897      3237D3E3 
 897      6776AC52 
 897      9ACEC591 
 897      93A6
 898 0100 75557B62 		.ascii	"uU{b\370\012u'\364\365\374\000\364u{\354\022z\035X\352"
 898      F80A7527 
 898      F4F5FC00 
 898      F4757BEC 
 898      127A1D58 
 899 0115 470F9B47 		.ascii	"G\017\233Gi\232\"\033\3136\367\370q\311X$*\015\205h"
 899      699A221B 
 899      CB36F7F8 
 899      71C95824 
 899      2A0D8568 
 900 0129 3D9B7BEC 		.ascii	"=\233{\354\257\242$Z~I\362\243\260K.\320\322\315\307"
 900      AFA2245A 
 900      7E49F2A3 
 900      B04B2ED0 
 900      D2CDC7
 901 013c 97CEAD40 		.ascii	"\227\316\255@\3009\377k\203;\205A\216p\271\336\243\300"
 901      C039FF6B 
 901      833B8541 
 901      8E70B9DE 
 901      A3C0
 902 014e B4496163 		.ascii	"\264IacQ\330E\374k\203rB\201i{\302J\302.+H\242|\030"
 902      51D845FC 
 902      6B837242 
 902      81697BC2 
 902      4AC22E2B 
ARM GAS  C:\Users\PUBLIC~1.LAP\AppData\Local\Temp\ccu1w26O.s 			page 23


 903 0166 25147659 		.ascii	"%\024vYA\322\344\350\321MYtc\343zR\200\323\363\366\277"
 903      41D2E4E8 
 903      D14D5974 
 903      63E37A52 
 903      80D3F3F6 
 904 017b 3627A793 		.ascii	"6'\247\223\237+\206\212nA\370\244\363\250\277\266('"
 904      9F2B868A 
 904      6E41F8A4 
 904      F3A8BFB6 
 904      2827
 905 018d 549AA6D7 		.ascii	"T\232\246\327;\023q\003\302MtKr\026v\245i\272\274tC"
 905      3B137103 
 905      C24D744B 
 905      721676A5 
 905      69BABC74 
 906 01a2 F265FAEE 		.ascii	"\362e\372\356:\332]+\273\306\002\001i\332\035\367\033"
 906      3ADA5D2B 
 906      BBC60201 
 906      69DA1DF7 
 906      1B
 907 01b3 E8EBCE45 		.ascii	"\350\353\316E\205\311\004C\337\216\351R\350\331\030"
 907      85C90443 
 907      DF8EE952 
 907      E8D918
 908 01c2 8467A34A 		.ascii	"\204g\243J.\364\331\324y\367\205\332]\005\223p\365\361"
 908      2EF4D9D4 
 908      79F785DA 
 908      5D059370 
 908      F5F1
 909 01d4 EE9C9BAB 		.ascii	"\356\234\233\253\352Y\315]\375\230n[\375\274_\012}o"
 909      EA59CD5D 
 909      FD986E5B 
 909      FDBC5F0A 
 909      7D6F
 910 01e6 F1570F9A 		.ascii	"\361W\017\232\325\357\012\210mp\222V\277y\2505\016\334"
 910      D5EF0A88 
 910      6D709256 
 910      BF79A835 
 910      0EDC
 911 01f8 BE149AD5 		.ascii	"\276\024\232\325Z}@\312&?xp\217'\370\227r\340n\235\017"
 911      5A7D40CA 
 911      263F7870 
 911      8F27F897 
 911      72E06E9D 
 912 020d EEB8DD6F 		.ascii	"\356\270\335o\311\005\002n_\331}\335\267\004\330\027"
 912      C905026E 
 912      5FD97DDD 
 912      B704D817 
 913 021d 89115E3F 		.ascii	"\211\021^?\363w\370\336\227\303\343|\273\316\367\335"
 913      F377F8DE 
 913      97C3E37C 
 913      BBCEF7DD 
 914 022d F0BEAF86 		.ascii	"\360\276\257\206\317\375\031n\367\305p\201k\353\315"
 914      CFFD196E 
 914      F7C57081 
 914      6BEBCD
 915 023c AFD6E9FE 		.ascii	"\257\326\351\376\254\327}\223g\363\305:\336\367\352"
ARM GAS  C:\Users\PUBLIC~1.LAP\AppData\Local\Temp\ccu1w26O.s 			page 24


 915      ACD77D93 
 915      67F3C53A 
 915      DEF7EA
 916 024b 795FE49B 		.ascii	"y_\344\233_\253\317}\253*/U\345\235\252\274\024*\357"
 916      5FABCF7D 
 916      AB2A2F55 
 916      E59DAABC 
 916      142AEF
 917 025e 84CA2B55 		.ascii	"\204\312+Uy%T\336\010\225\027B\345}Py\035T\336\006\225"
 917      792554DE 
 917      08951742 
 917      E57D5079 
 917      1D54DE06 
 918 0273 37AAF242 		.ascii	"7\252\362BU^\006\225wA\345UPy\023T^\004\225\367@\345"
 918      555E0695 
 918      7741E555 
 918      50791354 
 918      5E0495F7 
 919 0289 3550790B 		.ascii	"5Py\013T\336\247\312K\240\362:U\336\246\312;\240\362"
 919      54DEA7CA 
 919      4BA0F23A 
 919      55DEA6CA 
 919      3BA0F2
 920 029c 0AA8BC01 		.ascii	"\012\250\274\001*/\200\312\313Ty\217\225w\251\362\032"
 920      2A2F80CA 
 920      CB54798F 
 920      9577A9F2 
 920      1A
 921 02ad 51DE22CA 		.ascii	"Q\336\"\312K\254\274J(\357\260\362\012+/Zyk\345=+oW"
 921      4BACBC4A 
 921      28EFB0F2 
 921      0A2B2F5A 
 921      796BE53D 
 922 02c4 5EAEBC37 		.ascii	"^\256\2747A\034\343\007A\2404=2IRG\274\324\216\343s"
 922      411CE307 
 922      41A0343D 
 922      32495247 
 922      BCD48EE3 
 923 02d9 AD7E7137 		.ascii	"\255~q7\250\231j\010\364!\277\245\"\254vj\002}\012*"
 923      A8996A08 
 923      F421BFA5 
 923      22AC766A 
 923      027D0A2A 
 924 02ed DF9A7A40 		.ascii	"\337\232z@;uuS\237u\224O\326\312^h@+\320\222F@\017j"
 924      3B757553 
 924      9F75944F 
 924      D6CA5E68 
 924      402BD092 
 925 0305 73D5015A 		.ascii	"s\325\001Z@\237~\000z\251\003t\303x \000\3754\210\316"
 925      409F7E00 
 925      7AA90374 
 925      C3782000 
 925      FD3488CE 
 926 0319 0ECD5FDA 		.ascii	"\016\315_\332\200\226\004\361\336R\221\035\017.\262"
 926      809604F1 
 926      DE52911D 
 926      0F2EB2
ARM GAS  C:\Users\PUBLIC~1.LAP\AppData\Local\Temp\ccu1w26O.s 			page 25


 927 0328 8FCDD427 		.ascii	"\217\315\324' \345\333R\033\373\330}H\331dC/u\013*\237"
 927      20E5DB52 
 927      1BFBD87D 
 927      48D96443 
 927      2F750B2A 
 928 033d EC9EFD0F 		.ascii	"\354\236\375\017\3320M\253d\355\377x\004\312\030ny\335"
 928      DA304DAB 
 928      64EDFF78 
 928      04CA186E 
 928      79DD
 929 034f EF405F8D 		.ascii	"\357@_\215\235@\013\235\235\031\016\375\275bs\0206S"
 929      9D400B9D 
 929      9D190EFD 
 929      BD627310 
 929      3653
 930 0361 B12FC826 		.ascii	"\261/\310&\211LW?\016\261\273\224\272\352DVjf\304\006"
 930      894C573F 
 930      0EB1BB94 
 930      BAEA4456 
 930      6A66C406 
 931 0375 46CC863E 		.ascii	"F\314\206>\337\2607\364\353(\007\327xp\223M\365a\237"
 931      DFB037F4 
 931      EB2807D7 
 931      7870934D 
 931      F5619F
 932 0388 119BA466 		.ascii	"\021\233\244f\206\321\320\357\0236\206\326\320\334\206"
 932      86D1D0EF 
 932      133686D6 
 932      D0DC86
 933 0397 4DD27929 		.ascii	"M\322y)\024ma\237\207\330\300H\241\311F\373l\343\205"
 933      146D619F 
 933      87D8C048 
 933      A1C946FB 
 933      6CE385
 934 03aa CE8B4C29 		.ascii	"\316\213L)\234\246\251\217\263\343VE\037\334\261D\247"
 934      9CA6A98F 
 934      B3E35645 
 934      1FDCB144 
 934      A7
 935 03bb 99A1E3E7 		.ascii	"\231\241\343\347y\262\227c|\203\307\257N3\003\307\027"
 935      79B29763 
 935      7C83C7AF 
 935      4E3303C7 
 935      17
 936 03cc 1A0BD191 		.ascii	"\032\013\321\221D\247\2311\302\\}\325K\025|{\216#:\215"
 936      44A79931 
 936      C25C7DD5 
 936      4B157C7B 
 936      8E233A8D 
 937 03e0 CC206F35 		.ascii	"\314 o5\262\227c}F\216`\235F\006\021k\265U/\257\367"
 937      B297637D 
 937      468E609D 
 937      4606116B 
 937      B5552FAF 
 938 03f5 A1203E2E 		.ascii	"\241 >.G\257\336\2233tU/W\012\255\275\342\216\020\020"
 938      47AFDE93 
 938      3374552F 
ARM GAS  C:\Users\PUBLIC~1.LAP\AppData\Local\Temp\ccu1w26O.s 			page 26


 938      570AADBD 
 938      E28E1010 
 939 0409 8654D5B5 		.ascii	"\206T\325\265/\310\204\362\227\352]\211\351\244\252"
 939      2FC884F2 
 939      97EA5D89 
 939      E9A4AA
 940 0418 3F67D56F 		.ascii	"?g\325o\"\373yW}<,\346\300Mv\327\332\231\246\0010h\210"
 940      22FB7957 
 940      7D3C2CE6 
 940      C04D76D7 
 940      DA99A601 
 941 042f 9DCD5033 		.ascii	"\235\315P3\023\033b\235q\362\214-\234\361\030\332Y\253"
 941      131B629D 
 941      71F28C2D 
 941      9CF118DA 
 941      59AB
 942 0441 A1318D31 		.ascii	"\2411\2151\036\253\221\3263\324\314\304N\265\262\025"
 942      1EAB91D6 
 942      33D4CCC4 
 942      4EB5B215 
 943 0451 4D368676 		.ascii	"M6\206vv\302\240!vv.YR+\251E6\206e\365t.\013\25313\263"
 943      76C2A021 
 943      76762E59 
 943      522BA945 
 943      368665F5 
 944 046c 14666269 		.ascii	"\024fbi)\260l|\211\000\013\201\374\340\345\205LV8\001"
 944      29B06C7C 
 944      89000B81 
 944      FCE0E585 
 944      4C563801 
 945 0480 0249436D 		.ascii	"\002ICm\006Z\032\322L\314\005\222\006\032rE\331\014"
 945      065A1AD2 
 945      4CCC0592 
 945      061A7245 
 945      D90C
 946 0492 B518681E 		.ascii	"\265\030h\036\252N|\225\255(s\341\001EV\022+\355\214"
 946      AA4E7C95 
 946      AD2873E1 
 946      01455612 
 946      2BED8C
 947 04a5 4C0D050E 		.ascii	"L\015\005\016\0275\312\314R\210]]\241\270\360\001\254"
 947      1735CACC 
 947      52885D5D 
 947      A1B8F001 
 947      AC
 948 04b6 2EFD1A99 		.ascii	".\375\032\231NJ\364\353J\300\205\001\3537\255\032\254"
 948      4E4AF4EB 
 948      4AC08501 
 948      EB37AD1A 
 948      AC
 949 04c7 BFF7E5CB 		.ascii	"\277\367\345\313\316\261\372\253\2777\205D\037\357\252"
 949      CEB1FAAB 
 949      BF378544 
 949      1FEFAA
 950 04d6 494819D1 		.ascii	"IH\031\321\317C\366\210~\233&\224f\336\011\342v\354"
 950      CF43F688 
 950      7E9B2694 
ARM GAS  C:\Users\PUBLIC~1.LAP\AppData\Local\Temp\ccu1w26O.s 			page 27


 950      66DE09E2 
 950      76EC
 951 04e8 38A8B55E 		.ascii	"8\250\265^\333n:Y\352\270\325\201z\365\212\273A\334"
 951      DB6E3A59 
 951      EAB8D581 
 951      7AF58ABB 
 951      41DC
 952 04fa 64E2D59F 		.ascii	"d\342\325\237\243zU{\365\353\260\015\376\340AbS\311"
 952      A37A557B 
 952      F5EBB00D 
 952      FEE04162 
 952      53C9
 953 050c 5F6AA46A 		.ascii	"_j\244j\266\251\246\242\320\023z\212\002\031\003\231"
 953      B6A9A6A2 
 953      D0137A8A 
 953      02190399 
 954 051c 30A928C5 		.ascii	"0\251(\305k\022Z*BCh\011\0218\205\020i\351\244)#G\354"
 954      6B125A2A 
 954      42436809 
 954      11388510 
 954      69E9A429 
 955 0533 B83DA243 		.ascii	"\270=\242Cz0\350\240\0374\350\246v \251\201\243\313"
 955      7A30E8A0 
 955      1F34E8A6 
 955      7620A981 
 955      A3CB
 956 0545 0502CA51 		.ascii	"\005\002\312Q\212\352\300\243UCu\024\203nj(\026\177"
 956      8AEAC0A3 
 956      55437514 
 956      836E6A28 
 956      167F
 957 0557 C4C0C8F4 		.ascii	"\304\300\310\364\033.\350F\012zA\202F\320\012\022\220"
 957      1B2EE846 
 957      0A7A4182 
 957      46D00A12 
 957      90
 958 0568 7D11823C 		.ascii	"}\021\202<\302\003\255\210\351\220\2066\320\007\272"
 958      C203AD88 
 958      E9908636 
 958      D007BA
 959 0577 EE29DF0A 		.ascii	"\356)\337\012\364S\033h\302\241\013<Ykq\300\247^\240"
 959      F4531B68 
 959      C2A10B3C 
 959      596B71C0 
 959      A75EA0
 960 058a 85CE8E79 		.ascii	"\205\316\216yg\312\216\211\007\355\270\025\376\006\232"
 960      67CA8E89 
 960      07EDB815 
 960      FE069A
 961 0599 EC19777E 		.ascii	"\354\031w~Ff\235\275\023$\200\370\25014\006!C\206d\002"
 961      46669DBD 
 961      132480F8 
 961      A8313406 
 961      21438664 
 962 05ae 11114992 		.ascii	"\021\021I\222$\215\001\360\002\021\241\032u\021 5T\010"
 962      248D01F0 
 962      0211A11A 
ARM GAS  C:\Users\PUBLIC~1.LAP\AppData\Local\Temp\ccu1w26O.s 			page 28


 962      75112035 
 962      5408
 963 05c0 A72405E5 		.ascii	"\247$\005\345\302\276\001\007\007\350\334\205\006\264"
 963      C2BE0107 
 963      07E8DC85 
 963      06B4
 964 05ce F90C5F16 		.ascii	"\371\014_\026\271\027\024\337\\\020-l\243u%\205\210"
 964      B91714DF 
 964      5C102D6C 
 964      A3752585 
 964      88
 965 05df E82697B9 		.ascii	"\350&\227\271\030D\242\243\221c\252\251G\012#C\221p"
 965      1844A2A3 
 965      9163AAA9 
 965      470A2343 
 965      9170
 966 05f1 92436F1E 		.ascii	"\222Co\036q\225\251\004<GjC\312\200=\005\331\300k\002"
 966      7195A904 
 966      3C476A43 
 966      CA803D05 
 966      D9C06B02 
 967 0605 D75E67E8 		.ascii	"\327^g\350\341\037\246\010\256$\030\215\225|\240\177"
 967      E11FA608 
 967      AE24188D 
 967      957CA07F 
 968 0615 B3204393 		.ascii	"\263 C\223\302\3469N]w\2249C%--?\021\004\206\332\354"
 968      C2E6394E 
 968      5D779439 
 968      43252D2D 
 968      3F110486 
 969 062b 7B01B8FA 		.ascii	"{\001\270\372Bc(N\214\031\017\257\306\340\332k\214="
 969      4263284E 
 969      8C190FAF 
 969      C6E0DA6B 
 969      8C3D
 970 063d FE98C67D 		.ascii	"\376\230\306}@6\326\243\270b\370\205\200?\177\324\336"
 970      4036D6A3 
 970      B862F885 
 970      803F7FD4 
 970      DE
 971 064e 4894C463 		.ascii	"H\224\304c\213\3213\204x^\221\207+\363\011x\304\246"
 971      8BD13384 
 971      785E9187 
 971      2BF30978 
 971      C4A6
 972 0660 E4D24657 		.ascii	"\344\322FW\217\357lt\025P\306\035*\376o\313\216hF\201"
 972      8FEF6C74 
 972      1550C61D 
 972      2AFE6FCB 
 972      8E684681 
 973 0674 C1D46AAF 		.ascii	"\301\324j\257\035\272\262\007l\314\207,\232\"\363#\263"
 973      1DBAB207 
 973      6CCC872C 
 973      9A22F323 
 973      B3
 974 0685 66586086 		.ascii	"fX`\2062`p?9\332'\321\352d\242\032\272\303(\341\306"
 974      3260703F 
ARM GAS  C:\Users\PUBLIC~1.LAP\AppData\Local\Temp\ccu1w26O.s 			page 29


 974      39DA27D1 
 974      EA64A21A 
 974      BAC328E1 
 975 069a 09B83CE1 		.ascii	"\011\270<\341\333\222\274'\311\254x\216M\227\364Z\320"
 975      DB92BC27 
 975      C9AC788E 
 975      4D97F45A 
 975      D0
 976 06ab C0770EE1 		.ascii	"\300w\016\341\224V\206P\213\315\355\251\013\374y\\\340"
 976      94568650 
 976      8BCDEDA9 
 976      0BFC795C 
 976      E0
 977 06bc 5F05212E 		.ascii	"_\005!.\316\231\334\007 P\014\350*\010CU\210V\356B\036"
 977      CE99DC07 
 977      20500CE8 
 977      2A084355 
 977      8856EE42 
 978 06d1 39DC24E5 		.ascii	"9\334$\3452\263\342\335U\355\303\225\253\304\034\244"
 978      32B3E2DD 
 978      55EDC395 
 978      ABC41CA4 
 979 06e1 9767A272 		.ascii	"\227g\242r+\232c\323k\320\342I5\225UpUw\201]3\233\345"
 979      2B9A63D3 
 979      6BD0E249 
 979      35955570 
 979      5577815D 
 980 06f8 117EB925 		.ascii	"\021~\271%\004\373.u\213R\371k\2755\"\242<cJ\204oT\356"
 980      04FB2E75 
 980      8B52F96B 
 980      BD3522A2 
 980      3C634A84 
 981 070f 5D65ABCD 		.ascii	"]e\253\315\272\262\305R5\302rF\230i\310\215PFJ]j\275"
 981      BAB2C552 
 981      35C27246 
 981      9869C88D 
 981      50464A5D 
 982 0725 F0A11911 		.ascii	"\360\241\031\021\371\364\013\243\206.Eu\332J\357X\317"
 982      F9F40BA3 
 982      862E4575 
 982      DA4AEF58 
 982      CF
 983 0736 BBF574B2 		.ascii	"\273\365t\262r \346\026=\246\031\031\307q\032\363\220"
 983      7220E616 
 983      3DA61919 
 983      C7711AF3 
 983      90
 984 0747 2532ECD0 		.ascii	"%2\354\320\344\331\376v\331\017"
 984      E4D9FE76 
 984      D90F
 985              		.text
 986              		.section	.gnu.lto_.symbol_nodes.840c6e69,"e",%progbits
 987 0000 28B52FFD 		.ascii	"(\265/\375 7u\001\000D\0023\000\000\000\000\002\264"
 987      20377501 
 987      00440233 
 987      00000000 
 987      02B4
ARM GAS  C:\Users\PUBLIC~1.LAP\AppData\Local\Temp\ccu1w26O.s 			page 30


 988 0012 177F0780 		.ascii	"\027\177\007\200\200\200\200\004\001\220\316\000\000"
 988      80808004 
 988      0190CE00 
 988      00
 989 001f 7F0000BA 		.ascii	"\177\000\000\272\220\202\002\265\027\177\010\360\372"
 989      908202B5 
 989      177F08F0 
 989      FA
 990 002c A8380002 		.ascii	"\2508\000\002\000;\233\317\326\034\003"
 990      003B9BCF 
 990      D61C03
 991              		.text
 992              		.section	.gnu.lto_.refs.840c6e69,"e",%progbits
 993 0000 28B52FFD 		.ascii	"(\265/\375 \005)\000\000\001\000\000\000\000"
 993      20052900 
 993      00010000 
 993      0000
 994              		.text
 995              		.section	.gnu.lto_.decls.840c6e69,"e",%progbits
 996 0000 28B52FFD 		.ascii	"(\265/\375`E\007\375(\000\232I\\\020Gp\334Q:>\007&\377"
 996      604507FD 
 996      28009A49 
 996      5C104770 
 996      DC513A3E 
 997 0017 22840308 		.ascii	"\"\204\003\010o\202\274\012\"<u\310\003'T|;dR\353:\004"
 997      6F82BC0A 
 997      223C75C8 
 997      0327547C 
 997      3B6452EB 
 998 002d 48E7574B 		.ascii	"H\347WK$#\377\242\265C\204\030\342\367wx\006d\011pp"
 998      2423FFA2 
 998      B5438418 
 998      E2F77778 
 998      06640970 
 999 0042 5CF656EA 		.ascii	"\\\366V\352\005\36469\320\264\223|\235\266[\232\210"
 999      05F43639 
 999      D0B4937C 
 999      9DB65B9A 
 999      88
 1000 0053 253205D1 		.ascii	"%2\005\321\000\366\000\355\000Q\330\011QV\363Z\221\261"
 1000      00F600ED 
 1000      0051D809 
 1000      5156F35A 
 1000      91B1
 1001 0065 22D0EEE7 		.ascii	"\"\320\356\347\215~\246\302b\330\012;a\366\254\253\316"
 1001      8D7EA6C2 
 1001      62D80A3B 
 1001      61F6ACAB 
 1001      CE
 1002 0076 ECC6BA66 		.ascii	"\354\306\272f(a\353~>H\360 h\331\346d.P\317@\356\255"
 1002      2861EB7E 
 1002      3E48F020 
 1002      68D9E664 
 1002      2E50CF40 
 1003 008c 790847C4 		.ascii	"y\010G\304\006h\305h\260\251zf\3363\217{\336\272\347"
 1003      0668C568 
 1003      B0A97A66 
ARM GAS  C:\Users\PUBLIC~1.LAP\AppData\Local\Temp\ccu1w26O.s 			page 31


 1003      DE338F7B 
 1003      DEBAE7
 1004 009f 1BF766DD 		.ascii	"\033\367f\3353\326\325\315\270\347\365&`\344=\367m\300"
 1004      33D6D5CD 
 1004      B8E7F526 
 1004      60E43DF7 
 1004      6DC0
 1005 00b1 0670DC84 		.ascii	"\006p\334\204\3118l\307\354\177\220\2543w\317\230A\311"
 1005      C9386CC7 
 1005      EC7F90AC 
 1005      3377CF98 
 1005      41C9
 1006 00c3 52F52CEE 		.ascii	"R\365,\356y\207\313\361\016w\252\273c\0038 \024e-\341"
 1006      7987CBF1 
 1006      0E77AABB 
 1006      63033820 
 1006      14652DE1 
 1007 00d7 E9FD99C9 		.ascii	"\351\375\231\311\317K\370k\247\226-\233\255\233\025"
 1007      CF4BF86B 
 1007      A7962D9B 
 1007      AD9B15
 1008 00e6 E23E69C6 		.ascii	"\342>i\306c\2526\340!\234\312\006p\377\275\374\357\362"
 1008      63AA36E0 
 1008      219CCA06 
 1008      70FFBDFC 
 1008      EFF2
 1009 00f8 FFCBFF31 		.ascii	"\377\313\3771\377\311\374\347\"\342\277\2036\271\237"
 1009      FFC9FCE7 
 1009      22E2BF83 
 1009      36B99F
 1010 0107 EFF0CF6D 		.ascii	"\357\360\317m\377\241\377\331\377\317\377m\376\257\371"
 1010      FFA1FFD9 
 1010      FFCFFF6D 
 1010      FEAFF9
 1011 0116 AFE6BFDA 		.ascii	"\257\346\277\332\377\257\377?\377\267\374\277E\243\321"
 1011      FFAFFF3F 
 1011      FFB7FCBF 
 1011      45A3D1
 1012 0125 E8FFFE19 		.ascii	"\350\377\376\031\354\007\260',\262\265\272\221K\005"
 1012      EC07B027 
 1012      2CB2B5BA 
 1012      914B05
 1013 0134 6DB65CC9 		.ascii	"m\266\\\311T-s\375\205\325\214\321\3358%[Bh}l\266S\353"
 1013      542D73FD 
 1013      85D58CD1 
 1013      DD38255B 
 1013      42687D6C 
 1014 014b B820D9BD 		.ascii	"\270 \331\275ed{\013\307v/hg\263\273\215Nf\235mDCv3"
 1014      65647B0B 
 1014      C7762F68 
 1014      67B3BB8D 
 1014      4E669D6D 
 1015 0163 5AB7168C 		.ascii	"Z\267\026\214\356\326uwP#\263\256\252|,\201`T-\255\332"
 1015      EED67577 
 1015      5023B3AE 
 1015      AA7C2C81 
 1015      60542DAD 
ARM GAS  C:\Users\PUBLIC~1.LAP\AppData\Local\Temp\ccu1w26O.s 			page 32


 1016 0178 AB072BD7 		.ascii	"\253\007+\327\326\307\262\227\005J\333\354*\326\310"
 1016      D6C7B297 
 1016      054ADBEC 
 1016      2AD6C8
 1017 0187 EBD5B29B 		.ascii	"\353\325\262\233\315\206\231\274\255\221\355\263\356"
 1017      CD8699BC 
 1017      AD91EDB3 
 1017      EE
 1018 0194 E63A4047 		.ascii	"\346:@G\322\272`i\223\373\321\302\226V\266\274\354\000"
 1018      D2BA6069 
 1018      93FBD1C2 
 1018      9656B6BC 
 1018      EC00
 1019 01a6 3E55B8C0 		.ascii	">U\270\300IU5\271\033WW\026\031\016V\013J\322L\363$"
 1019      495535B9 
 1019      1B575716 
 1019      190E560B 
 1019      4AD24CF3 
 1020 01bb 559F5EDD 		.ascii	"U\237^\335s\030\2439#\240\006\324\212,U\371\231 '\026"
 1020      7318A339 
 1020      23A006D4 
 1020      8A2C55F9 
 1020      99202716 
 1021 01cf F60413BD 		.ascii	"\366\004\023\2757j\217P\251\"\244w\205\307\023(F\316"
 1021      376A8F50 
 1021      A922A477 
 1021      85C71328 
 1021      46CE
 1022 01e1 A410E961 		.ascii	"\244\020\351aa\264\256\261\035\320\3564\377\331\013"
 1022      61B4AEB1 
 1022      1DD0EE34 
 1022      FFD90B
 1023 01f0 83E130EC 		.ascii	"\203\3410\354\3444\356\302d\370\013\233a.\\\206\307"
 1023      E434EEC2 
 1023      64F80B9B 
 1023      612E5C86 
 1023      C7
 1024 0201 70188BF9 		.ascii	"p\030\213\3719\013k\271\312v#\273\273\314\014\211\330"
 1024      390B6BB9 
 1024      CA7623BB 
 1024      BBCC0C89 
 1024      D8
 1025 0212 D857F36C 		.ascii	"\330W\363l\312\220&\177\375,\266\245\305\030\223\346"
 1025      CA90267F 
 1025      FD2CB6A5 
 1025      C51893E6 
 1026 0222 936AA9CA 		.ascii	"\223j\251\312v\230-G\243\314\2321V\303\275\301\002\213"
 1026      76982D47 
 1026      A3CC9A31 
 1026      56C3BDC1 
 1026      028B
 1027 0234 729EE3C9 		.ascii	"r\236\343\311quuy\361s\200\236\266\271#U\357\234\261"
 1027      71757579 
 1027      F173809E 
 1027      B6B92355 
 1027      EF9CB1
 1028 0247 92BC1893 		.ascii	"\222\274\030\223\252\\\207\335\004\025\361:\302\225"
ARM GAS  C:\Users\PUBLIC~1.LAP\AppData\Local\Temp\ccu1w26O.s 			page 33


 1028      AA5C87DD 
 1028      0415F13A 
 1028      C295
 1029 0255 AA5FE335 		.ascii	"\252_\3435\267\247\033)jR\3657 \027\200\227\010~\303"
 1029      B7A71B29 
 1029      6A52F537 
 1029      20178097 
 1029      087EC3
 1030 0268 70CE71FE 		.ascii	"p\316q\376\307a\350e{\007\233\305\270\001\206\255\265"
 1030      C761E865 
 1030      7B079BC5 
 1030      B80186AD 
 1030      B5
 1031 0279 74EC82AC 		.ascii	"t\354\202\254\224\034\377\2653\364g9<\347n\016t\333"
 1031      941CFFB5 
 1031      33F46739 
 1031      3CE76E0E 
 1031      74DB
 1032 028b E96E0640 		.ascii	"\351n\006@\3217j1RU\307C\2704\205ru\314\376\025\222"
 1032      D1376A31 
 1032      5255C743 
 1032      B8348572 
 1032      75CCFE15 
 1033 02a0 437B82FC 		.ascii	"C{\202\374\260\023@F\233\003G\252rW\350N\273\215\313"
 1033      B0134046 
 1033      9B0347AA 
 1033      7257E84E 
 1033      BB8DCB
 1034 02b3 A450B32D 		.ascii	"\244P\263-3\2716\023\007\257-S\271\266Lc\272\266Ge\262"
 1034      33B93613 
 1034      07AF2D53 
 1034      B9B64C63 
 1034      BAB64765 
 1035 02c8 99C6DB4B 		.ascii	"\231\306\333Ke\267\335\274\366\261\205Vd+\007\260\314"
 1035      65B7DDBC 
 1035      F6B18556 
 1035      642B07B0 
 1035      CC
 1036 02d9 6EF668BC 		.ascii	"n\366h\274\3541\331\335G^Yf\353V$S\311k\333\311Fv\262"
 1036      EC31D9DD 
 1036      475E5966 
 1036      EB562453 
 1036      C96BDBC9 
 1037 02f0 C0DAADEC 		.ascii	"\300\332\255\354\226\271\306k3\223k\273T\352l\200\031"
 1037      96B9C66B 
 1037      33936BBB 
 1037      54EA6C80 
 1037      19
 1038 0301 D9586516 		.ascii	"\331Xe\026\244\333\343U\232\\{\253\273spA'\342PJ\005"
 1038      A4DBE355 
 1038      9A5C7BAB 
 1038      BB737041 
 1038      27E2504A 
 1039 0316 71EA4431 		.ascii	"q\352D1H5t\017Ea\224\020\030t\242!\204\026\301\342\024"
 1039      4835740F 
 1039      45619410 
 1039      1874A221 
ARM GAS  C:\Users\PUBLIC~1.LAP\AppData\Local\Temp\ccu1w26O.s 			page 34


 1039      8416C1E2 
 1040 032b B184800F 		.ascii	"\261\204\200\017!P\035\255\030N5\375\374\250w+\002S"
 1040      21501DAD 
 1040      184E35FD 
 1040      FCA8772B 
 1040      0253
 1041 033d 50350D81 		.ascii	"P5\015\201\212\300\240\023qH\024\336\"\320IH\024\012"
 1041      8AC0A013 
 1041      714814DE 
 1041      22D04948 
 1041      140A
 1042 034f 3011F405 		.ascii	"0\021\364\005\245\\\200\000\002\375)\002Q(u\002x\"8"
 1042      A55C8000 
 1042      02FD2902 
 1042      51287502 
 1042      782238
 1043 0362 755444F4 		.ascii	"uTD\364K\372)\3758 \361\212-\202\274(\342pH,\021BC\222"
 1043      4BFA29FD 
 1043      3820F18A 
 1043      2D82BC28 
 1043      E270482C 
 1044 037a 859B4F29 		.ascii	"\205\233O)\3651\245\037.\374.\250\033\220\226n>&\016"
 1044      F531A51F 
 1044      2EFC2EA8 
 1044      1B90966E 
 1044      3E260E
 1045 038d 375F080F 		.ascii	"7_\010\0177\020L\351\317\227~PJ\272\201\370)\335\212"
 1045      37104CE9 
 1045      CF977E50 
 1045      4ABA81F8 
 1045      29DD8A
 1046 03a0 C022A362 		.ascii	"\300\"\243b\224P\305]J\262p{\260hB\321\204\240S/\002"
 1046      9450C55D 
 1046      4AB2707B 
 1046      B06842D1 
 1046      84A0532F 
 1047 03b5 824FE821 		.ascii	"\202O\350!5\010\321!\303-\021\301\011\012\012\010\325"
 1047      3508D121 
 1047      C32D11C1 
 1047      090A0A08 
 1047      D5
 1048 03c6 2405ECAD 		.ascii	"$\005\354\255`R\362\220\201\347[Z\342\025\031\3750\360"
 1048      6052F290 
 1048      81E75B5A 
 1048      E21519FD 
 1048      30F0
 1049 03d8 A88A5344 		.ascii	"\250\212SD)\036T\323\023\217\212\310#!\234*F\021\221"
 1049      291E54D3 
 1049      138F8AC8 
 1049      23219C2A 
 1049      461191
 1050 03eb 20FC9884 		.ascii	" \374\230\204$\204OH#\216\212zR\303`q\204\213'\025B"
 1050      24844F48 
 1050      238E8A7A 
 1050      52C36071 
 1050      848B2715 
 1051 0400 28601311 		.ascii	"(`\023\021\321\010\012>\246\253\\t\350p\233\256\255"
ARM GAS  C:\Users\PUBLIC~1.LAP\AppData\Local\Temp\ccu1w26O.s 			page 35


 1051      D1080A3E 
 1051      A6AB5C74 
 1051      E8709BAE 
 1051      AD
 1052 0411 CC98345B 		.ascii	"\314\2304[KkG\200M\222\013\214\365\234\333\002\244\315"
 1052      4B6B4780 
 1052      4D920B8C 
 1052      F59CDB02 
 1052      A4CD
 1053 0423 210B78A8 		.ascii	"!\013x\250a8\206\220B\210\004B\022\210\220P\230\246"
 1053      61388690 
 1053      42880442 
 1053      12889050 
 1053      98A6
 1054 0435 0DB00211 		.ascii	"\015\260\002\021*\262m\022\340\025)\316\2515a$f\324"
 1054      2AB26D12 
 1054      E01529CE 
 1054      A9356124 
 1054      66D4
 1055 0447 ABEEE204 		.ascii	"\253\356\342\004\253\242\255\256\327\013\002\305t\354"
 1055      ABA2ADAE 
 1055      D70B02C5 
 1055      74EC
 1056 0455 C73916E3 		.ascii	"\3079\026\343Qj@\314\014\006U\321\026\025^\364)\225"
 1056      516A40CC 
 1056      0C0655D1 
 1056      16155EF4 
 1056      2995
 1057 0467 B1734773 		.ascii	"\261sGsk\374\234`\024H)/\365\244\340\343'\365A\306\366"
 1057      6BFC9C60 
 1057      1448292F 
 1057      F5A4E0E3 
 1057      27F541C6 
 1058 047c 6261C80F 		.ascii	"ba\310\017u\023\273\360%\206HG\314e\207\322\3038\024"
 1058      7513BBF0 
 1058      25864847 
 1058      CC6587D2 
 1058      C33814
 1059 048f 10C9B890 		.ascii	"\020\311\270\220\310(%\344\211\010V\017~;\273EL\206"
 1059      C82825E4 
 1059      8908560F 
 1059      7E3BBB45 
 1059      4C86
 1060 04a1 D9511D97 		.ascii	"\331Q\035\227\276\254=GO*\031\002D\372\351\355\0370"
 1060      BEAC3D47 
 1060      4F2A1902 
 1060      44FAE9ED 
 1060      1F30
 1061 04b3 8A12C255 		.ascii	"\212\022\302UK\012\025|\305N\234\362\030\261d~\251\025"
 1061      4B0A157C 
 1061      C54E9CF2 
 1061      18B1647E 
 1061      A915
 1062 04c5 2AFBE5F2 		.ascii	"*\373\345\362\220\303TI\230Jl\262C\223\353p\251\313"
 1062      90C35449 
 1062      984A6CB2 
 1062      4393EB70 
ARM GAS  C:\Users\PUBLIC~1.LAP\AppData\Local\Temp\ccu1w26O.s 			page 36


 1062      A9CB
 1063 04d7 C1186A63 		.ascii	"\301\030jc\036\366M\374\237<2H\225F\022\252\345h\275"
 1063      1EF64DFC 
 1063      9F3C3248 
 1063      954612AA 
 1063      E568BD
 1064 04ea 227EAF20 		.ascii	"\"~\257 \012\254\254j^\235\373\265Z\\Z\200\315g\346"
 1064      0AACAC6A 
 1064      5E9DFBB5 
 1064      5A5C5A80 
 1064      CD67E6
 1065 04fd EBD40A0E 		.ascii	"\353\324\012\016\037_>\361j@O\016D\273~\307\357\205"
 1065      1F5F3EF1 
 1065      6A404F0E 
 1065      44BB7EC7 
 1065      EF85
 1066 050f BEE3D2CA 		.ascii	"\276\343\322\312\200R\245w\355\247i\000\314\325@\373"
 1066      8052A577 
 1066      EDA76900 
 1066      CCD540FB 
 1067 051f 0F7D6762 		.ascii	"\017}gb\241^\337\243\023T"
 1067      A15EDFA3 
 1067      1354
 1068              		.text
 1069              		.section	.gnu.lto_.symtab.840c6e69,"e",%progbits
 1070 0000 5F70616C 		.ascii	"_pal_lld_init\000"
 1070      5F6C6C64 
 1070      5F696E69 
 1070      7400
 1071 000e 00       		.ascii	"\000"
 1072 000f 00       		.ascii	"\000"
 1073 0010 00       		.ascii	"\000"
 1074 0011 00000000 		.ascii	"\000\000\000\000\000\000\000\000"
 1074      00000000 
 1075 0019 F0000000 		.ascii	"\360\000\000\000"
 1076 001d 5F70616C 		.ascii	"_pal_lld_setgroupmode\000"
 1076      5F6C6C64 
 1076      5F736574 
 1076      67726F75 
 1076      706D6F64 
 1077 0033 00       		.ascii	"\000"
 1078 0034 00       		.ascii	"\000"
 1079 0035 00       		.ascii	"\000"
 1080 0036 00000000 		.ascii	"\000\000\000\000\000\000\000\000"
 1080      00000000 
 1081 003e FA000000 		.ascii	"\372\000\000\000"
 1082              		.text
 1083              		.section	.gnu.lto_.ext_symtab.840c6e69,"e",%progbits
 1084 0000 01       		.ascii	"\001"
 1085 0001 01       		.ascii	"\001"
 1086 0002 00       		.ascii	"\000"
 1087 0003 01       		.ascii	"\001"
 1088 0004 00       		.ascii	"\000"
 1089              		.text
 1090              		.section	.gnu.lto_.opts,"e",%progbits
 1091 0000 272D666E 		.ascii	"'-fno-openmp' '-fno-openacc' '-fno-pie' '-fcf-prote"
 1091      6F2D6F70 
ARM GAS  C:\Users\PUBLIC~1.LAP\AppData\Local\Temp\ccu1w26O.s 			page 37


 1091      656E6D70 
 1091      2720272D 
 1091      666E6F2D 
 1092 0033 6374696F 		.ascii	"ction=none' '-g' '-mcpu=cortex-m0' '-mthumb' '-mflo"
 1092      6E3D6E6F 
 1092      6E652720 
 1092      272D6727 
 1092      20272D6D 
 1093 0066 61742D61 		.ascii	"at-abi=soft' '-mlibarch=armv6s-m' '-march=armv6s-m'"
 1093      62693D73 
 1093      6F667427 
 1093      20272D6D 
 1093      6C696261 
 1094 0099 20272D4F 		.ascii	" '-Os' '-fomit-frame-pointer' '-falign-functions=16"
 1094      73272027 
 1094      2D666F6D 
 1094      69742D66 
 1094      72616D65 
 1095 00cc 2720272D 		.ascii	"' '-ffunction-sections' '-fdata-sections' '-fno-com"
 1095      6666756E 
 1095      6374696F 
 1095      6E2D7365 
 1095      6374696F 
 1096 00ff 6D6F6E27 		.ascii	"mon' '-flto' '-Xassembler' '-alms=./build/lst/hal_p"
 1096      20272D66 
 1096      6C746F27 
 1096      20272D58 
 1096      61737365 
 1097 0132 616C5F6C 		.ascii	"al_lld.lst'\000"
 1097      6C642E6C 
 1097      73742700 
 1098              		.text
 1099              		.comm	__gnu_lto_slim,1,1
 1100              		.ident	"GCC: (GNU) 12.2.0"
ARM GAS  C:\Users\PUBLIC~1.LAP\AppData\Local\Temp\ccu1w26O.s 			page 38


DEFINED SYMBOLS
                            *ABS*:00000000 hal_pal_lld.c
C:\Users\PUBLIC~1.LAP\AppData\Local\Temp\ccu1w26O.s:24     .gnu.debuglto_.debug_info:00000000 hal_pal_lld.c.1de7272e
                            *COM*:00000001 __gnu_lto_slim

NO UNDEFINED SYMBOLS
