ARM GAS  C:\Users\PUBLIC~1.LAP\AppData\Local\Temp\cc32mqpT.s 			page 1


   1              		.cpu cortex-m0
   2              		.arch armv6s-m
   3              		.fpu softvfp
   4              		.eabi_attribute 20, 1
   5              		.eabi_attribute 21, 1
   6              		.eabi_attribute 23, 3
   7              		.eabi_attribute 24, 1
   8              		.eabi_attribute 25, 1
   9              		.eabi_attribute 26, 1
  10              		.eabi_attribute 30, 4
  11              		.eabi_attribute 34, 0
  12              		.eabi_attribute 18, 4
  13              		.file	"hal_pal.c"
  14              		.file 1 "d:\\qmk_msys\\mingw64\\arm-none-eabi\\include\\machine\\_default_types.h"
  15              		.file 2 "d:\\qmk_msys\\mingw64\\arm-none-eabi\\include\\sys\\_stdint.h"
  16              		.file 3 "d:\\qmk_msys\\mingw64\\arm-none-eabi\\include\\stdint.h"
  17              		.file 4 "D:\\00a_liuhy\\temp126\\ChibiOS-Contrib/os/common/ext/CMSIS/ES32/FS026/FS026/reg_gpio.h"
  18              		.file 5 "D:\\00a_liuhy\\temp126\\ChibiOS-Contrib/os/common/ext/CMSIS/ES32/FS026/md/md_timer.h"
  19              		.file 6 "D:\\00a_liuhy\\temp126\\ChibiOS-Contrib/os/hal/ports/ES32/LLD/GPIOv1/hal_pal_lld.h"
  20              		.file 7 "D:\\00a_liuhy\\temp126\\ChibiOS/os/hal/include/hal_pal.h"
  21              		.file 8 "D:\\00a_liuhy\\temp126\\ChibiOS/os/hal/src/hal_pal.c"
  22              		.section	.gnu.debuglto_.debug_info,"e",%progbits
  23              	.Ldebug_info0:
  24              		.hidden	hal_pal.c.d519169f
  25              		.weak	hal_pal.c.d519169f
  26              	hal_pal.c.d519169f:
  27 0000 4A030000 		.4byte	0x34a
  28 0004 0500     		.2byte	0x5
  29 0006 01       		.byte	0x1
  30 0007 04       		.byte	0x4
  31 0008 00000000 		.4byte	.Ldebug_abbrev0
  32 000c 0F       		.uleb128 0xf
  33 000d 1D020000 		.4byte	.LASF38
  34 0011 1D       		.byte	0x1d
  35 0012 00000000 		.4byte	.LASF39
  36 0016 56000000 		.4byte	.LASF40
  37 001a 00000000 		.4byte	.Ldebug_line0
  38 001e 10       		.uleb128 0x10
  39 001f 04       		.byte	0x4
  40 0020 05       		.byte	0x5
  41 0021 696E7400 		.ascii	"int\000"
  42 0025 01       		.uleb128 0x1
  43 0026 04       		.byte	0x4
  44 0027 07       		.byte	0x7
  45 0028 99000000 		.4byte	.LASF0
  46 002c 01       		.uleb128 0x1
  47 002d 08       		.byte	0x8
  48 002e 05       		.byte	0x5
  49 002f A2010000 		.4byte	.LASF1
  50 0033 01       		.uleb128 0x1
  51 0034 08       		.byte	0x8
  52 0035 04       		.byte	0x4
  53 0036 F9010000 		.4byte	.LASF2
  54 003a 01       		.uleb128 0x1
  55 003b 01       		.byte	0x1
  56 003c 06       		.byte	0x6
  57 003d 05020000 		.4byte	.LASF3
ARM GAS  C:\Users\PUBLIC~1.LAP\AppData\Local\Temp\cc32mqpT.s 			page 2


  58 0041 03       		.uleb128 0x3
  59 0042 32000000 		.4byte	.LASF8
  60 0046 01       		.byte	0x1
  61 0047 2B       		.byte	0x2b
  62 0048 18       		.byte	0x18
  63 0049 4D000000 		.4byte	0x4d
  64 004d 01       		.uleb128 0x1
  65 004e 01       		.byte	0x1
  66 004f 08       		.byte	0x8
  67 0050 FE000000 		.4byte	.LASF4
  68 0054 01       		.uleb128 0x1
  69 0055 02       		.byte	0x2
  70 0056 05       		.byte	0x5
  71 0057 C1010000 		.4byte	.LASF5
  72 005b 01       		.uleb128 0x1
  73 005c 02       		.byte	0x2
  74 005d 07       		.byte	0x7
  75 005e 2D010000 		.4byte	.LASF6
  76 0062 01       		.uleb128 0x1
  77 0063 04       		.byte	0x4
  78 0064 05       		.byte	0x5
  79 0065 F0010000 		.4byte	.LASF7
  80 0069 03       		.uleb128 0x3
  81 006a 5D010000 		.4byte	.LASF9
  82 006e 01       		.byte	0x1
  83 006f 4F       		.byte	0x4f
  84 0070 19       		.byte	0x19
  85 0071 75000000 		.4byte	0x75
  86 0075 01       		.uleb128 0x1
  87 0076 04       		.byte	0x4
  88 0077 07       		.byte	0x7
  89 0078 1B010000 		.4byte	.LASF10
  90 007c 01       		.uleb128 0x1
  91 007d 08       		.byte	0x8
  92 007e 07       		.byte	0x7
  93 007f DB000000 		.4byte	.LASF11
  94 0083 03       		.uleb128 0x3
  95 0084 90010000 		.4byte	.LASF12
  96 0088 02       		.byte	0x2
  97 0089 18       		.byte	0x18
  98 008a 13       		.byte	0x13
  99 008b 41000000 		.4byte	0x41
 100 008f 04       		.uleb128 0x4
 101 0090 83000000 		.4byte	0x83
 102 0094 03       		.uleb128 0x3
 103 0095 E7010000 		.4byte	.LASF13
 104 0099 02       		.byte	0x2
 105 009a 30       		.byte	0x30
 106 009b 14       		.byte	0x14
 107 009c 69000000 		.4byte	0x69
 108 00a0 11       		.uleb128 0x11
 109 00a1 94000000 		.4byte	0x94
 110 00a5 04       		.uleb128 0x4
 111 00a6 A0000000 		.4byte	0xa0
 112 00aa 03       		.uleb128 0x3
 113 00ab 8C000000 		.4byte	.LASF14
 114 00af 03       		.byte	0x3
ARM GAS  C:\Users\PUBLIC~1.LAP\AppData\Local\Temp\cc32mqpT.s 			page 3


 115 00b0 34       		.byte	0x34
 116 00b1 1F       		.byte	0x1f
 117 00b2 25000000 		.4byte	0x25
 118 00b6 01       		.uleb128 0x1
 119 00b7 01       		.byte	0x1
 120 00b8 08       		.byte	0x8
 121 00b9 8B010000 		.4byte	.LASF15
 122 00bd 04       		.uleb128 0x4
 123 00be B6000000 		.4byte	0xb6
 124 00c2 12       		.uleb128 0x12
 125 00c3 30       		.byte	0x30
 126 00c4 04       		.byte	0x4
 127 00c5 8C03     		.2byte	0x38c
 128 00c7 09       		.byte	0x9
 129 00c8 66010000 		.4byte	0x166
 130 00cc 02       		.uleb128 0x2
 131 00cd 494400   		.ascii	"ID\000"
 132 00d0 8E03     		.2byte	0x38e
 133 00d2 12       		.byte	0x12
 134 00d3 A5000000 		.4byte	0xa5
 135 00d7 00       		.byte	0
 136 00d8 02       		.uleb128 0x2
 137 00d9 4F4400   		.ascii	"OD\000"
 138 00dc 8F03     		.2byte	0x38f
 139 00de 13       		.byte	0x13
 140 00df A0000000 		.4byte	0xa0
 141 00e3 04       		.byte	0x4
 142 00e4 13       		.uleb128 0x13
 143 00e5 9D010000 		.4byte	.LASF16
 144 00e9 04       		.byte	0x4
 145 00ea 9003     		.2byte	0x390
 146 00ec 12       		.byte	0x12
 147 00ed A0000000 		.4byte	0xa0
 148 00f1 08       		.byte	0x8
 149 00f2 02       		.uleb128 0x2
 150 00f3 4C434B00 		.ascii	"LCK\000"
 151 00f7 9103     		.2byte	0x391
 152 00f9 13       		.byte	0x13
 153 00fa A0000000 		.4byte	0xa0
 154 00fe 0C       		.byte	0xc
 155 00ff 02       		.uleb128 0x2
 156 0100 4D4F4400 		.ascii	"MOD\000"
 157 0104 9203     		.2byte	0x392
 158 0106 13       		.byte	0x13
 159 0107 A0000000 		.4byte	0xa0
 160 010b 10       		.byte	0x10
 161 010c 02       		.uleb128 0x2
 162 010d 50554400 		.ascii	"PUD\000"
 163 0111 9303     		.2byte	0x393
 164 0113 13       		.byte	0x13
 165 0114 A0000000 		.4byte	0xa0
 166 0118 14       		.byte	0x14
 167 0119 02       		.uleb128 0x2
 168 011a 4F5400   		.ascii	"OT\000"
 169 011d 9403     		.2byte	0x394
 170 011f 13       		.byte	0x13
 171 0120 A0000000 		.4byte	0xa0
ARM GAS  C:\Users\PUBLIC~1.LAP\AppData\Local\Temp\cc32mqpT.s 			page 4


 172 0124 18       		.byte	0x18
 173 0125 02       		.uleb128 0x2
 174 0126 445300   		.ascii	"DS\000"
 175 0129 9503     		.2byte	0x395
 176 012b 13       		.byte	0x13
 177 012c A0000000 		.4byte	0xa0
 178 0130 1C       		.byte	0x1c
 179 0131 02       		.uleb128 0x2
 180 0132 46495200 		.ascii	"FIR\000"
 181 0136 9603     		.2byte	0x396
 182 0138 13       		.byte	0x13
 183 0139 A0000000 		.4byte	0xa0
 184 013d 20       		.byte	0x20
 185 013e 02       		.uleb128 0x2
 186 013f 49535400 		.ascii	"IST\000"
 187 0143 9703     		.2byte	0x397
 188 0145 13       		.byte	0x13
 189 0146 A0000000 		.4byte	0xa0
 190 014a 24       		.byte	0x24
 191 014b 02       		.uleb128 0x2
 192 014c 41464C00 		.ascii	"AFL\000"
 193 0150 9803     		.2byte	0x398
 194 0152 13       		.byte	0x13
 195 0153 A0000000 		.4byte	0xa0
 196 0157 28       		.byte	0x28
 197 0158 02       		.uleb128 0x2
 198 0159 41464800 		.ascii	"AFH\000"
 199 015d 9903     		.2byte	0x399
 200 015f 13       		.byte	0x13
 201 0160 A0000000 		.4byte	0xa0
 202 0164 2C       		.byte	0x2c
 203 0165 00       		.byte	0
 204 0166 14       		.uleb128 0x14
 205 0167 7E010000 		.4byte	.LASF17
 206 016b 04       		.byte	0x4
 207 016c 9A03     		.2byte	0x39a
 208 016e 03       		.byte	0x3
 209 016f C2000000 		.4byte	0xc2
 210 0173 01       		.uleb128 0x1
 211 0174 01       		.byte	0x1
 212 0175 02       		.byte	0x2
 213 0176 11020000 		.4byte	.LASF18
 214 017a 05       		.uleb128 0x5
 215 017b 8F000000 		.4byte	0x8f
 216 017f 8A010000 		.4byte	0x18a
 217 0183 06       		.uleb128 0x6
 218 0184 25000000 		.4byte	0x25
 219 0188 07       		.byte	0x7
 220 0189 00       		.byte	0
 221 018a 04       		.uleb128 0x4
 222 018b 7A010000 		.4byte	0x17a
 223 018f 07       		.uleb128 0x7
 224 0190 D6010000 		.4byte	.LASF19
 225 0194 3B       		.byte	0x3b
 226 0195 8A010000 		.4byte	0x18a
 227 0199 08       		.byte	0x8
 228 019a 00       		.byte	0
ARM GAS  C:\Users\PUBLIC~1.LAP\AppData\Local\Temp\cc32mqpT.s 			page 5


 229 019b 00       		.byte	0
 230 019c 00       		.byte	0
 231 019d 00       		.byte	0
 232 019e 04       		.byte	0x4
 233 019f 04       		.byte	0x4
 234 01a0 04       		.byte	0x4
 235 01a1 04       		.byte	0x4
 236 01a2 07       		.uleb128 0x7
 237 01a3 0C010000 		.4byte	.LASF20
 238 01a7 47       		.byte	0x47
 239 01a8 8A010000 		.4byte	0x18a
 240 01ac 08       		.byte	0x8
 241 01ad 00       		.byte	0
 242 01ae 00       		.byte	0
 243 01af 08       		.byte	0x8
 244 01b0 00       		.byte	0
 245 01b1 00       		.byte	0
 246 01b2 00       		.byte	0
 247 01b3 08       		.byte	0x8
 248 01b4 00       		.byte	0
 249 01b5 07       		.uleb128 0x7
 250 01b6 3C000000 		.4byte	.LASF21
 251 01ba 53       		.byte	0x53
 252 01bb 8A010000 		.4byte	0x18a
 253 01bf 08       		.byte	0x8
 254 01c0 00       		.byte	0
 255 01c1 00       		.byte	0
 256 01c2 08       		.byte	0x8
 257 01c3 00       		.byte	0
 258 01c4 00       		.byte	0
 259 01c5 00       		.byte	0
 260 01c6 08       		.byte	0x8
 261 01c7 00       		.byte	0
 262 01c8 07       		.uleb128 0x7
 263 01c9 4E010000 		.4byte	.LASF22
 264 01cd 5F       		.byte	0x5f
 265 01ce 8A010000 		.4byte	0x18a
 266 01d2 08       		.byte	0x8
 267 01d3 00       		.byte	0
 268 01d4 02       		.byte	0x2
 269 01d5 04       		.byte	0x4
 270 01d6 06       		.byte	0x6
 271 01d7 08       		.byte	0x8
 272 01d8 0A       		.byte	0xa
 273 01d9 0C       		.byte	0xc
 274 01da 0E       		.byte	0xe
 275 01db 05       		.uleb128 0x5
 276 01dc 8F000000 		.4byte	0x8f
 277 01e0 EB010000 		.4byte	0x1eb
 278 01e4 06       		.uleb128 0x6
 279 01e5 25000000 		.4byte	0x25
 280 01e9 06       		.byte	0x6
 281 01ea 00       		.byte	0
 282 01eb 04       		.uleb128 0x4
 283 01ec DB010000 		.4byte	0x1db
 284 01f0 07       		.uleb128 0x7
 285 01f1 A6000000 		.4byte	.LASF23
ARM GAS  C:\Users\PUBLIC~1.LAP\AppData\Local\Temp\cc32mqpT.s 			page 6


 286 01f5 6B       		.byte	0x6b
 287 01f6 EB010000 		.4byte	0x1eb
 288 01fa 07       		.byte	0x7
 289 01fb 00       		.byte	0
 290 01fc 01       		.byte	0x1
 291 01fd 02       		.byte	0x2
 292 01fe 03       		.byte	0x3
 293 01ff 04       		.byte	0x4
 294 0200 05       		.byte	0x5
 295 0201 06       		.byte	0x6
 296 0202 03       		.uleb128 0x3
 297 0203 BC000000 		.4byte	.LASF24
 298 0207 06       		.byte	0x6
 299 0208 B9       		.byte	0xb9
 300 0209 12       		.byte	0x12
 301 020a 94000000 		.4byte	0x94
 302 020e 03       		.uleb128 0x3
 303 020f D2000000 		.4byte	.LASF25
 304 0213 06       		.byte	0x6
 305 0214 BE       		.byte	0xbe
 306 0215 12       		.byte	0x12
 307 0216 94000000 		.4byte	0x94
 308 021a 03       		.uleb128 0x3
 309 021b CB010000 		.4byte	.LASF26
 310 021f 06       		.byte	0x6
 311 0220 D0       		.byte	0xd0
 312 0221 18       		.byte	0x18
 313 0222 26020000 		.4byte	0x226
 314 0226 0C       		.uleb128 0xc
 315 0227 66010000 		.4byte	0x166
 316 022b 15       		.uleb128 0x15
 317 022c 0C       		.byte	0xc
 318 022d 07       		.byte	0x7
 319 022e B7       		.byte	0xb7
 320 022f 09       		.byte	0x9
 321 0230 56020000 		.4byte	0x256
 322 0234 08       		.uleb128 0x8
 323 0235 B5000000 		.4byte	.LASF27
 324 0239 BB       		.byte	0xbb
 325 023a 1A020000 		.4byte	0x21a
 326 023e 00       		.byte	0
 327 023f 08       		.uleb128 0x8
 328 0240 B0010000 		.4byte	.LASF28
 329 0244 C1       		.byte	0xc1
 330 0245 02020000 		.4byte	0x202
 331 0249 04       		.byte	0x4
 332 024a 08       		.uleb128 0x8
 333 024b BA010000 		.4byte	.LASF29
 334 024f C5       		.byte	0xc5
 335 0250 AA000000 		.4byte	0xaa
 336 0254 08       		.byte	0x8
 337 0255 00       		.byte	0
 338 0256 03       		.uleb128 0x3
 339 0257 17020000 		.4byte	.LASF30
 340 025b 07       		.byte	0x7
 341 025c C6       		.byte	0xc6
 342 025d 03       		.byte	0x3
ARM GAS  C:\Users\PUBLIC~1.LAP\AppData\Local\Temp\cc32mqpT.s 			page 7


 343 025e 2B020000 		.4byte	0x22b
 344 0262 04       		.uleb128 0x4
 345 0263 56020000 		.4byte	0x256
 346 0267 16       		.uleb128 0x16
 347 0268 68010000 		.4byte	.LASF36
 348 026c 06       		.byte	0x6
 349 026d A901     		.2byte	0x1a9
 350 026f 08       		.byte	0x8
 351 0270 84020000 		.4byte	0x284
 352 0274 09       		.uleb128 0x9
 353 0275 1A020000 		.4byte	0x21a
 354 0279 09       		.uleb128 0x9
 355 027a 02020000 		.4byte	0x202
 356 027e 09       		.uleb128 0x9
 357 027f 0E020000 		.4byte	0x20e
 358 0283 00       		.byte	0
 359 0284 0D       		.uleb128 0xd
 360 0285 40010000 		.4byte	.LASF32
 361 0289 71       		.byte	0x71
 362 028a AE020000 		.4byte	0x2ae
 363 028e 0A       		.uleb128 0xa
 364 028f 62757300 		.ascii	"bus\000"
 365 0293 71       		.byte	0x71
 366 0294 21       		.byte	0x21
 367 0295 AE020000 		.4byte	0x2ae
 368 0299 0E       		.uleb128 0xe
 369 029a 98010000 		.4byte	.LASF31
 370 029e 71       		.byte	0x71
 371 029f 2F       		.byte	0x2f
 372 02a0 0E020000 		.4byte	0x20e
 373 02a4 0B       		.uleb128 0xb
 374 02a5 C9000000 		.4byte	.LASF35
 375 02a9 C3020000 		.4byte	0x2c3
 376 02ad 00       		.byte	0
 377 02ae 0C       		.uleb128 0xc
 378 02af 62020000 		.4byte	0x262
 379 02b3 05       		.uleb128 0x5
 380 02b4 BD000000 		.4byte	0xbd
 381 02b8 C3020000 		.4byte	0x2c3
 382 02bc 06       		.uleb128 0x6
 383 02bd 25000000 		.4byte	0x25
 384 02c1 0D       		.byte	0xd
 385 02c2 00       		.byte	0
 386 02c3 04       		.uleb128 0x4
 387 02c4 B3020000 		.4byte	0x2b3
 388 02c8 0D       		.uleb128 0xd
 389 02c9 F2000000 		.4byte	.LASF33
 390 02cd 5A       		.byte	0x5a
 391 02ce FE020000 		.4byte	0x2fe
 392 02d2 0A       		.uleb128 0xa
 393 02d3 62757300 		.ascii	"bus\000"
 394 02d7 5A       		.byte	0x5a
 395 02d8 1F       		.byte	0x1f
 396 02d9 AE020000 		.4byte	0x2ae
 397 02dd 0E       		.uleb128 0xe
 398 02de B5010000 		.4byte	.LASF34
 399 02e2 5A       		.byte	0x5a
ARM GAS  C:\Users\PUBLIC~1.LAP\AppData\Local\Temp\cc32mqpT.s 			page 8


 400 02e3 31       		.byte	0x31
 401 02e4 02020000 		.4byte	0x202
 402 02e8 0B       		.uleb128 0xb
 403 02e9 C9000000 		.4byte	.LASF35
 404 02ed 0E030000 		.4byte	0x30e
 405 02f1 17       		.uleb128 0x17
 406 02f2 18       		.uleb128 0x18
 407 02f3 7700     		.ascii	"w\000"
 408 02f5 08       		.byte	0x8
 409 02f6 5E       		.byte	0x5e
 410 02f7 03       		.byte	0x3
 411 02f8 94000000 		.4byte	0x94
 412 02fc 00       		.byte	0
 413 02fd 00       		.byte	0
 414 02fe 05       		.uleb128 0x5
 415 02ff BD000000 		.4byte	0xbd
 416 0303 0E030000 		.4byte	0x30e
 417 0307 06       		.uleb128 0x6
 418 0308 25000000 		.4byte	0x25
 419 030c 0B       		.byte	0xb
 420 030d 00       		.byte	0
 421 030e 04       		.uleb128 0x4
 422 030f FE020000 		.4byte	0x2fe
 423 0313 19       		.uleb128 0x19
 424 0314 4B000000 		.4byte	.LASF37
 425 0318 08       		.byte	0x8
 426 0319 41       		.byte	0x41
 427 031a 0E       		.byte	0xe
 428 031b 02020000 		.4byte	0x202
 429 031f 38030000 		.4byte	0x338
 430 0323 0A       		.uleb128 0xa
 431 0324 62757300 		.ascii	"bus\000"
 432 0328 41       		.byte	0x41
 433 0329 26       		.byte	0x26
 434 032a AE020000 		.4byte	0x2ae
 435 032e 0B       		.uleb128 0xb
 436 032f C9000000 		.4byte	.LASF35
 437 0333 48030000 		.4byte	0x348
 438 0337 00       		.byte	0
 439 0338 05       		.uleb128 0x5
 440 0339 BD000000 		.4byte	0xbd
 441 033d 48030000 		.4byte	0x348
 442 0341 06       		.uleb128 0x6
 443 0342 25000000 		.4byte	0x25
 444 0346 0A       		.byte	0xa
 445 0347 00       		.byte	0
 446 0348 04       		.uleb128 0x4
 447 0349 38030000 		.4byte	0x338
 448 034d 00       		.byte	0
 449              		.section	.gnu.debuglto_.debug_abbrev,"e",%progbits
 450              	.Ldebug_abbrev0:
 451 0000 01       		.uleb128 0x1
 452 0001 24       		.uleb128 0x24
 453 0002 00       		.byte	0
 454 0003 0B       		.uleb128 0xb
 455 0004 0B       		.uleb128 0xb
 456 0005 3E       		.uleb128 0x3e
ARM GAS  C:\Users\PUBLIC~1.LAP\AppData\Local\Temp\cc32mqpT.s 			page 9


 457 0006 0B       		.uleb128 0xb
 458 0007 03       		.uleb128 0x3
 459 0008 0E       		.uleb128 0xe
 460 0009 00       		.byte	0
 461 000a 00       		.byte	0
 462 000b 02       		.uleb128 0x2
 463 000c 0D       		.uleb128 0xd
 464 000d 00       		.byte	0
 465 000e 03       		.uleb128 0x3
 466 000f 08       		.uleb128 0x8
 467 0010 3A       		.uleb128 0x3a
 468 0011 21       		.uleb128 0x21
 469 0012 04       		.sleb128 4
 470 0013 3B       		.uleb128 0x3b
 471 0014 05       		.uleb128 0x5
 472 0015 39       		.uleb128 0x39
 473 0016 0B       		.uleb128 0xb
 474 0017 49       		.uleb128 0x49
 475 0018 13       		.uleb128 0x13
 476 0019 38       		.uleb128 0x38
 477 001a 0B       		.uleb128 0xb
 478 001b 00       		.byte	0
 479 001c 00       		.byte	0
 480 001d 03       		.uleb128 0x3
 481 001e 16       		.uleb128 0x16
 482 001f 00       		.byte	0
 483 0020 03       		.uleb128 0x3
 484 0021 0E       		.uleb128 0xe
 485 0022 3A       		.uleb128 0x3a
 486 0023 0B       		.uleb128 0xb
 487 0024 3B       		.uleb128 0x3b
 488 0025 0B       		.uleb128 0xb
 489 0026 39       		.uleb128 0x39
 490 0027 0B       		.uleb128 0xb
 491 0028 49       		.uleb128 0x49
 492 0029 13       		.uleb128 0x13
 493 002a 00       		.byte	0
 494 002b 00       		.byte	0
 495 002c 04       		.uleb128 0x4
 496 002d 26       		.uleb128 0x26
 497 002e 00       		.byte	0
 498 002f 49       		.uleb128 0x49
 499 0030 13       		.uleb128 0x13
 500 0031 00       		.byte	0
 501 0032 00       		.byte	0
 502 0033 05       		.uleb128 0x5
 503 0034 01       		.uleb128 0x1
 504 0035 01       		.byte	0x1
 505 0036 49       		.uleb128 0x49
 506 0037 13       		.uleb128 0x13
 507 0038 01       		.uleb128 0x1
 508 0039 13       		.uleb128 0x13
 509 003a 00       		.byte	0
 510 003b 00       		.byte	0
 511 003c 06       		.uleb128 0x6
 512 003d 21       		.uleb128 0x21
 513 003e 00       		.byte	0
ARM GAS  C:\Users\PUBLIC~1.LAP\AppData\Local\Temp\cc32mqpT.s 			page 10


 514 003f 49       		.uleb128 0x49
 515 0040 13       		.uleb128 0x13
 516 0041 2F       		.uleb128 0x2f
 517 0042 0B       		.uleb128 0xb
 518 0043 00       		.byte	0
 519 0044 00       		.byte	0
 520 0045 07       		.uleb128 0x7
 521 0046 34       		.uleb128 0x34
 522 0047 00       		.byte	0
 523 0048 03       		.uleb128 0x3
 524 0049 0E       		.uleb128 0xe
 525 004a 3A       		.uleb128 0x3a
 526 004b 21       		.uleb128 0x21
 527 004c 05       		.sleb128 5
 528 004d 3B       		.uleb128 0x3b
 529 004e 0B       		.uleb128 0xb
 530 004f 39       		.uleb128 0x39
 531 0050 21       		.uleb128 0x21
 532 0051 16       		.sleb128 22
 533 0052 49       		.uleb128 0x49
 534 0053 13       		.uleb128 0x13
 535 0054 1C       		.uleb128 0x1c
 536 0055 0A       		.uleb128 0xa
 537 0056 00       		.byte	0
 538 0057 00       		.byte	0
 539 0058 08       		.uleb128 0x8
 540 0059 0D       		.uleb128 0xd
 541 005a 00       		.byte	0
 542 005b 03       		.uleb128 0x3
 543 005c 0E       		.uleb128 0xe
 544 005d 3A       		.uleb128 0x3a
 545 005e 21       		.uleb128 0x21
 546 005f 07       		.sleb128 7
 547 0060 3B       		.uleb128 0x3b
 548 0061 0B       		.uleb128 0xb
 549 0062 39       		.uleb128 0x39
 550 0063 21       		.uleb128 0x21
 551 0064 19       		.sleb128 25
 552 0065 49       		.uleb128 0x49
 553 0066 13       		.uleb128 0x13
 554 0067 38       		.uleb128 0x38
 555 0068 0B       		.uleb128 0xb
 556 0069 00       		.byte	0
 557 006a 00       		.byte	0
 558 006b 09       		.uleb128 0x9
 559 006c 05       		.uleb128 0x5
 560 006d 00       		.byte	0
 561 006e 49       		.uleb128 0x49
 562 006f 13       		.uleb128 0x13
 563 0070 00       		.byte	0
 564 0071 00       		.byte	0
 565 0072 0A       		.uleb128 0xa
 566 0073 05       		.uleb128 0x5
 567 0074 00       		.byte	0
 568 0075 03       		.uleb128 0x3
 569 0076 08       		.uleb128 0x8
 570 0077 3A       		.uleb128 0x3a
ARM GAS  C:\Users\PUBLIC~1.LAP\AppData\Local\Temp\cc32mqpT.s 			page 11


 571 0078 21       		.uleb128 0x21
 572 0079 08       		.sleb128 8
 573 007a 3B       		.uleb128 0x3b
 574 007b 0B       		.uleb128 0xb
 575 007c 39       		.uleb128 0x39
 576 007d 0B       		.uleb128 0xb
 577 007e 49       		.uleb128 0x49
 578 007f 13       		.uleb128 0x13
 579 0080 00       		.byte	0
 580 0081 00       		.byte	0
 581 0082 0B       		.uleb128 0xb
 582 0083 34       		.uleb128 0x34
 583 0084 00       		.byte	0
 584 0085 03       		.uleb128 0x3
 585 0086 0E       		.uleb128 0xe
 586 0087 49       		.uleb128 0x49
 587 0088 13       		.uleb128 0x13
 588 0089 34       		.uleb128 0x34
 589 008a 19       		.uleb128 0x19
 590 008b 00       		.byte	0
 591 008c 00       		.byte	0
 592 008d 0C       		.uleb128 0xc
 593 008e 0F       		.uleb128 0xf
 594 008f 00       		.byte	0
 595 0090 0B       		.uleb128 0xb
 596 0091 21       		.uleb128 0x21
 597 0092 04       		.sleb128 4
 598 0093 49       		.uleb128 0x49
 599 0094 13       		.uleb128 0x13
 600 0095 00       		.byte	0
 601 0096 00       		.byte	0
 602 0097 0D       		.uleb128 0xd
 603 0098 2E       		.uleb128 0x2e
 604 0099 01       		.byte	0x1
 605 009a 3F       		.uleb128 0x3f
 606 009b 19       		.uleb128 0x19
 607 009c 03       		.uleb128 0x3
 608 009d 0E       		.uleb128 0xe
 609 009e 3A       		.uleb128 0x3a
 610 009f 21       		.uleb128 0x21
 611 00a0 08       		.sleb128 8
 612 00a1 3B       		.uleb128 0x3b
 613 00a2 0B       		.uleb128 0xb
 614 00a3 39       		.uleb128 0x39
 615 00a4 21       		.uleb128 0x21
 616 00a5 06       		.sleb128 6
 617 00a6 27       		.uleb128 0x27
 618 00a7 19       		.uleb128 0x19
 619 00a8 01       		.uleb128 0x1
 620 00a9 13       		.uleb128 0x13
 621 00aa 00       		.byte	0
 622 00ab 00       		.byte	0
 623 00ac 0E       		.uleb128 0xe
 624 00ad 05       		.uleb128 0x5
 625 00ae 00       		.byte	0
 626 00af 03       		.uleb128 0x3
 627 00b0 0E       		.uleb128 0xe
ARM GAS  C:\Users\PUBLIC~1.LAP\AppData\Local\Temp\cc32mqpT.s 			page 12


 628 00b1 3A       		.uleb128 0x3a
 629 00b2 21       		.uleb128 0x21
 630 00b3 08       		.sleb128 8
 631 00b4 3B       		.uleb128 0x3b
 632 00b5 0B       		.uleb128 0xb
 633 00b6 39       		.uleb128 0x39
 634 00b7 0B       		.uleb128 0xb
 635 00b8 49       		.uleb128 0x49
 636 00b9 13       		.uleb128 0x13
 637 00ba 00       		.byte	0
 638 00bb 00       		.byte	0
 639 00bc 0F       		.uleb128 0xf
 640 00bd 11       		.uleb128 0x11
 641 00be 01       		.byte	0x1
 642 00bf 25       		.uleb128 0x25
 643 00c0 0E       		.uleb128 0xe
 644 00c1 13       		.uleb128 0x13
 645 00c2 0B       		.uleb128 0xb
 646 00c3 03       		.uleb128 0x3
 647 00c4 0E       		.uleb128 0xe
 648 00c5 1B       		.uleb128 0x1b
 649 00c6 0E       		.uleb128 0xe
 650 00c7 10       		.uleb128 0x10
 651 00c8 17       		.uleb128 0x17
 652 00c9 00       		.byte	0
 653 00ca 00       		.byte	0
 654 00cb 10       		.uleb128 0x10
 655 00cc 24       		.uleb128 0x24
 656 00cd 00       		.byte	0
 657 00ce 0B       		.uleb128 0xb
 658 00cf 0B       		.uleb128 0xb
 659 00d0 3E       		.uleb128 0x3e
 660 00d1 0B       		.uleb128 0xb
 661 00d2 03       		.uleb128 0x3
 662 00d3 08       		.uleb128 0x8
 663 00d4 00       		.byte	0
 664 00d5 00       		.byte	0
 665 00d6 11       		.uleb128 0x11
 666 00d7 35       		.uleb128 0x35
 667 00d8 00       		.byte	0
 668 00d9 49       		.uleb128 0x49
 669 00da 13       		.uleb128 0x13
 670 00db 00       		.byte	0
 671 00dc 00       		.byte	0
 672 00dd 12       		.uleb128 0x12
 673 00de 13       		.uleb128 0x13
 674 00df 01       		.byte	0x1
 675 00e0 0B       		.uleb128 0xb
 676 00e1 0B       		.uleb128 0xb
 677 00e2 3A       		.uleb128 0x3a
 678 00e3 0B       		.uleb128 0xb
 679 00e4 3B       		.uleb128 0x3b
 680 00e5 05       		.uleb128 0x5
 681 00e6 39       		.uleb128 0x39
 682 00e7 0B       		.uleb128 0xb
 683 00e8 01       		.uleb128 0x1
 684 00e9 13       		.uleb128 0x13
ARM GAS  C:\Users\PUBLIC~1.LAP\AppData\Local\Temp\cc32mqpT.s 			page 13


 685 00ea 00       		.byte	0
 686 00eb 00       		.byte	0
 687 00ec 13       		.uleb128 0x13
 688 00ed 0D       		.uleb128 0xd
 689 00ee 00       		.byte	0
 690 00ef 03       		.uleb128 0x3
 691 00f0 0E       		.uleb128 0xe
 692 00f1 3A       		.uleb128 0x3a
 693 00f2 0B       		.uleb128 0xb
 694 00f3 3B       		.uleb128 0x3b
 695 00f4 05       		.uleb128 0x5
 696 00f5 39       		.uleb128 0x39
 697 00f6 0B       		.uleb128 0xb
 698 00f7 49       		.uleb128 0x49
 699 00f8 13       		.uleb128 0x13
 700 00f9 38       		.uleb128 0x38
 701 00fa 0B       		.uleb128 0xb
 702 00fb 00       		.byte	0
 703 00fc 00       		.byte	0
 704 00fd 14       		.uleb128 0x14
 705 00fe 16       		.uleb128 0x16
 706 00ff 00       		.byte	0
 707 0100 03       		.uleb128 0x3
 708 0101 0E       		.uleb128 0xe
 709 0102 3A       		.uleb128 0x3a
 710 0103 0B       		.uleb128 0xb
 711 0104 3B       		.uleb128 0x3b
 712 0105 05       		.uleb128 0x5
 713 0106 39       		.uleb128 0x39
 714 0107 0B       		.uleb128 0xb
 715 0108 49       		.uleb128 0x49
 716 0109 13       		.uleb128 0x13
 717 010a 00       		.byte	0
 718 010b 00       		.byte	0
 719 010c 15       		.uleb128 0x15
 720 010d 13       		.uleb128 0x13
 721 010e 01       		.byte	0x1
 722 010f 0B       		.uleb128 0xb
 723 0110 0B       		.uleb128 0xb
 724 0111 3A       		.uleb128 0x3a
 725 0112 0B       		.uleb128 0xb
 726 0113 3B       		.uleb128 0x3b
 727 0114 0B       		.uleb128 0xb
 728 0115 39       		.uleb128 0x39
 729 0116 0B       		.uleb128 0xb
 730 0117 01       		.uleb128 0x1
 731 0118 13       		.uleb128 0x13
 732 0119 00       		.byte	0
 733 011a 00       		.byte	0
 734 011b 16       		.uleb128 0x16
 735 011c 2E       		.uleb128 0x2e
 736 011d 01       		.byte	0x1
 737 011e 3F       		.uleb128 0x3f
 738 011f 19       		.uleb128 0x19
 739 0120 03       		.uleb128 0x3
 740 0121 0E       		.uleb128 0xe
 741 0122 3A       		.uleb128 0x3a
ARM GAS  C:\Users\PUBLIC~1.LAP\AppData\Local\Temp\cc32mqpT.s 			page 14


 742 0123 0B       		.uleb128 0xb
 743 0124 3B       		.uleb128 0x3b
 744 0125 05       		.uleb128 0x5
 745 0126 39       		.uleb128 0x39
 746 0127 0B       		.uleb128 0xb
 747 0128 27       		.uleb128 0x27
 748 0129 19       		.uleb128 0x19
 749 012a 3C       		.uleb128 0x3c
 750 012b 19       		.uleb128 0x19
 751 012c 01       		.uleb128 0x1
 752 012d 13       		.uleb128 0x13
 753 012e 00       		.byte	0
 754 012f 00       		.byte	0
 755 0130 17       		.uleb128 0x17
 756 0131 0B       		.uleb128 0xb
 757 0132 01       		.byte	0x1
 758 0133 00       		.byte	0
 759 0134 00       		.byte	0
 760 0135 18       		.uleb128 0x18
 761 0136 34       		.uleb128 0x34
 762 0137 00       		.byte	0
 763 0138 03       		.uleb128 0x3
 764 0139 08       		.uleb128 0x8
 765 013a 3A       		.uleb128 0x3a
 766 013b 0B       		.uleb128 0xb
 767 013c 3B       		.uleb128 0x3b
 768 013d 0B       		.uleb128 0xb
 769 013e 39       		.uleb128 0x39
 770 013f 0B       		.uleb128 0xb
 771 0140 49       		.uleb128 0x49
 772 0141 13       		.uleb128 0x13
 773 0142 00       		.byte	0
 774 0143 00       		.byte	0
 775 0144 19       		.uleb128 0x19
 776 0145 2E       		.uleb128 0x2e
 777 0146 01       		.byte	0x1
 778 0147 3F       		.uleb128 0x3f
 779 0148 19       		.uleb128 0x19
 780 0149 03       		.uleb128 0x3
 781 014a 0E       		.uleb128 0xe
 782 014b 3A       		.uleb128 0x3a
 783 014c 0B       		.uleb128 0xb
 784 014d 3B       		.uleb128 0x3b
 785 014e 0B       		.uleb128 0xb
 786 014f 39       		.uleb128 0x39
 787 0150 0B       		.uleb128 0xb
 788 0151 27       		.uleb128 0x27
 789 0152 19       		.uleb128 0x19
 790 0153 49       		.uleb128 0x49
 791 0154 13       		.uleb128 0x13
 792 0155 01       		.uleb128 0x1
 793 0156 13       		.uleb128 0x13
 794 0157 00       		.byte	0
 795 0158 00       		.byte	0
 796 0159 00       		.byte	0
 797              		.section	.gnu.debuglto_.debug_line,"e",%progbits
 798              	.Ldebug_line0:
ARM GAS  C:\Users\PUBLIC~1.LAP\AppData\Local\Temp\cc32mqpT.s 			page 15


 799 0000 75000000 		.4byte	.LELT0-.LSLT0
 800              	.LSLT0:
 801 0004 0500     		.2byte	0x5
 802 0006 04       		.byte	0x4
 803 0007 00       		.byte	0
 804 0008 6D000000 		.4byte	.LELTP0-.LASLTP0
 805              	.LASLTP0:
 806 000c 01       		.byte	0x1
 807 000d 01       		.byte	0x1
 808 000e 01       		.byte	0x1
 809 000f F6       		.byte	0xf6
 810 0010 F2       		.byte	0xf2
 811 0011 0D       		.byte	0xd
 812 0012 00       		.byte	0
 813 0013 01       		.byte	0x1
 814 0014 01       		.byte	0x1
 815 0015 01       		.byte	0x1
 816 0016 01       		.byte	0x1
 817 0017 00       		.byte	0
 818 0018 00       		.byte	0
 819 0019 00       		.byte	0
 820 001a 01       		.byte	0x1
 821 001b 00       		.byte	0
 822 001c 00       		.byte	0
 823 001d 01       		.byte	0x1
 824 001e 01       		.byte	0x1
 825 001f 01       		.uleb128 0x1
 826 0020 1F       		.uleb128 0x1f
 827 0021 09       		.uleb128 0x9
 828 0022 9A010000 		.4byte	.LASF41
 829 0026 D9000000 		.4byte	.LASF42
 830 002a 00000000 		.4byte	.LASF43
 831 002e 97000000 		.4byte	.LASF44
 832 0032 1B020000 		.4byte	.LASF45
 833 0036 E5010000 		.4byte	.LASF46
 834 003a 23010000 		.4byte	.LASF47
 835 003e 47020000 		.4byte	.LASF48
 836 0042 55010000 		.4byte	.LASF49
 837 0046 02       		.byte	0x2
 838 0047 01       		.uleb128 0x1
 839 0048 1F       		.uleb128 0x1f
 840 0049 02       		.uleb128 0x2
 841 004a 0B       		.uleb128 0xb
 842 004b 09       		.uleb128 0x9
 843 004c 51000000 		.4byte	.LASF50
 844 0050 00       		.byte	0
 845 0051 89010000 		.4byte	.LASF51
 846 0055 06       		.byte	0x6
 847 0056 47000000 		.4byte	.LASF52
 848 005a 07       		.byte	0x7
 849 005b 83000000 		.4byte	.LASF53
 850 005f 08       		.byte	0x8
 851 0060 D0010000 		.4byte	.LASF54
 852 0064 01       		.byte	0x1
 853 0065 8C000000 		.4byte	.LASF55
 854 0069 02       		.byte	0x2
 855 006a 0D020000 		.4byte	.LASF56
ARM GAS  C:\Users\PUBLIC~1.LAP\AppData\Local\Temp\cc32mqpT.s 			page 16


 856 006e 03       		.byte	0x3
 857 006f 7F010000 		.4byte	.LASF57
 858 0073 04       		.byte	0x4
 859 0074 DB010000 		.4byte	.LASF58
 860 0078 05       		.byte	0x5
 861              	.LELTP0:
 862              	.LELT0:
 863              		.section	.gnu.debuglto_.debug_str,"eMS",%progbits,1
 864              	.LASF39:
 865 0000 443A5C30 		.ascii	"D:\\00a_liuhy\\temp126\\ChibiOS/os/hal/src/hal_pal."
 865      30615F6C 
 865      69756879 
 865      5C74656D 
 865      70313236 
 866 0030 6300     		.ascii	"c\000"
 867              	.LASF8:
 868 0032 5F5F7569 		.ascii	"__uint8_t\000"
 868      6E74385F 
 868      7400
 869              	.LASF21:
 870 003c 53484946 		.ascii	"SHIFT_TAB_ICxx\000"
 870      545F5441 
 870      425F4943 
 870      787800
 871              	.LASF37:
 872 004b 70616C52 		.ascii	"palReadBus\000"
 872      65616442 
 872      757300
 873              	.LASF40:
 874 0056 443A5C30 		.ascii	"D:\\00a_liuhy\\temp126\\ChibiOS-Contrib\\demos\\ES3"
 874      30615F6C 
 874      69756879 
 874      5C74656D 
 874      70313236 
 875 0084 325C4653 		.ascii	"2\\FS026\000"
 875      30323600 
 876              	.LASF14:
 877 008c 75696E74 		.ascii	"uint_fast8_t\000"
 877      5F666173 
 877      74385F74 
 877      00
 878              	.LASF0:
 879 0099 756E7369 		.ascii	"unsigned int\000"
 879      676E6564 
 879      20696E74 
 879      00
 880              	.LASF23:
 881 00a6 53484946 		.ascii	"SHIFT_TAB_OISx\000"
 881      545F5441 
 881      425F4F49 
 881      537800
 882              	.LASF27:
 883 00b5 706F7274 		.ascii	"portid\000"
 883      696400
 884              	.LASF24:
 885 00bc 696F706F 		.ascii	"ioportmask_t\000"
 885      72746D61 
ARM GAS  C:\Users\PUBLIC~1.LAP\AppData\Local\Temp\cc32mqpT.s 			page 17


 885      736B5F74 
 885      00
 886              	.LASF35:
 887 00c9 5F5F6675 		.ascii	"__func__\000"
 887      6E635F5F 
 887      00
 888              	.LASF25:
 889 00d2 696F6D6F 		.ascii	"iomode_t\000"
 889      64655F74 
 889      00
 890              	.LASF11:
 891 00db 6C6F6E67 		.ascii	"long long unsigned int\000"
 891      206C6F6E 
 891      6720756E 
 891      7369676E 
 891      65642069 
 892              	.LASF33:
 893 00f2 70616C57 		.ascii	"palWriteBus\000"
 893      72697465 
 893      42757300 
 894              	.LASF4:
 895 00fe 756E7369 		.ascii	"unsigned char\000"
 895      676E6564 
 895      20636861 
 895      7200
 896              	.LASF20:
 897 010c 53484946 		.ascii	"SHIFT_TAB_OCxx\000"
 897      545F5441 
 897      425F4F43 
 897      787800
 898              	.LASF10:
 899 011b 6C6F6E67 		.ascii	"long unsigned int\000"
 899      20756E73 
 899      69676E65 
 899      6420696E 
 899      7400
 900              	.LASF6:
 901 012d 73686F72 		.ascii	"short unsigned int\000"
 901      7420756E 
 901      7369676E 
 901      65642069 
 901      6E7400
 902              	.LASF32:
 903 0140 70616C53 		.ascii	"palSetBusMode\000"
 903      65744275 
 903      734D6F64 
 903      6500
 904              	.LASF22:
 905 014e 53484946 		.ascii	"SHIFT_TAB_CCxP\000"
 905      545F5441 
 905      425F4343 
 905      785000
 906              	.LASF9:
 907 015d 5F5F7569 		.ascii	"__uint32_t\000"
 907      6E743332 
 907      5F7400
 908              	.LASF36:
ARM GAS  C:\Users\PUBLIC~1.LAP\AppData\Local\Temp\cc32mqpT.s 			page 18


 909 0168 5F70616C 		.ascii	"_pal_lld_setgroupmode\000"
 909      5F6C6C64 
 909      5F736574 
 909      67726F75 
 909      706D6F64 
 910              	.LASF17:
 911 017e 4750494F 		.ascii	"GPIO_TypeDef\000"
 911      5F547970 
 911      65446566 
 911      00
 912              	.LASF15:
 913 018b 63686172 		.ascii	"char\000"
 913      00
 914              	.LASF12:
 915 0190 75696E74 		.ascii	"uint8_t\000"
 915      385F7400 
 916              	.LASF31:
 917 0198 6D6F6465 		.ascii	"mode\000"
 917      00
 918              	.LASF16:
 919 019d 42534252 		.ascii	"BSBR\000"
 919      00
 920              	.LASF1:
 921 01a2 6C6F6E67 		.ascii	"long long int\000"
 921      206C6F6E 
 921      6720696E 
 921      7400
 922              	.LASF28:
 923 01b0 6D61736B 		.ascii	"mask\000"
 923      00
 924              	.LASF34:
 925 01b5 62697473 		.ascii	"bits\000"
 925      00
 926              	.LASF29:
 927 01ba 6F666673 		.ascii	"offset\000"
 927      657400
 928              	.LASF5:
 929 01c1 73686F72 		.ascii	"short int\000"
 929      7420696E 
 929      7400
 930              	.LASF26:
 931 01cb 696F706F 		.ascii	"ioportid_t\000"
 931      72746964 
 931      5F7400
 932              	.LASF19:
 933 01d6 4F464653 		.ascii	"OFFSET_TAB_CHMRx\000"
 933      45545F54 
 933      41425F43 
 933      484D5278 
 933      00
 934              	.LASF13:
 935 01e7 75696E74 		.ascii	"uint32_t\000"
 935      33325F74 
 935      00
 936              	.LASF7:
 937 01f0 6C6F6E67 		.ascii	"long int\000"
 937      20696E74 
ARM GAS  C:\Users\PUBLIC~1.LAP\AppData\Local\Temp\cc32mqpT.s 			page 19


 937      00
 938              	.LASF2:
 939 01f9 6C6F6E67 		.ascii	"long double\000"
 939      20646F75 
 939      626C6500 
 940              	.LASF3:
 941 0205 7369676E 		.ascii	"signed char\000"
 941      65642063 
 941      68617200 
 942              	.LASF18:
 943 0211 5F426F6F 		.ascii	"_Bool\000"
 943      6C00
 944              	.LASF30:
 945 0217 494F4275 		.ascii	"IOBus\000"
 945      7300
 946              	.LASF38:
 947 021d 474E5520 		.ascii	"GNU C17 12.2.0 -mcpu=cortex-m0 -mthumb -mfloat-abi="
 947      43313720 
 947      31322E32 
 947      2E30202D 
 947      6D637075 
 948 0250 736F6674 		.ascii	"soft -march=armv6s-m -ggdb -Os -fomit-frame-pointer"
 948      202D6D61 
 948      7263683D 
 948      61726D76 
 948      36732D6D 
 949 0283 202D6661 		.ascii	" -falign-functions=16 -ffunction-sections -fdata-se"
 949      6C69676E 
 949      2D66756E 
 949      6374696F 
 949      6E733D31 
 950 02b6 6374696F 		.ascii	"ctions -fno-common -flto\000"
 950      6E73202D 
 950      666E6F2D 
 950      636F6D6D 
 950      6F6E202D 
 951              		.section	.gnu.debuglto_.debug_line_str,"eMS",%progbits,1
 952              	.LASF43:
 953 0000 443A5C30 		.ascii	"D:\\00a_liuhy\\temp126\\ChibiOS-Contrib/os/common/e"
 953      30615F6C 
 953      69756879 
 953      5C74656D 
 953      70313236 
 954 0030 78742F43 		.ascii	"xt/CMSIS/ES32/FS026/md\000"
 954      4D534953 
 954      2F455333 
 954      322F4653 
 954      3032362F 
 955              	.LASF52:
 956 0047 5F737464 		.ascii	"_stdint.h\000"
 956      696E742E 
 956      6800
 957              	.LASF50:
 958 0051 443A5C30 		.ascii	"D:\\00a_liuhy\\temp126\\ChibiOS/os/hal/src/hal_pal."
 958      30615F6C 
 958      69756879 
 958      5C74656D 
ARM GAS  C:\Users\PUBLIC~1.LAP\AppData\Local\Temp\cc32mqpT.s 			page 20


 958      70313236 
 959 0081 6300     		.ascii	"c\000"
 960              	.LASF53:
 961 0083 73746469 		.ascii	"stdint.h\000"
 961      6E742E68 
 961      00
 962              	.LASF55:
 963 008c 6D645F74 		.ascii	"md_timer.h\000"
 963      696D6572 
 963      2E6800
 964              	.LASF44:
 965 0097 443A5C30 		.ascii	"D:\\00a_liuhy\\temp126\\ChibiOS-Contrib/os/hal/port"
 965      30615F6C 
 965      69756879 
 965      5C74656D 
 965      70313236 
 966 00c7 732F4553 		.ascii	"s/ES32/LLD/GPIOv1\000"
 966      33322F4C 
 966      4C442F47 
 966      50494F76 
 966      3100
 967              	.LASF42:
 968 00d9 443A5C30 		.ascii	"D:\\00a_liuhy\\temp126\\ChibiOS-Contrib/os/common/e"
 968      30615F6C 
 968      69756879 
 968      5C74656D 
 968      70313236 
 969 0109 78742F43 		.ascii	"xt/CMSIS/ES32/FS026/FS026\000"
 969      4D534953 
 969      2F455333 
 969      322F4653 
 969      3032362F 
 970              	.LASF47:
 971 0123 643A5C71 		.ascii	"d:\\qmk_msys\\mingw64\\arm-none-eabi\\include\\mach"
 971      6D6B5F6D 
 971      7379735C 
 971      6D696E67 
 971      7736345C 
 972 0151 696E6500 		.ascii	"ine\000"
 973              	.LASF49:
 974 0155 643A5C71 		.ascii	"d:\\qmk_msys\\mingw64\\arm-none-eabi\\include\000"
 974      6D6B5F6D 
 974      7379735C 
 974      6D696E67 
 974      7736345C 
 975              	.LASF57:
 976 017f 68616C5F 		.ascii	"hal_pal.h\000"
 976      70616C2E 
 976      6800
 977              	.LASF51:
 978 0189 5F646566 		.ascii	"_default_types.h\000"
 978      61756C74 
 978      5F747970 
 978      65732E68 
 978      00
 979              	.LASF41:
 980 019a 443A5C30 		.ascii	"D:\\00a_liuhy\\temp126\\ChibiOS-Contrib\\demos\\ES3"
ARM GAS  C:\Users\PUBLIC~1.LAP\AppData\Local\Temp\cc32mqpT.s 			page 21


 980      30615F6C 
 980      69756879 
 980      5C74656D 
 980      70313236 
 981 01c8 325C4653 		.ascii	"2\\FS026\000"
 981      30323600 
 982              	.LASF54:
 983 01d0 7265675F 		.ascii	"reg_gpio.h\000"
 983      6770696F 
 983      2E6800
 984              	.LASF58:
 985 01db 68616C5F 		.ascii	"hal_pal.c\000"
 985      70616C2E 
 985      6300
 986              	.LASF46:
 987 01e5 443A5C30 		.ascii	"D:\\00a_liuhy\\temp126\\ChibiOS/os/hal/src\000"
 987      30615F6C 
 987      69756879 
 987      5C74656D 
 987      70313236 
 988              	.LASF56:
 989 020d 68616C5F 		.ascii	"hal_pal_lld.h\000"
 989      70616C5F 
 989      6C6C642E 
 989      6800
 990              	.LASF45:
 991 021b 443A5C30 		.ascii	"D:\\00a_liuhy\\temp126\\ChibiOS/os/hal/include\000"
 991      30615F6C 
 991      69756879 
 991      5C74656D 
 991      70313236 
 992              	.LASF48:
 993 0247 643A5C71 		.ascii	"d:\\qmk_msys\\mingw64\\arm-none-eabi\\include\\sys\000"
 993      6D6B5F6D 
 993      7379735C 
 993      6D696E67 
 993      7736345C 
 994              		.text
 995              		.section	.gnu.lto_.profile.840c0186,"e",%progbits
 996 0000 28B52FFD 		.ascii	"(\265/\375 \0061\000\000\002\000\000\000\000\000"
 996      20063100 
 996      00020000 
 996      000000
 997              		.text
 998              		.section	.gnu.lto_.icf.840c0186,"e",%progbits
 999 0000 28B52FFD 		.ascii	"(\265/\375 O\345\001\000\304\002C\000\003\000\361\321"
 999      204FE501 
 999      00C40243 
 999      000300F1 
 999      D1
 1000 0011 9BC90D08 		.ascii	"\233\311\015\010\002\000\002\001\002\002\002\003\002"
 1000      02000201 
 1000      02020203 
 1000      02
 1001 001e 040101B1 		.ascii	"\004\001\001\261\265\221\221\003\010\002\002\002\001"
 1001      B5919103 
 1001      08020202 
ARM GAS  C:\Users\PUBLIC~1.LAP\AppData\Local\Temp\cc32mqpT.s 			page 22


 1001      01
 1002 002b DBE9EACE 		.ascii	"\333\351\352\316\003\006\001\002\004\002\001\000\005"
 1002      03060102 
 1002      04020100 
 1002      05
 1003 0038 00327309 		.ascii	"\0002s\011E\300\346%+-\300\240\015"
 1003      45C0E625 
 1003      2B2DC0A0 
 1003      0D
 1004              		.text
 1005              		.section	.gnu.lto_.ipa_sra.840c0186,"e",%progbits
 1006 0000 28B52FFD 		.ascii	"(\265/\375 x\035\002\000\004\003l\000\003\000\001\003"
 1006      20781D02 
 1006      0004036C 
 1006      00030001 
 1006      03
 1007 0011 02050200 		.ascii	"\002\005\002\000\000\004\001\002\006\002\002\004\004"
 1007      00040102 
 1007      06020204 
 1007      04
 1008 001e 01020702 		.ascii	"\001\002\007\002\004\010\004\001\000\000\004\003\001"
 1008      04080401 
 1008      00000403 
 1008      01
 1009 002b 02000000 		.ascii	"\002\000\000\000\000\001\002\005\001\003\001\001\000"
 1009      00010205 
 1009      01030101 
 1009      00
 1010 0038 00010006 		.ascii	"\000\001\000\006\000\273\000*1B\005w\250\245\374s\271"
 1010      00BB002A 
 1010      31420577 
 1010      A8A5FC73 
 1010      B9
 1011 0049 0D6001   		.ascii	"\015`\001"
 1012              		.text
 1013              		.section	.gnu.lto_.inline.840c0186,"e",%progbits
 1014 0000 28B52FFD 		.ascii	"(\265/\375`\306\000\265\005\000\"\010\031 \2205I\007"
 1014      60C600B5 
 1014      05002208 
 1014      19209035 
 1014      4907
 1015 0012 974FAA51 		.ascii	"\227O\252Q\347)\371sm\252\301V\216\354\016\300\212O"
 1015      E729F973 
 1015      6DAAC156 
 1015      8EEC0EC0 
 1015      8A4F
 1016 0024 6776534D 		.ascii	"gvSM\254}\262\345N\001\277\232W\363j\356'\034\203-\332"
 1016      AC7DB2E5 
 1016      4E01BF9A 
 1016      57F36AEE 
 1016      271C832D 
 1017 0039 321E5110 		.ascii	"2\036Q\020\240m2\225:\234V\356f\032\274\034\205\012"
 1017      A06D3295 
 1017      3A9C56EE 
 1017      661ABC1C 
 1017      850A
 1018 004b 1344B3B3 		.ascii	"\023D\263\2631\327h[\330RBh\236\317L\320\346\\\370\313"
ARM GAS  C:\Users\PUBLIC~1.LAP\AppData\Local\Temp\cc32mqpT.s 			page 23


 1018      31D7685B 
 1018      D8524268 
 1018      9ECF4CD0 
 1018      E65CF8CB 
 1019 005f 1D68751F 		.ascii	"\035hu\037\210[@;@\3736\206m\213\374m\001\001\" \200"
 1019      885B403B 
 1019      40FB3686 
 1019      6D8BFC6D 
 1019      01012220 
 1020 0074 A252443D 		.ascii	"\242RD=\213A\302O@H\024\270\275\237\016>\365\021H\222"
 1020      8B41C24F 
 1020      404814B8 
 1020      BD9F0E3E 
 1020      F5114892 
 1021 0088 93C08E37 		.ascii	"\223\300\2167\310\006Pp{=\213\214\341H8\336\313\\\202"
 1021      C8065070 
 1021      7B3D8B8C 
 1021      E14838DE 
 1021      CB5C82
 1022 009b D8BB1E87 		.ascii	"\330\273\036\207\030Z \030\001/\002G\257\241uCF(\262"
 1022      185A2018 
 1022      012F0247 
 1022      AFA17543 
 1022      4628B2
 1023 00ae 70140F1F 		.ascii	"p\024\017\037\252\257f\210M\314\327,k\226kie\010"
 1023      AAAF6688 
 1023      4DCCD72C 
 1023      6B966B69 
 1023      6508
 1024              		.text
 1025              		.section	.gnu.lto_.jmpfuncs.840c0186,"e",%progbits
 1026 0000 28B52FFD 		.ascii	"(\265/\375 _\365\001\000\004\003S\000\003\000\001\001"
 1026      205FF501 
 1026      00040353 
 1026      00030001 
 1026      01
 1027 0011 03000201 		.ascii	"\003\000\002\001\001\002\001\001\017\000\002\001\177"
 1027      01020101 
 1027      0F000201 
 1027      7F
 1028 001e 02080202 		.ascii	"\002\010\002\002\001\001\013\011\006\000\000\001\300"
 1028      01010B09 
 1028      06000001 
 1028      C0
 1029 002b 040100C0 		.ascii	"\004\001\000\300\004\001\377\377\377\377\017\000\004"
 1029      0401FFFF 
 1029      FFFF0F00 
 1029      04
 1030 0038 7F010004 		.ascii	"\177\001\000\004\0006\221a&\006l^\274\2016"
 1030      00369161 
 1030      26066C5E 
 1030      BC8136
 1031              		.text
 1032              		.section	.gnu.lto_.pureconst.840c0186,"e",%progbits
 1033 0000 28B52FFD 		.ascii	"(\265/\375 \016q\000\000\012\000\000\000\003\000\232"
 1033      200E7100 
 1033      000A0000 
ARM GAS  C:\Users\PUBLIC~1.LAP\AppData\Local\Temp\cc32mqpT.s 			page 24


 1033      0003009A 
 1034 0010 04019A04 		.ascii	"\004\001\232\004\002\231\004"
 1034      029904
 1035              		.text
 1036              		.section	.gnu.lto_.ipa_modref.840c0186,"e",%progbits
 1037 0000 28B52FFD 		.ascii	"(\265/\375 \252%\003\000\364\003\236\000\003\000\001"
 1037      20AA2503 
 1037      00F4039E 
 1037      00030001 
 1038 0010 7C000000 		.ascii	"|\000\000\000\002\002\012\000\003\002\005\000\001\000"
 1038      02020A00 
 1038      03020500 
 1038      0100
 1039 001e 01000020 		.ascii	"\001\000\000  \002\007\300\006   \002\013\000\001\002"
 1039      200207C0 
 1039      06202020 
 1039      020B0001 
 1039      02
 1040 002f 0C010601 		.ascii	"\014\001\006\001\002\024\001\006 \005\000  \000\001"
 1040      02140106 
 1040      20050020 
 1040      200001
 1041 003e 0D010000 		.ascii	"\015\001\000\000\006\002\005\000\000\000\000\000\017"
 1041      06020500 
 1041      00000000 
 1041      0F
 1042 004b 007B6C60 		.ascii	"\000{l`\006\011@\270Zq\341\252)\020\030\220\002\344"
 1042      060940B8 
 1042      5A71E1AA 
 1042      29101890 
 1042      02E4
 1043 005d B43AB662 		.ascii	"\264:\266b\331+C\320\347\262\030-\002o\240\015"
 1043      D92B43D0 
 1043      E7B2182D 
 1043      026FA00D 
 1044              		.text
 1045              		.section	.gnu.lto_.lto.840c0186,"e",%progbits
 1046 0000 0C000000 		.ascii	"\014\000\000\000\001\000\001\000"
 1046      01000100 
 1047              		.text
 1048              		.section	.gnu.lto_palReadBus.2996.840c0186,"e",%progbits
 1049 0000 28B52FFD 		.ascii	"(\265/\375`\356\000\025\014\000\006\026RB\000q\234\016"
 1049      60EE0015 
 1049      0C000616 
 1049      52420071 
 1049      9C0E
 1050 0012 60AE1220 		.ascii	"`\256\022 b\217\374=_6W\271\311<\243\255C\345\036\342"
 1050      628FFC3D 
 1050      5F3657B9 
 1050      C93CA3AD 
 1050      43E51EE2 
 1051 0026 78883166 		.ascii	"x\2101f\037\246\210B\261\214\034T\005\372\003\244\177"
 1051      1FA68842 
 1051      B18C1C54 
 1051      05FA03A4 
 1051      7F
 1052 0037 8830F06E 		.ascii	"\2100\360n\363\363\035\004\216T\366\350\0261\215j\276"
ARM GAS  C:\Users\PUBLIC~1.LAP\AppData\Local\Temp\cc32mqpT.s 			page 25


 1052      F3F31D04 
 1052      8E54F6E8 
 1052      16318D6A 
 1052      BE
 1053 0048 BD114D84 		.ascii	"\275\021M\2046\2212\245=\000:\000A\000\005\314\301\036"
 1053      369132A5 
 1053      3D003A00 
 1053      410005CC 
 1053      C11E
 1054 005a 6DFB29AE 		.ascii	"m\373)\256B\304(\005\032\256\224\033**:vC\355\362\000"
 1054      42C42805 
 1054      1AAE941B 
 1054      2A2A3A76 
 1054      43EDF200 
 1055 006e D663758B 		.ascii	"\326cu\213\365\250$\216z\242\374\257x\205\302$\007I"
 1055      F5A8248E 
 1055      7AA2FCAF 
 1055      7885C224 
 1055      0749
 1056 0080 C9C8F33A 		.ascii	"\311\310\363:\260\273N\222\222\017\267\3366\001\333"
 1056      B0BB4E92 
 1056      920FB7DE 
 1056      3601DB
 1057 008f 0BEC9F02 		.ascii	"\013\354\237\002v8\222*\302~\265zbWi\254J_1mU\351\250"
 1057      7638922A 
 1057      C27EB57A 
 1057      625769AC 
 1057      4A5F316D 
 1058 00a6 E9CA693D 		.ascii	"\351\312i=\312\237\331\200\016\307Qc\327C\017\036k#"
 1058      CA9FD980 
 1058      0EC75163 
 1058      D7430F1E 
 1058      6B23
 1059 00b8 D238615B 		.ascii	"\3228a[\304\376\260\255\223N\346QB\234\355\262\2201"
 1059      C4FEB0AD 
 1059      934EE651 
 1059      429CEDB2 
 1059      9031
 1060 00ca 63370C9A 		.ascii	"c7\014\232i\324K\277!\205!\364\024\221\245\031\370A"
 1060      69D44BBF 
 1060      218521F4 
 1060      1491A519 
 1060      F841
 1061 00dc B88B0EDB 		.ascii	"\270\213\016\333\035\261\371a\205\010%\3531j\006\276"
 1061      1DB1F961 
 1061      850825EB 
 1061      316A06BE 
 1062 00ec C8946DD3 		.ascii	"\310\224m\323A\011\330n\206\315oq\301\303L<\372!\012"
 1062      4109D86E 
 1062      86CD6F71 
 1062      C1C34C3C 
 1062      FA210A
 1063 00ff A004F865 		.ascii	"\240\004\370e\312V\210\025\001\217\001besG~\320\331"
 1063      CA568815 
 1063      018F0162 
 1063      6573477E 
 1063      D0D9
ARM GAS  C:\Users\PUBLIC~1.LAP\AppData\Local\Temp\cc32mqpT.s 			page 26


 1064 0111 341D0DC7 		.ascii	"4\035\015\307\001\306\342\201\200\324!\014\211;}B\023"
 1064      01C6E281 
 1064      80D4210C 
 1064      893B7D42 
 1064      13
 1065 0122 3C8DC48D 		.ascii	"<\215\304\2154\317\2445`\320\201\272\021\002\317\266"
 1065      34CFA435 
 1065      60D081BA 
 1065      1102CFB6 
 1066 0132 D19C4A22 		.ascii	"\321\234J\"\012\036\013#\220\216\364\3412\031\217\201"
 1066      0A1E0B23 
 1066      908EF4E1 
 1066      32198F81 
 1067 0142 049B706F 		.ascii	"\004\233po\253^>\375\214\351\245\252\347`\3629\014\016"
 1067      AB5E3EFD 
 1067      8CE9A5AA 
 1067      E760F239 
 1067      0C0E
 1068 0154 0B160032 		.ascii	"\013\026\0002+a%\212\314\320`\204\262\011\001\014\031"
 1068      2B61258A 
 1068      CCD06084 
 1068      B209010C 
 1068      19
 1069 0165 AA1F7D98 		.ascii	"\252\037}\230\003\227\222\260\301P\244\201\253J\272"
 1069      039792B0 
 1069      C150A481 
 1069      AB4ABA
 1070 0174 4E6A5668 		.ascii	"NjVh\306:J\261\2250]\023id\261\355\020\346\377\314m"
 1070      C63A4AB1 
 1070      95305D13 
 1070      6964B1ED 
 1070      10E6FFCC 
 1071 0189 6A2719   		.ascii	"j'\031"
 1072              		.text
 1073              		.section	.gnu.lto_palWriteBus.2997.840c0186,"e",%progbits
 1074 0000 28B52FFD 		.ascii	"(\265/\375`\264\001\345\017\000\226\236kF\360\320&\035"
 1074      60B401E5 
 1074      0F00969E 
 1074      6B46F0D0 
 1074      261D
 1075 0012 A3CDB9F6 		.ascii	"\243\315\271\366\213\001\352\275\317\367\273\246|\264"
 1075      8B01EABD 
 1075      CFF7BBA6 
 1075      7CB4
 1076 0020 F4234C96 		.ascii	"\364#L\226Q\253\367\305\274\313\223\0222jQ\331\035\253"
 1076      51ABF7C5 
 1076      BCCB9312 
 1076      326A51D9 
 1076      1DAB
 1077 0032 088B097A 		.ascii	"\010\213\011z\233\303=\214^\3060\376v\335\202\35117"
 1077      9BC33D8C 
 1077      5EC630FE 
 1077      76DD82E9 
 1077      3137
 1078 0044 1A9F64D3 		.ascii	"\032\237d\323^\221\327\233YK\244\221\275\245L)T\000"
 1078      5E91D79B 
 1078      594BA491 
ARM GAS  C:\Users\PUBLIC~1.LAP\AppData\Local\Temp\cc32mqpT.s 			page 27


 1078      BDA54C29 
 1078      5400
 1079 0056 50005800 		.ascii	"P\000X\000\017\270\307\227\354\010\344\245\216\206\031"
 1079      0FB8C797 
 1079      EC08E4A5 
 1079      8E8619
 1080 0065 0CB8C7F8 		.ascii	"\014\270\307\370\343=\355\2378\012\331s`\334\355\352"
 1080      E33DED9F 
 1080      380AD973 
 1080      60DCEDEA 
 1081 0075 D05CEC7E 		.ascii	"\320\\\354~\007<\302=\202\\\300\366\010\377\261=Zf\323"
 1081      073CC23D 
 1081      825CC0F6 
 1081      08FFB13D 
 1081      5A66D3
 1082 0088 F8E76063 		.ascii	"\370\347`c\000\311\344\330]\224\222\270\354)\363\277"
 1082      00C9E4D8 
 1082      5D9492B8 
 1082      EC29F3BF 
 1083 0098 F3AEC626 		.ascii	"\363\256\306&\3469J\260\273\316\032\233\016\267\336"
 1083      E6394AB0 
 1083      BBCE1A9B 
 1083      0EB7DE
 1084 00a7 7601DB25 		.ascii	"v\001\333%v\252\002\366\027\223:\302>\\\305\261\267"
 1084      76AA02F6 
 1084      17933AC2 
 1084      3E5CC5B1 
 1084      B7
 1085 00b8 B4074C9F 		.ascii	"\264\007L\237`\332\004\323\245\230&\305t\007\323\034"
 1085      60DA04D3 
 1085      A59826C5 
 1085      7407D31C 
 1086 00c8 4C8F607A 		.ascii	"L\217`z;\355\216\317\371\341u\376\004\300\015\325\206"
 1086      3BED8ECF 
 1086      F9E175FE 
 1086      04C00DD5 
 1086      86
 1087 00d9 06BCD8E5 		.ascii	"\006\274\330\345\260\243\266A\361\307\304i\277\375h"
 1087      B0A3B641 
 1087      F1C7C469 
 1087      BFFD68
 1088 00e8 C3F379FC 		.ascii	"\303\363y\374\317\245x\303\263i/p}2\310\340\251\261"
 1088      CFA578C3 
 1088      B3692F70 
 1088      7D32C8E0 
 1088      A9B1
 1089 00fa FB197874 		.ascii	"\373\031xt\247\035d\226D>iI\243\236\306C\247&=\245\232"
 1089      A71D6496 
 1089      443E6949 
 1089      A39EC643 
 1089      A7263DA5 
 1090 010f 48CA6949 		.ascii	"H\312iI?S\013p\303\330:%\351g@\300\256\202B7\322M9="
 1090      3F530B70 
 1090      C3D83A25 
 1090      E96740C0 
 1090      AE824237 
 1091 0127 CDCD862C 		.ascii	"\315\315\206,\262\255\362\024+\334\256\314\312\357\271"
ARM GAS  C:\Users\PUBLIC~1.LAP\AppData\Local\Temp\cc32mqpT.s 			page 28


 1091      B2ADF214 
 1091      2BDCAECC 
 1091      CAEFB9
 1092 0136 5081DBDD 		.ascii	"P\201\333\335\227x\364a\266\307\221v<\251\233\236\346"
 1092      9778F461 
 1092      B6C79176 
 1092      3CA99B9E 
 1092      E6
 1093 0147 C32C8BFC 		.ascii	"\303,\213\374\357$5!\002_\241Ch\223(\030\036k\201\275"
 1093      EF243521 
 1093      025FA143 
 1093      68932818 
 1093      1E6B81BD 
 1094 015b A02578AB 		.ascii	"\240%x\253\224\227\032\211\020\362\021sy\251MBR\\,-"
 1094      94971A89 
 1094      10F21173 
 1094      79A94D42 
 1094      525C2C2D 
 1095 016f 130B3154 		.ascii	"\023\0131T\212\013\005\025[A\2254\200\275`(\012X+U\212"
 1095      8A0B0515 
 1095      5B419534 
 1095      80BD6028 
 1095      0A582B55 
 1096 0184 45E5A485 		.ascii	"E\345\244\205\365\202\342\002Ki\271DDX\010\026\250\276"
 1096      F582E202 
 1096      4B69B944 
 1096      44580816 
 1096      A8BE
 1097 0196 3D5CC531 		.ascii	"=\\\3051\311\216\240\231\316\374\235G\034\"l\010o\321"
 1097      C98EA099 
 1097      CEFC9D47 
 1097      1C226C08 
 1097      6FD1
 1098 01a8 E27643AC 		.ascii	"\342vC\254|\026/\227\311\366\330\335\364\234\334g\202"
 1098      7C162F97 
 1098      C9F6D8DD 
 1098      F49CDC67 
 1098      82
 1099 01b9 47D41F00 		.ascii	"G\324\037\0002+a%\212L<\373\213\026\017\212\023c\035"
 1099      322B6125 
 1099      8A4C3CFB 
 1099      8B160F8A 
 1099      13631D
 1100 01cc CD1AD012 		.ascii	"\315\032\320\022\370\263c\204>3\001\304\367<\013m4\361"
 1100      F8B36384 
 1100      3E3301C4 
 1100      F73C0B6D 
 1100      34F1
 1101 01de 07082B01 		.ascii	"\007\010+\001\214\240\362\367Ve\351b\001J\211\225\340"
 1101      8CA0F2F7 
 1101      5665E962 
 1101      014A8995 
 1101      E0
 1102 01ef 5DC31FC1 		.ascii	"]\303\037\301\206\223\011\272Y\270\033\024\202\313."
 1102      869309BA 
 1102      59B81B14 
 1102      82CB2E
ARM GAS  C:\Users\PUBLIC~1.LAP\AppData\Local\Temp\cc32mqpT.s 			page 29


 1103 01fe D4687187 		.ascii	"\324hq\207\027\355$\003"
 1103      17ED2403 
 1104              		.text
 1105              		.section	.gnu.lto_palSetBusMode.2998.840c0186,"e",%progbits
 1106 0000 28B52FFD 		.ascii	"(\265/\375`\355\000\255\013\000\306\325O?\000Q5\035"
 1106      60ED00AD 
 1106      0B00C6D5 
 1106      4F3F0051 
 1106      351D
 1107 0012 837EEB3D 		.ascii	"\203~\353=!\013V\230e\320\374Iv[\311\177\203HIw\275"
 1107      210B5698 
 1107      65D0FC49 
 1107      765BC97F 
 1107      83484977 
 1108 0027 8ABFE67F 		.ascii	"\212\277\346\177D\214\261?\266-\205\336\031\356\010"
 1108      448CB13F 
 1108      B62D85DE 
 1108      19EE08
 1109 0036 508F11A9 		.ascii	"P\217\021\251\350\361\251H\011\247@\344\364\037\305"
 1109      E8F1A948 
 1109      09A740E4 
 1109      F41FC5
 1110 0045 7D4B4468 		.ascii	"}KDh\023\271S\0129\000:\000>\000\273\254\024*vG\002"
 1110      13B9530A 
 1110      39003A00 
 1110      3E00BBAC 
 1110      142A7647 
 1111 005a B66C9F90 		.ascii	"\266l\237\220\013\310>\261?\262O\213\266\214\217\014"
 1111      0BC83EB1 
 1111      3FB24F8B 
 1111      B68C8F0C 
 1112 006a 16468D96 		.ascii	"\026F\215\226\215\335\355\364\303\305K\321?\211s\250"
 1112      8DDDEDF4 
 1112      C3C54BD1 
 1112      3F8973A8 
 1113 007a 54E95233 		.ascii	"T\351R3\260\273\226\250\024\207[o;b\273\201}0\036\354"
 1113      B0BB96A8 
 1113      14875B6F 
 1113      3B62BB81 
 1113      7D301EEC 
 1114 008e 63AB2A1B 		.ascii	"c\253*\033\223\336\246\264\206Ig*=\317\372\365\253_"
 1114      93DEA6B4 
 1114      8649672A 
 1114      3DCFFAF5 
 1114      AB5F
 1115 00a0 72111A8F 		.ascii	"r\021\032\2171cwC\216\216u\315\025!l\037\200=;x\222"
 1115      31637743 
 1115      8E8E75CD 
 1115      15216C1F 
 1115      803D3B78 
 1116 00b5 75E18582 		.ascii	"u\341\205\202\355sj\360.\355\213\370\010\361+\222\271"
 1116      ED736AF0 
 1116      2EED8BF8 
 1116      08F12B92 
 1116      B9
 1117 00c6 3AD5E678 		.ascii	":\325\346x\344Q\206\234t\255i\246\233\376\324\201\001"
 1117      E451869C 
ARM GAS  C:\Users\PUBLIC~1.LAP\AppData\Local\Temp\cc32mqpT.s 			page 30


 1117      74AD69A6 
 1117      9BFED481 
 1117      01
 1118 00d7 C25B9F16 		.ascii	"\302[\237\026\341'\300\314\016}\224\260\355f\270\370"
 1118      E127C0CC 
 1118      0E7D94B0 
 1118      ED66B8F8 
 1119 00e7 262C841B 		.ascii	"&,\204\033\210O\237\224}N\345J\230$\016k-^\003\216\202"
 1119      884F9F94 
 1119      7D4EE54A 
 1119      98240E6B 
 1119      2D5E038E 
 1120 00fc C56BE50D 		.ascii	"\305k\345\015{,I\015\236N\010\304\374\300\273P<\212"
 1120      7B2C490D 
 1120      9E4E08C4 
 1120      FCC0BB50 
 1120      3C8A
 1121 010e A5237984 		.ascii	"\245#y\204\243\215\232#\001iD\031\316\204\260\003i>"
 1121      A38D9A23 
 1121      01694419 
 1121      CE84B003 
 1121      693E
 1122 0120 5D18EA1C 		.ascii	"]\030\352\034,\3706\337\347\000\346R\241\210@\017\005"
 1122      2CF836DF 
 1122      E700E652 
 1122      A188400F 
 1122      05
 1123 0131 4C85CFE8 		.ascii	"L\205\317\350\003e4\223\011\246\000\202\312\270\307"
 1123      03653493 
 1123      09A60082 
 1123      CAB8C7
 1124 0140 56554EE0 		.ascii	"VUN\340\302eR\223\003H\325-\025\0002+a%\212L<\304\213"
 1124      C2655293 
 1124      0348D52D 
 1124      1500322B 
 1124      61258A4C 
 1125 0157 765C1070 		.ascii	"v\\\020p%\360\014\0249\224g\223&\3006\366\242\224X\011"
 1125      25F00C14 
 1125      39946793 
 1125      26C036F6 
 1125      A2945809 
 1126 016b DE355C76 		.ascii	"\3365\\v\026`\026\206\001\205\340\262\0135Z\334\341"
 1126      16601686 
 1126      0185E0B2 
 1126      0B355ADC 
 1126      E1
 1127 017c 453BC9   		.ascii	"E;\311"
 1128              		.text
 1129              		.section	.gnu.lto_.symbol_nodes.840c0186,"e",%progbits
 1130 0000 28B52FFD 		.ascii	"(\265/\375 xU\002\000T\003t\000\000\000\000\002\264"
 1130      20785502 
 1130      00540374 
 1130      00000000 
 1130      02B4
 1131 0012 177F0E80 		.ascii	"\027\177\016\200\200\200\200\004\001\220\316\000\000"
 1131      80808004 
 1131      0190CE00 
ARM GAS  C:\Users\PUBLIC~1.LAP\AppData\Local\Temp\cc32mqpT.s 			page 31


 1131      00
 1132 001f 7F0000BA 		.ascii	"\177\000\000\272\220\202\002\265\027\177\017\266\027"
 1132      908202B5 
 1132      177F0FB6 
 1132      17
 1133 002c 7F1001B9 		.ascii	"\177\020\001\271\027\177\021\377\037\000\000\200\220"
 1133      177F11FF 
 1133      1F000080 
 1133      90
 1134 0039 80030203 		.ascii	"\200\003\002\003\244\006\000\007\000h\314\210\"T\012"
 1134      A4060007 
 1134      0068CC88 
 1134      22540A
 1135 0048 97E13208 		.ascii	"\227\3412\010\350\014\236\314\326\034\003"
 1135      E80C9ECC 
 1135      D61C03
 1136              		.text
 1137              		.section	.gnu.lto_.refs.840c0186,"e",%progbits
 1138 0000 28B52FFD 		.ascii	"(\265/\375 \005)\000\000\001\000\000\000\000"
 1138      20052900 
 1138      00010000 
 1138      0000
 1139              		.text
 1140              		.section	.gnu.lto_.decls.840c0186,"e",%progbits
 1141 0000 28B52FFD 		.ascii	"(\265/\375`i\0135:\000\012c\034\026DP\344U\007clG\015"
 1141      60690B35 
 1141      3A000A63 
 1141      1C164450 
 1141      E4550763 
 1142 0017 3CCA38E0 		.ascii	"<\3128\340\321QO\363\270\002eHD:\215\021]\200<Lf\347"
 1142      D1514FF3 
 1142      B8026548 
 1142      443A8D11 
 1142      5D803C4C 
 1143 002d FFCF12D1 		.ascii	"\377\317\022\321=\030\200\317\233|\240\272P\307\271"
 1143      3D1880CF 
 1143      9B7CA0BA 
 1143      50C7B9
 1144 003c 29E85187 		.ascii	")\350Q\207@\321\312\214=6\300X\371I\207\272p\272\337"
 1144      40D1CA8C 
 1144      3D36C058 
 1144      F94987BA 
 1144      70BADF
 1145 004f DC4DA614 		.ascii	"\334M\246\024-\001U\001D\001J\202b\\m\354L\254\356\337"
 1145      2D015501 
 1145      44014A82 
 1145      625C6DEC 
 1145      4CACEEDF 
 1146 0063 CF781A57 		.ascii	"\317x\032W\343n\234\215\257y\233\243\3616n\306\335|"
 1146      E36E9C8D 
 1146      AF799BA3 
 1146      F1366EC6 
 1146      DD7C
 1147 0075 8D9B395B 		.ascii	"\215\2339[\267\217q2\315\302\377\320\377\277\202\245"
 1147      B78F7132 
 1147      CDC2FFD0 
 1147      FFBF82A5 
ARM GAS  C:\Users\PUBLIC~1.LAP\AppData\Local\Temp\cc32mqpT.s 			page 32


 1148 0085 09952A65 		.ascii	"\011\225*e\325-]\222T\275\254\333\251\224\201q6\245"
 1148      D52D5D92 
 1148      54BDACDB 
 1148      A9948171 
 1148      36A5
 1149 0097 1A6B7198 		.ascii	"\032kq\230)\307\273\335\222\263%u\377o\355\324\355^"
 1149      29C7BBDD 
 1149      92B32575 
 1149      FF6FEDD4 
 1149      ED5E
 1150 00a9 DAD91C8C 		.ascii	"\332\331\034\214\303\016s\371'\234\322\331X\015\261"
 1150      C30E73F9 
 1150      279CD2D9 
 1150      580DB1
 1151 00b8 EBFFDB52 		.ascii	"\353\377\333R\201%\243\351\037+\365\000\333\376ty\357"
 1151      8125A3E9 
 1151      1F2BF500 
 1151      DBFE7479 
 1151      EF
 1152 00c9 492D133C 		.ascii	"I-\023<\024W\271\001g\266\375\335\226\3416\014\267\231"
 1152      1457B901 
 1152      67B6FDDD 
 1152      96E1360C 
 1152      B799
 1153 00db AEAB741B 		.ascii	"\256\253t\033\351\376\216n[\271\005V\270\255\302e\340"
 1153      E9FE8E6E 
 1153      5BB90556 
 1153      B8ADC265 
 1153      E0
 1154 00ec 48AD9FB9 		.ascii	"H\255\237\271\0257Sr\264v)^\326DP\370\257\377V\237\013"
 1154      15375372 
 1154      B476295E 
 1154      D64450F8 
 1154      AFFF569F 
 1155 0101 97568796 		.ascii	"\227V\207\226\3316\341\266+\265>Wj{\204\253\344Hm\317"
 1155      D936E1B6 
 1155      2BB53E57 
 1155      6A7B84AB 
 1155      E4486DCF 
 1156 0115 42FB9446 		.ascii	"B\373\224F\340\374\010\235]\006\236\324\262\216\324"
 1156      E0FC089D 
 1156      5D069ED4 
 1156      B28ED4
 1157 0124 763B8205 		.ascii	"v;\202\005|\372\327\235\037tw\231\253+\310\015\272\233"
 1157      7CFAD79D 
 1157      1F747799 
 1157      AB2BC80D 
 1157      BA9B
 1158 0136 8F1EB63C 		.ascii	"\217\036\266<\215\242\273\035t\367\333Qw6\320\355\011"
 1158      8DA2BB1D 
 1158      74F7DB51 
 1158      7736D0ED 
 1158      09
 1159 0147 BA9D40B7 		.ascii	"\272\235@\267\037u{\257\273\321\272[Lw[\273\373\332"
 1159      1F757BAF 
 1159      BBD1BA5B 
 1159      4C775BBB 
ARM GAS  C:\Users\PUBLIC~1.LAP\AppData\Local\Temp\cc32mqpT.s 			page 33


 1159      FBDA
 1160 0159 EDDEDD70 		.ascii	"\355\336\335p\272\373\256\273\007u\267\240\356\016\324"
 1160      BAFBAEBB 
 1160      0775B7A0 
 1160      EE0ED4
 1161 0168 DD80BAFB 		.ascii	"\335\200\272\373Ow\373\351n\270\356\026\320\335f\272"
 1161      4F77FBE9 
 1161      6EB8EE16 
 1161      D0DD66BA 
 1162 0178 9BBDBBBB 		.ascii	"\233\275\273\273\273\353\366\011\335\371B\267\013\027"
 1162      BBEBF609 
 1162      DDF942B7 
 1162      0B17
 1163 0186 ED93B0A3 		.ascii	"\355\223\260\2431\357\254\276\025\314y \372\037\326"
 1163      31EFACBE 
 1163      15CC7920 
 1163      FA1FD6
 1164 0195 843FAC85 		.ascii	"\204?\254\205\377\017\274\265\372\377M\253\303\326o"
 1164      FF0FBCB5 
 1164      FAFF4DAB 
 1164      C3D66F
 1165 01a4 8E81FEFB 		.ascii	"\216\201\376\373\230\1770\032\377\377\373\177\243\207"
 1165      987F301A 
 1165      FFFFFB7F 
 1165      A387
 1166 01b2 E6E87A12 		.ascii	"\346\350z\022\231\366h<\247[\037e\210K\337\230\3104"
 1166      99F6683C 
 1166      A75B1F65 
 1166      884BDF98 
 1166      C834
 1167 01c4 48464B5C 		.ascii	"HFK\\\375'\334\364\267k\372\325\227C\215\272q\023~."
 1167      FD27DCF4 
 1167      B76BFAD5 
 1167      97438DBA 
 1167      71137E2E 
 1168 01d8 FFEF797A 		.ascii	"\377\357yzdng\324r\223\367c,\007\232\033\227\207\304"
 1168      646E67D4 
 1168      7293F763 
 1168      2C079A1B 
 1168      9787C4
 1169 01eb AAC52DB3 		.ascii	"\252\305-\263p|-\022\033a\346`#%ols\004u\333\220\024"
 1169      707C2D12 
 1169      1B61E660 
 1169      23256F6C 
 1169      730475DB 
 1170 0201 A995AFCC 		.ascii	"\251\225\257\314\302\371\034#'U8Y\000)\271 \267\246"
 1170      C2F91C23 
 1170      27553859 
 1170      0029B920 
 1170      B7A6
 1171 0213 D3FFB41F 		.ascii	"\323\377\264\037\241>[\2324\311\254_ah\330\364\356\013"
 1171      A13E5B9A 
 1171      34C9AC5F 
 1171      6168D8F4 
 1171      EE0B
 1172 0225 9B1BE772 		.ascii	"\233\033\347r\\{\274\217\353q3\347\323\355u\334N;\335"
 1172      5C7BBC8F 
ARM GAS  C:\Users\PUBLIC~1.LAP\AppData\Local\Temp\cc32mqpT.s 			page 34


 1172      EB7133E7 
 1172      D3ED75DC 
 1172      4E3BDD
 1173 0238 F13C3DE8 		.ascii	"\361<=\350\357\267\266\334\250\376\303A>\036\307\351"
 1173      EFB7B6DC 
 1173      A8FEC341 
 1173      3E1EC7E9 
 1174 0248 F4A0F08B 		.ascii	"\364\240\360\213\005(\002\350K\307R\201\245%w\366\220"
 1174      052802E8 
 1174      4BC75281 
 1174      A52577F6 
 1174      90
 1175 0259 9B7359AF 		.ascii	"\233sY\257s;7\3536\307\343+b\253\262\325\265\303m\357"
 1175      733B37EB 
 1175      36C7E32B 
 1175      62ABB2D5 
 1175      B5C36DEF 
 1176 026d B66E6B3B 		.ascii	"\266nk;{\271m\365\244\266\347H\255\317\231\233\343e"
 1176      7BB96DF5 
 1176      A4B6E748 
 1176      ADCF999B 
 1176      E365
 1177 027f 7697D9CE 		.ascii	"v\227\331\316O\2729\337\217\261\261(n-\362\023W\305"
 1177      4FBA39DF 
 1177      8FB1B128 
 1177      6E2DF213 
 1177      57C5
 1178 0291 32DB2DA7 		.ascii	"2\333-\247\033\376\177\367r2\243-\220\013\307GT\346"
 1178      1BFE7FF7 
 1178      7232A32D 
 1178      900BC747 
 1178      54E6
 1179 02a3 EA86E58E 		.ascii	"\352\206\345\216\333N\347v\373\033\270\266\031\255\301"
 1179      DB4EE776 
 1179      FB1BB8B6 
 1179      19ADC1
 1180 02b2 C6CCE1DE 		.ascii	"\306\314\341\336X,S\370\010\000\216\272-\264\314\272"
 1180      582C53F8 
 1180      08008EBA 
 1180      2DB4CCBA 
 1181 02c2 B580AF0A 		.ascii	"\265\200\257\012\22575nn;\245\221y\371\202$\030FH\234"
 1181      9537356E 
 1181      6E3BA591 
 1181      79F98224 
 1181      1846489C 
 1182 02d6 85C9162E 		.ascii	"\205\311\026.\001q\3162\233}\270\234\321\222(d?\330"
 1182      0171CE32 
 1182      9B7DB89C 
 1182      D1922864 
 1182      3FD8
 1183 02e8 5C21E8D7 		.ascii	"\\!\350\327W\346\361\373\255\264\271jQTmM\315\216\316"
 1183      57E6F1FB 
 1183      ADB4B96A 
 1183      51546D4D 
 1183      CD8ECE
 1184 02fb 3C84EE8C 		.ascii	"<\204\356\214\214\331e6\353\310I\276\342+\331\311{\243"
 1184      8CD96536 
ARM GAS  C:\Users\PUBLIC~1.LAP\AppData\Local\Temp\cc32mqpT.s 			page 35


 1184      EBC849BE 
 1184      E22BD9C9 
 1184      7BA3
 1185 030d EB22F7C5 		.ascii	"\353\"\367\305\025\342\342\345\225\245>\026#\315\254"
 1185      15E2E2E5 
 1185      95A53E16 
 1185      23CDAC
 1186 031c CE2DE303 		.ascii	"\316-\343\003\345J\264\263\264\351r\032:0x2\233q\344"
 1186      E54AB4B3 
 1186      B4E9721A 
 1186      3A307832 
 1186      9B71E4
 1187 032f 3780350E 		.ascii	"7\2005\016\252\226\331\266s\271lCH\034\207\346\266_"
 1187      AA96D9B6 
 1187      73B96C43 
 1187      481C87E6 
 1187      B65F
 1188 0341 16F23343 		.ascii	"\026\3623C;\317\350\031\271\313\205_l(\215+\254\354"
 1188      3BCFE819 
 1188      B9CB855F 
 1188      6C288D2B 
 1188      ACEC
 1189 0353 FA60604A 		.ascii	"\372``JB[Q\346\326\270:wu\347\032\331\206\313\015\370"
 1189      425B51E6 
 1189      D6B83A77 
 1189      75E71AD9 
 1189      86CB0DF8 
 1190 0367 D7F3FF09 		.ascii	"\327\363\377\011\210\242N\212\264\311\354\317\223\332"
 1190      88A24E8A 
 1190      B4C9ECCF 
 1190      93DA
 1191 0375 6C97DFEE 		.ascii	"l\227\337\356&j\327\314\352\362d\266;\277\235\267\326"
 1191      266AD7CC 
 1191      EAF264B6 
 1191      3BBF9DB7 
 1191      D6
 1192 0386 BC90EDF0 		.ascii	"\274\220\355\360+\334\373\273\267\270L\203\327t\177"
 1192      2BDCFBBB 
 1192      B7B84C83 
 1192      D7747F
 1193 0395 0E776388 		.ascii	"\016wc\210&uw\221\035\262:=C5b\037=2\353\217\341;\377"
 1193      26757791 
 1193      1DB23A3D 
 1193      4335621F 
 1193      3D32EB8F 
 1194 03ac 37A7D1A3 		.ascii	"7\247\321\243\207cj\364}j\017\177c\252\364\215\251\315"
 1194      87636AF4 
 1194      7D6A0F7F 
 1194      63AAF48D 
 1194      A9CD
 1195 03be FCC64E69 		.ascii	"\374\306Ni\364\251M\367\247\322\217\377\375}\347\037"
 1195      F4A94DF7 
 1195      A7D28FFF 
 1195      FD7DE71F 
 1196 03ce BDD09716 		.ascii	"\275\320\227\026\301\324\177\330\331tag\364\377\235"
 1196      C1D47FD8 
 1196      D9746167 
ARM GAS  C:\Users\PUBLIC~1.LAP\AppData\Local\Temp\cc32mqpT.s 			page 36


 1196      F4FF9D
 1197 03dd FEC2D4FF 		.ascii	"\376\302\324\377\275P\252\324\337\370\243\017\375\250"
 1197      BD50AAD4 
 1197      DFF8A30F 
 1197      FDA8
 1198 03eb 80F75FFA 		.ascii	"\200\367_\3721\325\316\337\247F\337x*\375}\217j\323"
 1198      31D5CEDF 
 1198      A746DF78 
 1198      2AFD7D8F 
 1198      6AD3
 1199 03fd 9BCFB423 		.ascii	"\233\317\264#\037;\273r\364\375\260\377\367\3410\364"
 1199      1F3BBB72 
 1199      F4FDB0FF 
 1199      F7E130F4 
 1200 040d C1FEA153 		.ascii	"\301\376\241S\003\2376}\331<\247\276/\363\252r\375\177"
 1200      039F367D 
 1200      D93CA7BE 
 1200      2FF3AA72 
 1200      FD7F
 1201 041f 7D05A188 		.ascii	"}\005\241\210D\016\203/\200R\037>,E(\265\222Y,\230\306"
 1201      440E832F 
 1201      80521F3E 
 1201      2C4528B5 
 1201      92592C98 
 1202 0434 E5B08844 		.ascii	"\345\260\210D\016\223\214\305$\210\245\026\024\323("
 1202      0E938CC5 
 1202      2488A516 
 1202      14D328
 1203 0443 44129546 		.ascii	"D\022\225FK-(#\363\230u\002IT\026u\323R\013\252H4\222"
 1203      4B2D2823 
 1203      F3987502 
 1203      49541675 
 1203      D3520BAA 
 1204 045a 40129500 		.ascii	"@\022\225\000\232\011\353\001\014#3+Y\005\240\261\036"
 1204      9A09EB01 
 1204      0C23332B 
 1204      5905A0B1 
 1204      1E
 1205 046b 2C9F5E60 		.ascii	",\237^`e\021\211\372)\310c\016\215\305$V\362\350.\265"
 1205      651189FA 
 1205      29C8630E 
 1205      8DC52456 
 1205      F2E82EB5 
 1206 047f A0A8A684 		.ascii	"\240\250\246\204\372\012h,j!\253\\\034\237\230\303\011"
 1206      FA0A682C 
 1206      6A21AB5C 
 1206      1C9F98C3 
 1206      09
 1207 0490 CC25D16A 		.ascii	"\314%\321j\330c\032\227VV\311\2269,\036\001\024\217"
 1207      D8631A97 
 1207      5656C996 
 1207      392C1E01 
 1207      148F
 1208 04a2 2D73C8CC 		.ascii	"-s\310\314J*\223\307^\213%\021\213\2652J\031\2251J\014"
 1208      4A2A93C7 
 1208      5E8B2511 
 1208      8BB5324A 
ARM GAS  C:\Users\PUBLIC~1.LAP\AppData\Local\Temp\cc32mqpT.s 			page 37


 1208      1995314A 
 1209 04b7 A9A64470 		.ascii	"\251\246Dp\350\365\025\204\344Q\311b\310\302\230\365"
 1209      E8F51584 
 1209      E451C962 
 1209      C8C298F5 
 1210 04c7 D4C424DC 		.ascii	"\324\304$\334\000lr\022j\000\012\247\204 \242\200L\030"
 1210      006C7212 
 1210      6A000AA7 
 1210      8420A280 
 1210      4C18
 1211 04d9 46A08B24 		.ascii	"F\240\213$\026V\262j\3051\213\351\"\031\365\300D\207"
 1211      1656B26A 
 1211      C5318BE9 
 1211      2219F5C0 
 1211      4487
 1212 04eb 0D197852 		.ascii	"\015\031xRSY\212*\223\200\022B\261\036\242>\360\244"
 1212      53598A2A 
 1212      93801242 
 1212      B11EA23E 
 1212      F0A4
 1213 04fd A840F0A4 		.ascii	"\250@\360\244L\210\340\225\240\312B\251Lbj\003\257\204"
 1213      4C88E095 
 1213      A0CA42A9 
 1213      4C626A03 
 1213      AF84
 1214 050f 708AC71C 		.ascii	"p\212\307\034691]\034\265\334\017\0332\360\332\212\302"
 1214      3639315D 
 1214      1CB5DC0F 
 1214      1B32F0DA 
 1214      8AC2
 1215 0521 53904230 		.ascii	"S\220B0B\021\002RK\010F10\021\202\203[\005\001IT\016"
 1215      42110252 
 1215      4B084631 
 1215      30118283 
 1215      5B050149 
 1216 0537 ABB29640 		.ascii	"\253\262\226@$\361\012\270L\002\205T\307\025\307\253"
 1216      24F10AB8 
 1216      4C028554 
 1216      C715C7AB 
 1217 0547 A8144F4D 		.ascii	"\250\024OMA%\226\221\231\"\306\225\326\0219$21\245\250"
 1217      41259691 
 1217      9922C695 
 1217      D6113924 
 1217      3231A5A8 
 1218 055b 20151402 		.ascii	" \025\024\002\204\307e\327\014\222\331@`\326\350d\226"
 1218      84C765D7 
 1218      0C92D940 
 1218      60D6E864 
 1218      96
 1219 056c 8D63010C 		.ascii	"\215c\001\014,\003\311X^\254\275\301&\304\312\365\037"
 1219      2C03C958 
 1219      5EACBDC1 
 1219      26C4CAF5 
 1219      1F
 1220 057d 4CC9A766 		.ascii	"L\311\247f\206F\331\217\316@\206\334\356\240\305e6\207"
 1220      8646D98F 
 1220      CE4086DC 
ARM GAS  C:\Users\PUBLIC~1.LAP\AppData\Local\Temp\cc32mqpT.s 			page 38


 1220      EEA0C565 
 1220      3687
 1221 058f 391DDF8D 		.ascii	"9\035\337\2156\001\200\333\250\2418\207\024S\"#\"\""
 1221      360180DB 
 1221      A8A13887 
 1221      14532223 
 1221      2222
 1222 05a1 9224493A 		.ascii	"\222$I:\200\002\221!\263\316\001\022\000\326(\220\231"
 1222      80029121 
 1222      B3CE0112 
 1222      00D62890 
 1222      99
 1223 05b2 2632320B 		.ascii	"&22\013JRP\256\314\001\346E(\324d\235\214\"~Y\\+\264"
 1223      4A5250AE 
 1223      CC01E645 
 1223      28D4649D 
 1223      8C227E59 
 1224 05c9 298E5122 		.ascii	")\216Q\"^\235\246\321\243\313\266o*\005\376#\025\201"
 1224      5E9DA6D1 
 1224      A3CBB66F 
 1224      2A05FE23 
 1224      1581
 1225 05db 67E5B0D0 		.ascii	"g\345\260\320\334\352\364\3218\324\001>$\345\023 \370"
 1225      DCEAF4D1 
 1225      38D4013E 
 1225      24E51320 
 1225      F8
 1226 05ec 8A19240C 		.ascii	"\212\031$\014.\200\376#\335\222vH\270=I\366b\214\201"
 1226      2E80FE23 
 1226      DD927648 
 1226      B83D49F6 
 1226      628C81
 1227 05ff 5302EA5E 		.ascii	"S\002\352^\236\255Ik\206\351P\240\3269=!k\351\343AG"
 1227      9EAD496B 
 1227      86E950A0 
 1227      D6393D21 
 1227      6BE9E341 
 1228 0614 5C88F533 		.ascii	"\\\210\3653\347\226`\012\232\300\311.\267\251B_%&\024"
 1228      E796600A 
 1228      9AC0C92E 
 1228      B7A9425F 
 1228      252614
 1229 0627 7452F7C0 		.ascii	"tR\367\300-U\365\266\301\254\315=\313\300T\377\321\223"
 1229      2D55F5B6 
 1229      C1ACCD3D 
 1229      CBC054FF 
 1229      D193
 1230 0639 79784FFF 		.ascii	"yxO\377\364\013\341\000G$\253\205\243#G0\223\354\010"
 1230      F40BE100 
 1230      4724AB85 
 1230      A3234730 
 1230      93EC08
 1231 064c BCB63E05 		.ascii	"\274\266>\005\341F\245\315\177Pi\374\022\254\2607\234"
 1231      E146A5CD 
 1231      7F5069FC 
 1231      12ACB037 
 1231      9C
ARM GAS  C:\Users\PUBLIC~1.LAP\AppData\Local\Temp\cc32mqpT.s 			page 39


 1232 065d A5F32E1F 		.ascii	"\245\363.\037\233<S\0011\343R\2660\236|\033C\000\201"
 1232      9B3C5301 
 1232      31E352B6 
 1232      309E7C1B 
 1232      430081
 1233 0670 E5260E49 		.ascii	"\345&\016I\306\227p6\342/\030\336\302\337|+\302\260"
 1233      C6977036 
 1233      E22F18DE 
 1233      C2DF7C2B 
 1233      C2B0
 1234 0682 6E86D086 		.ascii	"n\206\320\206\022\015H\302\257i\203\034\234\002\001"
 1234      120D48C2 
 1234      AF69831C 
 1234      9C0201
 1235 0691 6101E03A 		.ascii	"a\001\340:\347\327\2379\311\306n\003xg T\244\364\263"
 1235      E7D79F39 
 1235      C9C66E03 
 1235      78672054 
 1235      A4F4B3
 1236 06a4 28B00BC7 		.ascii	"(\260\013\307\346o\342\240\262\010'\0062J?\034\007q"
 1236      E66FE2A0 
 1236      B2082706 
 1236      324A3F1C 
 1236      0771
 1237 06b6 01BBA077 		.ascii	"\001\273\240w!\215\216\375<\361\231#O4\321\"\316\351"
 1237      218D8EFD 
 1237      3CF19923 
 1237      4F34D122 
 1237      CEE9
 1238 06c8 C016305F 		.ascii	"\300\0260_\377\253\342 \013&eK\233\353\344\32460\341"
 1238      FFABE220 
 1238      0B26654B 
 1238      9BEBE4D4 
 1238      3630E1
 1239 06db 7B6B3ECB 		.ascii	"{k>\313\307\377\373\177j\260V\257\027\342\377\007{\371"
 1239      C7FFFB7F 
 1239      6AB056AF 
 1239      17E2FF07 
 1239      7BF9
 1240 06ed A61F64E3 		.ascii	"\246\037d\343\000\241\307\374\370m\265\347/\247Y\207"
 1240      00A1C7FC 
 1240      F86DB5E7 
 1240      2FA75987 
 1241 06fd 07A8F667 		.ascii	"\007\250\366g\007z\2371!P\247\025\200\223\021\224h+"
 1241      077A9F31 
 1241      2150A715 
 1241      80931194 
 1241      682B
 1242 070f 461E412C 		.ascii	"F\036A,\314\001D\365\314\214\037Ou\\\345\027\346\375"
 1242      CC0144F5 
 1242      CC8C1F4F 
 1242      755CE517 
 1242      E6FD
 1243 0721 AC7F5A53 		.ascii	"\254\177ZS\346\344\\\257\202\025\207Fs\010_E\243\271"
 1243      E6E45CAF 
 1243      82158746 
 1243      73085F45 
ARM GAS  C:\Users\PUBLIC~1.LAP\AppData\Local\Temp\cc32mqpT.s 			page 40


 1243      A3B9
 1244 0733 DC64FD04 		.ascii	"\334d\375\004\016\345q<\357#}\203X_<~Wx\373\331\301"
 1244      0EE5713C 
 1244      EF237D83 
 1244      585F3C7E 
 1244      5778FBD9 
 1245 0748 7101FDC9 		.ascii	"q\001\375\311\246S\326\253"
 1245      A653D6AB 
 1246              		.text
 1247              		.section	.gnu.lto_.symtab.840c0186,"e",%progbits
 1248 0000 70616C52 		.ascii	"palReadBus\000"
 1248      65616442 
 1248      757300
 1249 000b 00       		.ascii	"\000"
 1250 000c 00       		.ascii	"\000"
 1251 000d 00       		.ascii	"\000"
 1252 000e 00000000 		.ascii	"\000\000\000\000\000\000\000\000"
 1252      00000000 
 1253 0016 0C010000 		.ascii	"\014\001\000\000"
 1254 001a 70616C57 		.ascii	"palWriteBus\000"
 1254      72697465 
 1254      42757300 
 1255 0026 00       		.ascii	"\000"
 1256 0027 00       		.ascii	"\000"
 1257 0028 00       		.ascii	"\000"
 1258 0029 00000000 		.ascii	"\000\000\000\000\000\000\000\000"
 1258      00000000 
 1259 0031 11010000 		.ascii	"\021\001\000\000"
 1260 0035 70616C53 		.ascii	"palSetBusMode\000"
 1260      65744275 
 1260      734D6F64 
 1260      6500
 1261 0043 00       		.ascii	"\000"
 1262 0044 00       		.ascii	"\000"
 1263 0045 00       		.ascii	"\000"
 1264 0046 00000000 		.ascii	"\000\000\000\000\000\000\000\000"
 1264      00000000 
 1265 004e 16010000 		.ascii	"\026\001\000\000"
 1266 0052 5F70616C 		.ascii	"_pal_lld_setgroupmode\000"
 1266      5F6C6C64 
 1266      5F736574 
 1266      67726F75 
 1266      706D6F64 
 1267 0068 00       		.ascii	"\000"
 1268 0069 02       		.ascii	"\002"
 1269 006a 00       		.ascii	"\000"
 1270 006b 00000000 		.ascii	"\000\000\000\000\000\000\000\000"
 1270      00000000 
 1271 0073 1C010000 		.ascii	"\034\001\000\000"
 1272              		.text
 1273              		.section	.gnu.lto_.ext_symtab.840c0186,"e",%progbits
 1274 0000 01       		.ascii	"\001"
 1275 0001 01       		.ascii	"\001"
 1276 0002 00       		.ascii	"\000"
 1277 0003 01       		.ascii	"\001"
 1278 0004 00       		.ascii	"\000"
 1279 0005 01       		.ascii	"\001"
ARM GAS  C:\Users\PUBLIC~1.LAP\AppData\Local\Temp\cc32mqpT.s 			page 41


 1280 0006 00       		.ascii	"\000"
 1281 0007 01       		.ascii	"\001"
 1282 0008 00       		.ascii	"\000"
 1283              		.text
 1284              		.section	.gnu.lto_.opts,"e",%progbits
 1285 0000 272D666E 		.ascii	"'-fno-openmp' '-fno-openacc' '-fno-pie' '-fcf-prote"
 1285      6F2D6F70 
 1285      656E6D70 
 1285      2720272D 
 1285      666E6F2D 
 1286 0033 6374696F 		.ascii	"ction=none' '-g' '-mcpu=cortex-m0' '-mthumb' '-mflo"
 1286      6E3D6E6F 
 1286      6E652720 
 1286      272D6727 
 1286      20272D6D 
 1287 0066 61742D61 		.ascii	"at-abi=soft' '-mlibarch=armv6s-m' '-march=armv6s-m'"
 1287      62693D73 
 1287      6F667427 
 1287      20272D6D 
 1287      6C696261 
 1288 0099 20272D4F 		.ascii	" '-Os' '-fomit-frame-pointer' '-falign-functions=16"
 1288      73272027 
 1288      2D666F6D 
 1288      69742D66 
 1288      72616D65 
 1289 00cc 2720272D 		.ascii	"' '-ffunction-sections' '-fdata-sections' '-fno-com"
 1289      6666756E 
 1289      6374696F 
 1289      6E2D7365 
 1289      6374696F 
 1290 00ff 6D6F6E27 		.ascii	"mon' '-flto' '-Xassembler' '-alms=./build/lst/hal_p"
 1290      20272D66 
 1290      6C746F27 
 1290      20272D58 
 1290      61737365 
 1291 0132 616C2E6C 		.ascii	"al.lst'\000"
 1291      73742700 
 1292              		.text
 1293              		.comm	__gnu_lto_slim,1,1
 1294              		.ident	"GCC: (GNU) 12.2.0"
ARM GAS  C:\Users\PUBLIC~1.LAP\AppData\Local\Temp\cc32mqpT.s 			page 42


DEFINED SYMBOLS
                            *ABS*:00000000 hal_pal.c
C:\Users\PUBLIC~1.LAP\AppData\Local\Temp\cc32mqpT.s:26     .gnu.debuglto_.debug_info:00000000 hal_pal.c.d519169f
                            *COM*:00000001 __gnu_lto_slim

NO UNDEFINED SYMBOLS
