ARM GAS  C:\Users\PUBLIC~1.LAP\AppData\Local\Temp\ccYVmex3.s 			page 1


   1              		.cpu cortex-m0
   2              		.arch armv6s-m
   3              		.fpu softvfp
   4              		.eabi_attribute 20, 1
   5              		.eabi_attribute 21, 1
   6              		.eabi_attribute 23, 3
   7              		.eabi_attribute 24, 1
   8              		.eabi_attribute 25, 1
   9              		.eabi_attribute 26, 1
  10              		.eabi_attribute 30, 4
  11              		.eabi_attribute 34, 0
  12              		.eabi_attribute 18, 4
  13              		.file	"hal_st_lld.c"
  14              		.file 1 "d:\\qmk_msys\\mingw64\\arm-none-eabi\\include\\machine\\_default_types.h"
  15              		.file 2 "d:\\qmk_msys\\mingw64\\arm-none-eabi\\include\\sys\\_stdint.h"
  16              		.file 3 "D:\\00a_liuhy\\temp126\\ChibiOS/os/common/ext/ARM/CMSIS/Core/Include/core_cm0.h"
  17              		.file 4 "D:\\00a_liuhy\\temp126\\ChibiOS-Contrib/os/common/ext/CMSIS/ES32/FS026/md/md_timer.h"
  18              		.file 5 "D:\\00a_liuhy\\temp126\\ChibiOS/os/hal/osal/rt-nil/osal.h"
  19              		.file 6 "D:\\00a_liuhy\\temp126\\ChibiOS/os/rt/include/chsys.h"
  20              		.file 7 "D:\\00a_liuhy\\temp126\\ChibiOS/os/common/ports/ARMv6-M/chcore.h"
  21              		.file 8 "D:\\00a_liuhy\\temp126\\ChibiOS/os/common/ext/ARM/CMSIS/Core/Include/cmsis_gcc.h"
  22              		.file 9 "D:\\00a_liuhy\\temp126\\ChibiOS-Contrib/os/hal/ports/ES32/LLD/TIMv1/hal_st_lld.c"
  23              		.section	.gnu.debuglto_.debug_info,"e",%progbits
  24              	.Ldebug_info0:
  25              		.hidden	hal_st_lld.c.798b547c
  26              		.weak	hal_st_lld.c.798b547c
  27              	hal_st_lld.c.798b547c:
  28 0000 18020000 		.4byte	0x218
  29 0004 0500     		.2byte	0x5
  30 0006 01       		.byte	0x1
  31 0007 04       		.byte	0x4
  32 0008 00000000 		.4byte	.Ldebug_abbrev0
  33 000c 0A       		.uleb128 0xa
  34 000d CA010000 		.4byte	.LASF36
  35 0011 1D       		.byte	0x1d
  36 0012 58010000 		.4byte	.LASF37
  37 0016 92000000 		.4byte	.LASF38
  38 001a 00000000 		.4byte	.Ldebug_line0
  39 001e 0B       		.uleb128 0xb
  40 001f 04       		.byte	0x4
  41 0020 05       		.byte	0x5
  42 0021 696E7400 		.ascii	"int\000"
  43 0025 01       		.uleb128 0x1
  44 0026 04       		.byte	0x4
  45 0027 07       		.byte	0x7
  46 0028 5D000000 		.4byte	.LASF0
  47 002c 01       		.uleb128 0x1
  48 002d 08       		.byte	0x8
  49 002e 05       		.byte	0x5
  50 002f C5020000 		.4byte	.LASF1
  51 0033 01       		.uleb128 0x1
  52 0034 08       		.byte	0x8
  53 0035 04       		.byte	0x4
  54 0036 1D030000 		.4byte	.LASF2
  55 003a 01       		.uleb128 0x1
  56 003b 01       		.byte	0x1
  57 003c 06       		.byte	0x6
ARM GAS  C:\Users\PUBLIC~1.LAP\AppData\Local\Temp\ccYVmex3.s 			page 2


  58 003d 29030000 		.4byte	.LASF3
  59 0041 04       		.uleb128 0x4
  60 0042 00000000 		.4byte	.LASF8
  61 0046 01       		.byte	0x1
  62 0047 2B       		.byte	0x2b
  63 0048 18       		.byte	0x18
  64 0049 4D000000 		.4byte	0x4d
  65 004d 01       		.uleb128 0x1
  66 004e 01       		.byte	0x1
  67 004f 08       		.byte	0x8
  68 0050 C8000000 		.4byte	.LASF4
  69 0054 01       		.uleb128 0x1
  70 0055 02       		.byte	0x2
  71 0056 05       		.byte	0x5
  72 0057 FC020000 		.4byte	.LASF5
  73 005b 01       		.uleb128 0x1
  74 005c 02       		.byte	0x2
  75 005d 07       		.byte	0x7
  76 005e 0C010000 		.4byte	.LASF6
  77 0062 01       		.uleb128 0x1
  78 0063 04       		.byte	0x4
  79 0064 05       		.byte	0x5
  80 0065 14030000 		.4byte	.LASF7
  81 0069 04       		.uleb128 0x4
  82 006a B5010000 		.4byte	.LASF9
  83 006e 01       		.byte	0x1
  84 006f 4F       		.byte	0x4f
  85 0070 19       		.byte	0x19
  86 0071 75000000 		.4byte	0x75
  87 0075 01       		.uleb128 0x1
  88 0076 04       		.byte	0x4
  89 0077 07       		.byte	0x7
  90 0078 FA000000 		.4byte	.LASF10
  91 007c 01       		.uleb128 0x1
  92 007d 08       		.byte	0x8
  93 007e 07       		.byte	0x7
  94 007f 3B030000 		.4byte	.LASF11
  95 0083 04       		.uleb128 0x4
  96 0084 92020000 		.4byte	.LASF12
  97 0088 02       		.byte	0x2
  98 0089 18       		.byte	0x18
  99 008a 13       		.byte	0x13
 100 008b 41000000 		.4byte	0x41
 101 008f 05       		.uleb128 0x5
 102 0090 83000000 		.4byte	0x83
 103 0094 04       		.uleb128 0x4
 104 0095 32010000 		.4byte	.LASF13
 105 0099 02       		.byte	0x2
 106 009a 30       		.byte	0x30
 107 009b 14       		.byte	0x14
 108 009c 69000000 		.4byte	0x69
 109 00a0 0C       		.uleb128 0xc
 110 00a1 94000000 		.4byte	0x94
 111 00a5 05       		.uleb128 0x5
 112 00a6 A0000000 		.4byte	0xa0
 113 00aa 01       		.uleb128 0x1
 114 00ab 01       		.byte	0x1
ARM GAS  C:\Users\PUBLIC~1.LAP\AppData\Local\Temp\ccYVmex3.s 			page 3


 115 00ac 08       		.byte	0x8
 116 00ad 8D020000 		.4byte	.LASF14
 117 00b1 0D       		.uleb128 0xd
 118 00b2 10       		.byte	0x10
 119 00b3 03       		.byte	0x3
 120 00b4 C001     		.2byte	0x1c0
 121 00b6 09       		.byte	0x9
 122 00b7 EE000000 		.4byte	0xee
 123 00bb 06       		.uleb128 0x6
 124 00bc A7020000 		.4byte	.LASF15
 125 00c0 C201     		.2byte	0x1c2
 126 00c2 A0000000 		.4byte	0xa0
 127 00c6 00       		.byte	0
 128 00c7 06       		.uleb128 0x6
 129 00c8 E6020000 		.4byte	.LASF16
 130 00cc C301     		.2byte	0x1c3
 131 00ce A0000000 		.4byte	0xa0
 132 00d2 04       		.byte	0x4
 133 00d3 0E       		.uleb128 0xe
 134 00d4 56414C00 		.ascii	"VAL\000"
 135 00d8 03       		.byte	0x3
 136 00d9 C401     		.2byte	0x1c4
 137 00db 12       		.byte	0x12
 138 00dc A0000000 		.4byte	0xa0
 139 00e0 08       		.byte	0x8
 140 00e1 06       		.uleb128 0x6
 141 00e2 BF020000 		.4byte	.LASF17
 142 00e6 C501     		.2byte	0x1c5
 143 00e8 A5000000 		.4byte	0xa5
 144 00ec 0C       		.byte	0xc
 145 00ed 00       		.byte	0
 146 00ee 0F       		.uleb128 0xf
 147 00ef 9A020000 		.4byte	.LASF18
 148 00f3 03       		.byte	0x3
 149 00f4 C601     		.2byte	0x1c6
 150 00f6 03       		.byte	0x3
 151 00f7 B1000000 		.4byte	0xb1
 152 00fb 01       		.uleb128 0x1
 153 00fc 01       		.byte	0x1
 154 00fd 02       		.byte	0x2
 155 00fe 35030000 		.4byte	.LASF19
 156 0102 07       		.uleb128 0x7
 157 0103 8F000000 		.4byte	0x8f
 158 0107 12010000 		.4byte	0x112
 159 010b 08       		.uleb128 0x8
 160 010c 25000000 		.4byte	0x25
 161 0110 07       		.byte	0x7
 162 0111 00       		.byte	0
 163 0112 05       		.uleb128 0x5
 164 0113 02010000 		.4byte	0x102
 165 0117 03       		.uleb128 0x3
 166 0118 EB020000 		.4byte	.LASF20
 167 011c 3B       		.byte	0x3b
 168 011d 12010000 		.4byte	0x112
 169 0121 08       		.byte	0x8
 170 0122 00       		.byte	0
 171 0123 00       		.byte	0
ARM GAS  C:\Users\PUBLIC~1.LAP\AppData\Local\Temp\ccYVmex3.s 			page 4


 172 0124 00       		.byte	0
 173 0125 00       		.byte	0
 174 0126 04       		.byte	0x4
 175 0127 04       		.byte	0x4
 176 0128 04       		.byte	0x4
 177 0129 04       		.byte	0x4
 178 012a 03       		.uleb128 0x3
 179 012b EB000000 		.4byte	.LASF21
 180 012f 47       		.byte	0x47
 181 0130 12010000 		.4byte	0x112
 182 0134 08       		.byte	0x8
 183 0135 00       		.byte	0
 184 0136 00       		.byte	0
 185 0137 08       		.byte	0x8
 186 0138 00       		.byte	0
 187 0139 00       		.byte	0
 188 013a 00       		.byte	0
 189 013b 08       		.byte	0x8
 190 013c 00       		.byte	0
 191 013d 03       		.uleb128 0x3
 192 013e 1E000000 		.4byte	.LASF22
 193 0142 53       		.byte	0x53
 194 0143 12010000 		.4byte	0x112
 195 0147 08       		.byte	0x8
 196 0148 00       		.byte	0
 197 0149 00       		.byte	0
 198 014a 08       		.byte	0x8
 199 014b 00       		.byte	0
 200 014c 00       		.byte	0
 201 014d 00       		.byte	0
 202 014e 08       		.byte	0x8
 203 014f 00       		.byte	0
 204 0150 03       		.uleb128 0x3
 205 0151 A6010000 		.4byte	.LASF23
 206 0155 5F       		.byte	0x5f
 207 0156 12010000 		.4byte	0x112
 208 015a 08       		.byte	0x8
 209 015b 00       		.byte	0
 210 015c 02       		.byte	0x2
 211 015d 04       		.byte	0x4
 212 015e 06       		.byte	0x6
 213 015f 08       		.byte	0x8
 214 0160 0A       		.byte	0xa
 215 0161 0C       		.byte	0xc
 216 0162 0E       		.byte	0xe
 217 0163 07       		.uleb128 0x7
 218 0164 8F000000 		.4byte	0x8f
 219 0168 73010000 		.4byte	0x173
 220 016c 08       		.uleb128 0x8
 221 016d 25000000 		.4byte	0x25
 222 0171 06       		.byte	0x6
 223 0172 00       		.byte	0
 224 0173 05       		.uleb128 0x5
 225 0174 63010000 		.4byte	0x163
 226 0178 03       		.uleb128 0x3
 227 0179 6A000000 		.4byte	.LASF24
 228 017d 6B       		.byte	0x6b
ARM GAS  C:\Users\PUBLIC~1.LAP\AppData\Local\Temp\ccYVmex3.s 			page 5


 229 017e 73010000 		.4byte	0x173
 230 0182 07       		.byte	0x7
 231 0183 00       		.byte	0
 232 0184 01       		.byte	0x1
 233 0185 02       		.byte	0x2
 234 0186 03       		.byte	0x3
 235 0187 04       		.byte	0x4
 236 0188 05       		.byte	0x5
 237 0189 06       		.byte	0x6
 238 018a 10       		.uleb128 0x10
 239 018b 3B010000 		.4byte	.LASF39
 240 018f 06       		.byte	0x6
 241 0190 5101     		.2byte	0x151
 242 0192 08       		.byte	0x8
 243 0193 11       		.uleb128 0x11
 244 0194 0A000000 		.4byte	.LASF40
 245 0198 07       		.byte	0x7
 246 0199 B101     		.2byte	0x1b1
 247 019b 08       		.byte	0x8
 248 019c A6010000 		.4byte	0x1a6
 249 01a0 12       		.uleb128 0x12
 250 01a1 94000000 		.4byte	0x94
 251 01a5 00       		.byte	0
 252 01a6 13       		.uleb128 0x13
 253 01a7 51000000 		.4byte	.LASF41
 254 01ab 09       		.byte	0x9
 255 01ac 51       		.byte	0x51
 256 01ad 06       		.byte	0x6
 257 01ae 14       		.uleb128 0x14
 258 01af 41000000 		.4byte	.LASF42
 259 01b3 09       		.byte	0x9
 260 01b4 3C       		.byte	0x3c
 261 01b5 01       		.byte	0x1
 262 01b6 C7010000 		.4byte	0x1c7
 263 01ba 15       		.uleb128 0x15
 264 01bb 4E010000 		.4byte	.LASF43
 265 01bf 09       		.byte	0x9
 266 01c0 3E       		.byte	0x3e
 267 01c1 05       		.byte	0x5
 268 01c2 94000000 		.4byte	0x94
 269 01c6 00       		.byte	0
 270 01c7 02       		.uleb128 0x2
 271 01c8 2D000000 		.4byte	.LASF25
 272 01cc 05       		.byte	0x5
 273 01cd 9902     		.2byte	0x299
 274 01cf 02       		.uleb128 0x2
 275 01d0 52030000 		.4byte	.LASF26
 276 01d4 05       		.byte	0x5
 277 01d5 5E02     		.2byte	0x25e
 278 01d7 02       		.uleb128 0x2
 279 01d8 D3020000 		.4byte	.LASF27
 280 01dc 05       		.byte	0x5
 281 01dd 5302     		.2byte	0x253
 282 01df 02       		.uleb128 0x2
 283 01e0 AC020000 		.4byte	.LASF28
 284 01e4 06       		.byte	0x6
 285 01e5 D901     		.2byte	0x1d9
ARM GAS  C:\Users\PUBLIC~1.LAP\AppData\Local\Temp\ccYVmex3.s 			page 6


 286 01e7 02       		.uleb128 0x2
 287 01e8 7C020000 		.4byte	.LASF29
 288 01ec 06       		.byte	0x6
 289 01ed C301     		.2byte	0x1c3
 290 01ef 02       		.uleb128 0x2
 291 01f0 D6000000 		.4byte	.LASF30
 292 01f4 07       		.byte	0x7
 293 01f5 0302     		.2byte	0x203
 294 01f7 02       		.uleb128 0x2
 295 01f8 1F010000 		.4byte	.LASF31
 296 01fc 07       		.byte	0x7
 297 01fd F901     		.2byte	0x1f9
 298 01ff 02       		.uleb128 0x2
 299 0200 79000000 		.4byte	.LASF32
 300 0204 07       		.byte	0x7
 301 0205 EF01     		.2byte	0x1ef
 302 0207 02       		.uleb128 0x2
 303 0208 C0010000 		.4byte	.LASF33
 304 020c 07       		.byte	0x7
 305 020d E601     		.2byte	0x1e6
 306 020f 09       		.uleb128 0x9
 307 0210 06030000 		.4byte	.LASF34
 308 0214 8C       		.byte	0x8c
 309 0215 09       		.uleb128 0x9
 310 0216 85000000 		.4byte	.LASF35
 311 021a 81       		.byte	0x81
 312 021b 00       		.byte	0
 313              		.section	.gnu.debuglto_.debug_abbrev,"e",%progbits
 314              	.Ldebug_abbrev0:
 315 0000 01       		.uleb128 0x1
 316 0001 24       		.uleb128 0x24
 317 0002 00       		.byte	0
 318 0003 0B       		.uleb128 0xb
 319 0004 0B       		.uleb128 0xb
 320 0005 3E       		.uleb128 0x3e
 321 0006 0B       		.uleb128 0xb
 322 0007 03       		.uleb128 0x3
 323 0008 0E       		.uleb128 0xe
 324 0009 00       		.byte	0
 325 000a 00       		.byte	0
 326 000b 02       		.uleb128 0x2
 327 000c 2E       		.uleb128 0x2e
 328 000d 00       		.byte	0
 329 000e 03       		.uleb128 0x3
 330 000f 0E       		.uleb128 0xe
 331 0010 3A       		.uleb128 0x3a
 332 0011 0B       		.uleb128 0xb
 333 0012 3B       		.uleb128 0x3b
 334 0013 05       		.uleb128 0x5
 335 0014 39       		.uleb128 0x39
 336 0015 21       		.uleb128 0x21
 337 0016 14       		.sleb128 20
 338 0017 27       		.uleb128 0x27
 339 0018 19       		.uleb128 0x19
 340 0019 00       		.byte	0
 341 001a 00       		.byte	0
 342 001b 03       		.uleb128 0x3
ARM GAS  C:\Users\PUBLIC~1.LAP\AppData\Local\Temp\ccYVmex3.s 			page 7


 343 001c 34       		.uleb128 0x34
 344 001d 00       		.byte	0
 345 001e 03       		.uleb128 0x3
 346 001f 0E       		.uleb128 0xe
 347 0020 3A       		.uleb128 0x3a
 348 0021 21       		.uleb128 0x21
 349 0022 04       		.sleb128 4
 350 0023 3B       		.uleb128 0x3b
 351 0024 0B       		.uleb128 0xb
 352 0025 39       		.uleb128 0x39
 353 0026 21       		.uleb128 0x21
 354 0027 16       		.sleb128 22
 355 0028 49       		.uleb128 0x49
 356 0029 13       		.uleb128 0x13
 357 002a 1C       		.uleb128 0x1c
 358 002b 0A       		.uleb128 0xa
 359 002c 00       		.byte	0
 360 002d 00       		.byte	0
 361 002e 04       		.uleb128 0x4
 362 002f 16       		.uleb128 0x16
 363 0030 00       		.byte	0
 364 0031 03       		.uleb128 0x3
 365 0032 0E       		.uleb128 0xe
 366 0033 3A       		.uleb128 0x3a
 367 0034 0B       		.uleb128 0xb
 368 0035 3B       		.uleb128 0x3b
 369 0036 0B       		.uleb128 0xb
 370 0037 39       		.uleb128 0x39
 371 0038 0B       		.uleb128 0xb
 372 0039 49       		.uleb128 0x49
 373 003a 13       		.uleb128 0x13
 374 003b 00       		.byte	0
 375 003c 00       		.byte	0
 376 003d 05       		.uleb128 0x5
 377 003e 26       		.uleb128 0x26
 378 003f 00       		.byte	0
 379 0040 49       		.uleb128 0x49
 380 0041 13       		.uleb128 0x13
 381 0042 00       		.byte	0
 382 0043 00       		.byte	0
 383 0044 06       		.uleb128 0x6
 384 0045 0D       		.uleb128 0xd
 385 0046 00       		.byte	0
 386 0047 03       		.uleb128 0x3
 387 0048 0E       		.uleb128 0xe
 388 0049 3A       		.uleb128 0x3a
 389 004a 21       		.uleb128 0x21
 390 004b 03       		.sleb128 3
 391 004c 3B       		.uleb128 0x3b
 392 004d 05       		.uleb128 0x5
 393 004e 39       		.uleb128 0x39
 394 004f 21       		.uleb128 0x21
 395 0050 12       		.sleb128 18
 396 0051 49       		.uleb128 0x49
 397 0052 13       		.uleb128 0x13
 398 0053 38       		.uleb128 0x38
 399 0054 0B       		.uleb128 0xb
ARM GAS  C:\Users\PUBLIC~1.LAP\AppData\Local\Temp\ccYVmex3.s 			page 8


 400 0055 00       		.byte	0
 401 0056 00       		.byte	0
 402 0057 07       		.uleb128 0x7
 403 0058 01       		.uleb128 0x1
 404 0059 01       		.byte	0x1
 405 005a 49       		.uleb128 0x49
 406 005b 13       		.uleb128 0x13
 407 005c 01       		.uleb128 0x1
 408 005d 13       		.uleb128 0x13
 409 005e 00       		.byte	0
 410 005f 00       		.byte	0
 411 0060 08       		.uleb128 0x8
 412 0061 21       		.uleb128 0x21
 413 0062 00       		.byte	0
 414 0063 49       		.uleb128 0x49
 415 0064 13       		.uleb128 0x13
 416 0065 2F       		.uleb128 0x2f
 417 0066 0B       		.uleb128 0xb
 418 0067 00       		.byte	0
 419 0068 00       		.byte	0
 420 0069 09       		.uleb128 0x9
 421 006a 2E       		.uleb128 0x2e
 422 006b 00       		.byte	0
 423 006c 03       		.uleb128 0x3
 424 006d 0E       		.uleb128 0xe
 425 006e 3A       		.uleb128 0x3a
 426 006f 21       		.uleb128 0x21
 427 0070 08       		.sleb128 8
 428 0071 3B       		.uleb128 0x3b
 429 0072 0B       		.uleb128 0xb
 430 0073 39       		.uleb128 0x39
 431 0074 21       		.uleb128 0x21
 432 0075 1B       		.sleb128 27
 433 0076 27       		.uleb128 0x27
 434 0077 19       		.uleb128 0x19
 435 0078 00       		.byte	0
 436 0079 00       		.byte	0
 437 007a 0A       		.uleb128 0xa
 438 007b 11       		.uleb128 0x11
 439 007c 01       		.byte	0x1
 440 007d 25       		.uleb128 0x25
 441 007e 0E       		.uleb128 0xe
 442 007f 13       		.uleb128 0x13
 443 0080 0B       		.uleb128 0xb
 444 0081 03       		.uleb128 0x3
 445 0082 0E       		.uleb128 0xe
 446 0083 1B       		.uleb128 0x1b
 447 0084 0E       		.uleb128 0xe
 448 0085 10       		.uleb128 0x10
 449 0086 17       		.uleb128 0x17
 450 0087 00       		.byte	0
 451 0088 00       		.byte	0
 452 0089 0B       		.uleb128 0xb
 453 008a 24       		.uleb128 0x24
 454 008b 00       		.byte	0
 455 008c 0B       		.uleb128 0xb
 456 008d 0B       		.uleb128 0xb
ARM GAS  C:\Users\PUBLIC~1.LAP\AppData\Local\Temp\ccYVmex3.s 			page 9


 457 008e 3E       		.uleb128 0x3e
 458 008f 0B       		.uleb128 0xb
 459 0090 03       		.uleb128 0x3
 460 0091 08       		.uleb128 0x8
 461 0092 00       		.byte	0
 462 0093 00       		.byte	0
 463 0094 0C       		.uleb128 0xc
 464 0095 35       		.uleb128 0x35
 465 0096 00       		.byte	0
 466 0097 49       		.uleb128 0x49
 467 0098 13       		.uleb128 0x13
 468 0099 00       		.byte	0
 469 009a 00       		.byte	0
 470 009b 0D       		.uleb128 0xd
 471 009c 13       		.uleb128 0x13
 472 009d 01       		.byte	0x1
 473 009e 0B       		.uleb128 0xb
 474 009f 0B       		.uleb128 0xb
 475 00a0 3A       		.uleb128 0x3a
 476 00a1 0B       		.uleb128 0xb
 477 00a2 3B       		.uleb128 0x3b
 478 00a3 05       		.uleb128 0x5
 479 00a4 39       		.uleb128 0x39
 480 00a5 0B       		.uleb128 0xb
 481 00a6 01       		.uleb128 0x1
 482 00a7 13       		.uleb128 0x13
 483 00a8 00       		.byte	0
 484 00a9 00       		.byte	0
 485 00aa 0E       		.uleb128 0xe
 486 00ab 0D       		.uleb128 0xd
 487 00ac 00       		.byte	0
 488 00ad 03       		.uleb128 0x3
 489 00ae 08       		.uleb128 0x8
 490 00af 3A       		.uleb128 0x3a
 491 00b0 0B       		.uleb128 0xb
 492 00b1 3B       		.uleb128 0x3b
 493 00b2 05       		.uleb128 0x5
 494 00b3 39       		.uleb128 0x39
 495 00b4 0B       		.uleb128 0xb
 496 00b5 49       		.uleb128 0x49
 497 00b6 13       		.uleb128 0x13
 498 00b7 38       		.uleb128 0x38
 499 00b8 0B       		.uleb128 0xb
 500 00b9 00       		.byte	0
 501 00ba 00       		.byte	0
 502 00bb 0F       		.uleb128 0xf
 503 00bc 16       		.uleb128 0x16
 504 00bd 00       		.byte	0
 505 00be 03       		.uleb128 0x3
 506 00bf 0E       		.uleb128 0xe
 507 00c0 3A       		.uleb128 0x3a
 508 00c1 0B       		.uleb128 0xb
 509 00c2 3B       		.uleb128 0x3b
 510 00c3 05       		.uleb128 0x5
 511 00c4 39       		.uleb128 0x39
 512 00c5 0B       		.uleb128 0xb
 513 00c6 49       		.uleb128 0x49
ARM GAS  C:\Users\PUBLIC~1.LAP\AppData\Local\Temp\ccYVmex3.s 			page 10


 514 00c7 13       		.uleb128 0x13
 515 00c8 00       		.byte	0
 516 00c9 00       		.byte	0
 517 00ca 10       		.uleb128 0x10
 518 00cb 2E       		.uleb128 0x2e
 519 00cc 00       		.byte	0
 520 00cd 3F       		.uleb128 0x3f
 521 00ce 19       		.uleb128 0x19
 522 00cf 03       		.uleb128 0x3
 523 00d0 0E       		.uleb128 0xe
 524 00d1 3A       		.uleb128 0x3a
 525 00d2 0B       		.uleb128 0xb
 526 00d3 3B       		.uleb128 0x3b
 527 00d4 05       		.uleb128 0x5
 528 00d5 39       		.uleb128 0x39
 529 00d6 0B       		.uleb128 0xb
 530 00d7 27       		.uleb128 0x27
 531 00d8 19       		.uleb128 0x19
 532 00d9 3C       		.uleb128 0x3c
 533 00da 19       		.uleb128 0x19
 534 00db 00       		.byte	0
 535 00dc 00       		.byte	0
 536 00dd 11       		.uleb128 0x11
 537 00de 2E       		.uleb128 0x2e
 538 00df 01       		.byte	0x1
 539 00e0 3F       		.uleb128 0x3f
 540 00e1 19       		.uleb128 0x19
 541 00e2 03       		.uleb128 0x3
 542 00e3 0E       		.uleb128 0xe
 543 00e4 3A       		.uleb128 0x3a
 544 00e5 0B       		.uleb128 0xb
 545 00e6 3B       		.uleb128 0x3b
 546 00e7 05       		.uleb128 0x5
 547 00e8 39       		.uleb128 0x39
 548 00e9 0B       		.uleb128 0xb
 549 00ea 27       		.uleb128 0x27
 550 00eb 19       		.uleb128 0x19
 551 00ec 3C       		.uleb128 0x3c
 552 00ed 19       		.uleb128 0x19
 553 00ee 01       		.uleb128 0x1
 554 00ef 13       		.uleb128 0x13
 555 00f0 00       		.byte	0
 556 00f1 00       		.byte	0
 557 00f2 12       		.uleb128 0x12
 558 00f3 05       		.uleb128 0x5
 559 00f4 00       		.byte	0
 560 00f5 49       		.uleb128 0x49
 561 00f6 13       		.uleb128 0x13
 562 00f7 00       		.byte	0
 563 00f8 00       		.byte	0
 564 00f9 13       		.uleb128 0x13
 565 00fa 2E       		.uleb128 0x2e
 566 00fb 00       		.byte	0
 567 00fc 3F       		.uleb128 0x3f
 568 00fd 19       		.uleb128 0x19
 569 00fe 03       		.uleb128 0x3
 570 00ff 0E       		.uleb128 0xe
ARM GAS  C:\Users\PUBLIC~1.LAP\AppData\Local\Temp\ccYVmex3.s 			page 11


 571 0100 3A       		.uleb128 0x3a
 572 0101 0B       		.uleb128 0xb
 573 0102 3B       		.uleb128 0x3b
 574 0103 0B       		.uleb128 0xb
 575 0104 39       		.uleb128 0x39
 576 0105 0B       		.uleb128 0xb
 577 0106 27       		.uleb128 0x27
 578 0107 19       		.uleb128 0x19
 579 0108 00       		.byte	0
 580 0109 00       		.byte	0
 581 010a 14       		.uleb128 0x14
 582 010b 2E       		.uleb128 0x2e
 583 010c 01       		.byte	0x1
 584 010d 3F       		.uleb128 0x3f
 585 010e 19       		.uleb128 0x19
 586 010f 03       		.uleb128 0x3
 587 0110 0E       		.uleb128 0xe
 588 0111 3A       		.uleb128 0x3a
 589 0112 0B       		.uleb128 0xb
 590 0113 3B       		.uleb128 0x3b
 591 0114 0B       		.uleb128 0xb
 592 0115 39       		.uleb128 0x39
 593 0116 0B       		.uleb128 0xb
 594 0117 27       		.uleb128 0x27
 595 0118 19       		.uleb128 0x19
 596 0119 01       		.uleb128 0x1
 597 011a 13       		.uleb128 0x13
 598 011b 00       		.byte	0
 599 011c 00       		.byte	0
 600 011d 15       		.uleb128 0x15
 601 011e 34       		.uleb128 0x34
 602 011f 00       		.byte	0
 603 0120 03       		.uleb128 0x3
 604 0121 0E       		.uleb128 0xe
 605 0122 3A       		.uleb128 0x3a
 606 0123 0B       		.uleb128 0xb
 607 0124 3B       		.uleb128 0x3b
 608 0125 0B       		.uleb128 0xb
 609 0126 39       		.uleb128 0x39
 610 0127 0B       		.uleb128 0xb
 611 0128 49       		.uleb128 0x49
 612 0129 13       		.uleb128 0x13
 613 012a 00       		.byte	0
 614 012b 00       		.byte	0
 615 012c 00       		.byte	0
 616              		.section	.gnu.debuglto_.debug_line,"e",%progbits
 617              	.Ldebug_line0:
 618 0000 7A000000 		.4byte	.LELT0-.LSLT0
 619              	.LSLT0:
 620 0004 0500     		.2byte	0x5
 621 0006 04       		.byte	0x4
 622 0007 00       		.byte	0
 623 0008 72000000 		.4byte	.LELTP0-.LASLTP0
 624              	.LASLTP0:
 625 000c 01       		.byte	0x1
 626 000d 01       		.byte	0x1
 627 000e 01       		.byte	0x1
ARM GAS  C:\Users\PUBLIC~1.LAP\AppData\Local\Temp\ccYVmex3.s 			page 12


 628 000f F6       		.byte	0xf6
 629 0010 F2       		.byte	0xf2
 630 0011 0D       		.byte	0xd
 631 0012 00       		.byte	0
 632 0013 01       		.byte	0x1
 633 0014 01       		.byte	0x1
 634 0015 01       		.byte	0x1
 635 0016 01       		.byte	0x1
 636 0017 00       		.byte	0
 637 0018 00       		.byte	0
 638 0019 00       		.byte	0
 639 001a 01       		.byte	0x1
 640 001b 00       		.byte	0
 641 001c 00       		.byte	0
 642 001d 01       		.byte	0x1
 643 001e 01       		.byte	0x1
 644 001f 01       		.uleb128 0x1
 645 0020 1F       		.uleb128 0x1f
 646 0021 09       		.uleb128 0x9
 647 0022 B1010000 		.4byte	.LASF44
 648 0026 00000000 		.4byte	.LASF45
 649 002a 94000000 		.4byte	.LASF46
 650 002e 30020000 		.4byte	.LASF47
 651 0032 E7010000 		.4byte	.LASF48
 652 0036 23010000 		.4byte	.LASF49
 653 003a 69000000 		.4byte	.LASF50
 654 003e F1000000 		.4byte	.LASF51
 655 0042 72020000 		.4byte	.LASF52
 656 0046 02       		.byte	0x2
 657 0047 01       		.uleb128 0x1
 658 0048 1F       		.uleb128 0x1f
 659 0049 02       		.uleb128 0x2
 660 004a 0B       		.uleb128 0xb
 661 004b 0A       		.uleb128 0xa
 662 004c 63010000 		.4byte	.LASF53
 663 0050 00       		.byte	0
 664 0051 D5000000 		.4byte	.LASF54
 665 0055 07       		.byte	0x7
 666 0056 47000000 		.4byte	.LASF55
 667 005a 08       		.byte	0x8
 668 005b 51000000 		.4byte	.LASF56
 669 005f 03       		.byte	0x3
 670 0060 E6000000 		.4byte	.LASF57
 671 0064 01       		.byte	0x1
 672 0065 5C010000 		.4byte	.LASF58
 673 0069 05       		.byte	0x5
 674 006a 28020000 		.4byte	.LASF59
 675 006e 06       		.byte	0x6
 676 006f 53010000 		.4byte	.LASF60
 677 0073 04       		.byte	0x4
 678 0074 1C020000 		.4byte	.LASF61
 679 0078 03       		.byte	0x3
 680 0079 5C000000 		.4byte	.LASF62
 681 007d 02       		.byte	0x2
 682              	.LELTP0:
 683              	.LELT0:
 684              		.section	.gnu.debuglto_.debug_str,"eMS",%progbits,1
ARM GAS  C:\Users\PUBLIC~1.LAP\AppData\Local\Temp\ccYVmex3.s 			page 13


 685              	.LASF8:
 686 0000 5F5F7569 		.ascii	"__uint8_t\000"
 686      6E74385F 
 686      7400
 687              	.LASF40:
 688 000a 5F5F706F 		.ascii	"__port_irq_epilogue\000"
 688      72745F69 
 688      72715F65 
 688      70696C6F 
 688      67756500 
 689              	.LASF22:
 690 001e 53484946 		.ascii	"SHIFT_TAB_ICxx\000"
 690      545F5441 
 690      425F4943 
 690      787800
 691              	.LASF25:
 692 002d 6F73616C 		.ascii	"osalOsTimerHandlerI\000"
 692      4F735469 
 692      6D657248 
 692      616E646C 
 692      65724900 
 693              	.LASF42:
 694 0041 53797354 		.ascii	"SysTick_Handler\000"
 694      69636B5F 
 694      48616E64 
 694      6C657200 
 695              	.LASF41:
 696 0051 73745F6C 		.ascii	"st_lld_init\000"
 696      6C645F69 
 696      6E697400 
 697              	.LASF0:
 698 005d 756E7369 		.ascii	"unsigned int\000"
 698      676E6564 
 698      20696E74 
 698      00
 699              	.LASF24:
 700 006a 53484946 		.ascii	"SHIFT_TAB_OISx\000"
 700      545F5441 
 700      425F4F49 
 700      537800
 701              	.LASF32:
 702 0079 706F7274 		.ascii	"port_unlock\000"
 702      5F756E6C 
 702      6F636B00 
 703              	.LASF35:
 704 0085 5F5F656E 		.ascii	"__enable_irq\000"
 704      61626C65 
 704      5F697271 
 704      00
 705              	.LASF38:
 706 0092 443A5C30 		.ascii	"D:\\00a_liuhy\\temp126\\ChibiOS-Contrib\\demos\\ES3"
 706      30615F6C 
 706      69756879 
 706      5C74656D 
 706      70313236 
 707 00c0 325C4653 		.ascii	"2\\FS026\000"
 707      30323600 
ARM GAS  C:\Users\PUBLIC~1.LAP\AppData\Local\Temp\ccYVmex3.s 			page 14


 708              	.LASF4:
 709 00c8 756E7369 		.ascii	"unsigned char\000"
 709      676E6564 
 709      20636861 
 709      7200
 710              	.LASF30:
 711 00d6 706F7274 		.ascii	"port_unlock_from_isr\000"
 711      5F756E6C 
 711      6F636B5F 
 711      66726F6D 
 711      5F697372 
 712              	.LASF21:
 713 00eb 53484946 		.ascii	"SHIFT_TAB_OCxx\000"
 713      545F5441 
 713      425F4F43 
 713      787800
 714              	.LASF10:
 715 00fa 6C6F6E67 		.ascii	"long unsigned int\000"
 715      20756E73 
 715      69676E65 
 715      6420696E 
 715      7400
 716              	.LASF6:
 717 010c 73686F72 		.ascii	"short unsigned int\000"
 717      7420756E 
 717      7369676E 
 717      65642069 
 717      6E7400
 718              	.LASF31:
 719 011f 706F7274 		.ascii	"port_lock_from_isr\000"
 719      5F6C6F63 
 719      6B5F6672 
 719      6F6D5F69 
 719      737200
 720              	.LASF13:
 721 0132 75696E74 		.ascii	"uint32_t\000"
 721      33325F74 
 721      00
 722              	.LASF39:
 723 013b 63685379 		.ascii	"chSysTimerHandlerI\000"
 723      7354696D 
 723      65724861 
 723      6E646C65 
 723      724900
 724              	.LASF43:
 725 014e 5F736176 		.ascii	"_saved_lr\000"
 725      65645F6C 
 725      7200
 726              	.LASF37:
 727 0158 443A5C30 		.ascii	"D:\\00a_liuhy\\temp126\\ChibiOS-Contrib/os/hal/port"
 727      30615F6C 
 727      69756879 
 727      5C74656D 
 727      70313236 
 728 0188 732F4553 		.ascii	"s/ES32/LLD/TIMv1/hal_st_lld.c\000"
 728      33322F4C 
 728      4C442F54 
ARM GAS  C:\Users\PUBLIC~1.LAP\AppData\Local\Temp\ccYVmex3.s 			page 15


 728      494D7631 
 728      2F68616C 
 729              	.LASF23:
 730 01a6 53484946 		.ascii	"SHIFT_TAB_CCxP\000"
 730      545F5441 
 730      425F4343 
 730      785000
 731              	.LASF9:
 732 01b5 5F5F7569 		.ascii	"__uint32_t\000"
 732      6E743332 
 732      5F7400
 733              	.LASF33:
 734 01c0 706F7274 		.ascii	"port_lock\000"
 734      5F6C6F63 
 734      6B00
 735              	.LASF36:
 736 01ca 474E5520 		.ascii	"GNU C17 12.2.0 -mcpu=cortex-m0 -mthumb -mfloat-abi="
 736      43313720 
 736      31322E32 
 736      2E30202D 
 736      6D637075 
 737 01fd 736F6674 		.ascii	"soft -march=armv6s-m -ggdb -Os -fomit-frame-pointer"
 737      202D6D61 
 737      7263683D 
 737      61726D76 
 737      36732D6D 
 738 0230 202D6661 		.ascii	" -falign-functions=16 -ffunction-sections -fdata-se"
 738      6C69676E 
 738      2D66756E 
 738      6374696F 
 738      6E733D31 
 739 0263 6374696F 		.ascii	"ctions -fno-common -flto\000"
 739      6E73202D 
 739      666E6F2D 
 739      636F6D6D 
 739      6F6E202D 
 740              	.LASF29:
 741 027c 63685379 		.ascii	"chSysLockFromISR\000"
 741      734C6F63 
 741      6B46726F 
 741      6D495352 
 741      00
 742              	.LASF14:
 743 028d 63686172 		.ascii	"char\000"
 743      00
 744              	.LASF12:
 745 0292 75696E74 		.ascii	"uint8_t\000"
 745      385F7400 
 746              	.LASF18:
 747 029a 53797354 		.ascii	"SysTick_Type\000"
 747      69636B5F 
 747      54797065 
 747      00
 748              	.LASF15:
 749 02a7 4354524C 		.ascii	"CTRL\000"
 749      00
 750              	.LASF28:
ARM GAS  C:\Users\PUBLIC~1.LAP\AppData\Local\Temp\ccYVmex3.s 			page 16


 751 02ac 63685379 		.ascii	"chSysUnlockFromISR\000"
 751      73556E6C 
 751      6F636B46 
 751      726F6D49 
 751      535200
 752              	.LASF17:
 753 02bf 43414C49 		.ascii	"CALIB\000"
 753      4200
 754              	.LASF1:
 755 02c5 6C6F6E67 		.ascii	"long long int\000"
 755      206C6F6E 
 755      6720696E 
 755      7400
 756              	.LASF27:
 757 02d3 6F73616C 		.ascii	"osalSysLockFromISR\000"
 757      5379734C 
 757      6F636B46 
 757      726F6D49 
 757      535200
 758              	.LASF16:
 759 02e6 4C4F4144 		.ascii	"LOAD\000"
 759      00
 760              	.LASF20:
 761 02eb 4F464653 		.ascii	"OFFSET_TAB_CHMRx\000"
 761      45545F54 
 761      41425F43 
 761      484D5278 
 761      00
 762              	.LASF5:
 763 02fc 73686F72 		.ascii	"short int\000"
 763      7420696E 
 763      7400
 764              	.LASF34:
 765 0306 5F5F6469 		.ascii	"__disable_irq\000"
 765      7361626C 
 765      655F6972 
 765      7100
 766              	.LASF7:
 767 0314 6C6F6E67 		.ascii	"long int\000"
 767      20696E74 
 767      00
 768              	.LASF2:
 769 031d 6C6F6E67 		.ascii	"long double\000"
 769      20646F75 
 769      626C6500 
 770              	.LASF3:
 771 0329 7369676E 		.ascii	"signed char\000"
 771      65642063 
 771      68617200 
 772              	.LASF19:
 773 0335 5F426F6F 		.ascii	"_Bool\000"
 773      6C00
 774              	.LASF11:
 775 033b 6C6F6E67 		.ascii	"long long unsigned int\000"
 775      206C6F6E 
 775      6720756E 
 775      7369676E 
ARM GAS  C:\Users\PUBLIC~1.LAP\AppData\Local\Temp\ccYVmex3.s 			page 17


 775      65642069 
 776              	.LASF26:
 777 0352 6F73616C 		.ascii	"osalSysUnlockFromISR\000"
 777      53797355 
 777      6E6C6F63 
 777      6B46726F 
 777      6D495352 
 778              		.section	.gnu.debuglto_.debug_line_str,"eMS",%progbits,1
 779              	.LASF45:
 780 0000 443A5C30 		.ascii	"D:\\00a_liuhy\\temp126\\ChibiOS-Contrib/os/common/e"
 780      30615F6C 
 780      69756879 
 780      5C74656D 
 780      70313236 
 781 0030 78742F43 		.ascii	"xt/CMSIS/ES32/FS026/md\000"
 781      4D534953 
 781      2F455333 
 781      322F4653 
 781      3032362F 
 782              	.LASF55:
 783 0047 5F737464 		.ascii	"_stdint.h\000"
 783      696E742E 
 783      6800
 784              	.LASF56:
 785 0051 636F7265 		.ascii	"core_cm0.h\000"
 785      5F636D30 
 785      2E6800
 786              	.LASF62:
 787 005c 68616C5F 		.ascii	"hal_st_lld.c\000"
 787      73745F6C 
 787      6C642E63 
 787      00
 788              	.LASF50:
 789 0069 443A5C30 		.ascii	"D:\\00a_liuhy\\temp126\\ChibiOS/os/rt/include\000"
 789      30615F6C 
 789      69756879 
 789      5C74656D 
 789      70313236 
 790              	.LASF46:
 791 0094 443A5C30 		.ascii	"D:\\00a_liuhy\\temp126\\ChibiOS-Contrib/os/hal/port"
 791      30615F6C 
 791      69756879 
 791      5C74656D 
 791      70313236 
 792 00c4 732F4553 		.ascii	"s/ES32/LLD/TIMv1\000"
 792      33322F4C 
 792      4C442F54 
 792      494D7631 
 792      00
 793              	.LASF54:
 794 00d5 5F646566 		.ascii	"_default_types.h\000"
 794      61756C74 
 794      5F747970 
 794      65732E68 
 794      00
 795              	.LASF57:
 796 00e6 6D645F74 		.ascii	"md_timer.h\000"
ARM GAS  C:\Users\PUBLIC~1.LAP\AppData\Local\Temp\ccYVmex3.s 			page 18


 796      696D6572 
 796      2E6800
 797              	.LASF51:
 798 00f1 643A5C71 		.ascii	"d:\\qmk_msys\\mingw64\\arm-none-eabi\\include\\mach"
 798      6D6B5F6D 
 798      7379735C 
 798      6D696E67 
 798      7736345C 
 799 011f 696E6500 		.ascii	"ine\000"
 800              	.LASF49:
 801 0123 443A5C30 		.ascii	"D:\\00a_liuhy\\temp126\\ChibiOS/os/hal/osal/rt-nil\000"
 801      30615F6C 
 801      69756879 
 801      5C74656D 
 801      70313236 
 802              	.LASF60:
 803 0153 6368636F 		.ascii	"chcore.h\000"
 803      72652E68 
 803      00
 804              	.LASF58:
 805 015c 6F73616C 		.ascii	"osal.h\000"
 805      2E6800
 806              	.LASF53:
 807 0163 443A5C30 		.ascii	"D:\\00a_liuhy\\temp126\\ChibiOS-Contrib/os/hal/port"
 807      30615F6C 
 807      69756879 
 807      5C74656D 
 807      70313236 
 808 0193 732F4553 		.ascii	"s/ES32/LLD/TIMv1/hal_st_lld.c\000"
 808      33322F4C 
 808      4C442F54 
 808      494D7631 
 808      2F68616C 
 809              	.LASF44:
 810 01b1 443A5C30 		.ascii	"D:\\00a_liuhy\\temp126\\ChibiOS-Contrib\\demos\\ES3"
 810      30615F6C 
 810      69756879 
 810      5C74656D 
 810      70313236 
 811 01df 325C4653 		.ascii	"2\\FS026\000"
 811      30323600 
 812              	.LASF48:
 813 01e7 443A5C30 		.ascii	"D:\\00a_liuhy\\temp126\\ChibiOS/os/common/ports/ARM"
 813      30615F6C 
 813      69756879 
 813      5C74656D 
 813      70313236 
 814 0217 76362D4D 		.ascii	"v6-M\000"
 814      00
 815              	.LASF61:
 816 021c 636D7369 		.ascii	"cmsis_gcc.h\000"
 816      735F6763 
 816      632E6800 
 817              	.LASF59:
 818 0228 63687379 		.ascii	"chsys.h\000"
 818      732E6800 
 819              	.LASF47:
ARM GAS  C:\Users\PUBLIC~1.LAP\AppData\Local\Temp\ccYVmex3.s 			page 19


 820 0230 443A5C30 		.ascii	"D:\\00a_liuhy\\temp126\\ChibiOS/os/common/ext/ARM/C"
 820      30615F6C 
 820      69756879 
 820      5C74656D 
 820      70313236 
 821 0260 4D534953 		.ascii	"MSIS/Core/Include\000"
 821      2F436F72 
 821      652F496E 
 821      636C7564 
 821      6500
 822              	.LASF52:
 823 0272 643A5C71 		.ascii	"d:\\qmk_msys\\mingw64\\arm-none-eabi\\include\\sys\000"
 823      6D6B5F6D 
 823      7379735C 
 823      6D696E67 
 823      7736345C 
 824              		.text
 825              		.section	.gnu.lto_.profile.840c66eb,"e",%progbits
 826 0000 28B52FFD 		.ascii	"(\265/\375 \0061\000\000\002\000\000\000\000\000"
 826      20063100 
 826      00020000 
 826      000000
 827              		.text
 828              		.section	.gnu.lto_.icf.840c66eb,"e",%progbits
 829 0000 28B52FFD 		.ascii	"(\265/\375 $\005\001\000\320\030\000\002\000\211\315"
 829      20240501 
 829      00D01800 
 829      020089CD 
 830 0010 C99E0100 		.ascii	"\311\236\001\000\001\317\222\210\320\012\004\002\000"
 830      01CF9288 
 830      D00A0402 
 830      00
 831 001d 02010200 		.ascii	"\002\001\002\000\002\001\000\001\000\033\300\002"
 831      02010001 
 831      001BC002 
 832              		.text
 833              		.section	.gnu.lto_.ipa_sra.840c66eb,"e",%progbits
 834 0000 28B52FFD 		.ascii	"(\265/\375 \032\235\000\000X\016\000\002\000\000\001"
 834      201A9D00 
 834      00580E00 
 834      02000001 
 835 0010 00010001 		.ascii	"\000\001\000\001\000\002\0009A6\200\005"
 835      00020039 
 835      41368005 
 836              		.text
 837              		.section	.gnu.lto_.inline.840c66eb,"e",%progbits
 838 0000 28B52FFD 		.ascii	"(\265/\375 m\035\002\000\004\003a\000\002\000\000\010"
 838      206D1D02 
 838      00040361 
 838      00020000 
 838      08
 839 0011 80808090 		.ascii	"\200\200\200\220\003g\001\000\000\002\004\200\200\200"
 839      03670100 
 839      00020480 
 839      8080
 840 001f 80026400 		.ascii	"\200\002d\000\000\006\002\000\000\002\013\000\000\000"
 840      00060200 
ARM GAS  C:\Users\PUBLIC~1.LAP\AppData\Local\Temp\ccYVmex3.s 			page 20


 840      00020B00 
 840      0000
 841 002d 01904E00 		.ascii	"\001\220N\000\001\012\001\000\001\001\000\005e\000\006"
 841      010A0100 
 841      01010005 
 841      650006
 842 003c 005E05A1 		.ascii	"\000^\005\241\224(\270\252\037*0X\006\336@\033"
 842      9428B8AA 
 842      1F2A3058 
 842      06DE401B 
 843              		.text
 844              		.section	.gnu.lto_.jmpfuncs.840c66eb,"e",%progbits
 845 0000 28B52FFD 		.ascii	"(\265/\375 8E\001\000\360,\000\002\001\300\004\001\000"
 845      20384501 
 845      00F02C00 
 845      0201C004 
 845      0100
 846 0012 C00401FF 		.ascii	"\300\004\001\377\377\377\377\017\000\000\002\002\006"
 846      FFFFFF0F 
 846      00000202 
 846      06
 847 001f DB000100 		.ascii	"\333\000\001\000\000\001\000\000\000\003\000un\336\215"
 847      00010000 
 847      00030075 
 847      6EDE8D
 848 002e BB012C   		.ascii	"\273\001,"
 849              		.text
 850              		.section	.gnu.lto_.pureconst.840c66eb,"e",%progbits
 851 0000 28B52FFD 		.ascii	"(\265/\375 \013Y\000\000\007\000\000\000\002\000\272"
 851      200B5900 
 851      00070000 
 851      000200BA 
 852 0010 05019A04 		.ascii	"\005\001\232\004"
 853              		.text
 854              		.section	.gnu.lto_.ipa_modref.840c66eb,"e",%progbits
 855 0000 28B52FFD 		.ascii	"(\265/\375  \315\000\000\210\024\000\001\001\000\001"
 855      2020CD00 
 855      00881400 
 855      01010001 
 856 0010 02020001 		.ascii	"\002\002\000\001\002\003\001\000\000\006\000\002\000"
 856      02030100 
 856      00060002 
 856      00
 857 001d 408C0D60 		.ascii	"@\214\015`\001"
 857      01
 858              		.text
 859              		.section	.gnu.lto_.lto.840c66eb,"e",%progbits
 860 0000 0C000000 		.ascii	"\014\000\000\000\001\000\001\000"
 860      01000100 
 861              		.text
 862              		.section	.gnu.lto_SysTick_Handler.2996.840c66eb,"e",%progbits
 863 0000 28B52FFD 		.ascii	"(\265/\375`1\004=\032\000f,\245I\240ZUc\257\3679\275"
 863      6031043D 
 863      1A00662C 
 863      A549A05A 
 863      5563AFF7 
 864 0016 1E24FFF1 		.ascii	"\036$\377\361py\300\366\007Tgi\222\030\353C\301\235"
ARM GAS  C:\Users\PUBLIC~1.LAP\AppData\Local\Temp\ccYVmex3.s 			page 21


 864      7079C0F6 
 864      07546769 
 864      9218EB43 
 864      C19D
 865 0028 2CD62600 		.ascii	",\326&\000\245\251\014\316\354$\205c\221\243\3368\013"
 865      A5A90CCE 
 865      EC248563 
 865      91A3DE38 
 865      0B
 866 0039 FC47BCEE 		.ascii	"\374G\274\3569\036\372N\365p\237\363@\220\347\324\203"
 866      391EFA4E 
 866      F5709FF3 
 866      4090E7D4 
 866      83
 867 004a FA411806 		.ascii	"\372A\030\006\015\3704A\272\333\336)\005\205\000\214"
 867      0DF83441 
 867      BADBDE29 
 867      0585008C 
 868 005a 009C006E 		.ascii	"\000\234\000n\200\304\201\264\224c\277\210\355r\213"
 868      80C481B4 
 868      9463BF88 
 868      ED728B
 869 0069 13310B8B 		.ascii	"\0231\013\213P{\242YRMI:W2\213\251\010\305\306\212'"
 869      507BA259 
 869      524D493A 
 869      57328BA9 
 869      08C5C68A 
 870 007e 7955C389 		.ascii	"yU\303\211\221'$\337\221\374%\241{\257\353\247?\244"
 870      912724DF 
 870      91FC25A1 
 870      7BAFEBA7 
 870      3FA4
 871 0090 85EDFA69 		.ascii	"\205\355\372i\376\310.sx\342A.\344\367\241\013\230O"
 871      FEC82E73 
 871      78E2412E 
 871      E4F7A10B 
 871      984F
 872 00a2 801BC338 		.ascii	"\200\033\3038\225\345^\242\203\237\026\021\363\023v"
 872      95E55EA2 
 872      839F1611 
 872      F31376
 873 00b1 02AB9FAA 		.ascii	"\002\253\237\252\013X\375\364\317~z\235\227'\311\207"
 873      0B58FDF4 
 873      CF7E7A9D 
 873      9727C987 
 874 00c1 CBBD1735 		.ascii	"\313\275\0275w\374\367\362\347\377\350\255`\020\317"
 874      77FCF7F2 
 874      E7FFE8AD 
 874      6010CF
 875 00d0 4B96867B 		.ascii	"K\226\206{\257\313`\320\214\333\274\355\004\366_\330"
 875      AFCB60D0 
 875      8CDBBCED 
 875      04F65FD8 
 876 00e0 A68B52A2 		.ascii	"\246\213R\242\224~\341\215$Q\227;\015%\375\302\"\241"
 876      947EE18D 
 876      2451973B 
 876      0D25FDC2 
ARM GAS  C:\Users\PUBLIC~1.LAP\AppData\Local\Temp\ccYVmex3.s 			page 22


 876      22A1
 877 00f2 F00AD4AB 		.ascii	"\360\012\324\253J\024\231c\025'@=\240J\246 d\016\016"
 877      4A149963 
 877      1527403D 
 877      A04AA620 
 877      640E0E
 878 0105 042AF3C3 		.ascii	"\004*\363\303\303\200\245\027\337T\231\2171\005,\247"
 878      C380A517 
 878      DF54998F 
 878      31052CA7 
 879 0115 1CA0F41D 		.ascii	"\034\240\364\035ee\333\322\362\301\2330\037\363\232"
 879      6565DBD2 
 879      F2C19B30 
 879      1FF39A
 880 0124 8014F296 		.ascii	"\200\024\362\226^lbOi\346\260\257\272\246\221\375\341"
 880      5E6C624F 
 880      69E6B0AF 
 880      BAA691FD 
 880      E1
 881 0135 AD0250FA 		.ascii	"\255\002P\372\255\324\007\215\011<\210\027(\014\230"
 881      ADD4078D 
 881      093C8817 
 881      280C98
 882 0144 7B3C99FC 		.ascii	"{<\231\374\370\360\267\3577]\011\373$fiy\222\342F\277"
 882      F8F0B7EF 
 882      375D09FB 
 882      24666979 
 882      92E246BF 
 883 0158 98D62331 		.ascii	"\230\326#1\313I\305\217xU\203J\217\256(\324\304.\275"
 883      CB49C58F 
 883      7855834A 
 883      8FAE28D4 
 883      C42EBD
 884 016b 9873A4AA 		.ascii	"\230s\244\252\314\246B\004\0108:\\\317\306\247\352\254"
 884      CCA64204 
 884      08383A5C 
 884      CFC6A7EA 
 884      AC
 885 017c B99AEDC1 		.ascii	"\271\232\355\301\003\033\014\034@\020\201W]\323\310"
 885      031B0C1C 
 885      40108157 
 885      5DD3C8
 886 018b 1E868E40 		.ascii	"\036\206\216@\023h\003\245\312\264i%d\3744\221R\362"
 886      136803A5 
 886      CAB46925 
 886      64FC3491 
 886      52F2
 887 019d 96914692 		.ascii	"\226\221F\222\031M\214J/\344\020\222\313\034\221\302"
 887      194D8C4A 
 887      2FE41092 
 887      CB1C91C2 
 888 01ad 2F0B8ABA 		.ascii	"/\013\212\272 \025\024E\035IZ\011j\002\023\374I\016"
 888      20151445 
 888      1D495A09 
 888      6A0213FC 
 888      490E
 889 01bf 28FDA289 		.ascii	"(\375\242\211\023\345\203\206\365\230\327/\376BOQ2\307"
ARM GAS  C:\Users\PUBLIC~1.LAP\AppData\Local\Temp\ccYVmex3.s 			page 23


 889      13E58386 
 889      F598D72F 
 889      FE424F51 
 889      32C7
 890 01d1 A724500F 		.ascii	"\247$P\017\250\243\237F??\311\003E7t8\331\020^I~\211"
 890      A8A39F46 
 890      3F3FC903 
 890      45377438 
 890      D9105E49 
 891 01e7 ED168A18 		.ascii	"\355\026\212\030\030\345\026\006?K,\276\215\200\247"
 891      18E51606 
 891      3F4B2CBE 
 891      8D80A7
 892 01f6 0CE31779 		.ascii	"\014\343\027y\3138\004I\344'2\006\321\261\005\012\010"
 892      CB380449 
 892      E4273206 
 892      D1B1050A 
 892      08
 893 0207 91684A5E 		.ascii	"\221hJ^a8\037\217\325\341t,\257\260\333\332\342\244"
 893      61381F8F 
 893      D5E1742C 
 893      AFB0DBDA 
 893      E2A4
 894 0219 31566369 		.ascii	"1Vci\232\242\326\256\255\256\006\305\361X\031J\253\241"
 894      9AA2D6AE 
 894      ADAE06C5 
 894      F158194A 
 894      ABA1
 895 022b CD64688F 		.ascii	"\315dh\217\005N\215\341xl\252\246\350l\246\302\316l"
 895      054E8DE1 
 895      786CAAA6 
 895      E86CA6C2 
 895      CE6C
 896 023d C4861DAB 		.ascii	"\304\206\035\253\323\261i\006\253\261\326\327\252)\212"
 896      D3B16906 
 896      ABB1D6D7 
 896      AA298A
 897 024c BBE9E4D2 		.ascii	"\273\351\344\322\335\212\366x\022\254\306\326\335L\217"
 897      DD8AF678 
 897      12ACC6D6 
 897      DD4C8F
 898 025b 87E66C2D 		.ascii	"\207\346l-K\343\224f\002\205\033\013\027hb\005x\271"
 898      4BE39466 
 898      02851B0B 
 898      17686205 
 898      78B9
 899 026d DA0DB763 		.ascii	"\332\015\267ckk-\247\261[.W\353\2655\010;\263\032\022"
 899      6B6B2DA7 
 899      B15B2E57 
 899      EBB53508 
 899      3BB31A12 
 900 0281 28870F1F 		.ascii	"(\207\017\037\320\010\022h\035\320\266\307cq\320\234"
 900      D0081268 
 900      1DD0B6C7 
 900      6371D09C 
 901 0291 4D455B16 		.ascii	"ME[\026\275Yy\275\035+\233\241\205Xo\326S\250q,\006"
 901      BD5979BD 
ARM GAS  C:\Users\PUBLIC~1.LAP\AppData\Local\Temp\ccYVmex3.s 			page 24


 901      1D2B9BA1 
 901      85586FD6 
 901      53A8712C 
 902 02a6 91514ACD 		.ascii	"\221QJ\315H0A\0246\205\351\260\002\031\243\352\006\021"
 902      48304114 
 902      3685E9B0 
 902      0219A3EA 
 902      0611
 903 02b8 701D85AC 		.ascii	"p\035\205\254&LQA}\012c\223\344\033\324\300,\302\216"
 903      264C5141 
 903      7D0A6393 
 903      E41BD4C0 
 903      2CC28E
 904 02cb 8B048B87 		.ascii	"\213\004\213\207\376\264\326\202\313\332\267W\275\303"
 904      FEB4D682 
 904      CBDAB757 
 904      BDC3
 905 02d9 2A7D9D45 		.ascii	"*}\235E\367\035}\300\252\003E\340Dn\031\030\333\222"
 905      F71D7DC0 
 905      AA0345E0 
 905      446E1918 
 905      DB92
 906 02eb 2E9857E7 		.ascii	".\230W\347\213\232w\363\251\027\206\255+\375]\004O\177"
 906      8B9A77F3 
 906      A91786AD 
 906      2BFD5D04 
 906      4F7F
 907 02fd DCACD8FA 		.ascii	"\334\254\330\372K\341AnX6\350\3170tO\205S\012\033g/"
 907      4BE1416E 
 907      5836E8CF 
 907      30744F85 
 907      530A1B67 
 908 0312 0B5F8446 		.ascii	"\013_\204FY==\026\202\321l\231BGNF\343X\305J\270X@a"
 908      593D3D16 
 908      82D16C99 
 908      42474E46 
 908      E358C54A 
 909 032a 44193549 		.ascii	"D\0315I\306\355\357\360\265\217\275\340\014l\376\020"
 909      C6EDEFF0 
 909      B58FBDE0 
 909      0C6CFE10 
 910 033a 6F541EA6 		.ascii	"oT\036\246\037\353\321\215\0115\015\313P\374\305\375"
 910      1FEBD18D 
 910      09350DCB 
 910      50FCC5FD 
 911 034a 634D43FB 		.ascii	"cMC\373\205\227\323"
 911      8597D3
 912              		.text
 913              		.section	.gnu.lto_st_lld_init.2997.840c66eb,"e",%progbits
 914 0000 28B52FFD 		.ascii	"(\265/\375`U\000\005\011\000t\017\326\000\000\000P\000"
 914      60550005 
 914      0900740F 
 914      D6000000 
 914      5000
 915 0012 00002300 		.ascii	"\000\000#\000\000\000\001\003\000\001\222\221\212\002"
 915      00000103 
 915      00019291 
ARM GAS  C:\Users\PUBLIC~1.LAP\AppData\Local\Temp\ccYVmex3.s 			page 25


 915      8A02
 916 0020 00808080 		.ascii	"\000\200\200\200@\007\002\001\201\221\212\011\001\267"
 916      40070201 
 916      81918A09 
 916      01B7
 917 002e 0101007F 		.ascii	"\001\001\000\177\002\001\177\001\246\003/\200\200\200"
 917      02017F01 
 917      A6032F80 
 917      8080
 918 003c F8C4D4E1 		.ascii	"\370\304\324\341\200P\300\001\352\000\000\177\000\013"
 918      8050C001 
 918      EA00007F 
 918      000B
 919 004a 01000000 		.ascii	"\001\000\000\000\257\322\005\340\200\374\377\217\200"
 919      AFD205E0 
 919      80FCFF8F 
 919      80
 920 0057 80D71AE1 		.ascii	"\200\327\032\341\360\006\004\000\000\243\003\200\004"
 920      F0060400 
 920      00A30380 
 920      04
 921 0064 010000A4 		.ascii	"\001\000\000\244\003\002\201\300\000\000\372\002\200"
 921      030281C0 
 921      0000FA02 
 921      80
 922 0071 E2D9C602 		.ascii	"\342\331\306\002\000\376\002\302\364\350\025\005\001"
 922      00FE02C2 
 922      F4E81505 
 922      01
 923 007e 067D0100 		.ascii	"\006}\001\000\220\300\203\200\016\005\001\254\250\016"
 923      90C08380 
 923      0E0501AC 
 923      A80E
 924 008c 7BBA01B9 		.ascii	"{\272\001\271\001\0006\241\200\200\010y\273\001w\000"
 924      010036A1 
 924      80800879 
 924      BB017700 
 925 009c 00067501 		.ascii	"\000\006u\001\277\262\004\333\276\001s\207\200\004\000"
 925      BFB204DB 
 925      BE017387 
 925      800400
 926 00ab 820382E0 		.ascii	"\202\003\202\340\361F\243\003\200\004\001\200\300ND"
 926      F146A303 
 926      80040180 
 926      C04E44
 927 00ba 3A5C3030 		.ascii	":\\00a_liuhy\\temp126\\ChibiOS-Contrib/os/hal/ports"
 927      615F6C69 
 927      7568795C 
 927      74656D70 
 927      3132365C 
 928 00ea 2F455333 		.ascii	"/ES32/LLD/TIMv1_st_lld.c\000\017\000\001\317\2103\241"
 928      322F4C4C 
 928      442F5449 
 928      4D76315F 
 928      73745F6C 
 929 010a 3B0C1C7B 		.ascii	";\014\034{\207@;R%\000\273\011q\003`,\222\322\260\013"
 929      87403B52 
ARM GAS  C:\Users\PUBLIC~1.LAP\AppData\Local\Temp\ccYVmex3.s 			page 26


 929      2500BB09 
 929      7103602C 
 929      92D2B00B 
 930 011e 2357B0F8 		.ascii	"#W\260\370e\010q9\026\355$\003"
 930      65087139 
 930      16ED2403 
 931              		.text
 932              		.section	.gnu.lto_.symbol_nodes.840c66eb,"e",%progbits
 933 0000 28B52FFD 		.ascii	"(\265/\375 \254\355\002\000\024\004\250\000\000\000"
 933      20ACED02 
 933      001404A8 
 933      000000
 934 000f 0002B417 		.ascii	"\000\002\264\027\177\004\200\200\200\200\004\001\220"
 934      7F048080 
 934      80800401 
 934      90
 935 001c CE00007F 		.ascii	"\316\000\000\177\000\000\272\220\202\002\265\027\177"
 935      0000BA90 
 935      8202B517 
 935      7F
 936 0029 0501B717 		.ascii	"\005\001\267\027\177\006\377\037\000\000\200\220\200"
 936      7F06FF1F 
 936      00008090 
 936      80
 937 0036 01B8177F 		.ascii	"\001\270\027\177\007\266\027\177\010\003\000D\003\000"
 937      07B6177F 
 937      08030044 
 937      0300
 938 0044 03E40E03 		.ascii	"\003\344\016\003\000\002\027\000\012\000\256\254#6\310"
 938      00021700 
 938      0A00AEAC 
 938      2336C8
 939 0053 C16418D4 		.ascii	"\301d\030\324\344'h\254\226f%\030.\203\200\362\314\316"
 939      E42768AC 
 939      96662518 
 939      2E8380F2 
 939      CCCE
 940 0065 31       		.ascii	"1"
 941              		.text
 942              		.section	.gnu.lto_.refs.840c66eb,"e",%progbits
 943 0000 28B52FFD 		.ascii	"(\265/\375 \005)\000\000\001\000\000\000\000"
 943      20052900 
 943      00010000 
 943      0000
 944              		.text
 945              		.section	.gnu.lto_.decls.840c66eb,"e",%progbits
 946 0000 28B52FFD 		.ascii	"(\265/\375`\177\012\3557\000\212dL\026DP\246\326\030"
 946      607F0AED 
 946      37008A64 
 946      4C164450 
 946      A6D618
 947 0013 2F74E82B 		.ascii	"/t\350+\272\256\277\370*\2020\237\220\011\3665\355P"
 947      BAAEBFF8 
 947      2A82309F 
 947      9009F635 
 947      ED50
 948 0025 A75CC0EB 		.ascii	"\247\\\300\353\026\"_\233\306f4\200&\032\246ry\245i"
ARM GAS  C:\Users\PUBLIC~1.LAP\AppData\Local\Temp\ccYVmex3.s 			page 27


 948      16225F9B 
 948      C6663480 
 948      261AA672 
 948      79A569
 949 0038 6F4BF845 		.ascii	"oK\370Ea\343\313\224\007\363\223\035\363\015\2142\201"
 949      61E3CB94 
 949      07F3931D 
 949      F30D8C32 
 949      81
 950 0049 5E6EE4CD 		.ascii	"^n\344\315\312\311!\245L)/\001H\001_\001\320\247\232"
 950      CAC921A5 
 950      4C292F01 
 950      48015F01 
 950      D0A79A
 951 005c 95DED4E1 		.ascii	"\225\336\324\341|\350\313y\312nT9\377\330\377\273\235"
 951      7CE8CB79 
 951      CA6E5439 
 951      FFD8FFBB 
 951      9D
 952 006d 20286AA4 		.ascii	" (j\244e*\333\355eeX;m\342\266T\326\311 \350\201\211"
 952      652ADBED 
 952      6565583B 
 952      6DE2B654 
 952      D6C920E8 
 953 0083 63B7A6E6 		.ascii	"c\267\246\346v\267\2179\231\213\3610\016\346c\272=\352"
 953      76B78F39 
 953      998BF130 
 953      0EE663BA 
 953      3DEA
 954 0095 5E9A9DFF 		.ascii	"^\232\235\377\231\377\257\024\226C\213\016\011\335J"
 954      99FFAF14 
 954      96438B0E 
 954      09DD4A
 955 00a4 62DE2588 		.ascii	"b\336%\2109\364VeW\320\3776\355^\335\236\305\307\370"
 955      39F45665 
 955      57D0FF36 
 955      ED5EDD9E 
 955      C5C7F8
 956 00b7 170713C4 		.ascii	"\027\007\023\304\234\277\013@\031\326U\226\273\1778"
 956      9CBF0B40 
 956      19D65596 
 956      BB7F38
 957 00c6 081E3C78 		.ascii	"\010\036<x\360\240w\027G\226\004\000;\367\242_X\263"
 957      F0A07717 
 957      47960400 
 957      3BF7A25F 
 957      58B3
 958 00d8 CAB65BB9 		.ascii	"\312\266[\271\376^\324\016\371\322m\033\256\177\371"
 958      FE5ED40E 
 958      F9D26D1B 
 958      AE7FF9
 959 00e7 160733F2 		.ascii	"\026\0073\362\271}\314y*\344\272\021\223\003S\331N\272"
 959      B97DCC79 
 959      2AE4BA11 
 959      930353D9 
 959      4EBA
 960 00f9 412CDAB9 		.ascii	"A,\332\2714\214\345S\350\326m7j\205\334\250m\325u\035"
ARM GAS  C:\Users\PUBLIC~1.LAP\AppData\Local\Temp\ccYVmex3.s 			page 28


 960      348CE553 
 960      E8D66D37 
 960      6A85DCA8 
 960      6DD5751D 
 961 010d 4BB75F71 		.ascii	"K\267_q/#6\314\371w\377\363\000\347\243F\271T\331\006"
 961      2F2336CC 
 961      F977FFF3 
 961      00E7A346 
 961      B954D906 
 962 0121 5ED4B24E 		.ascii	"^\324\262N\324v\367\030Y\257\333\243t\267\232\243\271"
 962      D476F718 
 962      59AFDBA3 
 962      74B79AA3 
 962      B9
 963 0132 DBEDBDEE 		.ascii	"\333\355\275\356~\323\247\273\207\335\315\247\273\365"
 963      7ED3A7BB 
 963      87DDCDA7 
 963      BBF5
 964 0140 74375E77 		.ascii	"t7^w\333u\367\235\356\246\353n\271\356\256\323\335p"
 964      DB75F79D 
 964      EEA6EB6E 
 964      B9EEAED3 
 964      DD70
 965 0152 DDEDD6DD 		.ascii	"\335\355\326\335r\272\033\015\202nw\322\335l\335\275"
 965      72BA1B0D 
 965      826E77D2 
 965      DD6CDDBD 
 966 0162 A6BBD7BA 		.ascii	"\246\273\327\272;\255\273\245\335=w7\231\356.\323\335"
 966      3BADBBA5 
 966      DD3D7737 
 966      99EE2ED3 
 966      DD
 967 0173 5EDDEDEB 		.ascii	"^\335\355\353\3563\335\275\346\345\345\345u\367W\367"
 967      EE33DDBD 
 967      E6E5E5E5 
 967      75F757F7 
 968 0183 3AA3BBA7 		.ascii	":\243\273\247!\276\246\206}W\2135\207K\276\373\3372"
 968      21BEA686 
 968      7D578B35 
 968      874BBEFB 
 968      DF32
 969 0195 6ACFC618 		.ascii	"j\317\306\030\311r\265\3665\366\015\231\032\236\312"
 969      C972B5F6 
 969      35F60D99 
 969      1A9ECA
 970 01a4 F69CA711 		.ascii	"\366\234\247\021bf\251\201\252\354,\004\264g\014\032"
 970      6266A981 
 970      AAEC2C04 
 970      B4670C1A 
 971 01b4 1C9CBB2A 		.ascii	"\034\234\273*IK\233\022k\"\2274\377\023\225mu\352\256"
 971      494B9B12 
 971      6B229734 
 971      FF13956D 
 971      75EAAE
 972 01c7 5058B899 		.ascii	"PX\270\231\237\265\233i07\343Rg\362\275\260=<\314\334"
 972      9FB59B69 
 972      3037E352 
ARM GAS  C:\Users\PUBLIC~1.LAP\AppData\Local\Temp\ccYVmex3.s 			page 29


 972      67F2BDB0 
 972      3D3CCCDC 
 973 01db FDD69611 		.ascii	"\375\326\226\021\000$kd+\225\355\356\271vi\267\237q"
 973      00246B64 
 973      2B95EDEE 
 973      B97669B7 
 973      9F71
 974 01ed B4762BF0 		.ascii	"\264v+\360_\367\377\013\202\362\336\330p\250\354\220"
 974      5FF7FF0B 
 974      82F2DED8 
 974      70A8EC90 
 975 01fd 17B5AAAA 		.ascii	"\027\265\252\252t\207|\356\346 \027\325\351\222\253"
 975      74877CEE 
 975      E62017D5 
 975      E992AB
 976 020c EB5D4585 		.ascii	"\353]E\205\004QY\177\016\352\277\322)\017\3709\372\224"
 976      0451597F 
 976      0EEABFD2 
 976      290FF839 
 976      FA94
 977 021e 9BFF0CE2 		.ascii	"\233\377\014\342\315\350S\253\031}*\325ft\251%\377S"
 977      CDE853AB 
 977      197D2AD5 
 977      6674A925 
 977      FF53
 978 0230 E9BE53EB 		.ascii	"\351\276S\353\243\377\336\374\345\017h2_\013h~\376\317"
 978      A3FFDEFC 
 978      E50F6832 
 978      5F0B687E 
 978      FECF
 979 0242 4BA53B2F 		.ascii	"K\245;/\345\377_zs~\376P\223\371\324\362f\364\345g\276"
 979      E5FF5F7A 
 979      737EFE50 
 979      93F9D4F2 
 979      66F4E567 
 980 0257 4CA0F9AF 		.ascii	"L\240\371\257\365\321\347\2347\377)7\243N\255\241,\250"
 980      F5D1E79C 
 980      37FF2937 
 980      A34EADA1 
 980      2CA8
 981 0269 D2955462 		.ascii	"\322\225TbK>\272\324\241\312\315\347\372\177!>3\177"
 981      4B3EBAD4 
 981      A1CACDE7 
 981      FA7F213E 
 981      337F
 982 027b EB9FE94C 		.ascii	"\353\237\351L\360b\316\346\032\225S\350\275v@q\374\177"
 982      F062CEE6 
 982      1A9553E8 
 982      BD764071 
 982      FC7F
 983 028d 2B856B80 		.ascii	"+\205k\200\331/\241?\335Z*\220\377\271\224\363s\265"
 983      D92FA13F 
 983      DD5A2A90 
 983      FFB994F3 
 983      73B5
 984 029f F3BF829F 		.ascii	"\363\277\202\237B\377_9\365y\372J3\346\277\233\375o"
 984      42FF5F39 
ARM GAS  C:\Users\PUBLIC~1.LAP\AppData\Local\Temp\ccYVmex3.s 			page 30


 984      F579FA4A 
 984      33E6BF9B 
 984      FD6F
 985 02b1 DDF8FFA1 		.ascii	"\335\370\377\241\377\017\360L\036:\250\2168\203nP9\255"
 985      FF0FF04C 
 985      1E3AA88E 
 985      38836E50 
 985      39AD
 986 02c3 9E8A11D7 		.ascii	"\236\212\021\327jF\2178\225\316\276D\003\353\325\032"
 986      6A468F38 
 986      95CEBE44 
 986      03EBD51A 
 987 02d3 9019961B 		.ascii	"\220\031\226\033\034\034\322\237<X^\266\250l\253\315"
 987      1C1CD29F 
 987      3C585EB6 
 987      A86CABCD 
 988 02e3 6E75A952 		.ascii	"nu\251R\251U-\376@\200\2714G\276TV\255R\325*\006{\376"
 988      A9552DFE 
 988      4080B934 
 988      47BE5456 
 988      AD52D52A 
 989 02fa 97EA0DD5 		.ascii	"\227\352\015\325\252\325*\225\331\021(\364\252\014{"
 989      AAD52A95 
 989      D91128F4 
 989      AA0C7B
 990 0309 B9FFD9DD 		.ascii	"\271\377\331\335\201\273\003\241 \262e\\\217\226\355"
 990      81BB03A1 
 990      20B2655C 
 990      8F96ED
 991 0318 96CEBDE0 		.ascii	"\226\316\275\340Em\317\211Z\365\225ZU\022\371\230\363"
 991      456DCF89 
 991      5AF5955A 
 991      5512F998 
 991      F3
 992 0329 0B097062 		.ascii	"\013\011pb\004\310\230\312\266yl\276\2640L/*\273\346"
 992      04C898CA 
 992      B6796CBE 
 992      B4304C2F 
 992      2ABBE6
 993 033c F1F13E7C 		.ascii	"\361\361>|\330@\333\3345N\217\357\321\243\224\243=s"
 993      D840DBDC 
 993      354E8FEF 
 993      D1A394A3 
 993      3D73
 994 034e 5736789E 		.ascii	"W6x\236\007\017K\313\305]\313\354\374\316\356\312\264"
 994      070F4BCB 
 994      C55DCBEC 
 994      FCCEEECA 
 994      B4
 995 035f 6DE2B23F 		.ascii	"m\342\262?\352\034\217\337\251;\223[\"\356\012\206\316"
 995      EA1C8FDF 
 995      A93B935B 
 995      22EE0A86 
 995      CE
 996 0370 EDD0CDDF 		.ascii	"\355\320\315\337\325\246\311o>\332\246\313Z\311\371"
 996      D5A6C96F 
 996      3EDAA6CB 
ARM GAS  C:\Users\PUBLIC~1.LAP\AppData\Local\Temp\ccYVmex3.s 			page 31


 996      5AC9F9
 997 037f 9C9C4B7D 		.ascii	"\234\234K}\312\377\345\320[\225\225\201\366qW\273:\036"
 997      CAFFE5D0 
 997      5B959581 
 997      F67157BB 
 997      3A1E
 998 0391 57078F4B 		.ascii	"W\007\217K~s\3278pN\007\316\245.\313e9\272\320\274\322"
 998      7E73D738 
 998      704E07CE 
 998      A52ECB65 
 998      39BAD0BC 
 999 03a6 B86B9A9B 		.ascii	"\270k\232\233\277\265\233K\233\300\362\277\352\377\353"
 999      BFB59B4B 
 999      9BC0F2BF 
 999      EAFFEB
 1000 03b5 495B05FA 		.ascii	"I[\005\372\346\343'\313e\263\332|\216\313is\351\217"
 1000      E6E327CB 
 1000      65B3DA7C 
 1000      8ECB6973 
 1000      E98F
 1001 03c7 2C53BD81 		.ascii	",S\275\201pfn\223\357~K6\352\3668\335\276\226\210XX"
 1001      70666E93 
 1001      EF7E4B36 
 1001      EAF638DD 
 1001      BE968858 
 1002 03dc 0E296EB3 		.ascii	"\016)n\263H\334i\273\233\251\263\375L\371\24721[\215"
 1002      48DC69BB 
 1002      9BA9B3FD 
 1002      4CF9A732 
 1002      315B8D
 1003 03ef AD61A678 		.ascii	"\255a\246xH\336\264\263\315\351\262\322\225\245\325"
 1003      48DEB4B3 
 1003      CDE9B2D2 
 1003      95A5D5
 1004 03fe 7C754598 		.ascii	"|uE\230\320\265\351\366\365\310\332\206@U\266\331\""
 1004      D0B5E9F6 
 1004      F5C8DA86 
 1004      4055B6D9 
 1004      22
 1005 040f 6EB337DC 		.ascii	"n\2637\334\365j\315\032\227\0329{b\232t\241y\255ulm"
 1005      F56ACD1A 
 1005      971A397B 
 1005      629A74A1 
 1005      79AD756C 
 1006 0424 612ADB2B 		.ascii	"a*\333+\230\273\366`\201\006M1p\030d\201\214R\005\210"
 1006      98BBF660 
 1006      81064D31 
 1006      70186481 
 1006      8C520588 
 1007 0438 C614C8A9 		.ascii	"\306\024\310\251\247\002F\341\373\006\225 \362\305H"
 1007      A70246E1 
 1007      FB069520 
 1007      F2C548
 1008 0447 F82D1E63 		.ascii	"\370-\036c\027/\214\340\221\370\022\030\352!\022l<J"
 1008      172F8CE0 
 1008      91F81218 
 1008      EA21126C 
ARM GAS  C:\Users\PUBLIC~1.LAP\AppData\Local\Temp\ccYVmex3.s 			page 32


 1008      3C4A
 1009 0459 C63F0B27 		.ascii	"\306?\013'\236\230\212\3078\004\214\340\261\0119\365"
 1009      9E988AC7 
 1009      38048CE0 
 1009      B10939F5 
 1010 0469 4404228F 		.ascii	"D\004\"\217\301\340\213\027\011#\213B#L4\302/r\012H"
 1010      C1E08B17 
 1010      09238B42 
 1010      234C34C2 
 1010      2F720A48 
 1011 047d 83080C20 		.ascii	"\203\010\014 $B\001\221p\324\373\006p\001\024\022Y$"
 1011      24420191 
 1011      70D4FB06 
 1011      70011412 
 1011      5924
 1012 048f 52184745 		.ascii	"R\030GE\001_c,\225\024\306\257\021N\022a)\250\367E\320"
 1012      015F632C 
 1012      9514C6AF 
 1012      114E1261 
 1012      29A8F745 
 1013 04a4 4324E414 		.ascii	"C$\344\024r\010\377\222\261\004\246XX\034\006\011\364"
 1013      7208FF92 
 1013      B104A658 
 1013      581C0609 
 1013      F4
 1014 04b5 1049181F 		.ascii	"\020I\030\037\203\303\340\317\351\250\302\014\344\006"
 1014      83C3E0CF 
 1014      E9A8C20C 
 1014      E406
 1015 04c3 A1D48B23 		.ascii	"\241\324\213#\021\216!|e\304\360\373\276DI\330\010\277"
 1015      118E217C 
 1015      65C4F0FB 
 1015      BE4449D8 
 1015      08BF
 1016 04d5 404D2216 		.ascii	"@M\"\026\022\243\214\300\021B\235T<\252!L\306\307 \200"
 1016      12A38CC0 
 1016      11429D54 
 1016      3CAA214C 
 1016      C6C72080 
 1017 04e9 2E1E212B 		.ascii	".\036!+\314(\306@_WPZ\2051\246P\2740\2020\012\344\324"
 1017      CC28C640 
 1017      5F57505A 
 1017      8531A650 
 1017      BC308230 
 1018 0500 53500F91 		.ascii	"SP\017\221\222\212\301W\030\037\203?a\224\0241hd\372"
 1018      928AC157 
 1018      181F833F 
 1018      61941431 
 1018      6864FA
 1019 0513 09E3E3D2 		.ascii	"\011\343\343\322\357\211\351\311i\351\347t\242\303/"
 1019      EF89E9C9 
 1019      69E9E774 
 1019      A2C32F
 1020 0522 5943F833 		.ascii	"YC\3703\036\213\305c\320\003SS\207\245\237\246\023("
 1020      1E8BC563 
 1020      D0035353 
 1020      87A59FA6 
ARM GAS  C:\Users\PUBLIC~1.LAP\AppData\Local\Temp\ccYVmex3.s 			page 33


 1020      1328
 1021 0534 96D80F1D 		.ascii	"\226\330\017\035J4\261\3117\202\204\244\021\226r;ha"
 1021      4A34B1C9 
 1021      378284A4 
 1021      1196723B 
 1021      6861
 1022 0546 0205A80B 		.ascii	"\002\005\250\013\030, \031h\013JK\015R\220\020\341\006"
 1022      182C2019 
 1022      680B4A4B 
 1022      0D529010 
 1022      E106
 1023 0558 91A288C4 		.ascii	"\221\242\210\3047\211|\225f81\241\370}hj\372E\220\360"
 1023      37897C95 
 1023      663831A1 
 1023      F87D686A 
 1023      FA4590F0 
 1024 056c 04E2874C 		.ascii	"\004\342\207L\306\307\030?\"p\370C\036\177Pp\2344\036"
 1024      C6C7183F 
 1024      2270F843 
 1024      1E7F5070 
 1024      9C341E
 1025 057f 978E9E4A 		.ascii	"\227\216\236J\300P\360piE\205\010J1\212\302\344\212"
 1025      C050F070 
 1025      69458508 
 1025      4A318AC2 
 1025      E48A
 1026 0591 A9A1144C 		.ascii	"\251\241\024L|\201II+2|pj\352\240\"\200\252\250q0\244"
 1026      7C814949 
 1026      2B327C70 
 1026      6AEAA022 
 1026      80AAA871 
 1027 05a7 9C436664 		.ascii	"\234CfdD\202\021\221\22149\220\002\221\261\262:\022"
 1027      44821191 
 1027      91343990 
 1027      0291B1B2 
 1027      3A12
 1028 05b9 A0344515 		.ascii	"\2404E\025Bb3#\012\212\313m\265\236\001\250D\315\365"
 1028      42623323 
 1028      0A8ACB6D 
 1028      B59E01A8 
 1028      44CDF5
 1029 05cc 88757DCD 		.ascii	"\210u}\315\363\371[\326BR\256\017e\223m\336$\314\373"
 1029      F3F95BD6 
 1029      4252AE0F 
 1029      65936DDE 
 1029      24CCFB
 1030 05df 8876CCB7 		.ascii	"\210v\314\267\007\301\374\247\026\375\222\305\332\362"
 1030      07C1FCA7 
 1030      16FD92C5 
 1030      DAF2
 1031 05ed E982B165 		.ascii	"\351\202\261ecx\302\312\014\350\276<c|\316\252\333\020"
 1031      6378C2CA 
 1031      0CE8BE3C 
 1031      637CCEAA 
 1031      DB10
 1032 05ff 38A627BC 		.ascii	"8\246'\274x\216\205\035\236\2259\374\251\034\243\241"
 1032      788E851D 
ARM GAS  C:\Users\PUBLIC~1.LAP\AppData\Local\Temp\ccYVmex3.s 			page 34


 1032      9E9539FC 
 1032      A91CA3A1 
 1033 060f E9D0961D 		.ascii	"\351\320\226\035\366A%\242\0024`\212\241\323i\362\202"
 1033      F64125A2 
 1033      0234608A 
 1033      A1D369F2 
 1033      82
 1034 0620 0DE2A329 		.ascii	"\015\342\243)\024\363\313\022}Q\016\347Y\216[b\025\206"
 1034      14F3CB12 
 1034      7D510EE7 
 1034      598E5B62 
 1034      1586
 1035 0632 06D56D16 		.ascii	"\006\325m\026\227\"\016\252\354\012-\011\262Vhk\223"
 1035      97220EAA 
 1035      EC0A2D09 
 1035      B256686B 
 1035      93
 1036 0643 FA81AB16 		.ascii	"\372\201\253\026E\010\0220*\204b\206\015\006o\350-\001"
 1036      45081230 
 1036      2A846286 
 1036      0D066FE8 
 1036      2D01
 1037 0655 20160847 		.ascii	" \026\010G\275\341\367\037BNS\247\370\314\033\342\345"
 1037      BDE1F71F 
 1037      424E53A7 
 1037      F8CC1BE2 
 1037      E5
 1038 0666 98E586C3 		.ascii	"\230\345\206\303A[\011\206\332\354P\210\014t\034\255"
 1038      415B0986 
 1038      DAEC5088 
 1038      0C741CAD 
 1039 0676 97F3F1B1 		.ascii	"\227\363\361\261_A\370\274\310\021\026yM\225\354\313"
 1039      5F41F8BC 
 1039      C8111679 
 1039      4D95ECCB 
 1040 0686 A076EBF2 		.ascii	"\240v\353\362cP\327|\226\225^O\221&\254R\320'[\361\005"
 1040      6350D77C 
 1040      96955E4F 
 1040      9126AC52 
 1040      D0275BF1 
 1041 069b 5FA2F0BB 		.ascii	"_\242\360\273\333\302\332/H\246\007\205|\262\243^#\003"
 1041      DBC2DA2F 
 1041      48A60785 
 1041      7CB2A35E 
 1041      2303
 1042 06ad 0B489541 		.ascii	"\013H\225A\347\210\272\223+\027Q\370\346J&\200\277?"
 1042      E788BA93 
 1042      2B1751F8 
 1042      E64A2680 
 1042      BF3F
 1043 06bf DDD1073C 		.ascii	"\335\321\007<\305\036yo2\312B4\317\261\033g\315\004"
 1043      C51E796F 
 1043      32CA4234 
 1043      CFB11B67 
 1043      CD04
 1044 06d1 8E9A330B 		.ascii	"\216\2323\013\230d\000\342\276SI\244W\371!\222X5\211"
 1044      986400E2 
ARM GAS  C:\Users\PUBLIC~1.LAP\AppData\Local\Temp\ccYVmex3.s 			page 35


 1044      BE5349A4 
 1044      57F92192 
 1044      583589
 1045 06e4 45B43AC2 		.ascii	"E\264:\302\207\005\244\014\002/\230\3003\\\263zg\201"
 1045      8705A40C 
 1045      022F98C0 
 1045      335CB37A 
 1045      6781
 1046 06f6 CB620742 		.ascii	"\313b\007B^\303!\021_\367\324R\372\305\223\272\032"
 1046      5EC32111 
 1046      5FF7D452 
 1046      FAC593BA 
 1046      1A
 1047              		.text
 1048              		.section	.gnu.lto_.symtab.840c66eb,"e",%progbits
 1049 0000 53797354 		.ascii	"SysTick_Handler\000"
 1049      69636B5F 
 1049      48616E64 
 1049      6C657200 
 1050 0010 00       		.ascii	"\000"
 1051 0011 00       		.ascii	"\000"
 1052 0012 00       		.ascii	"\000"
 1053 0013 00000000 		.ascii	"\000\000\000\000\000\000\000\000"
 1053      00000000 
 1054 001b D5000000 		.ascii	"\325\000\000\000"
 1055 001f 73745F6C 		.ascii	"st_lld_init\000"
 1055      6C645F69 
 1055      6E697400 
 1056 002b 00       		.ascii	"\000"
 1057 002c 00       		.ascii	"\000"
 1058 002d 00       		.ascii	"\000"
 1059 002e 00000000 		.ascii	"\000\000\000\000\000\000\000\000"
 1059      00000000 
 1060 0036 D7000000 		.ascii	"\327\000\000\000"
 1061 003a 5F5F706F 		.ascii	"__port_irq_epilogue\000"
 1061      72745F69 
 1061      72715F65 
 1061      70696C6F 
 1061      67756500 
 1062 004e 00       		.ascii	"\000"
 1063 004f 02       		.ascii	"\002"
 1064 0050 00       		.ascii	"\000"
 1065 0051 00000000 		.ascii	"\000\000\000\000\000\000\000\000"
 1065      00000000 
 1066 0059 DC000000 		.ascii	"\334\000\000\000"
 1067 005d 63685379 		.ascii	"chSysTimerHandlerI\000"
 1067      7354696D 
 1067      65724861 
 1067      6E646C65 
 1067      724900
 1068 0070 00       		.ascii	"\000"
 1069 0071 02       		.ascii	"\002"
 1070 0072 00       		.ascii	"\000"
 1071 0073 00000000 		.ascii	"\000\000\000\000\000\000\000\000"
 1071      00000000 
 1072 007b DE000000 		.ascii	"\336\000\000\000"
 1073              		.text
ARM GAS  C:\Users\PUBLIC~1.LAP\AppData\Local\Temp\ccYVmex3.s 			page 36


 1074              		.section	.gnu.lto_.ext_symtab.840c66eb,"e",%progbits
 1075 0000 01       		.ascii	"\001"
 1076 0001 01       		.ascii	"\001"
 1077 0002 00       		.ascii	"\000"
 1078 0003 01       		.ascii	"\001"
 1079 0004 00       		.ascii	"\000"
 1080 0005 01       		.ascii	"\001"
 1081 0006 00       		.ascii	"\000"
 1082 0007 01       		.ascii	"\001"
 1083 0008 00       		.ascii	"\000"
 1084              		.text
 1085              		.section	.gnu.lto_.opts,"e",%progbits
 1086 0000 272D666E 		.ascii	"'-fno-openmp' '-fno-openacc' '-fno-pie' '-fcf-prote"
 1086      6F2D6F70 
 1086      656E6D70 
 1086      2720272D 
 1086      666E6F2D 
 1087 0033 6374696F 		.ascii	"ction=none' '-g' '-mcpu=cortex-m0' '-mthumb' '-mflo"
 1087      6E3D6E6F 
 1087      6E652720 
 1087      272D6727 
 1087      20272D6D 
 1088 0066 61742D61 		.ascii	"at-abi=soft' '-mlibarch=armv6s-m' '-march=armv6s-m'"
 1088      62693D73 
 1088      6F667427 
 1088      20272D6D 
 1088      6C696261 
 1089 0099 20272D4F 		.ascii	" '-Os' '-fomit-frame-pointer' '-falign-functions=16"
 1089      73272027 
 1089      2D666F6D 
 1089      69742D66 
 1089      72616D65 
 1090 00cc 2720272D 		.ascii	"' '-ffunction-sections' '-fdata-sections' '-fno-com"
 1090      6666756E 
 1090      6374696F 
 1090      6E2D7365 
 1090      6374696F 
 1091 00ff 6D6F6E27 		.ascii	"mon' '-flto' '-Xassembler' '-alms=./build/lst/hal_s"
 1091      20272D66 
 1091      6C746F27 
 1091      20272D58 
 1091      61737365 
 1092 0132 745F6C6C 		.ascii	"t_lld.lst'\000"
 1092      642E6C73 
 1092      742700
 1093              		.text
 1094              		.comm	__gnu_lto_slim,1,1
 1095              		.ident	"GCC: (GNU) 12.2.0"
ARM GAS  C:\Users\PUBLIC~1.LAP\AppData\Local\Temp\ccYVmex3.s 			page 37


DEFINED SYMBOLS
                            *ABS*:00000000 hal_st_lld.c
C:\Users\PUBLIC~1.LAP\AppData\Local\Temp\ccYVmex3.s:27     .gnu.debuglto_.debug_info:00000000 hal_st_lld.c.798b547c
                            *COM*:00000001 __gnu_lto_slim

NO UNDEFINED SYMBOLS
