ARM GAS  C:\Users\PUBLIC~1.LAP\AppData\Local\Temp\ccYORwn8.s 			page 1


   1              		.cpu cortex-m0
   2              		.arch armv6s-m
   3              		.fpu softvfp
   4              		.eabi_attribute 20, 1
   5              		.eabi_attribute 21, 1
   6              		.eabi_attribute 23, 3
   7              		.eabi_attribute 24, 1
   8              		.eabi_attribute 25, 1
   9              		.eabi_attribute 26, 1
  10              		.eabi_attribute 30, 4
  11              		.eabi_attribute 34, 0
  12              		.eabi_attribute 18, 4
  13              		.file	"hal_st.c"
  14              		.file 1 "d:\\qmk_msys\\mingw64\\arm-none-eabi\\include\\machine\\_default_types.h"
  15              		.file 2 "d:\\qmk_msys\\mingw64\\arm-none-eabi\\include\\sys\\_stdint.h"
  16              		.file 3 "D:\\00a_liuhy\\temp126\\ChibiOS-Contrib/os/common/ext/CMSIS/ES32/FS026/md/md_timer.h"
  17              		.file 4 "D:\\00a_liuhy\\temp126\\ChibiOS-Contrib/os/hal/ports/ES32/LLD/TIMv1/hal_st_lld.h"
  18              		.file 5 "D:\\00a_liuhy\\temp126\\ChibiOS/os/hal/src/hal_st.c"
  19              		.section	.gnu.debuglto_.debug_info,"e",%progbits
  20              	.Ldebug_info0:
  21              		.hidden	hal_st.c.e838c0f9
  22              		.weak	hal_st.c.e838c0f9
  23              	hal_st.c.e838c0f9:
  24 0000 2B010000 		.4byte	0x12b
  25 0004 0500     		.2byte	0x5
  26 0006 01       		.byte	0x1
  27 0007 04       		.byte	0x4
  28 0008 00000000 		.4byte	.Ldebug_abbrev0
  29 000c 07       		.uleb128 0x7
  30 000d 47000000 		.4byte	.LASF19
  31 0011 1D       		.byte	0x1d
  32 0012 57010000 		.4byte	.LASF20
  33 0016 CB010000 		.4byte	.LASF21
  34 001a 00000000 		.4byte	.Ldebug_line0
  35 001e 08       		.uleb128 0x8
  36 001f 04       		.byte	0x4
  37 0020 05       		.byte	0x5
  38 0021 696E7400 		.ascii	"int\000"
  39 0025 01       		.uleb128 0x1
  40 0026 04       		.byte	0x4
  41 0027 07       		.byte	0x7
  42 0028 1F000000 		.4byte	.LASF0
  43 002c 01       		.uleb128 0x1
  44 002d 08       		.byte	0x8
  45 002e 05       		.byte	0x5
  46 002f 00000000 		.4byte	.LASF1
  47 0033 01       		.uleb128 0x1
  48 0034 08       		.byte	0x8
  49 0035 04       		.byte	0x4
  50 0036 10020000 		.4byte	.LASF2
  51 003a 01       		.uleb128 0x1
  52 003b 01       		.byte	0x1
  53 003c 06       		.byte	0x6
  54 003d BF010000 		.4byte	.LASF3
  55 0041 04       		.uleb128 0x4
  56 0042 29010000 		.4byte	.LASF10
  57 0046 01       		.byte	0x1
ARM GAS  C:\Users\PUBLIC~1.LAP\AppData\Local\Temp\ccYORwn8.s 			page 2


  58 0047 2B       		.byte	0x2b
  59 0048 18       		.byte	0x18
  60 0049 4D000000 		.4byte	0x4d
  61 004d 01       		.uleb128 0x1
  62 004e 01       		.byte	0x1
  63 004f 08       		.byte	0x8
  64 0050 3B010000 		.4byte	.LASF4
  65 0054 01       		.uleb128 0x1
  66 0055 02       		.byte	0x2
  67 0056 05       		.byte	0x5
  68 0057 1C020000 		.4byte	.LASF5
  69 005b 01       		.uleb128 0x1
  70 005c 02       		.byte	0x2
  71 005d 07       		.byte	0x7
  72 005e AC010000 		.4byte	.LASF6
  73 0062 01       		.uleb128 0x1
  74 0063 04       		.byte	0x4
  75 0064 05       		.byte	0x5
  76 0065 4E010000 		.4byte	.LASF7
  77 0069 01       		.uleb128 0x1
  78 006a 04       		.byte	0x4
  79 006b 07       		.byte	0x7
  80 006c 00010000 		.4byte	.LASF8
  81 0070 01       		.uleb128 0x1
  82 0071 08       		.byte	0x8
  83 0072 07       		.byte	0x7
  84 0073 12010000 		.4byte	.LASF9
  85 0077 04       		.uleb128 0x4
  86 0078 33010000 		.4byte	.LASF11
  87 007c 02       		.byte	0x2
  88 007d 18       		.byte	0x18
  89 007e 13       		.byte	0x13
  90 007f 41000000 		.4byte	0x41
  91 0083 03       		.uleb128 0x3
  92 0084 77000000 		.4byte	0x77
  93 0088 01       		.uleb128 0x1
  94 0089 01       		.byte	0x1
  95 008a 08       		.byte	0x8
  96 008b 49010000 		.4byte	.LASF12
  97 008f 01       		.uleb128 0x1
  98 0090 01       		.byte	0x1
  99 0091 02       		.byte	0x2
 100 0092 88010000 		.4byte	.LASF13
 101 0096 05       		.uleb128 0x5
 102 0097 83000000 		.4byte	0x83
 103 009b A6000000 		.4byte	0xa6
 104 009f 06       		.uleb128 0x6
 105 00a0 25000000 		.4byte	0x25
 106 00a4 07       		.byte	0x7
 107 00a5 00       		.byte	0
 108 00a6 03       		.uleb128 0x3
 109 00a7 96000000 		.4byte	0x96
 110 00ab 02       		.uleb128 0x2
 111 00ac 0E000000 		.4byte	.LASF14
 112 00b0 3B       		.byte	0x3b
 113 00b1 A6000000 		.4byte	0xa6
 114 00b5 08       		.byte	0x8
ARM GAS  C:\Users\PUBLIC~1.LAP\AppData\Local\Temp\ccYORwn8.s 			page 3


 115 00b6 00       		.byte	0
 116 00b7 00       		.byte	0
 117 00b8 00       		.byte	0
 118 00b9 00       		.byte	0
 119 00ba 04       		.byte	0x4
 120 00bb 04       		.byte	0x4
 121 00bc 04       		.byte	0x4
 122 00bd 04       		.byte	0x4
 123 00be 02       		.uleb128 0x2
 124 00bf 01020000 		.4byte	.LASF15
 125 00c3 47       		.byte	0x47
 126 00c4 A6000000 		.4byte	0xa6
 127 00c8 08       		.byte	0x8
 128 00c9 00       		.byte	0
 129 00ca 00       		.byte	0
 130 00cb 08       		.byte	0x8
 131 00cc 00       		.byte	0
 132 00cd 00       		.byte	0
 133 00ce 00       		.byte	0
 134 00cf 08       		.byte	0x8
 135 00d0 00       		.byte	0
 136 00d1 02       		.uleb128 0x2
 137 00d2 38000000 		.4byte	.LASF16
 138 00d6 53       		.byte	0x53
 139 00d7 A6000000 		.4byte	0xa6
 140 00db 08       		.byte	0x8
 141 00dc 00       		.byte	0
 142 00dd 00       		.byte	0
 143 00de 08       		.byte	0x8
 144 00df 00       		.byte	0
 145 00e0 00       		.byte	0
 146 00e1 00       		.byte	0
 147 00e2 08       		.byte	0x8
 148 00e3 00       		.byte	0
 149 00e4 02       		.uleb128 0x2
 150 00e5 8E010000 		.4byte	.LASF17
 151 00e9 5F       		.byte	0x5f
 152 00ea A6000000 		.4byte	0xa6
 153 00ee 08       		.byte	0x8
 154 00ef 00       		.byte	0
 155 00f0 02       		.byte	0x2
 156 00f1 04       		.byte	0x4
 157 00f2 06       		.byte	0x6
 158 00f3 08       		.byte	0x8
 159 00f4 0A       		.byte	0xa
 160 00f5 0C       		.byte	0xc
 161 00f6 0E       		.byte	0xe
 162 00f7 05       		.uleb128 0x5
 163 00f8 83000000 		.4byte	0x83
 164 00fc 07010000 		.4byte	0x107
 165 0100 06       		.uleb128 0x6
 166 0101 25000000 		.4byte	0x25
 167 0105 06       		.byte	0x6
 168 0106 00       		.byte	0
 169 0107 03       		.uleb128 0x3
 170 0108 F7000000 		.4byte	0xf7
 171 010c 02       		.uleb128 0x2
ARM GAS  C:\Users\PUBLIC~1.LAP\AppData\Local\Temp\ccYORwn8.s 			page 4


 172 010d 9D010000 		.4byte	.LASF18
 173 0111 6B       		.byte	0x6b
 174 0112 07010000 		.4byte	0x107
 175 0116 07       		.byte	0x7
 176 0117 00       		.byte	0
 177 0118 01       		.byte	0x1
 178 0119 02       		.byte	0x2
 179 011a 03       		.byte	0x3
 180 011b 04       		.byte	0x4
 181 011c 05       		.byte	0x5
 182 011d 06       		.byte	0x6
 183 011e 09       		.uleb128 0x9
 184 011f 2C000000 		.4byte	.LASF22
 185 0123 04       		.byte	0x4
 186 0124 3B       		.byte	0x3b
 187 0125 06       		.byte	0x6
 188 0126 0A       		.uleb128 0xa
 189 0127 F9000000 		.4byte	.LASF23
 190 012b 05       		.byte	0x5
 191 012c 45       		.byte	0x45
 192 012d 06       		.byte	0x6
 193 012e 00       		.byte	0
 194              		.section	.gnu.debuglto_.debug_abbrev,"e",%progbits
 195              	.Ldebug_abbrev0:
 196 0000 01       		.uleb128 0x1
 197 0001 24       		.uleb128 0x24
 198 0002 00       		.byte	0
 199 0003 0B       		.uleb128 0xb
 200 0004 0B       		.uleb128 0xb
 201 0005 3E       		.uleb128 0x3e
 202 0006 0B       		.uleb128 0xb
 203 0007 03       		.uleb128 0x3
 204 0008 0E       		.uleb128 0xe
 205 0009 00       		.byte	0
 206 000a 00       		.byte	0
 207 000b 02       		.uleb128 0x2
 208 000c 34       		.uleb128 0x34
 209 000d 00       		.byte	0
 210 000e 03       		.uleb128 0x3
 211 000f 0E       		.uleb128 0xe
 212 0010 3A       		.uleb128 0x3a
 213 0011 21       		.uleb128 0x21
 214 0012 03       		.sleb128 3
 215 0013 3B       		.uleb128 0x3b
 216 0014 0B       		.uleb128 0xb
 217 0015 39       		.uleb128 0x39
 218 0016 21       		.uleb128 0x21
 219 0017 16       		.sleb128 22
 220 0018 49       		.uleb128 0x49
 221 0019 13       		.uleb128 0x13
 222 001a 1C       		.uleb128 0x1c
 223 001b 0A       		.uleb128 0xa
 224 001c 00       		.byte	0
 225 001d 00       		.byte	0
 226 001e 03       		.uleb128 0x3
 227 001f 26       		.uleb128 0x26
 228 0020 00       		.byte	0
ARM GAS  C:\Users\PUBLIC~1.LAP\AppData\Local\Temp\ccYORwn8.s 			page 5


 229 0021 49       		.uleb128 0x49
 230 0022 13       		.uleb128 0x13
 231 0023 00       		.byte	0
 232 0024 00       		.byte	0
 233 0025 04       		.uleb128 0x4
 234 0026 16       		.uleb128 0x16
 235 0027 00       		.byte	0
 236 0028 03       		.uleb128 0x3
 237 0029 0E       		.uleb128 0xe
 238 002a 3A       		.uleb128 0x3a
 239 002b 0B       		.uleb128 0xb
 240 002c 3B       		.uleb128 0x3b
 241 002d 0B       		.uleb128 0xb
 242 002e 39       		.uleb128 0x39
 243 002f 0B       		.uleb128 0xb
 244 0030 49       		.uleb128 0x49
 245 0031 13       		.uleb128 0x13
 246 0032 00       		.byte	0
 247 0033 00       		.byte	0
 248 0034 05       		.uleb128 0x5
 249 0035 01       		.uleb128 0x1
 250 0036 01       		.byte	0x1
 251 0037 49       		.uleb128 0x49
 252 0038 13       		.uleb128 0x13
 253 0039 01       		.uleb128 0x1
 254 003a 13       		.uleb128 0x13
 255 003b 00       		.byte	0
 256 003c 00       		.byte	0
 257 003d 06       		.uleb128 0x6
 258 003e 21       		.uleb128 0x21
 259 003f 00       		.byte	0
 260 0040 49       		.uleb128 0x49
 261 0041 13       		.uleb128 0x13
 262 0042 2F       		.uleb128 0x2f
 263 0043 0B       		.uleb128 0xb
 264 0044 00       		.byte	0
 265 0045 00       		.byte	0
 266 0046 07       		.uleb128 0x7
 267 0047 11       		.uleb128 0x11
 268 0048 01       		.byte	0x1
 269 0049 25       		.uleb128 0x25
 270 004a 0E       		.uleb128 0xe
 271 004b 13       		.uleb128 0x13
 272 004c 0B       		.uleb128 0xb
 273 004d 03       		.uleb128 0x3
 274 004e 0E       		.uleb128 0xe
 275 004f 1B       		.uleb128 0x1b
 276 0050 0E       		.uleb128 0xe
 277 0051 10       		.uleb128 0x10
 278 0052 17       		.uleb128 0x17
 279 0053 00       		.byte	0
 280 0054 00       		.byte	0
 281 0055 08       		.uleb128 0x8
 282 0056 24       		.uleb128 0x24
 283 0057 00       		.byte	0
 284 0058 0B       		.uleb128 0xb
 285 0059 0B       		.uleb128 0xb
ARM GAS  C:\Users\PUBLIC~1.LAP\AppData\Local\Temp\ccYORwn8.s 			page 6


 286 005a 3E       		.uleb128 0x3e
 287 005b 0B       		.uleb128 0xb
 288 005c 03       		.uleb128 0x3
 289 005d 08       		.uleb128 0x8
 290 005e 00       		.byte	0
 291 005f 00       		.byte	0
 292 0060 09       		.uleb128 0x9
 293 0061 2E       		.uleb128 0x2e
 294 0062 00       		.byte	0
 295 0063 3F       		.uleb128 0x3f
 296 0064 19       		.uleb128 0x19
 297 0065 03       		.uleb128 0x3
 298 0066 0E       		.uleb128 0xe
 299 0067 3A       		.uleb128 0x3a
 300 0068 0B       		.uleb128 0xb
 301 0069 3B       		.uleb128 0x3b
 302 006a 0B       		.uleb128 0xb
 303 006b 39       		.uleb128 0x39
 304 006c 0B       		.uleb128 0xb
 305 006d 27       		.uleb128 0x27
 306 006e 19       		.uleb128 0x19
 307 006f 3C       		.uleb128 0x3c
 308 0070 19       		.uleb128 0x19
 309 0071 00       		.byte	0
 310 0072 00       		.byte	0
 311 0073 0A       		.uleb128 0xa
 312 0074 2E       		.uleb128 0x2e
 313 0075 00       		.byte	0
 314 0076 3F       		.uleb128 0x3f
 315 0077 19       		.uleb128 0x19
 316 0078 03       		.uleb128 0x3
 317 0079 0E       		.uleb128 0xe
 318 007a 3A       		.uleb128 0x3a
 319 007b 0B       		.uleb128 0xb
 320 007c 3B       		.uleb128 0x3b
 321 007d 0B       		.uleb128 0xb
 322 007e 39       		.uleb128 0x39
 323 007f 0B       		.uleb128 0xb
 324 0080 27       		.uleb128 0x27
 325 0081 19       		.uleb128 0x19
 326 0082 00       		.byte	0
 327 0083 00       		.byte	0
 328 0084 00       		.byte	0
 329              		.section	.gnu.debuglto_.debug_line,"e",%progbits
 330              	.Ldebug_line0:
 331 0000 5A000000 		.4byte	.LELT0-.LSLT0
 332              	.LSLT0:
 333 0004 0500     		.2byte	0x5
 334 0006 04       		.byte	0x4
 335 0007 00       		.byte	0
 336 0008 52000000 		.4byte	.LELTP0-.LASLTP0
 337              	.LASLTP0:
 338 000c 01       		.byte	0x1
 339 000d 01       		.byte	0x1
 340 000e 01       		.byte	0x1
 341 000f F6       		.byte	0xf6
 342 0010 F2       		.byte	0xf2
ARM GAS  C:\Users\PUBLIC~1.LAP\AppData\Local\Temp\ccYORwn8.s 			page 7


 343 0011 0D       		.byte	0xd
 344 0012 00       		.byte	0
 345 0013 01       		.byte	0x1
 346 0014 01       		.byte	0x1
 347 0015 01       		.byte	0x1
 348 0016 01       		.byte	0x1
 349 0017 00       		.byte	0
 350 0018 00       		.byte	0
 351 0019 00       		.byte	0
 352 001a 01       		.byte	0x1
 353 001b 00       		.byte	0
 354 001c 00       		.byte	0
 355 001d 01       		.byte	0x1
 356 001e 01       		.byte	0x1
 357 001f 01       		.uleb128 0x1
 358 0020 1F       		.uleb128 0x1f
 359 0021 06       		.uleb128 0x6
 360 0022 1E010000 		.4byte	.LASF24
 361 0026 00000000 		.4byte	.LASF25
 362 002a 8D000000 		.4byte	.LASF26
 363 002e 54010000 		.4byte	.LASF27
 364 0032 CE000000 		.4byte	.LASF28
 365 0036 85010000 		.4byte	.LASF29
 366 003a 02       		.byte	0x2
 367 003b 01       		.uleb128 0x1
 368 003c 1F       		.uleb128 0x1f
 369 003d 02       		.uleb128 0x2
 370 003e 0B       		.uleb128 0xb
 371 003f 06       		.uleb128 0x6
 372 0040 51000000 		.4byte	.LASF30
 373 0044 00       		.byte	0
 374 0045 0D010000 		.4byte	.LASF31
 375 0049 04       		.byte	0x4
 376 004a 47000000 		.4byte	.LASF32
 377 004e 05       		.byte	0x5
 378 004f 82000000 		.4byte	.LASF33
 379 0053 01       		.byte	0x1
 380 0054 00010000 		.4byte	.LASF34
 381 0058 02       		.byte	0x2
 382 0059 7C010000 		.4byte	.LASF35
 383 005d 03       		.byte	0x3
 384              	.LELTP0:
 385              	.LELT0:
 386              		.section	.gnu.debuglto_.debug_str,"eMS",%progbits,1
 387              	.LASF1:
 388 0000 6C6F6E67 		.ascii	"long long int\000"
 388      206C6F6E 
 388      6720696E 
 388      7400
 389              	.LASF14:
 390 000e 4F464653 		.ascii	"OFFSET_TAB_CHMRx\000"
 390      45545F54 
 390      41425F43 
 390      484D5278 
 390      00
 391              	.LASF0:
 392 001f 756E7369 		.ascii	"unsigned int\000"
ARM GAS  C:\Users\PUBLIC~1.LAP\AppData\Local\Temp\ccYORwn8.s 			page 8


 392      676E6564 
 392      20696E74 
 392      00
 393              	.LASF22:
 394 002c 73745F6C 		.ascii	"st_lld_init\000"
 394      6C645F69 
 394      6E697400 
 395              	.LASF16:
 396 0038 53484946 		.ascii	"SHIFT_TAB_ICxx\000"
 396      545F5441 
 396      425F4943 
 396      787800
 397              	.LASF19:
 398 0047 474E5520 		.ascii	"GNU C17 12.2.0 -mcpu=cortex-m0 -mthumb -mfloat-abi="
 398      43313720 
 398      31322E32 
 398      2E30202D 
 398      6D637075 
 399 007a 736F6674 		.ascii	"soft -march=armv6s-m -ggdb -Os -fomit-frame-pointer"
 399      202D6D61 
 399      7263683D 
 399      61726D76 
 399      36732D6D 
 400 00ad 202D6661 		.ascii	" -falign-functions=16 -ffunction-sections -fdata-se"
 400      6C69676E 
 400      2D66756E 
 400      6374696F 
 400      6E733D31 
 401 00e0 6374696F 		.ascii	"ctions -fno-common -flto\000"
 401      6E73202D 
 401      666E6F2D 
 401      636F6D6D 
 401      6F6E202D 
 402              	.LASF23:
 403 00f9 7374496E 		.ascii	"stInit\000"
 403      697400
 404              	.LASF8:
 405 0100 6C6F6E67 		.ascii	"long unsigned int\000"
 405      20756E73 
 405      69676E65 
 405      6420696E 
 405      7400
 406              	.LASF9:
 407 0112 6C6F6E67 		.ascii	"long long unsigned int\000"
 407      206C6F6E 
 407      6720756E 
 407      7369676E 
 407      65642069 
 408              	.LASF10:
 409 0129 5F5F7569 		.ascii	"__uint8_t\000"
 409      6E74385F 
 409      7400
 410              	.LASF11:
 411 0133 75696E74 		.ascii	"uint8_t\000"
 411      385F7400 
 412              	.LASF4:
 413 013b 756E7369 		.ascii	"unsigned char\000"
ARM GAS  C:\Users\PUBLIC~1.LAP\AppData\Local\Temp\ccYORwn8.s 			page 9


 413      676E6564 
 413      20636861 
 413      7200
 414              	.LASF12:
 415 0149 63686172 		.ascii	"char\000"
 415      00
 416              	.LASF7:
 417 014e 6C6F6E67 		.ascii	"long int\000"
 417      20696E74 
 417      00
 418              	.LASF20:
 419 0157 443A5C30 		.ascii	"D:\\00a_liuhy\\temp126\\ChibiOS/os/hal/src/hal_st.c"
 419      30615F6C 
 419      69756879 
 419      5C74656D 
 419      70313236 
 420 0187 00       		.ascii	"\000"
 421              	.LASF13:
 422 0188 5F426F6F 		.ascii	"_Bool\000"
 422      6C00
 423              	.LASF17:
 424 018e 53484946 		.ascii	"SHIFT_TAB_CCxP\000"
 424      545F5441 
 424      425F4343 
 424      785000
 425              	.LASF18:
 426 019d 53484946 		.ascii	"SHIFT_TAB_OISx\000"
 426      545F5441 
 426      425F4F49 
 426      537800
 427              	.LASF6:
 428 01ac 73686F72 		.ascii	"short unsigned int\000"
 428      7420756E 
 428      7369676E 
 428      65642069 
 428      6E7400
 429              	.LASF3:
 430 01bf 7369676E 		.ascii	"signed char\000"
 430      65642063 
 430      68617200 
 431              	.LASF21:
 432 01cb 443A5C30 		.ascii	"D:\\00a_liuhy\\temp126\\ChibiOS-Contrib\\demos\\ES3"
 432      30615F6C 
 432      69756879 
 432      5C74656D 
 432      70313236 
 433 01f9 325C4653 		.ascii	"2\\FS026\000"
 433      30323600 
 434              	.LASF15:
 435 0201 53484946 		.ascii	"SHIFT_TAB_OCxx\000"
 435      545F5441 
 435      425F4F43 
 435      787800
 436              	.LASF2:
 437 0210 6C6F6E67 		.ascii	"long double\000"
 437      20646F75 
 437      626C6500 
ARM GAS  C:\Users\PUBLIC~1.LAP\AppData\Local\Temp\ccYORwn8.s 			page 10


 438              	.LASF5:
 439 021c 73686F72 		.ascii	"short int\000"
 439      7420696E 
 439      7400
 440              		.section	.gnu.debuglto_.debug_line_str,"eMS",%progbits,1
 441              	.LASF25:
 442 0000 443A5C30 		.ascii	"D:\\00a_liuhy\\temp126\\ChibiOS-Contrib/os/common/e"
 442      30615F6C 
 442      69756879 
 442      5C74656D 
 442      70313236 
 443 0030 78742F43 		.ascii	"xt/CMSIS/ES32/FS026/md\000"
 443      4D534953 
 443      2F455333 
 443      322F4653 
 443      3032362F 
 444              	.LASF32:
 445 0047 5F737464 		.ascii	"_stdint.h\000"
 445      696E742E 
 445      6800
 446              	.LASF30:
 447 0051 443A5C30 		.ascii	"D:\\00a_liuhy\\temp126\\ChibiOS/os/hal/src/hal_st.c"
 447      30615F6C 
 447      69756879 
 447      5C74656D 
 447      70313236 
 448 0081 00       		.ascii	"\000"
 449              	.LASF33:
 450 0082 6D645F74 		.ascii	"md_timer.h\000"
 450      696D6572 
 450      2E6800
 451              	.LASF26:
 452 008d 443A5C30 		.ascii	"D:\\00a_liuhy\\temp126\\ChibiOS-Contrib/os/hal/port"
 452      30615F6C 
 452      69756879 
 452      5C74656D 
 452      70313236 
 453 00bd 732F4553 		.ascii	"s/ES32/LLD/TIMv1\000"
 453      33322F4C 
 453      4C442F54 
 453      494D7631 
 453      00
 454              	.LASF28:
 455 00ce 643A5C71 		.ascii	"d:\\qmk_msys\\mingw64\\arm-none-eabi\\include\\mach"
 455      6D6B5F6D 
 455      7379735C 
 455      6D696E67 
 455      7736345C 
 456 00fc 696E6500 		.ascii	"ine\000"
 457              	.LASF34:
 458 0100 68616C5F 		.ascii	"hal_st_lld.h\000"
 458      73745F6C 
 458      6C642E68 
 458      00
 459              	.LASF31:
 460 010d 5F646566 		.ascii	"_default_types.h\000"
 460      61756C74 
ARM GAS  C:\Users\PUBLIC~1.LAP\AppData\Local\Temp\ccYORwn8.s 			page 11


 460      5F747970 
 460      65732E68 
 460      00
 461              	.LASF24:
 462 011e 443A5C30 		.ascii	"D:\\00a_liuhy\\temp126\\ChibiOS-Contrib\\demos\\ES3"
 462      30615F6C 
 462      69756879 
 462      5C74656D 
 462      70313236 
 463 014c 325C4653 		.ascii	"2\\FS026\000"
 463      30323600 
 464              	.LASF27:
 465 0154 443A5C30 		.ascii	"D:\\00a_liuhy\\temp126\\ChibiOS/os/hal/src\000"
 465      30615F6C 
 465      69756879 
 465      5C74656D 
 465      70313236 
 466              	.LASF35:
 467 017c 68616C5F 		.ascii	"hal_st.c\000"
 467      73742E63 
 467      00
 468              	.LASF29:
 469 0185 643A5C71 		.ascii	"d:\\qmk_msys\\mingw64\\arm-none-eabi\\include\\sys\000"
 469      6D6B5F6D 
 469      7379735C 
 469      6D696E67 
 469      7736345C 
 470              		.text
 471              		.section	.gnu.lto_.profile.840c2a39,"e",%progbits
 472 0000 28B52FFD 		.ascii	"(\265/\375 \0061\000\000\002\000\000\000\000\000"
 472      20063100 
 472      00020000 
 472      000000
 473              		.text
 474              		.section	.gnu.lto_.icf.840c2a39,"e",%progbits
 475 0000 28B52FFD 		.ascii	"(\265/\375 \025\215\000\000X\011\000\001\000\244\270"
 475      20158D00 
 475      00580900 
 475      0100A4B8 
 476 0010 98F30C00 		.ascii	"\230\363\014\000\000\001\000\033\300\002"
 476      0001001B 
 476      C002
 477              		.text
 478              		.section	.gnu.lto_.ipa_sra.840c2a39,"e",%progbits
 479 0000 28B52FFD 		.ascii	"(\265/\375 \023}\000\000H\007\000\001\000\000\001\000"
 479      20137D00 
 479      00480700 
 479      01000001 
 479      00
 480 0011 01000100 		.ascii	"\001\000\001\000\033\300\002"
 480      1BC002
 481              		.text
 482              		.section	.gnu.lto_.inline.840c2a39,"e",%progbits
 483 0000 28B52FFD 		.ascii	"(\265/\375 8\235\001\000\244\002,\000\001\000\000\004"
 483      20389D01 
 483      00A4022C 
 483      00010000 
ARM GAS  C:\Users\PUBLIC~1.LAP\AppData\Local\Temp\ccYORwn8.s 			page 12


 483      04
 484 0011 80808080 		.ascii	"\200\200\200\200\003f\001\000\000\002\000\000\201\200"
 484      03660100 
 484      00020000 
 484      8180
 485 001f 80807E00 		.ascii	"\200\200~\000\000\006\002d\002\000\002\000\000\000\000"
 485      00060264 
 485      02000200 
 485      000000
 486 002e 010A0000 		.ascii	"\001\012\000\000\000\000\000\002\000\334\014c\003m"
 486      00000002 
 486      00DC0C63 
 486      036D
 487              		.text
 488              		.section	.gnu.lto_.jmpfuncs.840c2a39,"e",%progbits
 489 0000 28B52FFD 		.ascii	"(\265/\375 \022u\000\000@\006\000\001\000\000\000\000"
 489      20127500 
 489      00400600 
 489      01000000 
 489      00
 490 0011 0001001B 		.ascii	"\000\001\000\033\300\002"
 490      C002
 491              		.text
 492              		.section	.gnu.lto_.pureconst.840c2a39,"e",%progbits
 493 0000 28B52FFD 		.ascii	"(\265/\375 \010A\000\000\004\000\000\000\001\000\230"
 493      20084100 
 493      00040000 
 493      00010098 
 494 0010 04       		.ascii	"\004"
 495              		.text
 496              		.section	.gnu.lto_.ipa_modref.840c2a39,"e",%progbits
 497 0000 28B52FFD 		.ascii	"(\265/\375 \030e\000\000 \014\000\001\000\002\000`\343"
 497      20186500 
 497      00200C00 
 497      01000200 
 497      60E3
 498 0012 0D6001   		.ascii	"\015`\001"
 499              		.text
 500              		.section	.gnu.lto_.lto.840c2a39,"e",%progbits
 501 0000 0C000000 		.ascii	"\014\000\000\000\001\000\001\000"
 501      01000100 
 502              		.text
 503              		.section	.gnu.lto_stInit.2996.840c2a39,"e",%progbits
 504 0000 28B52FFD 		.ascii	"(\265/\375 \341E\006\000b\213+3PM\324\001\004\210h\\"
 504      20E14506 
 504      00628B2B 
 504      33504DD4 
 504      01048868 
 505 0015 CAAB0884 		.ascii	"\312\253\010\204\207\010\266(\200\006\002@\221\245\204"
 505      8708B628 
 505      80060240 
 505      91A584
 506 0024 1CADA528 		.ascii	"\034\255\245(\250\250\341\015\323\025\240\224\302\253"
 506      A8A8E10D 
 506      D315A094 
 506      C2AB
 507 0032 6628A1C1 		.ascii	"f(\241\301\353\253\352\377\375\360\277\3342\005\236"
ARM GAS  C:\Users\PUBLIC~1.LAP\AppData\Local\Temp\ccYORwn8.s 			page 13


 507      EBABEAFF 
 507      FDF0BFDC 
 507      32059E
 508 0041 02B02B9A 		.ascii	"\002\260+\232$.iI\224\274 $\203B\325PQ\007\020\201\300"
 508      242E6949 
 508      94BC2024 
 508      8342D550 
 508      51071081 
 509 0056 13F1E080 		.ascii	"\023\361\340\200A\024\324DeE\222\343@\005\010\217w\335"
 509      4114D444 
 509      654592E3 
 509      4005088F 
 509      77DD
 510 0068 2E0104D4 		.ascii	".\001\004\324V\363F\273\302\"\352f\200\213\275\365\373"
 510      56F346BB 
 510      C222EA66 
 510      808BBDF5 
 510      FB
 511 0079 081F4F6C 		.ascii	"\010\037Ol/\213\273ak\345\377\275\235\275\215\206\206"
 511      2F8BBB61 
 511      6BE5FFBD 
 511      9DBD8D86 
 511      86
 512 008a 233F460A 		.ascii	"#?F\012\312A\213H\207m\315x\332%\352-\234\344\0131\371"
 512      CA418B48 
 512      876DCD78 
 512      DA25EA2D 
 512      9CE40B31 
 513 009f 2F9743A7 		.ascii	"/\227C\247\306iU\017\305l\\\246\361b\360\337q\3432\324"
 513      C669550F 
 513      C56C5CA6 
 513      F162F0DF 
 513      71E332D4 
 514 00b3 ABB61BDB 		.ascii	"\253\266\033\333\003\266g\010\000X\211234\251\343\242"
 514      03B66708 
 514      00588932 
 514      3334A9E3 
 514      A2
 515 00c4 854BE832 		.ascii	"\205K\3502\310\313\020\342r,\332I\006"
 515      C8CB10E2 
 515      722CDA49 
 515      06
 516              		.text
 517              		.section	.gnu.lto_.symbol_nodes.840c2a39,"e",%progbits
 518 0000 28B52FFD 		.ascii	"(\265/\375 E\015\002\000T\003A\000\000\000\000\002\264"
 518      20450D02 
 518      00540341 
 518      00000000 
 518      02B4
 519 0012 177F0080 		.ascii	"\027\177\000\200\200\200\200\004\001\220\316\000\000"
 519      80808004 
 519      0190CE00 
 519      00
 520 001f 7F0000BA 		.ascii	"\177\000\000\272\220\202\002\000\000\000\001\265\027"
 520      90820200 
 520      000001B5 
 520      17
ARM GAS  C:\Users\PUBLIC~1.LAP\AppData\Local\Temp\ccYORwn8.s 			page 14


 521 002c 7F01FF1F 		.ascii	"\177\001\377\037\000\000\200\220\200\003\000\001\200"
 521      00008090 
 521      80030001 
 521      80
 522 0039 80808004 		.ascii	"\200\200\200\004\001D\000\003\000?C\201\272\214\031"
 522      01440003 
 522      003F4381 
 522      BA8C19
 523 0048 2003     		.ascii	" \003"
 524              		.text
 525              		.section	.gnu.lto_.refs.840c2a39,"e",%progbits
 526 0000 28B52FFD 		.ascii	"(\265/\375 \005)\000\000\001\000\000\000\000"
 526      20052900 
 526      00010000 
 526      0000
 527              		.text
 528              		.section	.gnu.lto_.decls.840c2a39,"e",%progbits
 529 0000 28B52FFD 		.ascii	"(\265/\375`R\002}\024\0006h\220L\320\360(\0350Ne\347"
 529      6052027D 
 529      14003668 
 529      904CD0F0 
 529      281D304E 
 530 0016 78C07C15 		.ascii	"x\300|\025\365a\202\200aRd\013j@:\266\025\301Ab\000"
 530      F5618280 
 530      6152640B 
 530      6A403AB6 
 530      15C14162 
 531 002b 2350CD57 		.ascii	"#P\315W@\273\310\344\023\237\031\217d\246\313oi&\017"
 531      40BBC8E4 
 531      139F198F 
 531      64A6CB6F 
 531      69260F
 532 003e 9767C10B 		.ascii	"\227g\301\013\250\233\312\311\301sh\264\207\244\340"
 532      A89BCAC9 
 532      C17368B4 
 532      87A4E0
 533 004d 4B9810A9 		.ascii	"K\230\020\251\274\344\233n \223C\244\014q\000m\000\200"
 533      BCE49B6E 
 533      209343A4 
 533      0C71006D 
 533      0080
 534 005f 00A309DE 		.ascii	"\000\243\011\336\212\351f\357\300\2359\242\373y\345"
 534      8AE966EF 
 534      C09D39A2 
 534      FB79E5
 535 006e 3D6FBCFF 		.ascii	"=o\274\377\310\201\275\377%\260/\360%\323\3717\323\277"
 535      C881BDFF 
 535      25B02FF0 
 535      25D3F937 
 535      D3BF
 536 0080 DBF9AFFA 		.ascii	"\333\371\257\372\377\361\023\304O\216(M\355\344R\236"
 536      FFF113C4 
 536      4F8E284D 
 536      EDE4529E 
 537 0090 9F18EAFF 		.ascii	"\237\030\352\377G\355J\224\272\\\260X{\317\335\262\355"
 537      47ED4A94 
 537      BA5CB058 
ARM GAS  C:\Users\PUBLIC~1.LAP\AppData\Local\Temp\ccYORwn8.s 			page 15


 537      7BCFDDB2 
 537      ED
 538 00a1 4FFADE69 		.ascii	"O\372\336i\250:\324Z\336/\375\357\034\251\0222`\264"
 538      A83AD45A 
 538      DE2FFDEF 
 538      1CA91232 
 538      60B4
 539 00b3 0845664E 		.ascii	"\010EfN\372\211\314\335\201\231/3\373\230\371\0053\207"
 539      FA89CCDD 
 539      81992F33 
 539      FB98F905 
 539      3387
 540 00c5 C16030C8 		.ascii	"\301`0\310\314\013\230y\007sH\022\314\244\2627UQ{\036"
 540      CC0B9879 
 540      07734812 
 540      CCA4B237 
 540      55517B1E 
 541 00d9 3DF05545 		.ascii	"=\360UE\355\252\242]\236ji\227\216\366\317\353\354U"
 541      EDAAA25D 
 541      9E6A6997 
 541      8EF6CFEB 
 541      EC55
 542 00eb FFF2F257 		.ascii	"\377\362\362W\321\225]\315\333k\336\003\210\376i\331"
 542      D1955DCD 
 542      DB6BDE03 
 542      88FE69D9 
 543 00fb 3FD3D2FE 		.ascii	"?\323\322\376\017\277\246\350O\023]\331\323DW_\325\253"
 543      0FBFA6E8 
 543      4F135DD9 
 543      D344575F 
 543      D5AB
 544 010d 7ACEDF5E 		.ascii	"z\316\337^\025\315\360\365\250=U\335\312\336\374\177"
 544      15CDF0F5 
 544      A83D55DD 
 544      CADEFC7F 
 545 011d 965DE67E 		.ascii	"\226]\346~#\276\232?\241\316\236\367?\250\357\371\335"
 545      23BE9A3F 
 545      A1CE9EF7 
 545      3FA8EFF9 
 545      DD
 546 012e 7FA608FE 		.ascii	"\177\246\010\376Km\214\\Z\340E\037z=\377\003O\377]y"
 546      4B6D8C5C 
 546      5AE0451F 
 546      7A3DFF03 
 546      4FFF5D79 
 547 0142 E8005A91 		.ascii	"\350\000Z\221\024\212%-2\212\0152\206B\257{\333\027"
 547      148A252D 
 547      328A0D32 
 547      8642AF7B 
 547      DB17
 548 0154 2A41D8E1 		.ascii	"*A\330\341sT\364\357L>H\250\270\361P\344\036B\205\""
 548      7354F4EF 
 548      4C3E48A8 
 548      B8F150E4 
 548      1E428522 
 549 0168 5E8DA28B 		.ascii	"^\215\242\213\270\215\220\332\250}\250\377\346\275P"
 549      B88D90DA 
ARM GAS  C:\Users\PUBLIC~1.LAP\AppData\Local\Temp\ccYORwn8.s 			page 16


 549      A87DA8FF 
 549      E6BD50
 550 0177 FF80787C 		.ascii	"\377\200x|O\337\355LPMH>>8\270}\314\235\242\223\270"
 550      4FDFED4C 
 550      504D483E 
 550      3E38B87D 
 550      CC9DA293 
 551 018c 46C8EFF4 		.ascii	"F\310\357\364?A*hcFO(\252Zd\014\033dL\275\216\030C\323"
 551      3F412A68 
 551      63464F28 
 551      AA5A640C 
 551      1B644CBD 
 552 01a4 19B00214 		.ascii	"\031\260\002\024\223\240T}\231[t\"\314\034\262s\012"
 552      93A0547D 
 552      995B7422 
 552      CC1CB273 
 552      0A
 553 01b5 E0610D0A 		.ascii	"\340a\015\012\021\212\375\226\007,C\261\241\321`.\235"
 553      118AFD96 
 553      072C43B1 
 553      A1D1602E 
 553      9D
 554 01c6 09301558 		.ascii	"\0110\025X/11\254\024\225\231\010,\034y\263\345\324"
 554      2F3131AC 
 554      14959908 
 554      2C1C79B3 
 554      E5D4
 555 01d8 CC6E248E 		.ascii	"\314n$\216\315\345D\206\234\341\314`64\032\214\304\021"
 555      CDE54486 
 555      9CE1CC60 
 555      36341A8C 
 555      C411
 556 01ea 60173BB8 		.ascii	"`\027;\270\320\212\261\250\260\334\240\030\340\006."
 556      D08AB1A8 
 556      B0DCA018 
 556      E0062E
 557 01f9 97120B32 		.ascii	"\227\022\0132\022P1\024\022\007\213\335p,\032\215\214"
 557      12503114 
 557      12078BDD 
 557      702C1A8D 
 557      8C
 558 020a 85B3B166 		.ascii	"\205\263\261f(\314jf2\227\327J\212+\247vC\2768\3104"
 558      28CC6A66 
 558      3297D74A 
 558      8A2BA776 
 558      43BE38C8 
 559 021f CC68309A 		.ascii	"\314h0\232V\353\365\340\245E\316p`H\334\310\255\332"
 559      56EBF5E0 
 559      A545CE70 
 559      6048DCC8 
 559      ADDA
 560 0231 C9861BF2 		.ascii	"\311\206\033\362f\213\015\340\332\011nE\247v\243\021"
 560      668B0DE0 
 560      DA096E45 
 560      A776A311 
 561 0241 C02B2E00 		.ascii	"\300+.\000+s+\365\257}\242R\372\034\000N\226\231\305"
 561      2B732BF5 
ARM GAS  C:\Users\PUBLIC~1.LAP\AppData\Local\Temp\ccYORwn8.s 			page 17


 561      AF7DA252 
 561      FA1C004E 
 561      9699C5
 562 0254 082E0846 		.ascii	"\010.\010F\005\205\350\325\244\212\254D\344R\361S\205"
 562      0585E8D5 
 562      A48AAC44 
 562      E452F153 
 562      85
 563 0265 BBA6F978 		.ascii	"\273\246\371x\242\271\226\256xA\030-\351\261\246eQe"
 563      A2B996AE 
 563      7841182D 
 563      E9B1A665 
 563      5165
 564 0277 0E04C343 		.ascii	"\016\004\303C,l\020\314\342\036(\304\251\031\017\321"
 564      2C6C10CC 
 564      E21E28C4 
 564      A9190FD1 
 565 0287 19919E31 		.ascii	"\031\221\2361\036*\362\2003\304\315\314\316\314\317"
 565      1E2AF280 
 565      33C4CDCC 
 565      CECCCF
 566 0296 AC3206   		.ascii	"\2542\006"
 567              		.text
 568              		.section	.gnu.lto_.symtab.840c2a39,"e",%progbits
 569 0000 7374496E 		.ascii	"stInit\000"
 569      697400
 570 0007 00       		.ascii	"\000"
 571 0008 00       		.ascii	"\000"
 572 0009 00       		.ascii	"\000"
 573 000a 00000000 		.ascii	"\000\000\000\000\000\000\000\000"
 573      00000000 
 574 0012 BE000000 		.ascii	"\276\000\000\000"
 575 0016 73745F6C 		.ascii	"st_lld_init\000"
 575      6C645F69 
 575      6E697400 
 576 0022 00       		.ascii	"\000"
 577 0023 02       		.ascii	"\002"
 578 0024 00       		.ascii	"\000"
 579 0025 00000000 		.ascii	"\000\000\000\000\000\000\000\000"
 579      00000000 
 580 002d C0000000 		.ascii	"\300\000\000\000"
 581              		.text
 582              		.section	.gnu.lto_.ext_symtab.840c2a39,"e",%progbits
 583 0000 01       		.ascii	"\001"
 584 0001 01       		.ascii	"\001"
 585 0002 00       		.ascii	"\000"
 586 0003 01       		.ascii	"\001"
 587 0004 00       		.ascii	"\000"
 588              		.text
 589              		.section	.gnu.lto_.opts,"e",%progbits
 590 0000 272D666E 		.ascii	"'-fno-openmp' '-fno-openacc' '-fno-pie' '-fcf-prote"
 590      6F2D6F70 
 590      656E6D70 
 590      2720272D 
 590      666E6F2D 
 591 0033 6374696F 		.ascii	"ction=none' '-g' '-mcpu=cortex-m0' '-mthumb' '-mflo"
 591      6E3D6E6F 
ARM GAS  C:\Users\PUBLIC~1.LAP\AppData\Local\Temp\ccYORwn8.s 			page 18


 591      6E652720 
 591      272D6727 
 591      20272D6D 
 592 0066 61742D61 		.ascii	"at-abi=soft' '-mlibarch=armv6s-m' '-march=armv6s-m'"
 592      62693D73 
 592      6F667427 
 592      20272D6D 
 592      6C696261 
 593 0099 20272D4F 		.ascii	" '-Os' '-fomit-frame-pointer' '-falign-functions=16"
 593      73272027 
 593      2D666F6D 
 593      69742D66 
 593      72616D65 
 594 00cc 2720272D 		.ascii	"' '-ffunction-sections' '-fdata-sections' '-fno-com"
 594      6666756E 
 594      6374696F 
 594      6E2D7365 
 594      6374696F 
 595 00ff 6D6F6E27 		.ascii	"mon' '-flto' '-Xassembler' '-alms=./build/lst/hal_s"
 595      20272D66 
 595      6C746F27 
 595      20272D58 
 595      61737365 
 596 0132 742E6C73 		.ascii	"t.lst'\000"
 596      742700
 597              		.text
 598              		.comm	__gnu_lto_slim,1,1
 599              		.ident	"GCC: (GNU) 12.2.0"
ARM GAS  C:\Users\PUBLIC~1.LAP\AppData\Local\Temp\ccYORwn8.s 			page 19


DEFINED SYMBOLS
                            *ABS*:00000000 hal_st.c
C:\Users\PUBLIC~1.LAP\AppData\Local\Temp\ccYORwn8.s:23     .gnu.debuglto_.debug_info:00000000 hal_st.c.e838c0f9
                            *COM*:00000001 __gnu_lto_slim

NO UNDEFINED SYMBOLS
