ARM GAS  C:\Users\PUBLIC~1.LAP\AppData\Local\Temp\cco9YxRh.s 			page 1


   1              		.cpu cortex-m0
   2              		.arch armv6s-m
   3              		.fpu softvfp
   4              		.eabi_attribute 20, 1
   5              		.eabi_attribute 21, 1
   6              		.eabi_attribute 23, 3
   7              		.eabi_attribute 24, 1
   8              		.eabi_attribute 25, 1
   9              		.eabi_attribute 26, 1
  10              		.eabi_attribute 30, 4
  11              		.eabi_attribute 34, 0
  12              		.eabi_attribute 18, 4
  13              		.file	"nvic.c"
  14              		.file 1 "d:\\qmk_msys\\mingw64\\arm-none-eabi\\include\\machine\\_default_types.h"
  15              		.file 2 "d:\\qmk_msys\\mingw64\\arm-none-eabi\\include\\sys\\_stdint.h"
  16              		.file 3 "D:\\00a_liuhy\\temp126\\ChibiOS/os/common/ext/ARM/CMSIS/Core/Include/core_cm0.h"
  17              		.file 4 "D:\\00a_liuhy\\temp126\\ChibiOS-Contrib/os/common/ext/CMSIS/ES32/FS026/md/md_timer.h"
  18              		.file 5 "D:\\00a_liuhy\\temp126\\ChibiOS/os/hal/ports/common/ARMCMx/nvic.c"
  19              		.section	.gnu.debuglto_.debug_info,"e",%progbits
  20              	.Ldebug_info0:
  21              		.hidden	nvic.c.8f9e5ba6
  22              		.weak	nvic.c.8f9e5ba6
  23              	nvic.c.8f9e5ba6:
  24 0000 8A030000 		.4byte	0x38a
  25 0004 0500     		.2byte	0x5
  26 0006 01       		.byte	0x1
  27 0007 04       		.byte	0x4
  28 0008 00000000 		.4byte	.Ldebug_abbrev0
  29 000c 10       		.uleb128 0x10
  30 000d 8D020000 		.4byte	.LASF46
  31 0011 1D       		.byte	0x1d
  32 0012 1B010000 		.4byte	.LASF47
  33 0016 53000000 		.4byte	.LASF48
  34 001a 00000000 		.4byte	.Ldebug_line0
  35 001e 11       		.uleb128 0x11
  36 001f 04       		.byte	0x4
  37 0020 05       		.byte	0x5
  38 0021 696E7400 		.ascii	"int\000"
  39 0025 01       		.uleb128 0x1
  40 0026 04       		.byte	0x4
  41 0027 07       		.byte	0x7
  42 0028 D8010000 		.4byte	.LASF0
  43 002c 01       		.uleb128 0x1
  44 002d 08       		.byte	0x8
  45 002e 05       		.byte	0x5
  46 002f 13020000 		.4byte	.LASF1
  47 0033 01       		.uleb128 0x1
  48 0034 08       		.byte	0x8
  49 0035 04       		.byte	0x4
  50 0036 48020000 		.4byte	.LASF2
  51 003a 01       		.uleb128 0x1
  52 003b 01       		.byte	0x1
  53 003c 06       		.byte	0x6
  54 003d 54020000 		.4byte	.LASF3
  55 0041 05       		.uleb128 0x5
  56 0042 34000000 		.4byte	.LASF7
  57 0046 01       		.byte	0x1
ARM GAS  C:\Users\PUBLIC~1.LAP\AppData\Local\Temp\cco9YxRh.s 			page 2


  58 0047 2B       		.byte	0x2b
  59 0048 18       		.byte	0x18
  60 0049 4D000000 		.4byte	0x4d
  61 004d 01       		.uleb128 0x1
  62 004e 01       		.byte	0x1
  63 004f 08       		.byte	0x8
  64 0050 0D010000 		.4byte	.LASF4
  65 0054 01       		.uleb128 0x1
  66 0055 02       		.byte	0x2
  67 0056 05       		.byte	0x5
  68 0057 2C020000 		.4byte	.LASF5
  69 005b 01       		.uleb128 0x1
  70 005c 02       		.byte	0x2
  71 005d 07       		.byte	0x7
  72 005e 93000000 		.4byte	.LASF6
  73 0062 05       		.uleb128 0x5
  74 0063 89000000 		.4byte	.LASF8
  75 0067 01       		.byte	0x1
  76 0068 4D       		.byte	0x4d
  77 0069 18       		.byte	0x18
  78 006a 6E000000 		.4byte	0x6e
  79 006e 01       		.uleb128 0x1
  80 006f 04       		.byte	0x4
  81 0070 05       		.byte	0x5
  82 0071 3F020000 		.4byte	.LASF9
  83 0075 05       		.uleb128 0x5
  84 0076 BF010000 		.4byte	.LASF10
  85 007a 01       		.byte	0x1
  86 007b 4F       		.byte	0x4f
  87 007c 19       		.byte	0x19
  88 007d 81000000 		.4byte	0x81
  89 0081 01       		.uleb128 0x1
  90 0082 04       		.byte	0x4
  91 0083 07       		.byte	0x7
  92 0084 73010000 		.4byte	.LASF11
  93 0088 01       		.uleb128 0x1
  94 0089 08       		.byte	0x8
  95 008a 07       		.byte	0x7
  96 008b F6000000 		.4byte	.LASF12
  97 008f 05       		.uleb128 0x5
  98 0090 EF010000 		.4byte	.LASF13
  99 0094 02       		.byte	0x2
 100 0095 18       		.byte	0x18
 101 0096 13       		.byte	0x13
 102 0097 41000000 		.4byte	0x41
 103 009b 06       		.uleb128 0x6
 104 009c 8F000000 		.4byte	0x8f
 105 00a0 05       		.uleb128 0x5
 106 00a1 D3000000 		.4byte	.LASF14
 107 00a5 02       		.byte	0x2
 108 00a6 2C       		.byte	0x2c
 109 00a7 13       		.byte	0x13
 110 00a8 62000000 		.4byte	0x62
 111 00ac 05       		.uleb128 0x5
 112 00ad 36020000 		.4byte	.LASF15
 113 00b1 02       		.byte	0x2
 114 00b2 30       		.byte	0x30
ARM GAS  C:\Users\PUBLIC~1.LAP\AppData\Local\Temp\cco9YxRh.s 			page 3


 115 00b3 14       		.byte	0x14
 116 00b4 75000000 		.4byte	0x75
 117 00b8 0A       		.uleb128 0xa
 118 00b9 AC000000 		.4byte	0xac
 119 00bd 06       		.uleb128 0x6
 120 00be B8000000 		.4byte	0xb8
 121 00c2 01       		.uleb128 0x1
 122 00c3 01       		.byte	0x1
 123 00c4 08       		.byte	0x8
 124 00c5 EA010000 		.4byte	.LASF16
 125 00c9 06       		.uleb128 0x6
 126 00ca C2000000 		.4byte	0xc2
 127 00ce 12       		.uleb128 0x12
 128 00cf 2003     		.2byte	0x320
 129 00d1 03       		.byte	0x3
 130 00d2 3A01     		.2byte	0x13a
 131 00d4 09       		.byte	0x9
 132 00d5 59010000 		.4byte	0x159
 133 00d9 02       		.uleb128 0x2
 134 00da 27020000 		.4byte	.LASF17
 135 00de 3C01     		.2byte	0x13c
 136 00e0 69010000 		.4byte	0x169
 137 00e4 00       		.byte	0
 138 00e5 02       		.uleb128 0x2
 139 00e6 B5000000 		.4byte	.LASF18
 140 00ea 3D01     		.2byte	0x13d
 141 00ec 6E010000 		.4byte	0x16e
 142 00f0 04       		.byte	0x4
 143 00f1 02       		.uleb128 0x2
 144 00f2 CA010000 		.4byte	.LASF19
 145 00f6 3E01     		.2byte	0x13e
 146 00f8 69010000 		.4byte	0x169
 147 00fc 80       		.byte	0x80
 148 00fd 02       		.uleb128 0x2
 149 00fe 02020000 		.4byte	.LASF20
 150 0102 3F01     		.2byte	0x13f
 151 0104 6E010000 		.4byte	0x16e
 152 0108 84       		.byte	0x84
 153 0109 07       		.uleb128 0x7
 154 010a E5010000 		.4byte	.LASF21
 155 010e 4001     		.2byte	0x140
 156 0110 69010000 		.4byte	0x169
 157 0114 0001     		.2byte	0x100
 158 0116 07       		.uleb128 0x7
 159 0117 83020000 		.4byte	.LASF22
 160 011b 4101     		.2byte	0x141
 161 011d 6E010000 		.4byte	0x16e
 162 0121 0401     		.2byte	0x104
 163 0123 07       		.uleb128 0x7
 164 0124 20000000 		.4byte	.LASF23
 165 0128 4201     		.2byte	0x142
 166 012a 69010000 		.4byte	0x169
 167 012e 8001     		.2byte	0x180
 168 0130 07       		.uleb128 0x7
 169 0131 C9000000 		.4byte	.LASF24
 170 0135 4301     		.2byte	0x143
 171 0137 6E010000 		.4byte	0x16e
ARM GAS  C:\Users\PUBLIC~1.LAP\AppData\Local\Temp\cco9YxRh.s 			page 4


 172 013b 8401     		.2byte	0x184
 173 013d 07       		.uleb128 0x7
 174 013e 00000000 		.4byte	.LASF25
 175 0142 4401     		.2byte	0x144
 176 0144 7E010000 		.4byte	0x17e
 177 0148 0002     		.2byte	0x200
 178 014a 13       		.uleb128 0x13
 179 014b 495000   		.ascii	"IP\000"
 180 014e 03       		.byte	0x3
 181 014f 4501     		.2byte	0x145
 182 0151 12       		.byte	0x12
 183 0152 9E010000 		.4byte	0x19e
 184 0156 0003     		.2byte	0x300
 185 0158 00       		.byte	0
 186 0159 03       		.uleb128 0x3
 187 015a B8000000 		.4byte	0xb8
 188 015e 69010000 		.4byte	0x169
 189 0162 04       		.uleb128 0x4
 190 0163 25000000 		.4byte	0x25
 191 0167 00       		.byte	0
 192 0168 00       		.byte	0
 193 0169 0A       		.uleb128 0xa
 194 016a 59010000 		.4byte	0x159
 195 016e 03       		.uleb128 0x3
 196 016f AC000000 		.4byte	0xac
 197 0173 7E010000 		.4byte	0x17e
 198 0177 04       		.uleb128 0x4
 199 0178 25000000 		.4byte	0x25
 200 017c 1E       		.byte	0x1e
 201 017d 00       		.byte	0
 202 017e 03       		.uleb128 0x3
 203 017f AC000000 		.4byte	0xac
 204 0183 8E010000 		.4byte	0x18e
 205 0187 04       		.uleb128 0x4
 206 0188 25000000 		.4byte	0x25
 207 018c 3F       		.byte	0x3f
 208 018d 00       		.byte	0
 209 018e 03       		.uleb128 0x3
 210 018f B8000000 		.4byte	0xb8
 211 0193 9E010000 		.4byte	0x19e
 212 0197 04       		.uleb128 0x4
 213 0198 25000000 		.4byte	0x25
 214 019c 07       		.byte	0x7
 215 019d 00       		.byte	0
 216 019e 0A       		.uleb128 0xa
 217 019f 8E010000 		.4byte	0x18e
 218 01a3 0E       		.uleb128 0xe
 219 01a4 5A010000 		.4byte	.LASF26
 220 01a8 4601     		.2byte	0x146
 221 01aa 04       		.byte	0x4
 222 01ab CE000000 		.4byte	0xce
 223 01af 14       		.uleb128 0x14
 224 01b0 28       		.byte	0x28
 225 01b1 03       		.byte	0x3
 226 01b2 5501     		.2byte	0x155
 227 01b4 09       		.byte	0x9
 228 01b5 26020000 		.4byte	0x226
ARM GAS  C:\Users\PUBLIC~1.LAP\AppData\Local\Temp\cco9YxRh.s 			page 5


 229 01b9 02       		.uleb128 0x2
 230 01ba 21020000 		.4byte	.LASF27
 231 01be 5701     		.2byte	0x157
 232 01c0 BD000000 		.4byte	0xbd
 233 01c4 00       		.byte	0
 234 01c5 02       		.uleb128 0x2
 235 01c6 F7010000 		.4byte	.LASF28
 236 01ca 5801     		.2byte	0x158
 237 01cc B8000000 		.4byte	0xb8
 238 01d0 04       		.byte	0x4
 239 01d1 02       		.uleb128 0x2
 240 01d2 B5000000 		.4byte	.LASF18
 241 01d6 5901     		.2byte	0x159
 242 01d8 AC000000 		.4byte	0xac
 243 01dc 08       		.byte	0x8
 244 01dd 02       		.uleb128 0x2
 245 01de FC010000 		.4byte	.LASF29
 246 01e2 5A01     		.2byte	0x15a
 247 01e4 B8000000 		.4byte	0xb8
 248 01e8 0C       		.byte	0xc
 249 01e9 0C       		.uleb128 0xc
 250 01ea 53435200 		.ascii	"SCR\000"
 251 01ee 5B01     		.2byte	0x15b
 252 01f0 B8000000 		.4byte	0xb8
 253 01f4 10       		.byte	0x10
 254 01f5 0C       		.uleb128 0xc
 255 01f6 43435200 		.ascii	"CCR\000"
 256 01fa 5C01     		.2byte	0x15c
 257 01fc B8000000 		.4byte	0xb8
 258 0200 14       		.byte	0x14
 259 0201 02       		.uleb128 0x2
 260 0202 BF000000 		.4byte	.LASF30
 261 0206 5D01     		.2byte	0x15d
 262 0208 AC000000 		.4byte	0xac
 263 020c 18       		.byte	0x18
 264 020d 0C       		.uleb128 0xc
 265 020e 53485000 		.ascii	"SHP\000"
 266 0212 5E01     		.2byte	0x15e
 267 0214 36020000 		.4byte	0x236
 268 0218 1C       		.byte	0x1c
 269 0219 02       		.uleb128 0x2
 270 021a 4D000000 		.4byte	.LASF31
 271 021e 5F01     		.2byte	0x15f
 272 0220 B8000000 		.4byte	0xb8
 273 0224 24       		.byte	0x24
 274 0225 00       		.byte	0
 275 0226 03       		.uleb128 0x3
 276 0227 B8000000 		.4byte	0xb8
 277 022b 36020000 		.4byte	0x236
 278 022f 04       		.uleb128 0x4
 279 0230 25000000 		.4byte	0x25
 280 0234 01       		.byte	0x1
 281 0235 00       		.byte	0
 282 0236 0A       		.uleb128 0xa
 283 0237 26020000 		.4byte	0x226
 284 023b 0E       		.uleb128 0xe
 285 023c CF010000 		.4byte	.LASF32
ARM GAS  C:\Users\PUBLIC~1.LAP\AppData\Local\Temp\cco9YxRh.s 			page 6


 286 0240 6001     		.2byte	0x160
 287 0242 03       		.byte	0x3
 288 0243 AF010000 		.4byte	0x1af
 289 0247 01       		.uleb128 0x1
 290 0248 01       		.byte	0x1
 291 0249 02       		.byte	0x2
 292 024a 7D020000 		.4byte	.LASF33
 293 024e 03       		.uleb128 0x3
 294 024f 9B000000 		.4byte	0x9b
 295 0253 5E020000 		.4byte	0x25e
 296 0257 04       		.uleb128 0x4
 297 0258 25000000 		.4byte	0x25
 298 025c 07       		.byte	0x7
 299 025d 00       		.byte	0
 300 025e 06       		.uleb128 0x6
 301 025f 4E020000 		.4byte	0x24e
 302 0263 08       		.uleb128 0x8
 303 0264 0A000000 		.4byte	.LASF34
 304 0268 3B       		.byte	0x3b
 305 0269 5E020000 		.4byte	0x25e
 306 026d 08       		.byte	0x8
 307 026e 00       		.byte	0
 308 026f 00       		.byte	0
 309 0270 00       		.byte	0
 310 0271 00       		.byte	0
 311 0272 04       		.byte	0x4
 312 0273 04       		.byte	0x4
 313 0274 04       		.byte	0x4
 314 0275 04       		.byte	0x4
 315 0276 08       		.uleb128 0x8
 316 0277 64010000 		.4byte	.LASF35
 317 027b 47       		.byte	0x47
 318 027c 5E020000 		.4byte	0x25e
 319 0280 08       		.byte	0x8
 320 0281 00       		.byte	0
 321 0282 00       		.byte	0
 322 0283 08       		.byte	0x8
 323 0284 00       		.byte	0
 324 0285 00       		.byte	0
 325 0286 00       		.byte	0
 326 0287 08       		.byte	0x8
 327 0288 00       		.byte	0
 328 0289 08       		.uleb128 0x8
 329 028a 3E000000 		.4byte	.LASF36
 330 028e 53       		.byte	0x53
 331 028f 5E020000 		.4byte	0x25e
 332 0293 08       		.byte	0x8
 333 0294 00       		.byte	0
 334 0295 00       		.byte	0
 335 0296 08       		.byte	0x8
 336 0297 00       		.byte	0
 337 0298 00       		.byte	0
 338 0299 00       		.byte	0
 339 029a 08       		.byte	0x8
 340 029b 00       		.byte	0
 341 029c 08       		.uleb128 0x8
 342 029d B0010000 		.4byte	.LASF37
ARM GAS  C:\Users\PUBLIC~1.LAP\AppData\Local\Temp\cco9YxRh.s 			page 7


 343 02a1 5F       		.byte	0x5f
 344 02a2 5E020000 		.4byte	0x25e
 345 02a6 08       		.byte	0x8
 346 02a7 00       		.byte	0
 347 02a8 02       		.byte	0x2
 348 02a9 04       		.byte	0x4
 349 02aa 06       		.byte	0x6
 350 02ab 08       		.byte	0x8
 351 02ac 0A       		.byte	0xa
 352 02ad 0C       		.byte	0xc
 353 02ae 0E       		.byte	0xe
 354 02af 03       		.uleb128 0x3
 355 02b0 9B000000 		.4byte	0x9b
 356 02b4 BF020000 		.4byte	0x2bf
 357 02b8 04       		.uleb128 0x4
 358 02b9 25000000 		.4byte	0x25
 359 02bd 06       		.byte	0x6
 360 02be 00       		.byte	0
 361 02bf 06       		.uleb128 0x6
 362 02c0 AF020000 		.4byte	0x2af
 363 02c4 08       		.uleb128 0x8
 364 02c5 A6000000 		.4byte	.LASF38
 365 02c9 6B       		.byte	0x6b
 366 02ca BF020000 		.4byte	0x2bf
 367 02ce 07       		.byte	0x7
 368 02cf 00       		.byte	0
 369 02d0 01       		.byte	0x1
 370 02d1 02       		.byte	0x2
 371 02d2 03       		.byte	0x3
 372 02d3 04       		.byte	0x4
 373 02d4 05       		.byte	0x5
 374 02d5 06       		.byte	0x6
 375 02d6 09       		.uleb128 0x9
 376 02d7 25000000 		.4byte	.LASF39
 377 02db AF       		.byte	0xaf
 378 02dc EA020000 		.4byte	0x2ea
 379 02e0 0B       		.uleb128 0xb
 380 02e1 6E00     		.ascii	"n\000"
 381 02e3 AF       		.byte	0xaf
 382 02e4 1E       		.byte	0x1e
 383 02e5 AC000000 		.4byte	0xac
 384 02e9 00       		.byte	0
 385 02ea 09       		.uleb128 0x9
 386 02eb 9F010000 		.4byte	.LASF40
 387 02ef A5       		.byte	0xa5
 388 02f0 FE020000 		.4byte	0x2fe
 389 02f4 0B       		.uleb128 0xb
 390 02f5 6E00     		.ascii	"n\000"
 391 02f7 A5       		.byte	0xa5
 392 02f8 20       		.byte	0x20
 393 02f9 AC000000 		.4byte	0xac
 394 02fd 00       		.byte	0
 395 02fe 09       		.uleb128 0x9
 396 02ff 60020000 		.4byte	.LASF41
 397 0303 93       		.byte	0x93
 398 0304 28030000 		.4byte	0x328
 399 0308 0D       		.uleb128 0xd
ARM GAS  C:\Users\PUBLIC~1.LAP\AppData\Local\Temp\cco9YxRh.s 			page 8


 400 0309 0B020000 		.4byte	.LASF42
 401 030d 93       		.byte	0x93
 402 030e 2C       		.byte	0x2c
 403 030f AC000000 		.4byte	0xac
 404 0313 0D       		.uleb128 0xd
 405 0314 1B000000 		.4byte	.LASF43
 406 0318 93       		.byte	0x93
 407 0319 3E       		.byte	0x3e
 408 031a AC000000 		.4byte	0xac
 409 031e 15       		.uleb128 0x15
 410 031f DB000000 		.4byte	.LASF49
 411 0323 38030000 		.4byte	0x338
 412 0327 00       		.byte	0
 413 0328 03       		.uleb128 0x3
 414 0329 C9000000 		.4byte	0xc9
 415 032d 38030000 		.4byte	0x338
 416 0331 04       		.uleb128 0x4
 417 0332 25000000 		.4byte	0x25
 418 0336 1C       		.byte	0x1c
 419 0337 00       		.byte	0
 420 0338 06       		.uleb128 0x6
 421 0339 28030000 		.4byte	0x328
 422 033d 09       		.uleb128 0x9
 423 033e E4000000 		.4byte	.LASF44
 424 0342 7D       		.byte	0x7d
 425 0343 51030000 		.4byte	0x351
 426 0347 0B       		.uleb128 0xb
 427 0348 6E00     		.ascii	"n\000"
 428 034a 7D       		.byte	0x7d
 429 034b 21       		.byte	0x21
 430 034c AC000000 		.4byte	0xac
 431 0350 00       		.byte	0
 432 0351 09       		.uleb128 0x9
 433 0352 8E010000 		.4byte	.LASF45
 434 0356 66       		.byte	0x66
 435 0357 70030000 		.4byte	0x370
 436 035b 0B       		.uleb128 0xb
 437 035c 6E00     		.ascii	"n\000"
 438 035e 66       		.byte	0x66
 439 035f 20       		.byte	0x20
 440 0360 AC000000 		.4byte	0xac
 441 0364 0D       		.uleb128 0xd
 442 0365 1B000000 		.4byte	.LASF43
 443 0369 66       		.byte	0x66
 444 036a 2C       		.byte	0x2c
 445 036b AC000000 		.4byte	0xac
 446 036f 00       		.byte	0
 447 0370 16       		.uleb128 0x16
 448 0371 85010000 		.4byte	.LASF50
 449 0375 05       		.byte	0x5
 450 0376 4F       		.byte	0x4f
 451 0377 06       		.byte	0x6
 452 0378 0F       		.uleb128 0xf
 453 0379 6E00     		.ascii	"n\000"
 454 037b 52       		.byte	0x52
 455 037c 0C       		.byte	0xc
 456 037d AC000000 		.4byte	0xac
ARM GAS  C:\Users\PUBLIC~1.LAP\AppData\Local\Temp\cco9YxRh.s 			page 9


 457 0381 17       		.uleb128 0x17
 458 0382 0F       		.uleb128 0xf
 459 0383 6900     		.ascii	"i\000"
 460 0385 57       		.byte	0x57
 461 0386 11       		.byte	0x11
 462 0387 AC000000 		.4byte	0xac
 463 038b 00       		.byte	0
 464 038c 00       		.byte	0
 465 038d 00       		.byte	0
 466              		.section	.gnu.debuglto_.debug_abbrev,"e",%progbits
 467              	.Ldebug_abbrev0:
 468 0000 01       		.uleb128 0x1
 469 0001 24       		.uleb128 0x24
 470 0002 00       		.byte	0
 471 0003 0B       		.uleb128 0xb
 472 0004 0B       		.uleb128 0xb
 473 0005 3E       		.uleb128 0x3e
 474 0006 0B       		.uleb128 0xb
 475 0007 03       		.uleb128 0x3
 476 0008 0E       		.uleb128 0xe
 477 0009 00       		.byte	0
 478 000a 00       		.byte	0
 479 000b 02       		.uleb128 0x2
 480 000c 0D       		.uleb128 0xd
 481 000d 00       		.byte	0
 482 000e 03       		.uleb128 0x3
 483 000f 0E       		.uleb128 0xe
 484 0010 3A       		.uleb128 0x3a
 485 0011 21       		.uleb128 0x21
 486 0012 03       		.sleb128 3
 487 0013 3B       		.uleb128 0x3b
 488 0014 05       		.uleb128 0x5
 489 0015 39       		.uleb128 0x39
 490 0016 21       		.uleb128 0x21
 491 0017 12       		.sleb128 18
 492 0018 49       		.uleb128 0x49
 493 0019 13       		.uleb128 0x13
 494 001a 38       		.uleb128 0x38
 495 001b 0B       		.uleb128 0xb
 496 001c 00       		.byte	0
 497 001d 00       		.byte	0
 498 001e 03       		.uleb128 0x3
 499 001f 01       		.uleb128 0x1
 500 0020 01       		.byte	0x1
 501 0021 49       		.uleb128 0x49
 502 0022 13       		.uleb128 0x13
 503 0023 01       		.uleb128 0x1
 504 0024 13       		.uleb128 0x13
 505 0025 00       		.byte	0
 506 0026 00       		.byte	0
 507 0027 04       		.uleb128 0x4
 508 0028 21       		.uleb128 0x21
 509 0029 00       		.byte	0
 510 002a 49       		.uleb128 0x49
 511 002b 13       		.uleb128 0x13
 512 002c 2F       		.uleb128 0x2f
 513 002d 0B       		.uleb128 0xb
ARM GAS  C:\Users\PUBLIC~1.LAP\AppData\Local\Temp\cco9YxRh.s 			page 10


 514 002e 00       		.byte	0
 515 002f 00       		.byte	0
 516 0030 05       		.uleb128 0x5
 517 0031 16       		.uleb128 0x16
 518 0032 00       		.byte	0
 519 0033 03       		.uleb128 0x3
 520 0034 0E       		.uleb128 0xe
 521 0035 3A       		.uleb128 0x3a
 522 0036 0B       		.uleb128 0xb
 523 0037 3B       		.uleb128 0x3b
 524 0038 0B       		.uleb128 0xb
 525 0039 39       		.uleb128 0x39
 526 003a 0B       		.uleb128 0xb
 527 003b 49       		.uleb128 0x49
 528 003c 13       		.uleb128 0x13
 529 003d 00       		.byte	0
 530 003e 00       		.byte	0
 531 003f 06       		.uleb128 0x6
 532 0040 26       		.uleb128 0x26
 533 0041 00       		.byte	0
 534 0042 49       		.uleb128 0x49
 535 0043 13       		.uleb128 0x13
 536 0044 00       		.byte	0
 537 0045 00       		.byte	0
 538 0046 07       		.uleb128 0x7
 539 0047 0D       		.uleb128 0xd
 540 0048 00       		.byte	0
 541 0049 03       		.uleb128 0x3
 542 004a 0E       		.uleb128 0xe
 543 004b 3A       		.uleb128 0x3a
 544 004c 21       		.uleb128 0x21
 545 004d 03       		.sleb128 3
 546 004e 3B       		.uleb128 0x3b
 547 004f 05       		.uleb128 0x5
 548 0050 39       		.uleb128 0x39
 549 0051 21       		.uleb128 0x21
 550 0052 12       		.sleb128 18
 551 0053 49       		.uleb128 0x49
 552 0054 13       		.uleb128 0x13
 553 0055 38       		.uleb128 0x38
 554 0056 05       		.uleb128 0x5
 555 0057 00       		.byte	0
 556 0058 00       		.byte	0
 557 0059 08       		.uleb128 0x8
 558 005a 34       		.uleb128 0x34
 559 005b 00       		.byte	0
 560 005c 03       		.uleb128 0x3
 561 005d 0E       		.uleb128 0xe
 562 005e 3A       		.uleb128 0x3a
 563 005f 21       		.uleb128 0x21
 564 0060 04       		.sleb128 4
 565 0061 3B       		.uleb128 0x3b
 566 0062 0B       		.uleb128 0xb
 567 0063 39       		.uleb128 0x39
 568 0064 21       		.uleb128 0x21
 569 0065 16       		.sleb128 22
 570 0066 49       		.uleb128 0x49
ARM GAS  C:\Users\PUBLIC~1.LAP\AppData\Local\Temp\cco9YxRh.s 			page 11


 571 0067 13       		.uleb128 0x13
 572 0068 1C       		.uleb128 0x1c
 573 0069 0A       		.uleb128 0xa
 574 006a 00       		.byte	0
 575 006b 00       		.byte	0
 576 006c 09       		.uleb128 0x9
 577 006d 2E       		.uleb128 0x2e
 578 006e 01       		.byte	0x1
 579 006f 3F       		.uleb128 0x3f
 580 0070 19       		.uleb128 0x19
 581 0071 03       		.uleb128 0x3
 582 0072 0E       		.uleb128 0xe
 583 0073 3A       		.uleb128 0x3a
 584 0074 21       		.uleb128 0x21
 585 0075 05       		.sleb128 5
 586 0076 3B       		.uleb128 0x3b
 587 0077 0B       		.uleb128 0xb
 588 0078 39       		.uleb128 0x39
 589 0079 21       		.uleb128 0x21
 590 007a 06       		.sleb128 6
 591 007b 27       		.uleb128 0x27
 592 007c 19       		.uleb128 0x19
 593 007d 01       		.uleb128 0x1
 594 007e 13       		.uleb128 0x13
 595 007f 00       		.byte	0
 596 0080 00       		.byte	0
 597 0081 0A       		.uleb128 0xa
 598 0082 35       		.uleb128 0x35
 599 0083 00       		.byte	0
 600 0084 49       		.uleb128 0x49
 601 0085 13       		.uleb128 0x13
 602 0086 00       		.byte	0
 603 0087 00       		.byte	0
 604 0088 0B       		.uleb128 0xb
 605 0089 05       		.uleb128 0x5
 606 008a 00       		.byte	0
 607 008b 03       		.uleb128 0x3
 608 008c 08       		.uleb128 0x8
 609 008d 3A       		.uleb128 0x3a
 610 008e 21       		.uleb128 0x21
 611 008f 05       		.sleb128 5
 612 0090 3B       		.uleb128 0x3b
 613 0091 0B       		.uleb128 0xb
 614 0092 39       		.uleb128 0x39
 615 0093 0B       		.uleb128 0xb
 616 0094 49       		.uleb128 0x49
 617 0095 13       		.uleb128 0x13
 618 0096 00       		.byte	0
 619 0097 00       		.byte	0
 620 0098 0C       		.uleb128 0xc
 621 0099 0D       		.uleb128 0xd
 622 009a 00       		.byte	0
 623 009b 03       		.uleb128 0x3
 624 009c 08       		.uleb128 0x8
 625 009d 3A       		.uleb128 0x3a
 626 009e 21       		.uleb128 0x21
 627 009f 03       		.sleb128 3
ARM GAS  C:\Users\PUBLIC~1.LAP\AppData\Local\Temp\cco9YxRh.s 			page 12


 628 00a0 3B       		.uleb128 0x3b
 629 00a1 05       		.uleb128 0x5
 630 00a2 39       		.uleb128 0x39
 631 00a3 21       		.uleb128 0x21
 632 00a4 12       		.sleb128 18
 633 00a5 49       		.uleb128 0x49
 634 00a6 13       		.uleb128 0x13
 635 00a7 38       		.uleb128 0x38
 636 00a8 0B       		.uleb128 0xb
 637 00a9 00       		.byte	0
 638 00aa 00       		.byte	0
 639 00ab 0D       		.uleb128 0xd
 640 00ac 05       		.uleb128 0x5
 641 00ad 00       		.byte	0
 642 00ae 03       		.uleb128 0x3
 643 00af 0E       		.uleb128 0xe
 644 00b0 3A       		.uleb128 0x3a
 645 00b1 21       		.uleb128 0x21
 646 00b2 05       		.sleb128 5
 647 00b3 3B       		.uleb128 0x3b
 648 00b4 0B       		.uleb128 0xb
 649 00b5 39       		.uleb128 0x39
 650 00b6 0B       		.uleb128 0xb
 651 00b7 49       		.uleb128 0x49
 652 00b8 13       		.uleb128 0x13
 653 00b9 00       		.byte	0
 654 00ba 00       		.byte	0
 655 00bb 0E       		.uleb128 0xe
 656 00bc 16       		.uleb128 0x16
 657 00bd 00       		.byte	0
 658 00be 03       		.uleb128 0x3
 659 00bf 0E       		.uleb128 0xe
 660 00c0 3A       		.uleb128 0x3a
 661 00c1 21       		.uleb128 0x21
 662 00c2 03       		.sleb128 3
 663 00c3 3B       		.uleb128 0x3b
 664 00c4 05       		.uleb128 0x5
 665 00c5 39       		.uleb128 0x39
 666 00c6 0B       		.uleb128 0xb
 667 00c7 49       		.uleb128 0x49
 668 00c8 13       		.uleb128 0x13
 669 00c9 00       		.byte	0
 670 00ca 00       		.byte	0
 671 00cb 0F       		.uleb128 0xf
 672 00cc 34       		.uleb128 0x34
 673 00cd 00       		.byte	0
 674 00ce 03       		.uleb128 0x3
 675 00cf 08       		.uleb128 0x8
 676 00d0 3A       		.uleb128 0x3a
 677 00d1 21       		.uleb128 0x21
 678 00d2 05       		.sleb128 5
 679 00d3 3B       		.uleb128 0x3b
 680 00d4 0B       		.uleb128 0xb
 681 00d5 39       		.uleb128 0x39
 682 00d6 0B       		.uleb128 0xb
 683 00d7 49       		.uleb128 0x49
 684 00d8 13       		.uleb128 0x13
ARM GAS  C:\Users\PUBLIC~1.LAP\AppData\Local\Temp\cco9YxRh.s 			page 13


 685 00d9 00       		.byte	0
 686 00da 00       		.byte	0
 687 00db 10       		.uleb128 0x10
 688 00dc 11       		.uleb128 0x11
 689 00dd 01       		.byte	0x1
 690 00de 25       		.uleb128 0x25
 691 00df 0E       		.uleb128 0xe
 692 00e0 13       		.uleb128 0x13
 693 00e1 0B       		.uleb128 0xb
 694 00e2 03       		.uleb128 0x3
 695 00e3 0E       		.uleb128 0xe
 696 00e4 1B       		.uleb128 0x1b
 697 00e5 0E       		.uleb128 0xe
 698 00e6 10       		.uleb128 0x10
 699 00e7 17       		.uleb128 0x17
 700 00e8 00       		.byte	0
 701 00e9 00       		.byte	0
 702 00ea 11       		.uleb128 0x11
 703 00eb 24       		.uleb128 0x24
 704 00ec 00       		.byte	0
 705 00ed 0B       		.uleb128 0xb
 706 00ee 0B       		.uleb128 0xb
 707 00ef 3E       		.uleb128 0x3e
 708 00f0 0B       		.uleb128 0xb
 709 00f1 03       		.uleb128 0x3
 710 00f2 08       		.uleb128 0x8
 711 00f3 00       		.byte	0
 712 00f4 00       		.byte	0
 713 00f5 12       		.uleb128 0x12
 714 00f6 13       		.uleb128 0x13
 715 00f7 01       		.byte	0x1
 716 00f8 0B       		.uleb128 0xb
 717 00f9 05       		.uleb128 0x5
 718 00fa 3A       		.uleb128 0x3a
 719 00fb 0B       		.uleb128 0xb
 720 00fc 3B       		.uleb128 0x3b
 721 00fd 05       		.uleb128 0x5
 722 00fe 39       		.uleb128 0x39
 723 00ff 0B       		.uleb128 0xb
 724 0100 01       		.uleb128 0x1
 725 0101 13       		.uleb128 0x13
 726 0102 00       		.byte	0
 727 0103 00       		.byte	0
 728 0104 13       		.uleb128 0x13
 729 0105 0D       		.uleb128 0xd
 730 0106 00       		.byte	0
 731 0107 03       		.uleb128 0x3
 732 0108 08       		.uleb128 0x8
 733 0109 3A       		.uleb128 0x3a
 734 010a 0B       		.uleb128 0xb
 735 010b 3B       		.uleb128 0x3b
 736 010c 05       		.uleb128 0x5
 737 010d 39       		.uleb128 0x39
 738 010e 0B       		.uleb128 0xb
 739 010f 49       		.uleb128 0x49
 740 0110 13       		.uleb128 0x13
 741 0111 38       		.uleb128 0x38
ARM GAS  C:\Users\PUBLIC~1.LAP\AppData\Local\Temp\cco9YxRh.s 			page 14


 742 0112 05       		.uleb128 0x5
 743 0113 00       		.byte	0
 744 0114 00       		.byte	0
 745 0115 14       		.uleb128 0x14
 746 0116 13       		.uleb128 0x13
 747 0117 01       		.byte	0x1
 748 0118 0B       		.uleb128 0xb
 749 0119 0B       		.uleb128 0xb
 750 011a 3A       		.uleb128 0x3a
 751 011b 0B       		.uleb128 0xb
 752 011c 3B       		.uleb128 0x3b
 753 011d 05       		.uleb128 0x5
 754 011e 39       		.uleb128 0x39
 755 011f 0B       		.uleb128 0xb
 756 0120 01       		.uleb128 0x1
 757 0121 13       		.uleb128 0x13
 758 0122 00       		.byte	0
 759 0123 00       		.byte	0
 760 0124 15       		.uleb128 0x15
 761 0125 34       		.uleb128 0x34
 762 0126 00       		.byte	0
 763 0127 03       		.uleb128 0x3
 764 0128 0E       		.uleb128 0xe
 765 0129 49       		.uleb128 0x49
 766 012a 13       		.uleb128 0x13
 767 012b 34       		.uleb128 0x34
 768 012c 19       		.uleb128 0x19
 769 012d 00       		.byte	0
 770 012e 00       		.byte	0
 771 012f 16       		.uleb128 0x16
 772 0130 2E       		.uleb128 0x2e
 773 0131 01       		.byte	0x1
 774 0132 3F       		.uleb128 0x3f
 775 0133 19       		.uleb128 0x19
 776 0134 03       		.uleb128 0x3
 777 0135 0E       		.uleb128 0xe
 778 0136 3A       		.uleb128 0x3a
 779 0137 0B       		.uleb128 0xb
 780 0138 3B       		.uleb128 0x3b
 781 0139 0B       		.uleb128 0xb
 782 013a 39       		.uleb128 0x39
 783 013b 0B       		.uleb128 0xb
 784 013c 27       		.uleb128 0x27
 785 013d 19       		.uleb128 0x19
 786 013e 00       		.byte	0
 787 013f 00       		.byte	0
 788 0140 17       		.uleb128 0x17
 789 0141 0B       		.uleb128 0xb
 790 0142 01       		.byte	0x1
 791 0143 00       		.byte	0
 792 0144 00       		.byte	0
 793 0145 00       		.byte	0
 794              		.section	.gnu.debuglto_.debug_line,"e",%progbits
 795              	.Ldebug_line0:
 796 0000 5A000000 		.4byte	.LELT0-.LSLT0
 797              	.LSLT0:
 798 0004 0500     		.2byte	0x5
ARM GAS  C:\Users\PUBLIC~1.LAP\AppData\Local\Temp\cco9YxRh.s 			page 15


 799 0006 04       		.byte	0x4
 800 0007 00       		.byte	0
 801 0008 52000000 		.4byte	.LELTP0-.LASLTP0
 802              	.LASLTP0:
 803 000c 01       		.byte	0x1
 804 000d 01       		.byte	0x1
 805 000e 01       		.byte	0x1
 806 000f F6       		.byte	0xf6
 807 0010 F2       		.byte	0xf2
 808 0011 0D       		.byte	0xd
 809 0012 00       		.byte	0
 810 0013 01       		.byte	0x1
 811 0014 01       		.byte	0x1
 812 0015 01       		.byte	0x1
 813 0016 01       		.byte	0x1
 814 0017 00       		.byte	0
 815 0018 00       		.byte	0
 816 0019 00       		.byte	0
 817 001a 01       		.byte	0x1
 818 001b 00       		.byte	0
 819 001c 00       		.byte	0
 820 001d 01       		.byte	0x1
 821 001e 01       		.byte	0x1
 822 001f 01       		.uleb128 0x1
 823 0020 1F       		.uleb128 0x1f
 824 0021 06       		.uleb128 0x6
 825 0022 E2000000 		.4byte	.LASF51
 826 0026 00000000 		.4byte	.LASF52
 827 002a 5E010000 		.4byte	.LASF53
 828 002e 67000000 		.4byte	.LASF54
 829 0032 9F000000 		.4byte	.LASF55
 830 0036 A0010000 		.4byte	.LASF56
 831 003a 02       		.byte	0x2
 832 003b 01       		.uleb128 0x1
 833 003c 1F       		.uleb128 0x1f
 834 003d 02       		.uleb128 0x2
 835 003e 0B       		.uleb128 0xb
 836 003f 06       		.uleb128 0x6
 837 0040 18010000 		.4byte	.LASF57
 838 0044 00       		.byte	0
 839 0045 D1000000 		.4byte	.LASF58
 840 0049 04       		.byte	0x4
 841 004a 47000000 		.4byte	.LASF59
 842 004e 05       		.byte	0x5
 843 004f 51000000 		.4byte	.LASF60
 844 0053 02       		.byte	0x2
 845 0054 5C000000 		.4byte	.LASF61
 846 0058 01       		.byte	0x1
 847 0059 57010000 		.4byte	.LASF62
 848 005d 03       		.byte	0x3
 849              	.LELTP0:
 850              	.LELT0:
 851              		.section	.gnu.debuglto_.debug_str,"eMS",%progbits,1
 852              	.LASF25:
 853 0000 52455345 		.ascii	"RESERVED4\000"
 853      52564544 
 853      3400
ARM GAS  C:\Users\PUBLIC~1.LAP\AppData\Local\Temp\cco9YxRh.s 			page 16


 854              	.LASF34:
 855 000a 4F464653 		.ascii	"OFFSET_TAB_CHMRx\000"
 855      45545F54 
 855      41425F43 
 855      484D5278 
 855      00
 856              	.LASF43:
 857 001b 7072696F 		.ascii	"prio\000"
 857      00
 858              	.LASF23:
 859 0020 49435052 		.ascii	"ICPR\000"
 859      00
 860              	.LASF39:
 861 0025 6E766963 		.ascii	"nvicSetPending\000"
 861      53657450 
 861      656E6469 
 861      6E6700
 862              	.LASF7:
 863 0034 5F5F7569 		.ascii	"__uint8_t\000"
 863      6E74385F 
 863      7400
 864              	.LASF36:
 865 003e 53484946 		.ascii	"SHIFT_TAB_ICxx\000"
 865      545F5441 
 865      425F4943 
 865      787800
 866              	.LASF31:
 867 004d 53484353 		.ascii	"SHCSR\000"
 867      5200
 868              	.LASF48:
 869 0053 443A5C30 		.ascii	"D:\\00a_liuhy\\temp126\\ChibiOS-Contrib\\demos\\ES3"
 869      30615F6C 
 869      69756879 
 869      5C74656D 
 869      70313236 
 870 0081 325C4653 		.ascii	"2\\FS026\000"
 870      30323600 
 871              	.LASF8:
 872 0089 5F5F696E 		.ascii	"__int32_t\000"
 872      7433325F 
 872      7400
 873              	.LASF6:
 874 0093 73686F72 		.ascii	"short unsigned int\000"
 874      7420756E 
 874      7369676E 
 874      65642069 
 874      6E7400
 875              	.LASF38:
 876 00a6 53484946 		.ascii	"SHIFT_TAB_OISx\000"
 876      545F5441 
 876      425F4F49 
 876      537800
 877              	.LASF18:
 878 00b5 52455345 		.ascii	"RESERVED0\000"
 878      52564544 
 878      3000
 879              	.LASF30:
ARM GAS  C:\Users\PUBLIC~1.LAP\AppData\Local\Temp\cco9YxRh.s 			page 17


 880 00bf 52455345 		.ascii	"RESERVED1\000"
 880      52564544 
 880      3100
 881              	.LASF24:
 882 00c9 52455345 		.ascii	"RESERVED3\000"
 882      52564544 
 882      3300
 883              	.LASF14:
 884 00d3 696E7433 		.ascii	"int32_t\000"
 884      325F7400 
 885              	.LASF49:
 886 00db 5F5F6675 		.ascii	"__func__\000"
 886      6E635F5F 
 886      00
 887              	.LASF44:
 888 00e4 6E766963 		.ascii	"nvicDisableVector\000"
 888      44697361 
 888      626C6556 
 888      6563746F 
 888      7200
 889              	.LASF12:
 890 00f6 6C6F6E67 		.ascii	"long long unsigned int\000"
 890      206C6F6E 
 890      6720756E 
 890      7369676E 
 890      65642069 
 891              	.LASF4:
 892 010d 756E7369 		.ascii	"unsigned char\000"
 892      676E6564 
 892      20636861 
 892      7200
 893              	.LASF47:
 894 011b 443A5C30 		.ascii	"D:\\00a_liuhy\\temp126\\ChibiOS/os/hal/ports/common"
 894      30615F6C 
 894      69756879 
 894      5C74656D 
 894      70313236 
 895 014b 2F41524D 		.ascii	"/ARMCMx/nvic.c\000"
 895      434D782F 
 895      6E766963 
 895      2E6300
 896              	.LASF26:
 897 015a 4E564943 		.ascii	"NVIC_Type\000"
 897      5F547970 
 897      6500
 898              	.LASF35:
 899 0164 53484946 		.ascii	"SHIFT_TAB_OCxx\000"
 899      545F5441 
 899      425F4F43 
 899      787800
 900              	.LASF11:
 901 0173 6C6F6E67 		.ascii	"long unsigned int\000"
 901      20756E73 
 901      69676E65 
 901      6420696E 
 901      7400
 902              	.LASF50:
ARM GAS  C:\Users\PUBLIC~1.LAP\AppData\Local\Temp\cco9YxRh.s 			page 18


 903 0185 6E766963 		.ascii	"nvicInit\000"
 903      496E6974 
 903      00
 904              	.LASF45:
 905 018e 6E766963 		.ascii	"nvicEnableVector\000"
 905      456E6162 
 905      6C655665 
 905      63746F72 
 905      00
 906              	.LASF40:
 907 019f 6E766963 		.ascii	"nvicClearPending\000"
 907      436C6561 
 907      7250656E 
 907      64696E67 
 907      00
 908              	.LASF37:
 909 01b0 53484946 		.ascii	"SHIFT_TAB_CCxP\000"
 909      545F5441 
 909      425F4343 
 909      785000
 910              	.LASF10:
 911 01bf 5F5F7569 		.ascii	"__uint32_t\000"
 911      6E743332 
 911      5F7400
 912              	.LASF19:
 913 01ca 49434552 		.ascii	"ICER\000"
 913      00
 914              	.LASF32:
 915 01cf 5343425F 		.ascii	"SCB_Type\000"
 915      54797065 
 915      00
 916              	.LASF0:
 917 01d8 756E7369 		.ascii	"unsigned int\000"
 917      676E6564 
 917      20696E74 
 917      00
 918              	.LASF21:
 919 01e5 49535052 		.ascii	"ISPR\000"
 919      00
 920              	.LASF16:
 921 01ea 63686172 		.ascii	"char\000"
 921      00
 922              	.LASF13:
 923 01ef 75696E74 		.ascii	"uint8_t\000"
 923      385F7400 
 924              	.LASF28:
 925 01f7 49435352 		.ascii	"ICSR\000"
 925      00
 926              	.LASF29:
 927 01fc 41495243 		.ascii	"AIRCR\000"
 927      5200
 928              	.LASF20:
 929 0202 52534552 		.ascii	"RSERVED1\000"
 929      56454431 
 929      00
 930              	.LASF42:
 931 020b 68616E64 		.ascii	"handler\000"
ARM GAS  C:\Users\PUBLIC~1.LAP\AppData\Local\Temp\cco9YxRh.s 			page 19


 931      6C657200 
 932              	.LASF1:
 933 0213 6C6F6E67 		.ascii	"long long int\000"
 933      206C6F6E 
 933      6720696E 
 933      7400
 934              	.LASF27:
 935 0221 43505549 		.ascii	"CPUID\000"
 935      4400
 936              	.LASF17:
 937 0227 49534552 		.ascii	"ISER\000"
 937      00
 938              	.LASF5:
 939 022c 73686F72 		.ascii	"short int\000"
 939      7420696E 
 939      7400
 940              	.LASF15:
 941 0236 75696E74 		.ascii	"uint32_t\000"
 941      33325F74 
 941      00
 942              	.LASF9:
 943 023f 6C6F6E67 		.ascii	"long int\000"
 943      20696E74 
 943      00
 944              	.LASF2:
 945 0248 6C6F6E67 		.ascii	"long double\000"
 945      20646F75 
 945      626C6500 
 946              	.LASF3:
 947 0254 7369676E 		.ascii	"signed char\000"
 947      65642063 
 947      68617200 
 948              	.LASF41:
 949 0260 6E766963 		.ascii	"nvicSetSystemHandlerPriority\000"
 949      53657453 
 949      79737465 
 949      6D48616E 
 949      646C6572 
 950              	.LASF33:
 951 027d 5F426F6F 		.ascii	"_Bool\000"
 951      6C00
 952              	.LASF22:
 953 0283 52455345 		.ascii	"RESERVED2\000"
 953      52564544 
 953      3200
 954              	.LASF46:
 955 028d 474E5520 		.ascii	"GNU C17 12.2.0 -mcpu=cortex-m0 -mthumb -mfloat-abi="
 955      43313720 
 955      31322E32 
 955      2E30202D 
 955      6D637075 
 956 02c0 736F6674 		.ascii	"soft -march=armv6s-m -ggdb -Os -fomit-frame-pointer"
 956      202D6D61 
 956      7263683D 
 956      61726D76 
 956      36732D6D 
 957 02f3 202D6661 		.ascii	" -falign-functions=16 -ffunction-sections -fdata-se"
ARM GAS  C:\Users\PUBLIC~1.LAP\AppData\Local\Temp\cco9YxRh.s 			page 20


 957      6C69676E 
 957      2D66756E 
 957      6374696F 
 957      6E733D31 
 958 0326 6374696F 		.ascii	"ctions -fno-common -flto\000"
 958      6E73202D 
 958      666E6F2D 
 958      636F6D6D 
 958      6F6E202D 
 959              		.section	.gnu.debuglto_.debug_line_str,"eMS",%progbits,1
 960              	.LASF52:
 961 0000 443A5C30 		.ascii	"D:\\00a_liuhy\\temp126\\ChibiOS-Contrib/os/common/e"
 961      30615F6C 
 961      69756879 
 961      5C74656D 
 961      70313236 
 962 0030 78742F43 		.ascii	"xt/CMSIS/ES32/FS026/md\000"
 962      4D534953 
 962      2F455333 
 962      322F4653 
 962      3032362F 
 963              	.LASF59:
 964 0047 5F737464 		.ascii	"_stdint.h\000"
 964      696E742E 
 964      6800
 965              	.LASF60:
 966 0051 636F7265 		.ascii	"core_cm0.h\000"
 966      5F636D30 
 966      2E6800
 967              	.LASF61:
 968 005c 6D645F74 		.ascii	"md_timer.h\000"
 968      696D6572 
 968      2E6800
 969              	.LASF54:
 970 0067 443A5C30 		.ascii	"D:\\00a_liuhy\\temp126\\ChibiOS/os/hal/ports/common"
 970      30615F6C 
 970      69756879 
 970      5C74656D 
 970      70313236 
 971 0097 2F41524D 		.ascii	"/ARMCMx\000"
 971      434D7800 
 972              	.LASF55:
 973 009f 643A5C71 		.ascii	"d:\\qmk_msys\\mingw64\\arm-none-eabi\\include\\mach"
 973      6D6B5F6D 
 973      7379735C 
 973      6D696E67 
 973      7736345C 
 974 00cd 696E6500 		.ascii	"ine\000"
 975              	.LASF58:
 976 00d1 5F646566 		.ascii	"_default_types.h\000"
 976      61756C74 
 976      5F747970 
 976      65732E68 
 976      00
 977              	.LASF51:
 978 00e2 443A5C30 		.ascii	"D:\\00a_liuhy\\temp126\\ChibiOS-Contrib\\demos\\ES3"
 978      30615F6C 
ARM GAS  C:\Users\PUBLIC~1.LAP\AppData\Local\Temp\cco9YxRh.s 			page 21


 978      69756879 
 978      5C74656D 
 978      70313236 
 979 0110 325C4653 		.ascii	"2\\FS026\000"
 979      30323600 
 980              	.LASF57:
 981 0118 443A5C30 		.ascii	"D:\\00a_liuhy\\temp126\\ChibiOS/os/hal/ports/common"
 981      30615F6C 
 981      69756879 
 981      5C74656D 
 981      70313236 
 982 0148 2F41524D 		.ascii	"/ARMCMx/nvic.c\000"
 982      434D782F 
 982      6E766963 
 982      2E6300
 983              	.LASF62:
 984 0157 6E766963 		.ascii	"nvic.c\000"
 984      2E6300
 985              	.LASF53:
 986 015e 443A5C30 		.ascii	"D:\\00a_liuhy\\temp126\\ChibiOS/os/common/ext/ARM/C"
 986      30615F6C 
 986      69756879 
 986      5C74656D 
 986      70313236 
 987 018e 4D534953 		.ascii	"MSIS/Core/Include\000"
 987      2F436F72 
 987      652F496E 
 987      636C7564 
 987      6500
 988              	.LASF56:
 989 01a0 643A5C71 		.ascii	"d:\\qmk_msys\\mingw64\\arm-none-eabi\\include\\sys\000"
 989      6D6B5F6D 
 989      7379735C 
 989      6D696E67 
 989      7736345C 
 990              		.text
 991              		.section	.gnu.lto_.profile.840c2f7f,"e",%progbits
 992 0000 28B52FFD 		.ascii	"(\265/\375 \0061\000\000\002\000\000\000\000\000"
 992      20063100 
 992      00020000 
 992      000000
 993              		.text
 994              		.section	.gnu.lto_.icf.840c2f7f,"e",%progbits
 995 0000 28B52FFD 		.ascii	"(\265/\375 p]\002\000t\003d\000\006\000\277\345\365"
 995      20705D02 
 995      00740364 
 995      000600BF 
 995      E5F5
 996 0012 B1070402 		.ascii	"\261\007\004\002\000\002\001\001\265\341\231\321\001"
 996      00020101 
 996      B5E199D1 
 996      01
 997 001f 08C1B1E5 		.ascii	"\010\301\261\345\206\007\003\264\207\230\337\002\002"
 997      860703B4 
 997      8798DF02 
 997      02
 998 002c 00020204 		.ascii	"\000\002\002\004\205\344\252\266\003\002\005\323\345"
ARM GAS  C:\Users\PUBLIC~1.LAP\AppData\Local\Temp\cco9YxRh.s 			page 22


 998      85E4AAB6 
 998      030205D3 
 998      E5
 999 0039 BBB80502 		.ascii	"\273\270\005\002\002\000\002\001\000\007\000\020\011"
 999      02000201 
 999      00070010 
 999      09
 1000 0046 0897D639 		.ascii	"\010\227\3269\025\350 \223\314.\244\015`\001"
 1000      15E82093 
 1000      CC2EA40D 
 1000      6001
 1001              		.text
 1002              		.section	.gnu.lto_.ipa_sra.840c2f7f,"e",%progbits
 1003 0000 28B52FFD 		.ascii	"(\265/\375 <-\001\000\2700\000\006\000\000\001\001\002"
 1003      203C2D01 
 1003      00B83000 
 1003      06000001 
 1003      0102
 1004 0012 00010201 		.ascii	"\000\001\002\001\001\003\004\005\001\000\000\000\000"
 1004      01030405 
 1004      01000000 
 1004      00
 1005 001f 01000500 		.ascii	"\001\000\005\000`\210\232\213Y\354\000\331l\000\013"
 1005      60889A8B 
 1005      59EC00D9 
 1005      6C000B
 1006              		.text
 1007              		.section	.gnu.lto_.inline.840c2f7f,"e",%progbits
 1008 0000 28B52FFD 		.ascii	"(\265/\375`q\000\215\004\000b\306\023\035\260\247\320"
 1008      6071008D 
 1008      040062C6 
 1008      131DB0A7 
 1008      D0
 1009 0011 010C250C 		.ascii	"\001\014%\014\350\002Hi\231\244\252\365b\222$\220D+"
 1009      E8024869 
 1009      99A4AAF5 
 1009      62922490 
 1009      442B
 1010 0023 A8E5B684 		.ascii	"\250\345\266\204\220-w\012#\306Z>\270`)\332\012\246"
 1010      902D770A 
 1010      23C65A3E 
 1010      B86029DA 
 1010      0AA6
 1011 0035 7F691BA0 		.ascii	"\177i\033\240a\264\035L\2456\220\037#\012\244 \304\231"
 1011      61B41D4C 
 1011      A536901F 
 1011      230AA420 
 1011      C499
 1012 0047 4F828DB6 		.ascii	"O\202\215\266\204\347\237\363\300\266M\336X\3741\272"
 1012      84E79FF3 
 1012      C0B64DDE 
 1012      58FC31BA 
 1013 0057 BB037CF2 		.ascii	"\273\003|\362X\033\000\301\352\010\200\010,\006n)#\201"
 1013      581B00C1 
 1013      EA088008 
 1013      2C066E29 
 1013      2381
ARM GAS  C:\Users\PUBLIC~1.LAP\AppData\Local\Temp\cco9YxRh.s 			page 23


 1014 0069 B002BE89 		.ascii	"\260\002\276\211\2535\300\010\023\010\325\032@\016X"
 1014      AB35C008 
 1014      1308D51A 
 1014      400E58
 1015 0078 8630DA4C 		.ascii	"\2060\332L\300\301\017\275@^0\233\202\275\240HK\350"
 1015      C0C10FBD 
 1015      405E309B 
 1015      82BDA048 
 1015      4BE8
 1016 008a CD8B5525 		.ascii	"\315\213U%\202)\206*\030d\323\036\027[\013\340\006"
 1016      8229862A 
 1016      1864D31E 
 1016      175B0BE0 
 1016      06
 1017              		.text
 1018              		.section	.gnu.lto_.jmpfuncs.840c2f7f,"e",%progbits
 1019 0000 28B52FFD 		.ascii	"(\265/\375 <U\001\000\3600\000\006\000\000\000\001\002"
 1019      203C5501 
 1019      00F03000 
 1019      06000000 
 1019      0102
 1020 0012 01010F7F 		.ascii	"\001\001\017\177\002\003\177\002\003\002\001\001\003"
 1020      02037F02 
 1020      03020101 
 1020      03
 1021 001f 04050101 		.ascii	"\004\005\001\001\003\177\002\003\000\004\000`H\315\275"
 1021      037F0203 
 1021      00040060 
 1021      48CDBD
 1022 002e 546CD840 		.ascii	"Tl\330@\033"
 1022      1B
 1023              		.text
 1024              		.section	.gnu.lto_.pureconst.840c2f7f,"e",%progbits
 1025 0000 28B52FFD 		.ascii	"(\265/\375 \027\271\000\000\023\000\000\000\006\000"
 1025      2017B900 
 1025      00130000 
 1025      000600
 1026 000f 9A04019A 		.ascii	"\232\004\001\232\004\002\232\004\003\232\004\004\232"
 1026      04029A04 
 1026      039A0404 
 1026      9A
 1027 001c 04059A04 		.ascii	"\004\005\232\004"
 1028              		.text
 1029              		.section	.gnu.lto_.ipa_modref.840c2f7f,"e",%progbits
 1030 0000 28B52FFD 		.ascii	"(\265/\375 \222\265\001\000\310\206\000\006\000\001"
 1030      2092B501 
 1030      00C88600 
 1030      060001
 1031 000f 02040001 		.ascii	"\002\004\000\001\002\005\001\000\000\006\001\006\002"
 1031      02050100 
 1031      00060106 
 1031      02
 1032 001c 03060604 		.ascii	"\003\006\006\004\005\006\000\014\000K`\000\353\216a"
 1032      0506000C 
 1032      004B6000 
 1032      EB8E61
 1033 002b 227801F4 		.ascii	"\"x\001\364\201\201\365\\\335\262m\346\006\2326\201"
ARM GAS  C:\Users\PUBLIC~1.LAP\AppData\Local\Temp\cco9YxRh.s 			page 24


 1033      8181F55C 
 1033      DDB26DE6 
 1033      069A3681 
 1034 003b 81378005 		.ascii	"\2017\200\005"
 1035              		.text
 1036              		.section	.gnu.lto_.lto.840c2f7f,"e",%progbits
 1037 0000 0C000000 		.ascii	"\014\000\000\000\001\000\001\000"
 1037      01000100 
 1038              		.text
 1039              		.section	.gnu.lto_nvicInit.2996.840c2f7f,"e",%progbits
 1040 0000 28B52FFD 		.ascii	"(\265/\375`\324\001\345\020\000\206\335mI\320\262*\035"
 1040      60D401E5 
 1040      100086DD 
 1040      6D49D0B2 
 1040      2A1D
 1041 0012 92438208 		.ascii	"\222C\202\010e\347\021\025\242q\034\324\037\3636\017"
 1041      65E71115 
 1041      A2711CD4 
 1041      1FF3360F 
 1042 0022 1600403D 		.ascii	"\026\000@=,\311\030C6\227\252\310\025\2447\261f\241"
 1042      2CC91843 
 1042      3697AAC8 
 1042      15A437B1 
 1042      66A1
 1043 0034 98682A5F 		.ascii	"\230h*_S|`\335\007\366\3070\2207\260c\227\006,\304S"
 1043      537C60DD 
 1043      07F6C730 
 1043      9037B063 
 1043      97062CC4 
 1044 0049 5ADEAB1C 		.ascii	"Z\336\253\034U~\303\201X\262\311\336)\005R\000U\000"
 1044      557EC381 
 1044      58B2C9DE 
 1044      29055200 
 1044      5500
 1045 005b 5900A317 		.ascii	"Y\000\243\027\000_\277\017\000_-\263w\234\244\2609j"
 1045      005FBF0F 
 1045      005F2DB3 
 1045      779CA4B0 
 1045      396A
 1046 006d F804D95D 		.ascii	"\370\004\331]\221\242\360\377\221\3677e\257\037\235"
 1046      91A2F0FF 
 1046      91F73765 
 1046      AF1F9D
 1047 007c 325F54C2 		.ascii	"2_T\302\035\301\011\241\232m\366\372\215v\227\304\006"
 1047      1DC109A1 
 1047      9A6DF6FA 
 1047      8D7697C4 
 1047      06
 1048 008d E21BCD11 		.ascii	"\342\033\315\0216\332\374xhN\257\273\202\232\262f\243"
 1048      36DAFC78 
 1048      684EAFBB 
 1048      829AB266 
 1048      A3
 1049 009e F9149576 		.ascii	"\371\024\225v\327\263f3q\203\267\355\262}\301\236_O"
 1049      D7B36633 
 1049      7183B7ED 
 1049      B27DC19E 
ARM GAS  C:\Users\PUBLIC~1.LAP\AppData\Local\Temp\cco9YxRh.s 			page 25


 1049      5F4F
 1050 00b0 B119E790 		.ascii	"\261\031\347\220\317\273\021\264s\310&g\223\336\354"
 1050      CFBB11B4 
 1050      73C82667 
 1050      93DEEC
 1051 00bf CFDD9D99 		.ascii	"\317\335\235\231\346\330\317\335\007C\0368T\034(wI\224"
 1051      E6D8CFDD 
 1051      07431E38 
 1051      541C2877 
 1051      4994
 1052 00d1 4316A8DA 		.ascii	"C\026\250\332\330y\356\267/\232\235\374\026\276\316"
 1052      D879EEB7 
 1052      2F9A9DFC 
 1052      16BECE
 1053 00e0 23A23157 		.ascii	"#\2421W\313\331\261\020\276\3768\217\200AN+\316B\366"
 1053      CBD9B110 
 1053      BEFE388F 
 1053      80414E2B 
 1053      CE42F6
 1054 00f3 9E58382B 		.ascii	"\236X8+Q\"\202\246\323c\227\\\360j\011\341ks\350\337"
 1054      512282A6 
 1054      D363975C 
 1054      F06A09E1 
 1054      6B73E8DF 
 1055 0107 EEEE476F 		.ascii	"\356\356Go\217\201\317}\224 \304O\320\306\370\014\015"
 1055      8F81CF7D 
 1055      9420C44F 
 1055      D0C6F80C 
 1055      0D
 1056 0118 97F1A3A4 		.ascii	"\227\361\243\244,\313\3621\320\366\311\373\300\010\364"
 1056      2CCBF231 
 1056      D0F6C9FB 
 1056      C008F4
 1057 0127 766F50EC 		.ascii	"voP\354\230\303\350\020\356\336\220^|'\023\240\227\342"
 1057      98C3E810 
 1057      EEDE905E 
 1057      7C2713A0 
 1057      97E2
 1058 0139 956469BB 		.ascii	"\225di\273\375\314g\300W\003= \273Y\304\223\347\203"
 1058      FDCC67C0 
 1058      57033D20 
 1058      BB59C493 
 1058      E783
 1059 014b 527A73F1 		.ascii	"Rzs\361\347\276b3\352\376\361\340\354\317c\340{\002"
 1059      E7BE6233 
 1059      EAFEF1E0 
 1059      ECCF63E0 
 1059      7B02
 1060 015d AC9B9462 		.ascii	"\254\233\224bq\320\222\222\001\305D\200\353V\231\250"
 1060      71D09292 
 1060      01C54480 
 1060      EB5699A8 
 1061 016d 581C5CA2 		.ascii	"X\034\\\242\007\025\223J\205\010\242\353\325j\275T\""
 1061      0715934A 
 1061      8508A2EB 
 1061      D56ABD54 
 1061      22
ARM GAS  C:\Users\PUBLIC~1.LAP\AppData\Local\Temp\cco9YxRh.s 			page 26


 1062 017e 0C66C3EB 		.ascii	"\014f\303\353EtI\255D\330K\\\231\300ba\255L(R\003\006"
 1062      457449AD 
 1062      44D84B5C 
 1062      99C06261 
 1062      AD4C2852 
 1063 0194 2FAD1618 		.ascii	"/\255\026\030\224\314*\206\345\202!ur\202zp\202@\356"
 1063      94CC2A86 
 1063      E5822175 
 1063      72827A70 
 1063      8240EE
 1064 01a7 710F7944 		.ascii	"q\017yD\200F:\272\322\233\001\350\320\323x\255\2315"
 1064      80463ABA 
 1064      D29B01E8 
 1064      D0D378AD 
 1064      9935
 1065 01b9 53938E0F 		.ascii	"S\223\216\017S\210\020\016-\215\001* p\002!\033\353"
 1065      5388100E 
 1065      2D8D012A 
 1065      20700221 
 1065      1BEB
 1066 01cb 01439B28 		.ascii	"\001C\233(\014\010\303\\\011\333\035\2209\353\367\213"
 1066      0C08C35C 
 1066      09DB1D90 
 1066      39EBF78B 
 1067 01db C565195B 		.ascii	"\305e\031[\303\230\302.\214WwD\357\330RB\257\012\310"
 1067      C398C22E 
 1067      8C577744 
 1067      EFD85242 
 1067      AF0AC8
 1068 01ee C12A9CF0 		.ascii	"\301*\234\3607\012c\011\344\010\233\301\237\254\243"
 1068      370A6309 
 1068      E4089BC1 
 1068      9FACA3
 1069 01fd 67955614 		.ascii	"g\225V\024\324HE\360\026\345{\243FS?\200\306\352:\007"
 1069      D44845F0 
 1069      16E57BA3 
 1069      46533F80 
 1069      C6EA3A07 
 1070 0211 F47E629B 		.ascii	"\364~b\233\341\276<\007\224\"\320\301n\335\026\303'"
 1070      E1BE3C07 
 1070      9422D0C1 
 1070      6EDD16C3 
 1070      27
 1071 0222 E5CE659E 		.ascii	"\345\316e\236"
 1072              		.text
 1073              		.section	.gnu.lto_nvicEnableVector.2997.840c2f7f,"e",%progbits
 1074 0000 28B52FFD 		.ascii	"(\265/\375`(\002\345\021\000V uF\300\224J:q`\317\247"
 1074      602802E5 
 1074      11005620 
 1074      7546C094 
 1074      4A3A7160 
 1075 0016 8EEEC49C 		.ascii	"\216\356\304\234\034\027El\375d\025Px)\375\177f\363"
 1075      1C17456C 
 1075      FD641550 
 1075      7829FD7F 
 1075      66F3
 1076 0028 ACEDE4BF 		.ascii	"\254\355\344\277\323\024\023\243\025\244\341\015!\345"
ARM GAS  C:\Users\PUBLIC~1.LAP\AppData\Local\Temp\cco9YxRh.s 			page 27


 1076      D31413A3 
 1076      15A4E10D 
 1076      21E5
 1077 0036 12AB06DD 		.ascii	"\022\253\006\335\372\373\363\315T\230?\350\347\034\362"
 1077      FAFBF3CD 
 1077      54983FE8 
 1077      E71CF2
 1078 0045 E9EF0214 		.ascii	"\351\357\002\024+\213dm\277\221\266\011\2212\245\\\000"
 1078      2B8B646D 
 1078      BF91B609 
 1078      9132A55C 
 1078      00
 1079 0056 53006700 		.ascii	"S\000g\000U\273\037\222l-VGu\302\366av\364\001\245\243"
 1079      55BB1F92 
 1079      6C2D5647 
 1079      75C2F661 
 1079      76F401A5 
 1080 006b 82F72E5A 		.ascii	"\202\367.Z\315<\355\253\370\212\331\237:\370\265\013"
 1080      CD3CEDAB 
 1080      F88AD99F 
 1080      3AF8B50B 
 1081 007b 15636AD7 		.ascii	"\025cj\327f\300\017\274w\004. \276\343\016 \276\363"
 1081      66C00FBC 
 1081      77042E20 
 1081      BEE30E20 
 1081      BEF3
 1082 008d CC1E729B 		.ascii	"\314\036r\233\204\345\021\304\203\221\335\375\264\304"
 1082      84E511C4 
 1082      8391DDFD 
 1082      B4C4
 1083 009b 67CF997F 		.ascii	"g\317\231\177\026\177!%\025=]\015v\327\211\224\004\342"
 1083      167F2125 
 1083      153D5D0D 
 1083      76D78994 
 1083      04E2
 1084 00ad D6DB5EB1 		.ascii	"\326\333^\261m\301\316\021\001&\336\305\366(j?\364\241"
 1084      6DC1CE11 
 1084      0126DEC5 
 1084      F6286A3F 
 1084      F4A1
 1085 00bf F82EB545 		.ascii	"\370.\265E\010UT\336\234g\2111\275vU\264\333Q\336|\030"
 1085      085554DE 
 1085      9C678931 
 1085      BD7655B4 
 1085      DB51DE7C 
 1086 00d4 297A6C1E 		.ascii	")zl\036\261mE\251$\354s\253M\366\241\376\224?\3751M"
 1086      B16D45A9 
 1086      24EC73AB 
 1086      4DF6A1FE 
 1086      943FFD31 
 1087 00e9 9F64DA24 		.ascii	"\237d\332$\323\260L\227d\372\225i/\323.MGMw\231\346"
 1087      D3B04C97 
 1087      64FA9569 
 1087      2FD32E4D 
 1087      474D7799 
 1088 00fe 32AD99CE 		.ascii	"2\255\231\316L?\300\012\221\003\011\264\333\000\230"
 1088      4C3FC00A 
ARM GAS  C:\Users\PUBLIC~1.LAP\AppData\Local\Temp\cco9YxRh.s 			page 28


 1088      910309B4 
 1088      DB0098
 1089 010d 723F6A4A 		.ascii	"r?jJ-JtF\210\342$C\263\364\012\251\310K]Z\242\021\307"
 1089      2D4A7446 
 1089      88E22443 
 1089      B3F40AA9 
 1089      C84B5D5A 
 1090 0124 528E5A88 		.ascii	"R\216Z\210#O_\032\221\244\250\247DK;\324\245Q\253\246"
 1090      234F5F1A 
 1090      91A4A8A7 
 1090      444B3BD4 
 1090      A551ABA6 
 1091 0138 D4695497 		.ascii	"\324iT\227TM\204Q\336\314\351\223\334V\261S\025)\332"
 1091      544D8451 
 1091      DECCE993 
 1091      DC56B153 
 1091      1529DA
 1092 014b 967796A8 		.ascii	"\226w\226\250\312\351i(TU\345\252\246d\233\350/\302"
 1092      CAE96928 
 1092      5455E5AA 
 1092      A6649BE8 
 1092      2FC2
 1093 015d 96AC5DA6 		.ascii	"\226\254]\246\030;\303\243\200\274]&\030\333]\010\025"
 1093      183BC3A3 
 1093      80BC5D26 
 1093      18DB5D08 
 1093      15
 1094 016e 700A21F8 		.ascii	"p\012!\370\343\303\031\306\346&A\216\002\235\030\227"
 1094      E3C319C6 
 1094      E626418E 
 1094      029D1897 
 1095 017e 949E1BC7 		.ascii	"\224\236\033\307\005\007\324\320\363m\240\221\241\231"
 1095      0507D4D0 
 1095      F36DA091 
 1095      A199
 1096 018c E0E0EB09 		.ascii	"\340\340\353\011e\262\020\347\003\012\372\011}>\036"
 1096      65B210E7 
 1096      030AFA09 
 1096      7D3E1E
 1097 019b 9B9D0F28 		.ascii	"\233\235\017(\374(D\000o\300\035\231\032\030\004\007"
 1097      FC284400 
 1097      6FC01D99 
 1097      1A180407 
 1098 01ab 7C643941 		.ascii	"|d9A5\034v\204@\236\0136//5\013f\030\330\366\334j\223"
 1098      351C7684 
 1098      409E0B36 
 1098      2F2F350B 
 1098      6618D8F6 
 1099 01c2 215C6119 		.ascii	"!\\a\031\251\321\015\360T6Nt>\025\242dax\015\031\015"
 1099      A9D10DF0 
 1099      54364E74 
 1099      3E15A264 
 1099      61780D19 
 1100 01d7 98FE4455 		.ascii	"\230\376DU\253\213\251\211fU. \260\002\021\253\352\001"
 1100      AB8BA989 
 1100      66552E20 
 1100      B00211AB 
ARM GAS  C:\Users\PUBLIC~1.LAP\AppData\Local\Temp\cco9YxRh.s 			page 29


 1100      EA01
 1101 01e9 433B7120 		.ascii	"C;q tcb\214\035JrS\214\317\300\335\315.8\226\255\014"
 1101      7463628C 
 1101      1D4A7253 
 1101      8CCFC0DD 
 1101      CD2E3896 
 1102 01ff 1E9D6053 		.ascii	"\036\235`S\303zD\364\010\341\326\314]\350\260F\277\267"
 1102      C37A44F4 
 1102      08E1D6CC 
 1102      5DE8B046 
 1102      BFB7
 1103 0211 12BFE804 		.ascii	"\022\277\350\004\220\353\367EU\022H\233=7P\177\215\301"
 1103      90EBF745 
 1103      5512489B 
 1103      3D37507F 
 1103      8DC1
 1104 0223 3B043BE7 		.ascii	";\004;\347% \205\352\030L\0015\022=\350\026\212;\321"
 1104      252085EA 
 1104      184C0135 
 1104      123DE816 
 1104      8A3BD1
 1105 0236 FA3EC4CC 		.ascii	"\372>\304\314\241\032\226!.\316\024\361\360\242\315"
 1105      A11A9621 
 1105      2ECE14F1 
 1105      F0A2CD
 1106 0245 64       		.ascii	"d"
 1107              		.text
 1108              		.section	.gnu.lto_nvicDisableVector.2998.840c2f7f,"e",%progbits
 1109 0000 28B52FFD 		.ascii	"(\265/\375`\303\001M\020\000f\035kG\340\262(\035\205"
 1109      60C3014D 
 1109      1000661D 
 1109      6B47E0B2 
 1109      281D85
 1110 0013 09200044 		.ascii	"\011 \000Dx\027\253\2301V\262\320\274\366\374\257P("
 1110      7817AB98 
 1110      3156B2D0 
 1110      BCF6FCAF 
 1110      5028
 1111 0025 076C0747 		.ascii	"\007l\007G\226\244\3314\024\260\015\245\357\2638\261"
 1111      96A4D934 
 1111      14B00DA5 
 1111      EFB338B1 
 1112 0035 D11EBC8B 		.ascii	"\321\036\274\213\367\330\202K\306Q\322\201\207\270i"
 1112      F7D8824B 
 1112      C651D281 
 1112      87B869
 1113 0044 501DBBD0 		.ascii	"P\035\273\320\202\016\350\3603S\373\277mB\244L)Q\000"
 1113      820EE8F0 
 1113      3353FBBF 
 1113      6D42A44C 
 1113      295100
 1114 0057 4D005A00 		.ascii	"M\000Z\000ED\013\364\371\250\260\375\223\035sT\236\366"
 1114      45440BF4 
 1114      F9A8B0FD 
 1114      931D7354 
 1114      9EF6
 1115 0069 5BDC45EC 		.ascii	"[\334E\3548\037\\\332\205\241\323\263\233K\340\010\244"
ARM GAS  C:\Users\PUBLIC~1.LAP\AppData\Local\Temp\cco9YxRh.s 			page 30


 1115      381F5CDA 
 1115      85A1D3B3 
 1115      9B4BE008 
 1115      A4
 1116 007a 7F052E20 		.ascii	"\177\005. \376\363\036 \376s\314\346\361\034\205\315"
 1116      FEF31E20 
 1116      FE73CCE6 
 1116      F11C85CD 
 1117 008a B19BF163 		.ascii	"\261\233\361cwA5\361\3303\346\377\305K\266[\315s\204"
 1117      774135F1 
 1117      D833E6FF 
 1117      C54BB65B 
 1117      CD7384
 1118 009d B2BB4EDB 		.ascii	"\262\273N\333-\304\255\267m\300\366\005;Q\002<\266!"
 1118      2DC4ADB7 
 1118      6DC0F605 
 1118      3B51023C 
 1118      B621
 1119 00af 9D5E557D 		.ascii	"\235^U}\320\210\276\373F<ij\376\320v\004>\022Oz\365"
 1119      D088BEFB 
 1119      463C696A 
 1119      FED07604 
 1119      3E124F7A 
 1120 00c4 826AB859 		.ascii	"\202j\270Y\356\374\234\"\035\233@\354\\Mj\011\373\336"
 1120      EEFC9C22 
 1120      1D9B40EC 
 1120      5C4D6A09 
 1120      FBDE
 1121 00d6 EA8D7D9C 		.ascii	"\352\215}\234\377\224i\223\246K\232&ez\224\351\230\351"
 1121      FF946993 
 1121      A64B9A26 
 1121      657A94E9 
 1121      98E9
 1122 00e8 2FD39EA6 		.ascii	"/\323\236\2465\323\231\351\213  \361\035A\273 \0021"
 1122      35D399E9 
 1122      8B2020F1 
 1122      1D41BB20 
 1122      0231
 1123 00fa 486D842C 		.ascii	"Hm\204,w\036\351\213H:\012B#\"}$F\035\351i+4\352\200"
 1123      771EE98B 
 1123      483A0A42 
 1123      23227D24 
 1123      461DE969 
 1124 0112 9F1ACEF6 		.ascii	"\237\032\316\366\314wB\222\023\255\353\270\034\370\224"
 1124      CC774292 
 1124      13ADEBB8 
 1124      1CF894
 1125 0121 04854F7A 		.ascii	"\004\205Oz\372\361\320v3\0215\\\247\261sS\265\355\341"
 1125      FAF1D076 
 1125      3311355C 
 1125      A7B17353 
 1125      B5EDE1
 1126 0134 32C210A1 		.ascii	"2\302\020\241]\233\023[\303u0\322\256\015*\367\0302"
 1126      5D9B135B 
 1126      C37530D2 
 1126      AE0D2AF7 
 1126      1832
ARM GAS  C:\Users\PUBLIC~1.LAP\AppData\Local\Temp\cco9YxRh.s 			page 31


 1127 0146 2A94E21F 		.ascii	"*\224\342\037\200\235\351\3664\247\211\3774F\251X\030"
 1127      809DE9F6 
 1127      34A789FF 
 1127      3446A958 
 1127      18
 1128 0157 B434C870 		.ascii	"\2644\310pR\"\362\272W%\253\326\314\013\344\260\222"
 1128      5222F2BA 
 1128      5725ABD6 
 1128      CC0BE4B0 
 1128      92
 1129 0168 B2520102 		.ascii	"\262R\001\002\370\012]\256p\005\302b6\2040\340\213\212"
 1129      F80A5DAE 
 1129      7005C262 
 1129      368430E0 
 1129      8B8A
 1130 017a 05C242D0 		.ascii	"\005\302B\320\302\204\026K\213\225\222B-P\000\343j\211"
 1130      C284164B 
 1130      8B959242 
 1130      2D5000E3 
 1130      6A89
 1131 018c 497560C9 		.ascii	"Iu`\311\264^0\250LLR\016T\036\344\366\336\352\215%\260"
 1131      B45E30A8 
 1131      4C4C520E 
 1131      541EE4F6 
 1131      DEEA8D25 
 1132 01a1 0092A9CC 		.ascii	"\000\222\251\314&\355\011Cl\270(\016\333PI?5i\354Q\303"
 1132      26ED0943 
 1132      6CB8280E 
 1132      DB50493F 
 1132      3569EC51 
 1133 01b6 69490326 		.ascii	"iI\003& p\002\021T\325\003C\2338\016\235\217\261(\016"
 1133      20700211 
 1133      54D50343 
 1133      9B380E9D 
 1133      8FB1280E 
 1134 01ca EFF8B5C0 		.ascii	"\357\370\265\300\006*\001,\220\340\253{\014\3126\347"
 1134      062A012C 
 1134      90E0AB7B 
 1134      0CCA36E7 
 1135 01da 260ABA70 		.ascii	"&\012\272p\275\016\030\371\334\207\244\016\301v\276"
 1135      BD0E18F9 
 1135      DC87A40E 
 1135      C176BE
 1136 01e9 A56572C1 		.ascii	"\245er\301b\274?8J\220a\001\365`Z\270\340\366\354\026"
 1136      62BC3F38 
 1136      4A906101 
 1136      F5605AB8 
 1136      E0F6EC16 
 1137 01fd 552F16B7 		.ascii	"U/\026\267 \367?k\015\207\261x\301Fk8E<\274h\037\031"
 1137      20F73F6B 
 1137      0D87B178 
 1137      C1466B38 
 1137      453CBC68 
 1138              		.text
 1139              		.section	.gnu.lto_nvicSetSystemHandlerPriority.2999.840c2f7f,"e",%progbits
 1140 0000 28B52FFD 		.ascii	"(\265/\375`\266\001\005\021\000\306_sH\320\360(\035"
 1140      60B60105 
ARM GAS  C:\Users\PUBLIC~1.LAP\AppData\Local\Temp\cco9YxRh.s 			page 32


 1140      1100C65F 
 1140      7348D0F0 
 1140      281D
 1141 0012 112329F0 		.ascii	"\021#)\360\253+D]\240\327\350t\354\223s\260\016?\332"
 1141      AB2B445D 
 1141      A0D7E874 
 1141      EC9373B0 
 1141      0E3FDA
 1142 0025 FA17BA00 		.ascii	"\372\027\272\000\367d\015\010.\203\266m\267\037D\005"
 1142      F7640D08 
 1142      2E83B66D 
 1142      B71F4405 
 1143 0035 8568A62F 		.ascii	"\205h\246/t\216\034\307Rb\224@+z\010g\010\351\025\252"
 1143      748E1CC7 
 1143      52629440 
 1143      2B7A0867 
 1143      08E915AA 
 1144 0049 A7C638B3 		.ascii	"\247\3068\263\375o\373\204lB\244L)Z\000R\000_\000\""
 1144      FD6FFB84 
 1144      6C42A44C 
 1144      295A0052 
 1144      005F0022 
 1145 005d 764BB3E8 		.ascii	"vK\263\350\013Ra\373([\222\350\321e\010\377\311\020"
 1145      0B5261FB 
 1145      285B92E8 
 1145      D16508FF 
 1145      C910
 1146 006f 2357FB2C 		.ascii	"#W\373,\336\302v\036\0206\315\331s\243\306\2349\005"
 1146      DEC2761E 
 1146      1036CDD9 
 1146      73A3C69C 
 1146      3905
 1147 0081 9E10FE33 		.ascii	"\236\020\3763\360\001\362\237w\001\362\237m6\216\347"
 1147      F001F29F 
 1147      7701F29F 
 1147      6D368EE7 
 1148 0091 2C4C23A1 		.ascii	",L#\241\037\2459\247\270'n\273\332\374\273\270i\206"
 1148      1FA539A7 
 1148      B8276EBB 
 1148      DAFCBBB8 
 1148      6986
 1149 00a3 06E60A46 		.ascii	"\006\346\012F\230sZghF\334{\333\010l\227\330\352\012"
 1149      98735A67 
 1149      6846DC7B 
 1149      DB086C97 
 1149      D8EA0A
 1150 00b6 FB9B6EB7 		.ascii	"\373\233n\267\333)\335%\275\375\366\267\033\326]\362"
 1150      DB29DD25 
 1150      BDFDF6B7 
 1150      1BD65DF2 
 1151 00c6 EBAD04C2 		.ascii	"\353\255\004\302\325\310\250\316'$\243\003\217Ad4U\207"
 1151      D5C8A8CE 
 1151      2724A303 
 1151      8F416434 
 1151      5587
 1152 00d8 9D83D135 		.ascii	"\235\203\3215a\337\233\233c\253\232\245\352\225\252"
 1152      61DF9B9B 
ARM GAS  C:\Users\PUBLIC~1.LAP\AppData\Local\Temp\cco9YxRh.s 			page 33


 1152      63AB9AA5 
 1152      EA95AA
 1153 00e7 55AA4EAD 		.ascii	"U\252N\255\032\265\352\223\252M\252\016U\015\252Z\252"
 1153      1AB5EA93 
 1153      AA4DAA0E 
 1153      550DAA5A 
 1153      AA
 1154 00f8 FA53B5F7 		.ascii	"\372S\265\367\236\177\317\363?\2007\224\243u4g\252]"
 1154      9E7FCFF3 
 1154      3F803794 
 1154      A3753467 
 1154      AA5D
 1155 010a 2D982477 		.ascii	"-\230$wU{\233\235!\324\202\233\332\326\321\242\266\225"
 1155      557B9B9D 
 1155      21D4829B 
 1155      DAD6D1A2 
 1155      B695
 1156 011c 84B38951 		.ascii	"\204\263\211Q\235M\373\335M$OK \351\266\024\336%\303"
 1156      9D4DFBDD 
 1156      4D244F4B 
 1156      20E9B614 
 1156      DE25C3
 1157 012f 35ED6F2B 		.ascii	"5\355o+6\334\002@\270\032\333\265\303\030At\346\304"
 1157      36DC0240 
 1157      B81ADBB5 
 1157      C3184174 
 1157      E6C4
 1158 0141 09B139FC 		.ascii	"\011\2619\374\207%\234\023\347\345\363\027.\011tR\374"
 1158      87259C13 
 1158      E7E5F317 
 1158      2E097452 
 1158      FC
 1159 0152 5B4D191B 		.ascii	"[M\031\033\363/\177\221\377\300\005A\021\344\243:\353"
 1159      F32F7F91 
 1159      FFC00541 
 1159      11E4A33A 
 1159      EB
 1160 0163 5DF25B19 		.ascii	"]\362[\031#\255\266\342\371\0253ip\342`C\210\007\200"
 1160      23ADB6E2 
 1160      F9153369 
 1160      70E26043 
 1160      880780
 1161 0176 DA098A06 		.ascii	"\332\011\212\006\225\330\014\264\314CF\353\240\"z \021"
 1161      95D80CB4 
 1161      CC4346EB 
 1161      A0227A20 
 1161      11
 1162 0187 21B92041 		.ascii	"!\271 AT\031SRF\231\310\322R\033WD\224\330Ld\031E\014"
 1162      54195352 
 1162      4699C8D2 
 1162      521B5744 
 1162      94D84C64 
 1163 019e 156826B4 		.ascii	"\025h&\264\231\010\354\305`\301J\312I\013\354\303\314"
 1163      9908ECC5 
 1163      60C14ACA 
 1163      490BECC3 
 1163      CC
ARM GAS  C:\Users\PUBLIC~1.LAP\AppData\Local\Temp\cco9YxRh.s 			page 34


 1164 01af 85865212 		.ascii	"\205\206R\022\373\370\200=\240\000!7\357\315\315\361"
 1164      FBF8803D 
 1164      A0002137 
 1164      EFCDCDF1 
 1165 01bf C88EA298 		.ascii	"\310\216\242\230\2151kg\214,\031\353\011\315 \2556\265"
 1165      8D316B67 
 1165      8C2C19EB 
 1165      09CD20AD 
 1165      36B5
 1166 01d1 AC056F76 		.ascii	"\254\005ovh\340J\310\004! p\002\2413\272\001\011\023"
 1166      68E04AC8 
 1166      04212070 
 1166      02A133BA 
 1166      010913
 1167 01e4 E7D0E6C5 		.ascii	"\347\320\346\305\340\021\347w(N\311`\377,\210\365\375"
 1167      E011E777 
 1167      284EC960 
 1167      FF2C88F5 
 1167      FD
 1168 01f5 A28C7327 		.ascii	"\242\214s'\003\177\017\036\3159\0046\331\304\275.\234"
 1168      037F0F1E 
 1168      CD390436 
 1168      D9C4BD2E 
 1168      9C
 1169 0206 D9C1B230 		.ascii	"\331\301\2620)\267w\321\032-\242\216C\300K\014\203w"
 1169      29B777D1 
 1169      1A2DA28E 
 1169      43C04B0C 
 1169      8377
 1170 0218 C3D2B6E1 		.ascii	"\303\322\266\341d\032/#\033\367\202M\021\017/\332L\006"
 1170      641A2F23 
 1170      1BF7824D 
 1170      110F2FDA 
 1170      4C06
 1171              		.text
 1172              		.section	.gnu.lto_nvicClearPending.3000.840c2f7f,"e",%progbits
 1173 0000 28B52FFD 		.ascii	"(\265/\375`\261\000\005\014\000FWVC\360r\225\016\244"
 1173      60B10005 
 1173      0C004657 
 1173      5643F072 
 1173      950EA4
 1174 0013 7031EB88 		.ascii	"p1\353\210\021h\245N\334s\307\001+z\207;9\035\025%\326"
 1174      1168A54E 
 1174      DC73C701 
 1174      2B7A873B 
 1174      391D1525 
 1175 0028 CD1C90FA 		.ascii	"\315\034\220\372\277\255\005\331\201\227\316\300\352"
 1175      BFAD05D9 
 1175      8197CEC0 
 1175      EA
 1176 0035 462D7B35 		.ascii	"F-{5\020\355>;\2515\224\300\027\3038z\362\236\364\364"
 1176      10ED3E3B 
 1176      A93594C0 
 1176      17C3387A 
 1176      F29EF4F4 
 1177 0049 B5D10ED9 		.ascii	"\265\321\016\331D\312\224\002@\000=\000B\000\337OF\030"
 1177      44CA9402 
ARM GAS  C:\Users\PUBLIC~1.LAP\AppData\Local\Temp\cco9YxRh.s 			page 35


 1177      40003D00 
 1177      4200DF4F 
 1177      4618
 1178 005b B30BA3C6 		.ascii	"\263\013\243\306\215]\260\201-\\\036\021\334\300\366"
 1178      8D5DB081 
 1178      2D5C1E11 
 1178      DCC0F6
 1179 006a A8BDC0F6 		.ascii	"\250\275\300\366\350\317\366q0\303\252\364\230\021d"
 1179      E8CFF671 
 1179      30C3AAF4 
 1179      981164
 1180 0079 77394DF1 		.ascii	"w9M\361\357\371\371\177q\214\214\344\365\004@aw\235"
 1180      EFF9F97F 
 1180      718C8CE4 
 1180      F5044061 
 1180      779D
 1181 008b 329212B7 		.ascii	"2\222\022\267\336v\002\333\034\354g\002_\260E\275j("
 1181      DE7602DB 
 1181      1CEC6702 
 1181      5FB045BD 
 1181      6A28
 1182 009d 23266219 		.ascii	"#&b\031\3726N\250l\012\261\301W*\012\373\332\252\211"
 1182      FA364EA8 
 1182      6C0AB1C1 
 1182      572A0AFB 
 1182      DAAA89
 1183 00b0 FD933F66 		.ascii	"\375\223?fZ\313\264j:3\375\213\202\034\347\261c\227"
 1183      5ACBB46A 
 1183      3A33FD8B 
 1183      821CE7B1 
 1183      6397
 1184 00c2 C490964D 		.ascii	"\304\220\226M\2118V\330~\000;\002\361<\355\267\270\213"
 1184      893856D8 
 1184      7E003B02 
 1184      F13CEDB7 
 1184      B88B
 1185 00d4 6ADBF599 		.ascii	"j\333\365\2317\200e\267\204c\177\270\014\325e\267d\023"
 1185      378065B7 
 1185      84637FB8 
 1185      0CD565B7 
 1185      6413
 1186 00e6 E3204B59 		.ascii	"\343 KYT<\012\330\330l\337zk{T\032\262\037\263\014\235"
 1186      543C0AD8 
 1186      D86CDF7A 
 1186      6B7B541A 
 1186      B21FB30C 
 1187 00fb AAA9AE8C 		.ascii	"\252\251\256\214\204\260\014\035o\035[T\325D\021\011"
 1187      84B00C1D 
 1187      6F1D5B54 
 1187      D5441109 
 1188 010b 95C15375 		.ascii	"\225\301SuE\244%\226\241\017\004\336\204D\020H\021<"
 1188      45A42596 
 1188      A10F04DE 
 1188      84441048 
 1188      113C
 1189 011d 70320450 		.ascii	"p2\004P\367(3\352B\2408\327\247\363\321P\201Cy\247\223"
 1189      F72833EA 
ARM GAS  C:\Users\PUBLIC~1.LAP\AppData\Local\Temp\cco9YxRh.s 			page 36


 1189      42A038D7 
 1189      A7F3D150 
 1189      814379A7 
 1190 0132 37E2542B 		.ascii	"7\342T+\020^\2123\205J\234\312\3436`\350D]\251\003\332"
 1190      105E8A33 
 1190      854A9CCA 
 1190      E33660E8 
 1190      445DA903 
 1191 0147 3C70903A 		.ascii	"<p\220:\221V \021%Vg\352\020\322h@\022<\023\300\275"
 1191      91562011 
 1191      255667EA 
 1191      10D26840 
 1191      123C13C0 
 1192 015c B66AE20B 		.ascii	"\266j\342\013,R`\012\263\026\015\000C\313D\231\241\263"
 1192      2C52600A 
 1192      B3160D00 
 1192      43CB4499 
 1192      A1B3
 1193 016e 0A2C5C3C 		.ascii	"\012,\\<\236(\374\017d\245\211\207\240nqM\354\305\004"
 1193      9E28FC0F 
 1193      64A58987 
 1193      A06E714D 
 1193      ECC504
 1194 0181 6DAD468B 		.ascii	"m\255F\213;\274h'\031"
 1194      3BBC6827 
 1194      19
 1195              		.text
 1196              		.section	.gnu.lto_nvicSetPending.3001.840c2f7f,"e",%progbits
 1197 0000 28B52FFD 		.ascii	"(\265/\375`\261\000\005\014\000FWVC\360r\225\016\244"
 1197      60B10005 
 1197      0C004657 
 1197      5643F072 
 1197      950EA4
 1198 0013 B0B0D251 		.ascii	"\260\260\322QB\221T\031\234\016\214\035$V\0167\313\217"
 1198      42915419 
 1198      9C0E8C1D 
 1198      24560E37 
 1198      CB8F
 1199 0025 1785B91C 		.ascii	"\027\205\271\034\212H\370\277Y\015\262\003/\235\201"
 1199      8A48F8BF 
 1199      590DB203 
 1199      2F9D81
 1200 0034 D58D5AF6 		.ascii	"\325\215Z\366j \332}vRk(\201/\206q\364\344=\351\351"
 1200      6A20DA7D 
 1200      76526B28 
 1200      812F8671 
 1200      F4E43DE9 
 1201 0049 6BA31DB2 		.ascii	"k\243\035\262\211\224)\005@\000=\000B\000\337MF\370"
 1201      89942905 
 1201      40003D00 
 1201      4200DF4D 
 1201      46F8
 1202 005b B2EBE285 		.ascii	"\262\353\342\205\215]\260\201-X\036\021\334\300\366"
 1202      8D5DB081 
 1202      2D581E11 
 1202      DCC0F6
 1203 006a A8BDC0F6 		.ascii	"\250\275\300\366\350\317V9\230aOv\310\350\261\273\234"
ARM GAS  C:\Users\PUBLIC~1.LAP\AppData\Local\Temp\cco9YxRh.s 			page 37


 1203      E8CF5639 
 1203      98614F76 
 1203      C8E8B1BB 
 1203      9C
 1204 007b A2F8F7FC 		.ascii	"\242\370\367\374\374\267\370\0056\002\362\004@aw\235"
 1204      FCB7F805 
 1204      3602F204 
 1204      4061779D 
 1205 008b B09112B7 		.ascii	"\260\221\022\267\336v\002\333\034\354c\002_\260E\275"
 1205      DE7602DB 
 1205      1CEC6302 
 1205      5FB045BD 
 1206 009b 6A321113 		.ascii	"j2\021\023\257\014}\0328N6}\330 H\352\011\373\332j\211"
 1206      AF0C7D1A 
 1206      384E367D 
 1206      D82048EA 
 1206      09FBDA6A 
 1207 00b0 7D933F66 		.ascii	"}\223?fZ\313\264j:3}\213\002\225\353\250\261K\342\307"
 1207      5ACBB46A 
 1207      3A337D8B 
 1207      0295EBA8 
 1207      B14BE2C7 
 1208 00c4 CACEE20D 		.ascii	"\312\316\342\015\025\266\037\300\216\263\316\323\376"
 1208      15B61FC0 
 1208      8EB3CED3 
 1208      FE
 1209 00d1 8AB3086A 		.ascii	"\212\263\010j\273\365\2307 e\227dc\177x\214\224e\227"
 1209      BBF59837 
 1209      20659764 
 1209      637F788C 
 1209      946597
 1210 00e4 4403E3E0 		.ascii	"D\003\343\340JSR<\012\330Wl\317:k{\324\0310\036\261"
 1210      4A53523C 
 1210      0AD8576C 
 1210      CF3A6B7B 
 1210      D419301E 
 1211 00f9 0C9DAAA9 		.ascii	"\014\235\252\251\242\210\204\256\014\035\357\034[T\325"
 1211      A28884AE 
 1211      0C1DEF1C 
 1211      5B54D5
 1212 0108 948584CA 		.ascii	"\224\205\204\312\340\251\212\022\262\362\312\320\007"
 1212      E0A98A12 
 1212      B2F2CAD0 
 1212      07
 1213 0115 02D68042 		.ascii	"\002\326\200B\020F\021<l0\004N\267\010#\352B\234\270"
 1213      1046113C 
 1213      6C30044E 
 1213      B70823EA 
 1213      429CB8
 1214 0128 9687E3D1 		.ascii	"\226\207\343\321P\201;y&\223'\342R*\020\036\212+\201"
 1214      50813B79 
 1214      269327E2 
 1214      522A101E 
 1214      8A2B81
 1215 013b 485CCAE3 		.ascii	"H\\\312\3436`\350B\035\211\363\321<p\2002\215T\037\021"
 1215      3660E842 
 1215      1D89F3D1 
ARM GAS  C:\Users\PUBLIC~1.LAP\AppData\Local\Temp\cco9YxRh.s 			page 38


 1215      3C708032 
 1215      8D541F11 
 1216 014f A45557EA 		.ascii	"\244UW\352\000\312d>\022:\023\300\275\266Z\342\013\262"
 1216      00CA643E 
 1216      123A13C0 
 1216      BDB65AE2 
 1216      0BB2
 1217 0161 994B5DD6 		.ascii	"\231K]\326\002\015\000C\313D\231\241\263\012,\\<\236"
 1217      020D0043 
 1217      CB4499A1 
 1217      B30A2C5C 
 1217      3C9E
 1218 0173 28FC0F64 		.ascii	"(\374\017d\245\211\207\240nqM\354\305\004m\255F\213"
 1218      A58987A0 
 1218      6E714DEC 
 1218      C5046DAD 
 1218      468B
 1219 0185 3BBC6827 		.ascii	";\274h'\031"
 1219      19
 1220              		.text
 1221              		.section	.gnu.lto_.symbol_nodes.840c2f7f,"e",%progbits
 1222 0000 28B52FFD 		.ascii	"(\265/\375 \2345\002\000T\003\230\000\000\000\000\002"
 1222      209C3502 
 1222      00540398 
 1222      00000000 
 1222      02
 1223 0011 B4177F07 		.ascii	"\264\027\177\007\201\200\200\200\002\001\220\316\000"
 1223      81808080 
 1223      020190CE 
 1223      00
 1224 001e 007F0000 		.ascii	"\000\177\000\000\272\220\202\002\265\027\177\010\200"
 1224      BA908202 
 1224      B5177F08 
 1224      80
 1225 002b 80808004 		.ascii	"\200\200\200\004\266\027\177\011\267\027\177\012\270"
 1225      B6177F09 
 1225      B7177F0A 
 1225      B8
 1226 0038 177F0BB9 		.ascii	"\027\177\013\271\027\177\014\000\006\000\200&\340#\340"
 1226      177F0C00 
 1226      06008026 
 1226      E023E0
 1227 0047 23E02300 		.ascii	"#\340#\000\317\034\3141"
 1227      CF1CCC31 
 1228              		.text
 1229              		.section	.gnu.lto_.refs.840c2f7f,"e",%progbits
 1230 0000 28B52FFD 		.ascii	"(\265/\375 \005)\000\000\001\000\000\000\000"
 1230      20052900 
 1230      00010000 
 1230      0000
 1231              		.text
 1232              		.section	.gnu.lto_.decls.840c2f7f,"e",%progbits
 1233 0000 28B52FFD 		.ascii	"(\265/\375`\213\013E9\000Ja\204\025BP\346Q\007\0276"
 1233      608B0B45 
 1233      39004A61 
 1233      84154250 
 1233      E6510717 
ARM GAS  C:\Users\PUBLIC~1.LAP\AppData\Local\Temp\cco9YxRh.s 			page 39


 1234 0015 C7BEB65A 		.ascii	"\307\276\266Z-\214\335T\314s\205\373\177\233\346\012"
 1234      2D8CDD54 
 1234      CC7385FB 
 1234      7F9BE60A 
 1235 0025 04555BD1 		.ascii	"\004U[\3219\270\320H\034\005@A\007\204\347\340yY\363"
 1235      39B8D048 
 1235      1C054041 
 1235      0784E7E0 
 1235      7959F3
 1236 0038 C1A4CD7F 		.ascii	"\301\244\315\177\261'/p'\261\354\000\334\235~\371\220"
 1236      B1272F70 
 1236      27B1EC00 
 1236      DC9D7EF9 
 1236      90
 1237 0049 A706A99B 		.ascii	"\247\006\251\233\035SJ\001*\001E\0015\001M.\324\012"
 1237      1D534A01 
 1237      2A014501 
 1237      35014D2E 
 1237      D40A
 1238 005b 4D72B9C9 		.ascii	"Mr\271\311.\267\220\313\375u\373\273\353\262\216\013"
 1238      2EB790CB 
 1238      FD75FBBB 
 1238      EBB28E0B 
 1239 006b 77E7BB13 		.ascii	"w\347\273\023#\005MN\351\326Y\243Ss\225\373\355\256"
 1239      23054D4E 
 1239      E9D659A3 
 1239      537395FB 
 1239      EDAE
 1240 007d 81F87052 		.ascii	"\201\370pR\346j0\310\235\006@\336\2420D\2562\216\313"
 1240      E66A30C8 
 1240      9D0640DE 
 1240      A23044AE 
 1240      328ECB
 1241 0090 EDC6DC6D 		.ascii	"\355\306\334mM\346\226%Y\003\310\3256\023\344>\343\033"
 1241      4DE69625 
 1241      5903C8D5 
 1241      3613E43E 
 1241      E31B
 1242 00a2 639276C8 		.ascii	"c\222v\310U\006\310{$\327M++j\246\325\350[\014ssi\265"
 1242      5506C87B 
 1242      24D74D2B 
 1242      2B6AA6D5 
 1242      E85B0C73 
 1243 00b9 0EE3D0FF 		.ascii	"\016\343\320\377\346\377\0338\242r\245\315\217\253\275"
 1243      E6FF1B38 
 1243      A272A5CD 
 1243      8FABBD
 1244 00c8 D6D36673 		.ascii	"\326\323fsj0\214\324l\225\002(\"\003\347\307U6^_\012"
 1244      6A308CD4 
 1244      6C950228 
 1244      2203E7C7 
 1244      55365E5F 
 1245 00dd EE2F2CA3 		.ascii	"\356/,\243\316c`\337\345vZ\225\332i\355.An/LH\315\366"
 1245      CE6360DF 
 1245      E5765A95 
 1245      DA69ED2E 
 1245      416E2F4C 
ARM GAS  C:\Users\PUBLIC~1.LAP\AppData\Local\Temp\cco9YxRh.s 			page 40


 1246 00f4 959A4D1C 		.ascii	"\225\232M\034@z\\\365\340\367\347\3527\323\352\337M"
 1246      407A5CF5 
 1246      E0F7E7EA 
 1246      37D3EADF 
 1246      4D
 1247 0105 AB83665A 		.ascii	"\253\203fZ\327o,\314}\245\321\234T/\320\277\373o\227"
 1247      D76F2CCC 
 1247      7DA5D19C 
 1247      542FD0BF 
 1247      FB6F97
 1248 0118 1A2F6EC9 		.ascii	"\032/n\311t\325A7\255j3\255{$\224h\001aD\253\314l\210"
 1248      74D54137 
 1248      AD6A33AD 
 1248      7B249468 
 1248      016144AB 
 1249 012f B9931889 		.ascii	"\271\223\030\211\331\205\015<0\363\035?\314\\\207\005"
 1249      D9850D3C 
 1249      30F31D3F 
 1249      CC5C8705 
 1250 013f 334F601F 		.ascii	"3O`\037\263g`\346>|\230\031\216/\263W`n\011\314\015"
 1250      B36760E6 
 1250      3E7C9819 
 1250      8E2FB357 
 1250      606E09CC 
 1251 0154 81B91F30 		.ascii	"\201\271\0370w\003\346V\300\334\005\230;)\0203\203a"
 1251      7703E656 
 1251      C0DC0598 
 1251      3B291033 
 1251      8361
 1252 0166 6E2566A6 		.ascii	"n%f\246cf4f\026\300\314o\314|\224\227\227\227\307\334"
 1252      63663466 
 1252      16C0CC6F 
 1252      CC7C9497 
 1252      9797C7DC 
 1253 017a 2E983B11 		.ascii	".\230;\0213R\204P\342\324\234q\247\377\260\000\267\003"
 1253      33528450 
 1253      E2D49C71 
 1253      A7FFB000 
 1253      B703
 1254 018c CC55F791 		.ascii	"\314U\367\221\264\346\010\231\232\224\313\215\226HK"
 1254      B4E60899 
 1254      9A94CB8D 
 1254      96484B
 1255 019b A3E16541 		.ascii	"\243\341eA\244(m\320\241-Qy\376Q\244\377xz\021\032G"
 1255      A4286DD0 
 1255      A12D5179 
 1255      FE51A4FF 
 1255      787A111A 
 1256 01b0 359C0E83 		.ascii	"5\234\016\203E\372\3372\2637}\207{9\230\367\360/\357"
 1256      45FADF32 
 1256      B3377D87 
 1256      7B3998F7 
 1256      F02FEF
 1257 01c3 72D67934 		.ascii	"r\326y4\233s1\373\322\231\203\234\253\011\365\035\227"
 1257      9B7331FB 
 1257      D299839C 
 1257      AB09F51D 
ARM GAS  C:\Users\PUBLIC~1.LAP\AppData\Local\Temp\cco9YxRh.s 			page 41


 1257      97
 1258 01d4 34E7F2AD 		.ascii	"4\347\362\255\206S\223\376\323Y\255\274\201\251#\240"
 1258      865393FE 
 1258      D359ADBC 
 1258      81A923A0 
 1259 01e4 B23BB9EE 		.ascii	"\262;\271\356\324Lk{4\325\002\326*\271\354\320\313N"
 1259      D44C6B7B 
 1259      34D502D6 
 1259      2AB9ECD0 
 1259      CB4E
 1260 01f6 76D9C52E 		.ascii	"v\331\305.{\330\375\261\027\216J\273C\212\253\334um"
 1260      7BD8FDB1 
 1260      178E4ABB 
 1260      438AABDC 
 1260      756D
 1261 0208 27A7044A 		.ascii	"'\247\004J\027W\241\202\334\205zgR\274\274\\eo^n\273"
 1261      1757A182 
 1261      DC857A67 
 1261      52BCBC5C 
 1261      656F5E6E 
 1262 021d 69BDCDB4 		.ascii	"i\275\315\264\036\020D\207\304\365\246\345\315\325\016"
 1262      1E104487 
 1262      C4F5A6E5 
 1262      CDD50E
 1263 022c 74C099B0 		.ascii	"t\300\231\260){W\271\021\3356n\232\344e\231\3539m\007"
 1263      297B57B9 
 1263      11DD366E 
 1263      9AE46599 
 1263      EB396D07 
 1264 0240 6C0C9A36 		.ascii	"l\014\2326\2576o\026E\261ic\203p\332\255\011\336\230"
 1264      AF366F16 
 1264      45B16963 
 1264      8370DAAD 
 1264      09DE98
 1265 0253 32EDD643 		.ascii	"2\355\326C\332[\346\272m1\357\344K\372\377\177:O\353"
 1265      DA5BE6BA 
 1265      6D31EFE4 
 1265      4BFAFF7F 
 1265      3A4FEB
 1266 0266 693F7DA7 		.ascii	"i?}\247\3714\240\356\323{\032O\263\365\034s\307\265"
 1266      F934A0EE 
 1266      D37B1A4F 
 1266      B3F51C73 
 1266      C7B5
 1267 0278 1C565B8E 		.ascii	"\034V[\216b\016\316u\234V\343k\376\276K\214\"\351\377"
 1267      620ECE75 
 1267      9C56E36B 
 1267      FEBE4B8C 
 1267      22E9FF
 1268 028b 1937DA5C 		.ascii	"\0317\332\\\257i7_\263\375%\2006\036=\320(\034\240@"
 1268      AF69375F 
 1268      B3FD2580 
 1268      361E3DD0 
 1268      281CA040 
 1269 029f A107F604 		.ascii	"\241\007\366\004c\250\000\234\372$\255\215\235\253\334"
 1269      63A8009C 
 1269      FA24AD8D 
ARM GAS  C:\Users\PUBLIC~1.LAP\AppData\Local\Temp\cco9YxRh.s 			page 42


 1269      9DABDC
 1270 02ae 75983BAD 		.ascii	"u\230;\255\265\000\030\244\366\206\306\325\226\013r"
 1270      B50018A4 
 1270      F686C6D5 
 1270      960B72
 1271 02bd D3F1253D 		.ascii	"\323\361%=\316,]=\012d\234\214\275\210ZG\206K\230\253"
 1271      CE2C5D3D 
 1271      0A649C8C 
 1271      BD885A47 
 1271      864B98AB 
 1272 02d1 4E44CA10 		.ascii	"ND\312\020!A\035\206\231\221\224\232?\342\244\256\262"
 1272      21411D86 
 1272      9991949A 
 1272      3FE2A4AE 
 1272      B2
 1273 02e2 9191BBD2 		.ascii	"\221\221\273\322\245\360\247\207\261\003i6\007\342b"
 1273      A5F0A787 
 1273      B1036936 
 1273      07E262
 1274 02f1 B7FD23BD 		.ascii	"\267\375#\275f&vw\367ccN\275)\211\012-rA\354b\314\036"
 1274      66267677 
 1274      F763634E 
 1274      BD29890A 
 1274      2D7241EC 
 1275 0308 C485301F 		.ascii	"\304\2050\037\002\377v\377\277\300\227\327\347\016\017"
 1275      02FF76FF 
 1275      BFC097D7 
 1275      E70E0F
 1276 0317 577F6FF7 		.ascii	"W\177o\367\327-\363\007g\0233\007\030[rgw\3445%2\304"
 1276      D72DF307 
 1276      67133307 
 1276      185B7267 
 1276      77E43525 
 1277 032d D5FEFF0F 		.ascii	"\325\376\377\017\377\377K\250s\351\333i\324\311~tH\263"
 1277      FFFF4BA8 
 1277      73E9DB69 
 1277      D4C97E74 
 1277      48B3
 1278 033f D3E8939D 		.ascii	"\323\350\223\235F\227\316N\231O\347G\227\367\241\317"
 1278      4697CE4E 
 1278      994FE747 
 1278      97F7A1CF 
 1279 034f 9FFE37FB 		.ascii	"\237\3767\373\314_b\233\377\014\320F\377[\346\362\266"
 1279      CC5F629B 
 1279      FF0CD046 
 1279      FF5BE6F2 
 1279      B6
 1280 0360 4CE7FF33 		.ascii	"L\347\3773\233m\243\377c\233\321g\263\323w~\363\235"
 1280      9B6DA3FF 
 1280      639BD167 
 1280      B3D3777E 
 1280      F39D
 1281 0372 03D8FFE7 		.ascii	"\003\330\377\347O\243\202\232\375\250\223\235B\237?"
 1281      4FA3829A 
 1281      FDA8939D 
 1281      429F3F
 1282 0381 2076CB5E 		.ascii	" v\313^n\255-\371)\363\313\235\354\223\375?\221n\233"
ARM GAS  C:\Users\PUBLIC~1.LAP\AppData\Local\Temp\cco9YxRh.s 			page 43


 1282      6EAD2DF9 
 1282      29F3CB9D 
 1282      EC93FD3F 
 1282      916E9B
 1283 0394 3FF6DF84 		.ascii	"?\366\337\204\"\3705(\033g\013\252\364h>\244<\376\177"
 1283      22F83528 
 1283      1B670BAA 
 1283      F4683EA4 
 1283      3CFE7F
 1284 03a7 9D42B6E4 		.ascii	"\235B\266\344\366L\351\313\2151\0238\377\311\226\355"
 1284      F64CE9CB 
 1284      8D311338 
 1284      FFC996ED 
 1285 03b7 93ADED7F 		.ascii	"\223\255\355\177\202\227[\312u+\367K\267\346\177\273"
 1285      82975BCA 
 1285      752BF74B 
 1285      B7E67FBB 
 1286 03c7 FD8F71FD 		.ascii	"\375\217q\375\377\357\377\005|3\354k\013\011\324\307"
 1286      FFEFFF05 
 1286      7C33EC6B 
 1286      0B09D4C7 
 1287 03d7 B505EDFA 		.ascii	"\265\005\355\372*g\375d\247H\240A4lS\351o\265\313f\277"
 1287      2A67FD64 
 1287      A748A041 
 1287      346C53E9 
 1287      6FB5CB66 
 1288 03ec A02F7D3D 		.ascii	"\240/}=Q\347\235.\333\017\363\377]\347\0133\220\307"
 1288      51E79D2E 
 1288      DB0FF3FF 
 1288      5DE70B33 
 1288      90C7
 1289 03fe 18482395 		.ascii	"\030H#\225\322XL\232\201<\306@\032\251\222U\306+a\016"
 1289      D2584C9A 
 1289      813CC640 
 1289      1AA99255 
 1289      C62B610E 
 1290 0412 E5319975 		.ascii	"\3451\231uLR%\215W1\220U$\260\214J\255\034E\245\261"
 1290      4C52258D 
 1290      57319055 
 1290      24B08C4A 
 1290      AD1C45A5 
 1291 0427 B840EB28 		.ascii	"\270@\353(b)\231\245\2642\2560^\301\250BNyP\036\221"
 1291      622999A5 
 1291      B432AE30 
 1291      5EC1A842 
 1291      4E79501E 
 1292 043c C3CB4F58 		.ascii	"\303\313OX\025p\030\225\311,+\000\214UAK\352\006V\262"
 1292      15701895 
 1292      C92C2B00 
 1292      8C55414B 
 1292      EA0656B2 
 1293 0450 0A89A582 		.ascii	"\012\211\245\202!\204\305K,\012I\024{\"\206*\250\204"
 1293      2184C54B 
 1293      2C0A4914 
 1293      7B22862A 
 1293      A884
 1294 0462 3D625138 		.ascii	"=bQ8T\211B\342\020D\217(,\032\021\205B\243 \025\211"
ARM GAS  C:\Users\PUBLIC~1.LAP\AppData\Local\Temp\cco9YxRh.s 			page 44


 1294      548942E2 
 1294      10448F28 
 1294      2C1A1185 
 1294      42A32015 
 1295 0477 A291B146 		.ascii	"\242\221\261F\216\024/\204\303\025'\220\230\206\205"
 1295      8E142F84 
 1295      C3152790 
 1295      988685
 1296 0486 272CAB17 		.ascii	"',\253\027\306d\226\025\320\030\303\306\225\025r\010"
 1296      C6649615 
 1296      D018C3C6 
 1296      95157208 
 1297 0496 3426B384 		.ascii	"4&\263\204\300\342\260hB\010T\3420\232\240\032:q\252"
 1297      C0E2B068 
 1297      420854E2 
 1297      309AA01A 
 1297      3A71AA
 1298 04a9 38549FA6 		.ascii	"8T\237\246\204C5H\274D\252\342P\205\"R\011\207j\224"
 1298      84433548 
 1298      BC44AAE2 
 1298      50852252 
 1298      09876A94 
 1299 04bd F2055494 		.ascii	"\362\005T\224\022y\264qY\252\012\006\006\343\006\031"
 1299      1279B471 
 1299      59AA0A06 
 1299      06E30619 
 1300 04cd 1A2CFC38 		.ascii	"\032,\3748CP\350@\305\211\021\327\312\202\325\361\006"
 1300      4350E840 
 1300      C58911D7 
 1300      CA82D5F1 
 1300      06
 1301 04de 1288C384 		.ascii	"\022\210\303\204\320\004\021\004\020\231\205\205\225"
 1301      D0041104 
 1301      10998585 
 1301      95
 1302 04eb 6505D452 		.ascii	"e\005\324R&\263j\000\257\252h\000\265\262\200E\024G"
 1302      26B36A00 
 1302      AFAA6800 
 1302      B5B28045 
 1302      1447
 1303 04fd 18471A42 		.ascii	"\030G\032B\027RP\301\032XF\245\213\0344l\034\257^T="
 1303      175250C1 
 1303      1A5846A5 
 1303      8B1C346C 
 1303      1CAF5E54 
 1304 0512 3DB9E020 		.ascii	"=\271\340 \242\303\005\021S+\210S\305)\"\022\367\326"
 1304      A2C30511 
 1304      532B8853 
 1304      C5292212 
 1304      F7D6
 1305 0524 285132C7 		.ascii	"(Q2\307\350.,n\355\317\355\361A\202\304\315\312(\321"
 1305      E82E2C6E 
 1305      EDCFEDF1 
 1305      4182C4CD 
 1305      CA28D1
 1306 0537 F9402416 		.ascii	"\371@$\026\347\366\026\235\235y\221/N\244L*{\232jw\335"
 1306      E7F6169D 
ARM GAS  C:\Users\PUBLIC~1.LAP\AppData\Local\Temp\cco9YxRh.s 			page 45


 1306      9D79912F 
 1306      4EA44C2A 
 1306      7B9A6A77 
 1307 054c 5256E666 		.ascii	"RV\346fxIu{\314\232G\330\315\354\214\201s\350\311]\321"
 1307      7849757B 
 1307      CC9A47D8 
 1307      CDEC8C81 
 1307      73E8C95D 
 1308 0561 8C8D7991 		.ascii	"\214\215y\221\337w\255\231\221:\236\241@\001\200\334"
 1308      DF77AD99 
 1308      913A9EA1 
 1308      400180DC 
 1309 0571 A89134C6 		.ascii	"\250\2214\306\224332\"\"\222\024\244\351\200\002\221"
 1309      94333332 
 1309      22229214 
 1309      A4E98002 
 1309      91
 1310 0582 A932D601 		.ascii	"\2512\326\001\021\340\240\224\010\232\221@d$EIa\031"
 1310      11E0A094 
 1310      089A9140 
 1310      64244549 
 1310      6119
 1311 0594 03C311B1 		.ascii	"\003\303\021\261\2503\361\372<\262\263d\236\246\240"
 1311      A833F1FA 
 1311      3CB2B364 
 1311      9EA6A0
 1312 05a3 62B6C204 		.ascii	"b\266\302\004\234\311\014\251\222\357\304\317\220\266"
 1312      9CC90CA9 
 1312      92EFC4CF 
 1312      90B6
 1313 05b1 A355006B 		.ascii	"\243U\000k\031U\"'\376\005\364\326\274\356\257pC\027"
 1313      19552227 
 1313      FE05F4D6 
 1313      BCEEAF70 
 1313      4317
 1314 05c3 ABEAF6BB 		.ascii	"\253\352\366\273\301\001\256u\242||.'\324*+u{\313K_"
 1314      C101AE75 
 1314      A27C7C2E 
 1314      27D42A2B 
 1314      757BCB4B 
 1315 05d8 ACBDC264 		.ascii	"\254\275\302d\001^9\304\327\245\361\3728C\372<\345\207"
 1315      015E39C4 
 1315      D7A5F1FA 
 1315      3843FA3C 
 1315      E587
 1316 05ea 713D0C48 		.ascii	"q=\014H\370iY{(\225\236,\346\210\244\205\021\355\026"
 1316      F869597B 
 1316      28959E2C 
 1316      E688A485 
 1316      11ED16
 1317 05fd 5026B623 		.ascii	"P&\266#C\327\330w\020\010\004\254N\037J\255*}f\214\004"
 1317      43D7D877 
 1317      100804AC 
 1317      4E1F4AAD 
 1317      2A7D668C 
 1318 0612 D2CB141F 		.ascii	"\322\313\024\037\022\240\023~\037\262\177\216\2543\004"
 1318      12A0137E 
ARM GAS  C:\Users\PUBLIC~1.LAP\AppData\Local\Temp\cco9YxRh.s 			page 46


 1318      1FB27F8E 
 1318      AC3304
 1319 0621 20067E47 		.ascii	" \006~G\011\013:\233\036D\007\001\245\340\204\270\377"
 1319      090B3A9B 
 1319      1E440701 
 1319      A5E084B8 
 1319      FF
 1320 0632 C20E4623 		.ascii	"\302\016F#%fc*\013\234\240\016*%\361}?I\340oH\370\025"
 1320      2566632A 
 1320      0B9CA00E 
 1320      2A25F17D 
 1320      3F49E06F 
 1321 0649 CF14D550 		.ascii	"\317\024\325P,\320\342\333\2609C\243\241X\035\271\347"
 1321      2CD0E2DB 
 1321      B03943A3 
 1321      A1581DB9 
 1321      E7
 1322 065a 0C1BB292 		.ascii	"\014\033\262\222\\\000;\330\204s\230\036@\006\202b\034"
 1322      5C003BD8 
 1322      8473981E 
 1322      40068262 
 1322      1C
 1323 066b C232840D 		.ascii	"\3022\204\015\210\000\263B\232}\211\036\020\267\254"
 1323      8800B342 
 1323      9A7D891E 
 1323      10B7AC
 1324 067a 0179F6E2 		.ascii	"\001y\366\342&\301/\217<&w\324\226\355I\362^\001\375"
 1324      26C12F8F 
 1324      3C2677D4 
 1324      96ED49F2 
 1324      5E01FD
 1325 068d 3E70803E 		.ascii	">p\200>|)\237\200_\341&W(\217\300\237\336w`$\224\001"
 1325      7C299F80 
 1325      5FE12657 
 1325      288FC09F 
 1325      DE776024 
 1326 06a3 AC2809C6 		.ascii	"\254(\011\306\243\233@30\020\011\3543\273\264\221\357"
 1326      A39B4033 
 1326      301009EC 
 1326      33BBB491 
 1326      EF
 1327 06b4 7607BF36 		.ascii	"v\007\2776x\211\246\354\204\"\304K\246\013\243\212\365"
 1327      7889A6EC 
 1327      8422C44B 
 1327      A60BA38A 
 1327      F5
 1328 06c5 F0E467E3 		.ascii	"\360\344g\343\340#\215\013\026\334\002\2577\272\324"
 1328      E0238D0B 
 1328      16DC02AF 
 1328      37BAD4
 1329 06d4 1040E3E3 		.ascii	"\020@\343\343X`b\012v\223b\2622\214\231\360\251\303"
 1329      5860620A 
 1329      769362B2 
 1329      328C99F0 
 1329      A9C3
 1330 06e6 C3D6868E 		.ascii	"\303\326\206\216\224A\302\306\302A,\225\245\362*\230"
 1330      9441C2C6 
ARM GAS  C:\Users\PUBLIC~1.LAP\AppData\Local\Temp\cco9YxRh.s 			page 47


 1330      C2412C95 
 1330      A5F22A98 
 1331 06f6 1A8DF288 		.ascii	"\032\215\362\210\001\22415(\357y:\205'\022~\332|xt\231"
 1331      01943135 
 1331      28EF793A 
 1331      8527127E 
 1331      DA7C7874 
 1332 070b 237C1368 		.ascii	"#|\023h\216\301+\275%\367\253Oal\371W\361\273\255\342"
 1332      8EC12BBD 
 1332      25F7AB4F 
 1332      616CF957 
 1332      F1BBADE2 
 1333 071f 145AC23D 		.ascii	"\024Z\302=N\014\307[\345pv\265\245!O\373\212\371\003"
 1333      4E0CC75B 
 1333      E57076B5 
 1333      A5214FFB 
 1333      8AF903
 1334              		.text
 1335              		.section	.gnu.lto_.symtab.840c2f7f,"e",%progbits
 1336 0000 6E766963 		.ascii	"nvicInit\000"
 1336      496E6974 
 1336      00
 1337 0009 00       		.ascii	"\000"
 1338 000a 00       		.ascii	"\000"
 1339 000b 00       		.ascii	"\000"
 1340 000c 00000000 		.ascii	"\000\000\000\000\000\000\000\000"
 1340      00000000 
 1341 0014 16010000 		.ascii	"\026\001\000\000"
 1342 0018 6E766963 		.ascii	"nvicEnableVector\000"
 1342      456E6162 
 1342      6C655665 
 1342      63746F72 
 1342      00
 1343 0029 00       		.ascii	"\000"
 1344 002a 00       		.ascii	"\000"
 1345 002b 00       		.ascii	"\000"
 1346 002c 00000000 		.ascii	"\000\000\000\000\000\000\000\000"
 1346      00000000 
 1347 0034 1B010000 		.ascii	"\033\001\000\000"
 1348 0038 6E766963 		.ascii	"nvicDisableVector\000"
 1348      44697361 
 1348      626C6556 
 1348      6563746F 
 1348      7200
 1349 004a 00       		.ascii	"\000"
 1350 004b 00       		.ascii	"\000"
 1351 004c 00       		.ascii	"\000"
 1352 004d 00000000 		.ascii	"\000\000\000\000\000\000\000\000"
 1352      00000000 
 1353 0055 1F010000 		.ascii	"\037\001\000\000"
 1354 0059 6E766963 		.ascii	"nvicSetSystemHandlerPriority\000"
 1354      53657453 
 1354      79737465 
 1354      6D48616E 
 1354      646C6572 
 1355 0076 00       		.ascii	"\000"
 1356 0077 00       		.ascii	"\000"
ARM GAS  C:\Users\PUBLIC~1.LAP\AppData\Local\Temp\cco9YxRh.s 			page 48


 1357 0078 00       		.ascii	"\000"
 1358 0079 00000000 		.ascii	"\000\000\000\000\000\000\000\000"
 1358      00000000 
 1359 0081 21010000 		.ascii	"!\001\000\000"
 1360 0085 6E766963 		.ascii	"nvicClearPending\000"
 1360      436C6561 
 1360      7250656E 
 1360      64696E67 
 1360      00
 1361 0096 00       		.ascii	"\000"
 1362 0097 00       		.ascii	"\000"
 1363 0098 00       		.ascii	"\000"
 1364 0099 00000000 		.ascii	"\000\000\000\000\000\000\000\000"
 1364      00000000 
 1365 00a1 23010000 		.ascii	"#\001\000\000"
 1366 00a5 6E766963 		.ascii	"nvicSetPending\000"
 1366      53657450 
 1366      656E6469 
 1366      6E6700
 1367 00b4 00       		.ascii	"\000"
 1368 00b5 00       		.ascii	"\000"
 1369 00b6 00       		.ascii	"\000"
 1370 00b7 00000000 		.ascii	"\000\000\000\000\000\000\000\000"
 1370      00000000 
 1371 00bf 25010000 		.ascii	"%\001\000\000"
 1372              		.text
 1373              		.section	.gnu.lto_.ext_symtab.840c2f7f,"e",%progbits
 1374 0000 01       		.ascii	"\001"
 1375 0001 01       		.ascii	"\001"
 1376 0002 00       		.ascii	"\000"
 1377 0003 01       		.ascii	"\001"
 1378 0004 00       		.ascii	"\000"
 1379 0005 01       		.ascii	"\001"
 1380 0006 00       		.ascii	"\000"
 1381 0007 01       		.ascii	"\001"
 1382 0008 00       		.ascii	"\000"
 1383 0009 01       		.ascii	"\001"
 1384 000a 00       		.ascii	"\000"
 1385 000b 01       		.ascii	"\001"
 1386 000c 00       		.ascii	"\000"
 1387              		.text
 1388              		.section	.gnu.lto_.opts,"e",%progbits
 1389 0000 272D666E 		.ascii	"'-fno-openmp' '-fno-openacc' '-fno-pie' '-fcf-prote"
 1389      6F2D6F70 
 1389      656E6D70 
 1389      2720272D 
 1389      666E6F2D 
 1390 0033 6374696F 		.ascii	"ction=none' '-g' '-mcpu=cortex-m0' '-mthumb' '-mflo"
 1390      6E3D6E6F 
 1390      6E652720 
 1390      272D6727 
 1390      20272D6D 
 1391 0066 61742D61 		.ascii	"at-abi=soft' '-mlibarch=armv6s-m' '-march=armv6s-m'"
 1391      62693D73 
 1391      6F667427 
 1391      20272D6D 
 1391      6C696261 
ARM GAS  C:\Users\PUBLIC~1.LAP\AppData\Local\Temp\cco9YxRh.s 			page 49


 1392 0099 20272D4F 		.ascii	" '-Os' '-fomit-frame-pointer' '-falign-functions=16"
 1392      73272027 
 1392      2D666F6D 
 1392      69742D66 
 1392      72616D65 
 1393 00cc 2720272D 		.ascii	"' '-ffunction-sections' '-fdata-sections' '-fno-com"
 1393      6666756E 
 1393      6374696F 
 1393      6E2D7365 
 1393      6374696F 
 1394 00ff 6D6F6E27 		.ascii	"mon' '-flto' '-Xassembler' '-alms=./build/lst/nvic."
 1394      20272D66 
 1394      6C746F27 
 1394      20272D58 
 1394      61737365 
 1395 0132 6C737427 		.ascii	"lst'\000"
 1395      00
 1396              		.text
 1397              		.comm	__gnu_lto_slim,1,1
 1398              		.ident	"GCC: (GNU) 12.2.0"
ARM GAS  C:\Users\PUBLIC~1.LAP\AppData\Local\Temp\cco9YxRh.s 			page 50


DEFINED SYMBOLS
                            *ABS*:00000000 nvic.c
C:\Users\PUBLIC~1.LAP\AppData\Local\Temp\cco9YxRh.s:23     .gnu.debuglto_.debug_info:00000000 nvic.c.8f9e5ba6
                            *COM*:00000001 __gnu_lto_slim

NO UNDEFINED SYMBOLS
